Java HotSpot(TM) 64-Bit Server VM (25.251-b08) for windows-amd64 JRE (1.8.0_251-b08), built on Mar 12 2020 06:31:49 by "" with MS VC++ 10.0 (VS2010)
Memory: 4k page, physical 33485708k(21419976k free), swap 35582860k(13748468k free)
CommandLine flags: -XX:InitialHeapSize=536870912 -XX:MaxHeapSize=536870912 -XX:MaxNewSize=178958336 -XX:MaxTenuringThreshold=6 -XX:NewSize=178958336 -XX:OldPLABSize=16 -XX:OldSize=357912576 -XX:+PrintGC -XX:+PrintGCDateStamps -XX:+PrintGCDetails -XX:+PrintGCTimeStamps -XX:-UseAdaptiveSizePolicy -XX:+UseCompressedClassPointers -XX:+UseCompressedOops -XX:+UseConcMarkSweepGC -XX:-UseLargePagesIndividualAllocation -XX:+UseParNewGC 
2021-01-22T21:55:49.640+0800: 0.462: [GC (Allocation Failure) 2021-01-22T21:55:49.640+0800: 0.463: [ParNew: 139776K->7569K(157248K), 0.0040347 secs] 139776K->7569K(506816K), 0.0041482 secs] [Times: user=0.00 sys=0.00, real=0.00 secs] 
2021-01-22T21:55:49.843+0800: 0.665: [GC (Allocation Failure) 2021-01-22T21:55:49.843+0800: 0.665: [ParNew: 147345K->12944K(157248K), 0.0048470 secs] 147345K->12944K(506816K), 0.0048862 secs] [Times: user=0.00 sys=0.00, real=0.01 secs] 
2021-01-22T21:55:49.848+0800: 0.670: [GC (CMS Initial Mark) [1 CMS-initial-mark: 0K(349568K)] 13266K(506816K), 0.0008300 secs] [Times: user=0.00 sys=0.00, real=0.00 secs] 
2021-01-22T21:55:49.849+0800: 0.671: [CMS-concurrent-mark-start]
2021-01-22T21:55:49.849+0800: 0.671: [CMS-concurrent-mark: 0.000/0.000 secs] [Times: user=0.00 sys=0.00, real=0.00 secs] 
2021-01-22T21:55:49.849+0800: 0.671: [CMS-concurrent-preclean-start]
2021-01-22T21:55:49.850+0800: 0.672: [CMS-concurrent-preclean: 0.000/0.000 secs] [Times: user=0.00 sys=0.00, real=0.00 secs] 
2021-01-22T21:55:49.850+0800: 0.672: [CMS-concurrent-abortable-preclean-start]
2021-01-22T21:55:50.028+0800: 0.851: [CMS-concurrent-abortable-preclean: 0.125/0.179 secs] [Times: user=1.36 sys=0.06, real=0.18 secs] 
2021-01-22T21:55:50.028+0800: 0.851: [GC (CMS Final Remark) [YG occupancy: 94422 K (157248 K)]2021-01-22T21:55:50.028+0800: 0.851: [Rescan (parallel) , 0.0040358 secs]2021-01-22T21:55:50.032+0800: 0.855: [weak refs processing, 0.0000155 secs]2021-01-22T21:55:50.032+0800: 0.855: [class unloading, 0.0022315 secs]2021-01-22T21:55:50.034+0800: 0.857: [scrub symbol table, 0.0016758 secs]2021-01-22T21:55:50.036+0800: 0.859: [scrub string table, 0.0001385 secs][1 CMS-remark: 0K(349568K)] 94422K(506816K), 0.0086170 secs] [Times: user=0.00 sys=0.00, real=0.01 secs] 
2021-01-22T21:55:50.037+0800: 0.859: [CMS-concurrent-sweep-start]
2021-01-22T21:55:50.037+0800: 0.859: [CMS-concurrent-sweep: 0.000/0.000 secs] [Times: user=0.00 sys=0.00, real=0.00 secs] 
2021-01-22T21:55:50.037+0800: 0.859: [CMS-concurrent-reset-start]
2021-01-22T21:55:50.038+0800: 0.861: [CMS-concurrent-reset: 0.002/0.002 secs] [Times: user=0.00 sys=0.00, real=0.00 secs] 
2021-01-22T21:55:50.181+0800: 1.004: [GC (Allocation Failure) 2021-01-22T21:55:50.181+0800: 1.004: [ParNew: 152720K->10540K(157248K), 0.0125578 secs] 152720K->14190K(506816K), 0.0125994 secs] [Times: user=0.06 sys=0.02, real=0.01 secs] 
2021-01-22T21:55:50.782+0800: 1.604: [GC (Allocation Failure) 2021-01-22T21:55:50.782+0800: 1.604: [ParNew: 150316K->17417K(157248K), 0.0053347 secs] 153966K->21068K(506816K), 0.0053984 secs] [Times: user=0.00 sys=0.00, real=0.00 secs] 
2021-01-22T21:56:19.495+0800: 30.318: [GC (Allocation Failure) 2021-01-22T21:56:19.495+0800: 30.318: [ParNew: 157193K->10737K(157248K), 0.0118352 secs] 160844K->26002K(506816K), 0.0118776 secs] [Times: user=0.11 sys=0.01, real=0.01 secs] 
2021-01-22T21:56:20.342+0800: 31.164: [GC (Allocation Failure) 2021-01-22T21:56:20.342+0800: 31.164: [ParNew: 150513K->8115K(157248K), 0.0033568 secs] 165778K->23380K(506816K), 0.0034182 secs] [Times: user=0.00 sys=0.00, real=0.00 secs] 
2021-01-22T21:56:21.396+0800: 32.219: [GC (Allocation Failure) 2021-01-22T21:56:21.396+0800: 32.219: [ParNew: 147891K->9678K(157248K), 0.0030846 secs] 163156K->24944K(506816K), 0.0031423 secs] [Times: user=0.00 sys=0.00, real=0.00 secs] 
2021-01-22T21:56:21.987+0800: 32.809: [GC (Allocation Failure) 2021-01-22T21:56:21.987+0800: 32.809: [ParNew: 149454K->9823K(157248K), 0.0031298 secs] 164720K->25088K(506816K), 0.0032306 secs] [Times: user=0.00 sys=0.00, real=0.00 secs] 
2021-01-22T21:56:22.538+0800: 33.361: [GC (Allocation Failure) 2021-01-22T21:56:22.538+0800: 33.361: [ParNew: 149599K->8642K(157248K), 0.0034853 secs] 164864K->23907K(506816K), 0.0035366 secs] [Times: user=0.00 sys=0.00, real=0.00 secs] 
2021-01-22T21:56:23.154+0800: 33.976: [GC (Allocation Failure) 2021-01-22T21:56:23.154+0800: 33.976: [ParNew: 148418K->9658K(157248K), 0.0027121 secs] 163683K->24923K(506816K), 0.0027594 secs] [Times: user=0.00 sys=0.00, real=0.00 secs] 
2021-01-22T21:56:23.691+0800: 34.513: [GC (Allocation Failure) 2021-01-22T21:56:23.691+0800: 34.513: [ParNew: 149434K->8220K(157248K), 0.0033307 secs] 164699K->26102K(506816K), 0.0033848 secs] [Times: user=0.00 sys=0.00, real=0.00 secs] 
2021-01-22T21:56:24.238+0800: 35.060: [GC (Allocation Failure) 2021-01-22T21:56:24.238+0800: 35.060: [ParNew: 147996K->2975K(157248K), 0.0030331 secs] 165878K->24521K(506816K), 0.0030775 secs] [Times: user=0.00 sys=0.00, real=0.00 secs] 
2021-01-22T21:56:24.795+0800: 35.618: [GC (Allocation Failure) 2021-01-22T21:56:24.795+0800: 35.618: [ParNew: 142751K->775K(157248K), 0.0024339 secs] 164297K->22362K(506816K), 0.0024836 secs] [Times: user=0.00 sys=0.00, real=0.00 secs] 
2021-01-22T21:56:25.351+0800: 36.174: [GC (Allocation Failure) 2021-01-22T21:56:25.351+0800: 36.174: [ParNew: 140551K->198K(157248K), 0.0025311 secs] 162138K->21787K(506816K), 0.0025760 secs] [Times: user=0.00 sys=0.00, real=0.00 secs] 
2021-01-22T21:56:25.891+0800: 36.714: [GC (Allocation Failure) 2021-01-22T21:56:25.891+0800: 36.714: [ParNew: 139974K->109K(157248K), 0.0024789 secs] 161563K->21698K(506816K), 0.0025205 secs] [Times: user=0.00 sys=0.00, real=0.00 secs] 
2021-01-22T21:56:26.434+0800: 37.256: [GC (Allocation Failure) 2021-01-22T21:56:26.434+0800: 37.256: [ParNew: 139885K->68K(157248K), 0.0022720 secs] 161474K->21657K(506816K), 0.0023239 secs] [Times: user=0.20 sys=0.00, real=0.00 secs] 
2021-01-22T21:56:26.962+0800: 37.785: [GC (Allocation Failure) 2021-01-22T21:56:26.962+0800: 37.785: [ParNew: 139844K->87K(157248K), 0.0024393 secs] 161433K->21676K(506816K), 0.0024883 secs] [Times: user=0.00 sys=0.00, real=0.00 secs] 
2021-01-22T21:56:27.512+0800: 38.335: [GC (Allocation Failure) 2021-01-22T21:56:27.512+0800: 38.335: [ParNew: 139863K->82K(157248K), 0.0023962 secs] 161452K->21678K(506816K), 0.0024427 secs] [Times: user=0.20 sys=0.00, real=0.00 secs] 
2021-01-22T21:56:28.061+0800: 38.884: [GC (Allocation Failure) 2021-01-22T21:56:28.061+0800: 38.884: [ParNew: 139858K->76K(157248K), 0.0025069 secs] 161454K->21674K(506816K), 0.0025597 secs] [Times: user=0.00 sys=0.00, real=0.00 secs] 
2021-01-22T21:56:28.591+0800: 39.414: [GC (Allocation Failure) 2021-01-22T21:56:28.591+0800: 39.414: [ParNew: 139852K->50K(157248K), 0.0021832 secs] 161450K->21649K(506816K), 0.0022290 secs] [Times: user=0.00 sys=0.00, real=0.00 secs] 
2021-01-22T21:56:29.127+0800: 39.949: [GC (Allocation Failure) 2021-01-22T21:56:29.127+0800: 39.949: [ParNew: 139826K->61K(157248K), 0.0025538 secs] 161425K->21661K(506816K), 0.0026134 secs] [Times: user=0.00 sys=0.00, real=0.00 secs] 
2021-01-22T21:56:29.678+0800: 40.501: [GC (Allocation Failure) 2021-01-22T21:56:29.678+0800: 40.501: [ParNew: 139837K->57K(157248K), 0.0026921 secs] 161437K->21657K(506816K), 0.0027396 secs] [Times: user=0.00 sys=0.00, real=0.00 secs] 
2021-01-22T21:56:30.241+0800: 41.063: [GC (Allocation Failure) 2021-01-22T21:56:30.241+0800: 41.063: [ParNew: 139833K->62K(157248K), 0.0022426 secs] 161433K->21661K(506816K), 0.0022980 secs] [Times: user=0.00 sys=0.00, real=0.00 secs] 
2021-01-22T21:56:30.776+0800: 41.599: [GC (Allocation Failure) 2021-01-22T21:56:30.776+0800: 41.599: [ParNew: 139838K->54K(157248K), 0.0022631 secs] 161437K->21654K(506816K), 0.0023092 secs] [Times: user=0.16 sys=0.00, real=0.00 secs] 
2021-01-22T21:56:31.307+0800: 42.129: [GC (Allocation Failure) 2021-01-22T21:56:31.307+0800: 42.129: [ParNew: 139830K->91K(157248K), 0.0025629 secs] 161430K->21690K(506816K), 0.0026087 secs] [Times: user=0.00 sys=0.00, real=0.00 secs] 
2021-01-22T21:56:31.857+0800: 42.680: [GC (Allocation Failure) 2021-01-22T21:56:31.857+0800: 42.680: [ParNew: 139867K->79K(157248K), 0.0025320 secs] 161466K->21679K(506816K), 0.0025783 secs] [Times: user=0.00 sys=0.00, real=0.00 secs] 
2021-01-22T21:56:32.397+0800: 43.220: [GC (Allocation Failure) 2021-01-22T21:56:32.398+0800: 43.220: [ParNew: 139855K->58K(157248K), 0.0027423 secs] 161455K->21658K(506816K), 0.0027845 secs] [Times: user=0.00 sys=0.00, real=0.00 secs] 
2021-01-22T21:56:32.933+0800: 43.756: [GC (Allocation Failure) 2021-01-22T21:56:32.933+0800: 43.756: [ParNew: 139834K->60K(157248K), 0.0025175 secs] 161434K->21659K(506816K), 0.0025786 secs] [Times: user=0.19 sys=0.00, real=0.00 secs] 
2021-01-22T21:56:33.483+0800: 44.306: [GC (Allocation Failure) 2021-01-22T21:56:33.483+0800: 44.306: [ParNew: 139836K->65K(157248K), 0.0029573 secs] 161435K->21665K(506816K), 0.0030204 secs] [Times: user=0.00 sys=0.00, real=0.00 secs] 
2021-01-22T21:56:34.019+0800: 44.841: [GC (Allocation Failure) 2021-01-22T21:56:34.019+0800: 44.841: [ParNew: 139841K->67K(157248K), 0.0026059 secs] 161441K->21667K(506816K), 0.0026535 secs] [Times: user=0.00 sys=0.00, real=0.00 secs] 
2021-01-22T21:56:34.565+0800: 45.387: [GC (Allocation Failure) 2021-01-22T21:56:34.565+0800: 45.387: [ParNew: 139843K->70K(157248K), 0.0025405 secs] 161443K->21670K(506816K), 0.0026015 secs] [Times: user=0.00 sys=0.00, real=0.00 secs] 
2021-01-22T21:56:35.100+0800: 45.922: [GC (Allocation Failure) 2021-01-22T21:56:35.100+0800: 45.922: [ParNew: 139846K->73K(157248K), 0.0027168 secs] 161446K->21673K(506816K), 0.0027666 secs] [Times: user=0.00 sys=0.00, real=0.00 secs] 
2021-01-22T21:56:35.644+0800: 46.467: [GC (Allocation Failure) 2021-01-22T21:56:35.644+0800: 46.467: [ParNew: 139849K->70K(157248K), 0.0023158 secs] 161449K->21670K(506816K), 0.0023557 secs] [Times: user=0.00 sys=0.00, real=0.00 secs] 
2021-01-22T21:56:36.194+0800: 47.016: [GC (Allocation Failure) 2021-01-22T21:56:36.194+0800: 47.016: [ParNew: 139846K->50K(157248K), 0.0024103 secs] 161446K->21650K(506816K), 0.0024546 secs] [Times: user=0.00 sys=0.00, real=0.00 secs] 
2021-01-22T21:56:36.721+0800: 47.544: [GC (Allocation Failure) 2021-01-22T21:56:36.721+0800: 47.544: [ParNew: 139826K->55K(157248K), 0.0023863 secs] 161426K->21659K(506816K), 0.0024421 secs] [Times: user=0.00 sys=0.00, real=0.00 secs] 
2021-01-22T21:56:37.265+0800: 48.087: [GC (Allocation Failure) 2021-01-22T21:56:37.265+0800: 48.087: [ParNew: 139831K->68K(157248K), 0.0025432 secs] 161435K->21672K(506816K), 0.0025985 secs] [Times: user=0.00 sys=0.00, real=0.00 secs] 
2021-01-22T21:56:37.802+0800: 48.625: [GC (Allocation Failure) 2021-01-22T21:56:37.802+0800: 48.625: [ParNew: 139844K->57K(157248K), 0.0026458 secs] 161448K->21661K(506816K), 0.0026878 secs] [Times: user=0.00 sys=0.00, real=0.00 secs] 
2021-01-22T21:56:38.348+0800: 49.171: [GC (Allocation Failure) 2021-01-22T21:56:38.348+0800: 49.171: [ParNew: 139833K->48K(157248K), 0.0024501 secs] 161437K->21652K(506816K), 0.0024909 secs] [Times: user=0.00 sys=0.00, real=0.00 secs] 
2021-01-22T21:56:38.887+0800: 49.709: [GC (Allocation Failure) 2021-01-22T21:56:38.887+0800: 49.709: [ParNew: 139824K->94K(157248K), 0.0024874 secs] 161428K->21698K(506816K), 0.0025315 secs] [Times: user=0.20 sys=0.00, real=0.00 secs] 
2021-01-22T21:56:39.423+0800: 50.246: [GC (Allocation Failure) 2021-01-22T21:56:39.423+0800: 50.246: [ParNew: 139870K->66K(157248K), 0.0023790 secs] 161474K->21670K(506816K), 0.0024267 secs] [Times: user=0.00 sys=0.00, real=0.00 secs] 
2021-01-22T21:56:39.965+0800: 50.788: [GC (Allocation Failure) 2021-01-22T21:56:39.966+0800: 50.788: [ParNew: 139842K->75K(157248K), 0.0026875 secs] 161446K->21679K(506816K), 0.0027359 secs] [Times: user=0.02 sys=0.00, real=0.00 secs] 
2021-01-22T21:56:40.513+0800: 51.335: [GC (Allocation Failure) 2021-01-22T21:56:40.513+0800: 51.335: [ParNew: 139851K->66K(157248K), 0.0026540 secs] 161455K->21671K(506816K), 0.0027028 secs] [Times: user=0.00 sys=0.00, real=0.00 secs] 
2021-01-22T21:56:41.059+0800: 51.882: [GC (Allocation Failure) 2021-01-22T21:56:41.059+0800: 51.882: [ParNew: 139842K->67K(157248K), 0.0024345 secs] 161447K->21671K(506816K), 0.0024715 secs] [Times: user=0.19 sys=0.01, real=0.00 secs] 
2021-01-22T21:56:41.603+0800: 52.426: [GC (Allocation Failure) 2021-01-22T21:56:41.603+0800: 52.426: [ParNew: 139843K->80K(157248K), 0.0025715 secs] 161447K->21684K(506816K), 0.0026189 secs] [Times: user=0.19 sys=0.00, real=0.00 secs] 
2021-01-22T21:56:42.142+0800: 52.965: [GC (Allocation Failure) 2021-01-22T21:56:42.142+0800: 52.965: [ParNew: 139856K->63K(157248K), 0.0024175 secs] 161460K->21668K(506816K), 0.0024584 secs] [Times: user=0.00 sys=0.00, real=0.00 secs] 
2021-01-22T21:56:42.692+0800: 53.514: [GC (Allocation Failure) 2021-01-22T21:56:42.692+0800: 53.514: [ParNew: 139839K->65K(157248K), 0.0025047 secs] 161444K->21670K(506816K), 0.0025559 secs] [Times: user=0.00 sys=0.00, real=0.00 secs] 
2021-01-22T21:56:43.229+0800: 54.051: [GC (Allocation Failure) 2021-01-22T21:56:43.229+0800: 54.051: [ParNew: 139841K->71K(157248K), 0.0025745 secs] 161446K->21676K(506816K), 0.0026224 secs] [Times: user=0.16 sys=0.00, real=0.00 secs] 
2021-01-22T21:56:43.789+0800: 54.612: [GC (Allocation Failure) 2021-01-22T21:56:43.789+0800: 54.612: [ParNew: 139847K->68K(157248K), 0.0023299 secs] 161452K->21673K(506816K), 0.0023799 secs] [Times: user=0.00 sys=0.00, real=0.00 secs] 
2021-01-22T21:56:44.367+0800: 55.189: [GC (Allocation Failure) 2021-01-22T21:56:44.367+0800: 55.189: [ParNew: 139844K->69K(157248K), 0.0024024 secs] 161449K->21674K(506816K), 0.0024438 secs] [Times: user=0.00 sys=0.00, real=0.00 secs] 
2021-01-22T21:56:44.912+0800: 55.735: [GC (Allocation Failure) 2021-01-22T21:56:44.912+0800: 55.735: [ParNew: 139845K->54K(157248K), 0.0024585 secs] 161450K->21659K(506816K), 0.0024996 secs] [Times: user=0.00 sys=0.00, real=0.00 secs] 
2021-01-22T21:56:45.454+0800: 56.276: [GC (Allocation Failure) 2021-01-22T21:56:45.454+0800: 56.276: [ParNew: 139830K->63K(157248K), 0.0025052 secs] 161435K->21668K(506816K), 0.0025509 secs] [Times: user=0.00 sys=0.00, real=0.00 secs] 
2021-01-22T21:56:45.993+0800: 56.815: [GC (Allocation Failure) 2021-01-22T21:56:45.993+0800: 56.815: [ParNew: 139839K->57K(157248K), 0.0023389 secs] 161444K->21662K(506816K), 0.0023861 secs] [Times: user=0.00 sys=0.00, real=0.00 secs] 
2021-01-22T21:56:46.536+0800: 57.358: [GC (Allocation Failure) 2021-01-22T21:56:46.536+0800: 57.358: [ParNew: 139833K->58K(157248K), 0.0024604 secs] 161438K->21663K(506816K), 0.0025047 secs] [Times: user=0.00 sys=0.00, real=0.00 secs] 
2021-01-22T21:56:47.076+0800: 57.898: [GC (Allocation Failure) 2021-01-22T21:56:47.076+0800: 57.898: [ParNew: 139834K->63K(157248K), 0.0022240 secs] 161439K->21668K(506816K), 0.0022662 secs] [Times: user=0.00 sys=0.00, real=0.00 secs] 
2021-01-22T21:56:47.633+0800: 58.455: [GC (Allocation Failure) 2021-01-22T21:56:47.633+0800: 58.455: [ParNew: 139837K->65K(157248K), 0.0025222 secs] 161442K->21670K(506816K), 0.0025727 secs] [Times: user=0.00 sys=0.00, real=0.00 secs] 
2021-01-22T21:56:48.181+0800: 59.003: [GC (Allocation Failure) 2021-01-22T21:56:48.181+0800: 59.003: [ParNew: 139841K->66K(157248K), 0.0026030 secs] 161446K->21671K(506816K), 0.0026469 secs] [Times: user=0.00 sys=0.00, real=0.00 secs] 
2021-01-22T21:56:48.711+0800: 59.534: [GC (Allocation Failure) 2021-01-22T21:56:48.711+0800: 59.534: [ParNew: 139842K->77K(157248K), 0.0024526 secs] 161447K->21682K(506816K), 0.0024954 secs] [Times: user=0.00 sys=0.00, real=0.00 secs] 
2021-01-22T21:56:49.294+0800: 60.117: [GC (Allocation Failure) 2021-01-22T21:56:49.294+0800: 60.117: [ParNew: 139853K->79K(157248K), 0.0026477 secs] 161458K->21684K(506816K), 0.0027003 secs] [Times: user=0.00 sys=0.00, real=0.00 secs] 
2021-01-22T21:56:49.881+0800: 60.704: [GC (Allocation Failure) 2021-01-22T21:56:49.881+0800: 60.704: [ParNew: 139855K->65K(157248K), 0.0024602 secs] 161460K->21670K(506816K), 0.0025163 secs] [Times: user=0.00 sys=0.00, real=0.00 secs] 
2021-01-22T21:56:50.450+0800: 61.273: [GC (Allocation Failure) 2021-01-22T21:56:50.450+0800: 61.273: [ParNew: 139841K->66K(157248K), 0.0026035 secs] 161446K->21671K(506816K), 0.0026674 secs] [Times: user=0.00 sys=0.00, real=0.00 secs] 
2021-01-22T21:56:50.984+0800: 61.807: [GC (Allocation Failure) 2021-01-22T21:56:50.985+0800: 61.807: [ParNew: 139842K->62K(157248K), 0.0021052 secs] 161447K->21669K(506816K), 0.0021547 secs] [Times: user=0.00 sys=0.00, real=0.00 secs] 
2021-01-22T21:56:51.523+0800: 62.345: [GC (Allocation Failure) 2021-01-22T21:56:51.523+0800: 62.345: [ParNew: 139838K->71K(157248K), 0.0024181 secs] 161445K->21678K(506816K), 0.0024719 secs] [Times: user=0.00 sys=0.00, real=0.00 secs] 
2021-01-22T21:56:52.069+0800: 62.892: [GC (Allocation Failure) 2021-01-22T21:56:52.069+0800: 62.892: [ParNew: 139847K->54K(157248K), 0.0024540 secs] 161454K->21670K(506816K), 0.0024933 secs] [Times: user=0.00 sys=0.00, real=0.00 secs] 
2021-01-22T21:56:52.605+0800: 63.428: [GC (Allocation Failure) 2021-01-22T21:56:52.605+0800: 63.428: [ParNew: 139830K->54K(157248K), 0.0022621 secs] 161446K->21670K(506816K), 0.0023108 secs] [Times: user=0.20 sys=0.00, real=0.00 secs] 
2021-01-22T21:56:53.137+0800: 63.960: [GC (Allocation Failure) 2021-01-22T21:56:53.137+0800: 63.960: [ParNew: 139830K->70K(157248K), 0.0023659 secs] 161446K->21687K(506816K), 0.0024102 secs] [Times: user=0.00 sys=0.00, real=0.00 secs] 
2021-01-22T21:56:53.689+0800: 64.511: [GC (Allocation Failure) 2021-01-22T21:56:53.689+0800: 64.511: [ParNew: 139846K->61K(157248K), 0.0026019 secs] 161463K->21678K(506816K), 0.0026501 secs] [Times: user=0.00 sys=0.00, real=0.00 secs] 
2021-01-22T21:56:54.231+0800: 65.053: [GC (Allocation Failure) 2021-01-22T21:56:54.231+0800: 65.053: [ParNew: 139830K->58K(157248K), 0.0024982 secs] 161446K->21675K(506816K), 0.0025453 secs] [Times: user=0.17 sys=0.02, real=0.00 secs] 
2021-01-22T21:56:54.762+0800: 65.585: [GC (Allocation Failure) 2021-01-22T21:56:54.762+0800: 65.585: [ParNew: 139834K->64K(157248K), 0.0025064 secs] 161451K->21681K(506816K), 0.0025484 secs] [Times: user=0.00 sys=0.00, real=0.00 secs] 
2021-01-22T21:56:55.306+0800: 66.128: [GC (Allocation Failure) 2021-01-22T21:56:55.306+0800: 66.128: [ParNew: 139840K->79K(157248K), 0.0025488 secs] 161457K->21695K(506816K), 0.0026227 secs] [Times: user=0.00 sys=0.00, real=0.00 secs] 
2021-01-22T21:56:55.844+0800: 66.667: [GC (Allocation Failure) 2021-01-22T21:56:55.844+0800: 66.667: [ParNew: 139855K->87K(157248K), 0.0022848 secs] 161471K->21704K(506816K), 0.0023395 secs] [Times: user=0.00 sys=0.00, real=0.00 secs] 
2021-01-22T21:56:56.391+0800: 67.214: [GC (Allocation Failure) 2021-01-22T21:56:56.391+0800: 67.214: [ParNew: 139863K->69K(157248K), 0.0021583 secs] 161480K->21687K(506816K), 0.0021984 secs] [Times: user=0.00 sys=0.00, real=0.00 secs] 
2021-01-22T21:56:56.920+0800: 67.743: [GC (Allocation Failure) 2021-01-22T21:56:56.920+0800: 67.743: [ParNew: 139845K->62K(157248K), 0.0023789 secs] 161463K->21681K(506816K), 0.0024211 secs] [Times: user=0.00 sys=0.00, real=0.00 secs] 
2021-01-22T21:56:57.466+0800: 68.289: [GC (Allocation Failure) 2021-01-22T21:56:57.466+0800: 68.289: [ParNew: 139838K->52K(157248K), 0.0023210 secs] 161457K->21671K(506816K), 0.0023651 secs] [Times: user=0.00 sys=0.00, real=0.00 secs] 
2021-01-22T21:56:57.999+0800: 68.822: [GC (Allocation Failure) 2021-01-22T21:56:57.999+0800: 68.822: [ParNew: 139828K->59K(157248K), 0.0024906 secs] 161447K->21678K(506816K), 0.0025380 secs] [Times: user=0.00 sys=0.00, real=0.00 secs] 
2021-01-22T21:56:58.554+0800: 69.377: [GC (Allocation Failure) 2021-01-22T21:56:58.554+0800: 69.377: [ParNew: 139835K->61K(157248K), 0.0022140 secs] 161454K->21682K(506816K), 0.0022605 secs] [Times: user=0.00 sys=0.00, real=0.00 secs] 
2021-01-22T21:56:59.108+0800: 69.931: [GC (Allocation Failure) 2021-01-22T21:56:59.108+0800: 69.931: [ParNew: 139837K->65K(157248K), 0.0023893 secs] 161458K->21686K(506816K), 0.0024344 secs] [Times: user=0.00 sys=0.00, real=0.00 secs] 
2021-01-22T21:56:59.661+0800: 70.483: [GC (Allocation Failure) 2021-01-22T21:56:59.661+0800: 70.483: [ParNew: 139841K->58K(157248K), 0.0026073 secs] 161462K->21679K(506816K), 0.0026636 secs] [Times: user=0.00 sys=0.00, real=0.00 secs] 
2021-01-22T21:57:00.203+0800: 71.025: [GC (Allocation Failure) 2021-01-22T21:57:00.203+0800: 71.025: [ParNew: 139834K->66K(157248K), 0.0025831 secs] 161455K->21690K(506816K), 0.0026332 secs] [Times: user=0.00 sys=0.00, real=0.00 secs] 
2021-01-22T21:57:00.747+0800: 71.570: [GC (Allocation Failure) 2021-01-22T21:57:00.747+0800: 71.570: [ParNew: 139842K->60K(157248K), 0.0023354 secs] 161466K->21684K(506816K), 0.0023859 secs] [Times: user=0.00 sys=0.00, real=0.00 secs] 
2021-01-22T21:57:01.285+0800: 72.107: [GC (Allocation Failure) 2021-01-22T21:57:01.285+0800: 72.107: [ParNew: 139836K->61K(157248K), 0.0024116 secs] 161460K->21686K(506816K), 0.0024593 secs] [Times: user=0.00 sys=0.00, real=0.00 secs] 
2021-01-22T21:57:01.813+0800: 72.635: [GC (Allocation Failure) 2021-01-22T21:57:01.813+0800: 72.636: [ParNew: 139837K->62K(157248K), 0.0024525 secs] 161462K->21686K(506816K), 0.0024978 secs] [Times: user=0.00 sys=0.00, real=0.00 secs] 
2021-01-22T21:57:02.367+0800: 73.189: [GC (Allocation Failure) 2021-01-22T21:57:02.367+0800: 73.189: [ParNew: 139838K->60K(157248K), 0.0024801 secs] 161462K->21685K(506816K), 0.0025371 secs] [Times: user=0.00 sys=0.00, real=0.00 secs] 
2021-01-22T21:57:02.904+0800: 73.727: [GC (Allocation Failure) 2021-01-22T21:57:02.904+0800: 73.727: [ParNew: 139836K->58K(157248K), 0.0027050 secs] 161461K->21682K(506816K), 0.0027465 secs] [Times: user=0.00 sys=0.00, real=0.00 secs] 
2021-01-22T21:57:03.452+0800: 74.274: [GC (Allocation Failure) 2021-01-22T21:57:03.452+0800: 74.274: [ParNew: 139834K->85K(157248K), 0.0022750 secs] 161458K->21710K(506816K), 0.0023144 secs] [Times: user=0.00 sys=0.00, real=0.00 secs] 
2021-01-22T21:57:04.003+0800: 74.826: [GC (Allocation Failure) 2021-01-22T21:57:04.003+0800: 74.826: [ParNew: 139861K->82K(157248K), 0.0027986 secs] 161486K->21707K(506816K), 0.0028404 secs] [Times: user=0.00 sys=0.00, real=0.00 secs] 
2021-01-22T21:57:04.524+0800: 75.347: [GC (Allocation Failure) 2021-01-22T21:57:04.524+0800: 75.347: [ParNew: 139858K->55K(157248K), 0.0023954 secs] 161483K->21680K(506816K), 0.0024419 secs] [Times: user=0.00 sys=0.00, real=0.00 secs] 
2021-01-22T21:57:05.068+0800: 75.890: [GC (Allocation Failure) 2021-01-22T21:57:05.068+0800: 75.890: [ParNew: 139831K->61K(157248K), 0.0024967 secs] 161456K->21686K(506816K), 0.0025533 secs] [Times: user=0.00 sys=0.00, real=0.00 secs] 
2021-01-22T21:57:05.619+0800: 76.442: [GC (Allocation Failure) 2021-01-22T21:57:05.619+0800: 76.442: [ParNew: 139837K->75K(157248K), 0.0023856 secs] 161462K->21700K(506816K), 0.0024299 secs] [Times: user=0.01 sys=0.00, real=0.00 secs] 
2021-01-22T21:57:06.165+0800: 76.988: [GC (Allocation Failure) 2021-01-22T21:57:06.165+0800: 76.988: [ParNew: 139851K->66K(157248K), 0.0025595 secs] 161476K->21691K(506816K), 0.0026010 secs] [Times: user=0.00 sys=0.00, real=0.00 secs] 
2021-01-22T21:57:06.697+0800: 77.520: [GC (Allocation Failure) 2021-01-22T21:57:06.697+0800: 77.520: [ParNew: 139842K->66K(157248K), 0.0022898 secs] 161467K->21691K(506816K), 0.0023344 secs] [Times: user=0.00 sys=0.00, real=0.00 secs] 
2021-01-22T21:57:07.252+0800: 78.074: [GC (Allocation Failure) 2021-01-22T21:57:07.252+0800: 78.074: [ParNew: 139842K->55K(157248K), 0.0025625 secs] 161467K->21681K(506816K), 0.0026106 secs] [Times: user=0.00 sys=0.00, real=0.00 secs] 
2021-01-22T21:57:07.787+0800: 78.610: [GC (Allocation Failure) 2021-01-22T21:57:07.787+0800: 78.610: [ParNew: 139831K->58K(157248K), 0.0024980 secs] 161457K->21684K(506816K), 0.0025476 secs] [Times: user=0.00 sys=0.00, real=0.00 secs] 
2021-01-22T21:57:08.349+0800: 79.171: [GC (Allocation Failure) 2021-01-22T21:57:08.349+0800: 79.171: [ParNew: 139834K->56K(157248K), 0.0028364 secs] 161460K->21683K(506816K), 0.0028821 secs] [Times: user=0.00 sys=0.00, real=0.00 secs] 
2021-01-22T21:57:08.885+0800: 79.708: [GC (Allocation Failure) 2021-01-22T21:57:08.885+0800: 79.708: [ParNew: 139830K->70K(157248K), 0.0024262 secs] 161457K->21697K(506816K), 0.0024840 secs] [Times: user=0.16 sys=0.02, real=0.00 secs] 
2021-01-22T21:57:09.445+0800: 80.268: [GC (Allocation Failure) 2021-01-22T21:57:09.445+0800: 80.268: [ParNew: 139846K->62K(157248K), 0.0023481 secs] 161473K->21688K(506816K), 0.0023982 secs] [Times: user=0.00 sys=0.00, real=0.00 secs] 
2021-01-22T21:57:09.979+0800: 80.802: [GC (Allocation Failure) 2021-01-22T21:57:09.979+0800: 80.802: [ParNew: 139838K->62K(157248K), 0.0025004 secs] 161464K->21689K(506816K), 0.0025551 secs] [Times: user=0.14 sys=0.02, real=0.00 secs] 
2021-01-22T21:57:10.511+0800: 81.334: [GC (Allocation Failure) 2021-01-22T21:57:10.511+0800: 81.334: [ParNew: 139838K->63K(157248K), 0.0025565 secs] 161465K->21691K(506816K), 0.0026001 secs] [Times: user=0.19 sys=0.00, real=0.00 secs] 
2021-01-22T21:57:11.067+0800: 81.890: [GC (Allocation Failure) 2021-01-22T21:57:11.067+0800: 81.890: [ParNew: 139832K->63K(157248K), 0.0025035 secs] 161459K->21690K(506816K), 0.0025484 secs] [Times: user=0.00 sys=0.00, real=0.00 secs] 
2021-01-22T21:57:11.621+0800: 82.443: [GC (Allocation Failure) 2021-01-22T21:57:11.621+0800: 82.443: [ParNew: 139839K->63K(157248K), 0.0021364 secs] 161466K->21690K(506816K), 0.0021877 secs] [Times: user=0.17 sys=0.02, real=0.00 secs] 
2021-01-22T21:57:12.177+0800: 82.999: [GC (Allocation Failure) 2021-01-22T21:57:12.177+0800: 82.999: [ParNew: 139839K->62K(157248K), 0.0024927 secs] 161466K->21690K(506816K), 0.0025359 secs] [Times: user=0.00 sys=0.00, real=0.00 secs] 
2021-01-22T21:57:12.703+0800: 83.525: [GC (Allocation Failure) 2021-01-22T21:57:12.703+0800: 83.525: [ParNew: 139838K->57K(157248K), 0.0025808 secs] 161466K->21685K(506816K), 0.0026258 secs] [Times: user=0.00 sys=0.00, real=0.00 secs] 
2021-01-22T21:57:13.226+0800: 84.048: [GC (Allocation Failure) 2021-01-22T21:57:13.226+0800: 84.048: [ParNew: 139832K->59K(157248K), 0.0025904 secs] 161459K->21687K(506816K), 0.0026541 secs] [Times: user=0.00 sys=0.00, real=0.00 secs] 
2021-01-22T21:57:13.765+0800: 84.588: [GC (Allocation Failure) 2021-01-22T21:57:13.765+0800: 84.588: [ParNew: 139835K->59K(157248K), 0.0024722 secs] 161463K->21688K(506816K), 0.0025200 secs] [Times: user=0.00 sys=0.00, real=0.00 secs] 
2021-01-22T21:57:14.313+0800: 85.135: [GC (Allocation Failure) 2021-01-22T21:57:14.313+0800: 85.135: [ParNew: 139835K->53K(157248K), 0.0026177 secs] 161464K->21684K(506816K), 0.0026586 secs] [Times: user=0.00 sys=0.00, real=0.00 secs] 
2021-01-22T21:57:14.854+0800: 85.677: [GC (Allocation Failure) 2021-01-22T21:57:14.854+0800: 85.677: [ParNew: 139829K->71K(157248K), 0.0024383 secs] 161460K->21702K(506816K), 0.0024975 secs] [Times: user=0.14 sys=0.00, real=0.00 secs] 
2021-01-22T21:57:15.403+0800: 86.226: [GC (Allocation Failure) 2021-01-22T21:57:15.403+0800: 86.226: [ParNew: 139847K->76K(157248K), 0.0023995 secs] 161478K->21707K(506816K), 0.0024500 secs] [Times: user=0.00 sys=0.00, real=0.00 secs] 
2021-01-22T21:57:15.952+0800: 86.775: [GC (Allocation Failure) 2021-01-22T21:57:15.952+0800: 86.775: [ParNew: 139852K->68K(157248K), 0.0025095 secs] 161483K->21699K(506816K), 0.0025618 secs] [Times: user=0.00 sys=0.00, real=0.00 secs] 
2021-01-22T21:57:16.494+0800: 87.316: [GC (Allocation Failure) 2021-01-22T21:57:16.494+0800: 87.316: [ParNew: 139844K->87K(157248K), 0.0026331 secs] 161475K->21717K(506816K), 0.0026758 secs] [Times: user=0.00 sys=0.00, real=0.00 secs] 
2021-01-22T21:57:17.035+0800: 87.857: [GC (Allocation Failure) 2021-01-22T21:57:17.035+0800: 87.857: [ParNew: 139863K->94K(157248K), 0.0025691 secs] 161493K->21724K(506816K), 0.0026184 secs] [Times: user=0.00 sys=0.00, real=0.00 secs] 
2021-01-22T21:57:17.586+0800: 88.409: [GC (Allocation Failure) 2021-01-22T21:57:17.586+0800: 88.409: [ParNew: 139870K->80K(157248K), 0.0026619 secs] 161500K->21712K(506816K), 0.0027037 secs] [Times: user=0.00 sys=0.00, real=0.00 secs] 
2021-01-22T21:57:18.124+0800: 88.946: [GC (Allocation Failure) 2021-01-22T21:57:18.124+0800: 88.946: [ParNew: 139856K->68K(157248K), 0.0023044 secs] 161488K->21700K(506816K), 0.0023646 secs] [Times: user=0.00 sys=0.00, real=0.00 secs] 
2021-01-22T21:57:18.652+0800: 89.474: [GC (Allocation Failure) 2021-01-22T21:57:18.652+0800: 89.474: [ParNew: 139844K->57K(157248K), 0.0026472 secs] 161476K->21690K(506816K), 0.0026963 secs] [Times: user=0.19 sys=0.02, real=0.00 secs] 
2021-01-22T21:57:19.193+0800: 90.015: [GC (Allocation Failure) 2021-01-22T21:57:19.193+0800: 90.015: [ParNew: 139833K->54K(157248K), 0.0026886 secs] 161466K->21689K(506816K), 0.0027390 secs] [Times: user=0.00 sys=0.00, real=0.00 secs] 
2021-01-22T21:57:19.742+0800: 90.565: [GC (Allocation Failure) 2021-01-22T21:57:19.743+0800: 90.565: [ParNew: 139830K->65K(157248K), 0.0025780 secs] 161465K->21700K(506816K), 0.0026376 secs] [Times: user=0.00 sys=0.00, real=0.00 secs] 
2021-01-22T21:57:20.296+0800: 91.119: [GC (Allocation Failure) 2021-01-22T21:57:20.296+0800: 91.119: [ParNew: 139841K->65K(157248K), 0.0022751 secs] 161476K->21700K(506816K), 0.0023240 secs] [Times: user=0.00 sys=0.00, real=0.00 secs] 
2021-01-22T21:57:20.841+0800: 91.664: [GC (Allocation Failure) 2021-01-22T21:57:20.841+0800: 91.664: [ParNew: 139841K->56K(157248K), 0.0023304 secs] 161476K->21691K(506816K), 0.0023728 secs] [Times: user=0.00 sys=0.00, real=0.00 secs] 
2021-01-22T21:57:21.366+0800: 92.189: [GC (Allocation Failure) 2021-01-22T21:57:21.366+0800: 92.189: [ParNew: 139832K->73K(157248K), 0.0024525 secs] 161467K->21708K(506816K), 0.0024979 secs] [Times: user=0.00 sys=0.00, real=0.00 secs] 
2021-01-22T21:57:21.917+0800: 92.740: [GC (Allocation Failure) 2021-01-22T21:57:21.917+0800: 92.740: [ParNew: 139849K->72K(157248K), 0.0024591 secs] 161484K->21707K(506816K), 0.0025050 secs] [Times: user=0.19 sys=0.00, real=0.00 secs] 
2021-01-22T21:57:22.457+0800: 93.280: [GC (Allocation Failure) 2021-01-22T21:57:22.457+0800: 93.280: [ParNew: 139848K->82K(157248K), 0.0025101 secs] 161483K->21719K(506816K), 0.0025573 secs] [Times: user=0.00 sys=0.00, real=0.00 secs] 
2021-01-22T21:57:22.994+0800: 93.816: [GC (Allocation Failure) 2021-01-22T21:57:22.994+0800: 93.816: [ParNew: 139858K->57K(157248K), 0.0024960 secs] 161495K->21695K(506816K), 0.0025358 secs] [Times: user=0.09 sys=0.08, real=0.00 secs] 
2021-01-22T21:57:23.547+0800: 94.370: [GC (Allocation Failure) 2021-01-22T21:57:23.547+0800: 94.370: [ParNew: 139833K->65K(157248K), 0.0024137 secs] 161471K->21703K(506816K), 0.0024639 secs] [Times: user=0.00 sys=0.00, real=0.00 secs] 
2021-01-22T21:57:24.089+0800: 94.912: [GC (Allocation Failure) 2021-01-22T21:57:24.089+0800: 94.912: [ParNew: 139841K->64K(157248K), 0.0024797 secs] 161479K->21702K(506816K), 0.0025276 secs] [Times: user=0.17 sys=0.00, real=0.00 secs] 
2021-01-22T21:57:24.627+0800: 95.450: [GC (Allocation Failure) 2021-01-22T21:57:24.628+0800: 95.450: [ParNew: 139840K->52K(157248K), 0.0024174 secs] 161478K->21690K(506816K), 0.0024720 secs] [Times: user=0.00 sys=0.00, real=0.00 secs] 
2021-01-22T21:57:25.167+0800: 95.990: [GC (Allocation Failure) 2021-01-22T21:57:25.167+0800: 95.990: [ParNew: 139825K->69K(157248K), 0.0024862 secs] 161462K->21707K(506816K), 0.0025307 secs] [Times: user=0.14 sys=0.01, real=0.00 secs] 
2021-01-22T21:57:25.694+0800: 96.517: [GC (Allocation Failure) 2021-01-22T21:57:25.694+0800: 96.517: [ParNew: 139845K->85K(157248K), 0.0024091 secs] 161483K->21723K(506816K), 0.0024495 secs] [Times: user=0.00 sys=0.00, real=0.00 secs] 
2021-01-22T21:57:26.250+0800: 97.072: [GC (Allocation Failure) 2021-01-22T21:57:26.250+0800: 97.072: [ParNew: 139861K->73K(157248K), 0.0026088 secs] 161499K->21711K(506816K), 0.0026638 secs] [Times: user=0.00 sys=0.00, real=0.00 secs] 
2021-01-22T21:57:26.806+0800: 97.629: [GC (Allocation Failure) 2021-01-22T21:57:26.806+0800: 97.629: [ParNew: 139849K->58K(157248K), 0.0023353 secs] 161487K->21696K(506816K), 0.0023817 secs] [Times: user=0.00 sys=0.00, real=0.00 secs] 
2021-01-22T21:57:27.344+0800: 98.166: [GC (Allocation Failure) 2021-01-22T21:57:27.344+0800: 98.166: [ParNew: 139834K->50K(157248K), 0.0024386 secs] 161472K->21694K(506816K), 0.0024813 secs] [Times: user=0.00 sys=0.00, real=0.00 secs] 
2021-01-22T21:57:27.887+0800: 98.710: [GC (Allocation Failure) 2021-01-22T21:57:27.887+0800: 98.710: [ParNew: 139826K->69K(157248K), 0.0024634 secs] 161470K->21714K(506816K), 0.0025422 secs] [Times: user=0.03 sys=0.00, real=0.00 secs] 
2021-01-22T21:57:28.424+0800: 99.247: [GC (Allocation Failure) 2021-01-22T21:57:28.424+0800: 99.247: [ParNew: 139845K->58K(157248K), 0.0024434 secs] 161490K->21703K(506816K), 0.0024884 secs] [Times: user=0.00 sys=0.00, real=0.00 secs] 
2021-01-22T21:57:28.955+0800: 99.778: [GC (Allocation Failure) 2021-01-22T21:57:28.955+0800: 99.778: [ParNew: 139834K->70K(157248K), 0.0025109 secs] 161479K->21715K(506816K), 0.0025532 secs] [Times: user=0.00 sys=0.00, real=0.00 secs] 
2021-01-22T21:57:29.507+0800: 100.329: [GC (Allocation Failure) 2021-01-22T21:57:29.507+0800: 100.329: [ParNew: 139846K->74K(157248K), 0.0024637 secs] 161491K->21719K(506816K), 0.0025052 secs] [Times: user=0.00 sys=0.00, real=0.00 secs] 
2021-01-22T21:57:30.057+0800: 100.879: [GC (Allocation Failure) 2021-01-22T21:57:30.057+0800: 100.879: [ParNew: 139850K->55K(157248K), 0.0025336 secs] 161495K->21700K(506816K), 0.0026008 secs] [Times: user=0.02 sys=0.00, real=0.00 secs] 
2021-01-22T21:57:30.596+0800: 101.419: [GC (Allocation Failure) 2021-01-22T21:57:30.596+0800: 101.419: [ParNew: 139824K->55K(157248K), 0.0024363 secs] 161469K->21700K(506816K), 0.0024777 secs] [Times: user=0.00 sys=0.00, real=0.00 secs] 
2021-01-22T21:57:31.129+0800: 101.951: [GC (Allocation Failure) 2021-01-22T21:57:31.129+0800: 101.951: [ParNew: 139831K->68K(157248K), 0.0024536 secs] 161476K->21713K(506816K), 0.0024956 secs] [Times: user=0.00 sys=0.00, real=0.00 secs] 
2021-01-22T21:57:31.665+0800: 102.488: [GC (Allocation Failure) 2021-01-22T21:57:31.665+0800: 102.488: [ParNew: 139844K->70K(157248K), 0.0024174 secs] 161489K->21715K(506816K), 0.0024667 secs] [Times: user=0.00 sys=0.00, real=0.00 secs] 
2021-01-22T21:57:32.195+0800: 103.017: [GC (Allocation Failure) 2021-01-22T21:57:32.195+0800: 103.017: [ParNew: 139846K->69K(157248K), 0.0024391 secs] 161491K->21714K(506816K), 0.0024851 secs] [Times: user=0.00 sys=0.00, real=0.00 secs] 
2021-01-22T21:57:32.750+0800: 103.572: [GC (Allocation Failure) 2021-01-22T21:57:32.750+0800: 103.572: [ParNew: 139845K->77K(157248K), 0.0024458 secs] 161490K->21722K(506816K), 0.0024848 secs] [Times: user=0.00 sys=0.00, real=0.00 secs] 
2021-01-22T21:57:33.282+0800: 104.105: [GC (Allocation Failure) 2021-01-22T21:57:33.282+0800: 104.105: [ParNew: 139853K->69K(157248K), 0.0021135 secs] 161498K->21714K(506816K), 0.0021578 secs] [Times: user=0.00 sys=0.00, real=0.00 secs] 
2021-01-22T21:57:33.815+0800: 104.637: [GC (Allocation Failure) 2021-01-22T21:57:33.815+0800: 104.637: [ParNew: 139845K->66K(157248K), 0.0026395 secs] 161490K->21711K(506816K), 0.0026877 secs] [Times: user=0.00 sys=0.00, real=0.00 secs] 
2021-01-22T21:57:34.348+0800: 105.171: [GC (Allocation Failure) 2021-01-22T21:57:34.348+0800: 105.171: [ParNew: 139842K->57K(157248K), 0.0023769 secs] 161487K->21705K(506816K), 0.0024198 secs] [Times: user=0.00 sys=0.00, real=0.00 secs] 
2021-01-22T21:57:34.881+0800: 105.704: [GC (Allocation Failure) 2021-01-22T21:57:34.881+0800: 105.704: [ParNew: 139833K->56K(157248K), 0.0025316 secs] 161481K->21704K(506816K), 0.0025799 secs] [Times: user=0.00 sys=0.00, real=0.00 secs] 
2021-01-22T21:57:35.440+0800: 106.263: [GC (Allocation Failure) 2021-01-22T21:57:35.440+0800: 106.263: [ParNew: 139832K->59K(157248K), 0.0023323 secs] 161480K->21707K(506816K), 0.0024065 secs] [Times: user=0.00 sys=0.00, real=0.00 secs] 
2021-01-22T21:57:35.997+0800: 106.819: [GC (Allocation Failure) 2021-01-22T21:57:35.997+0800: 106.819: [ParNew: 139835K->60K(157248K), 0.0024683 secs] 161483K->21708K(506816K), 0.0025219 secs] [Times: user=0.00 sys=0.01, real=0.00 secs] 
2021-01-22T21:57:36.522+0800: 107.345: [GC (Allocation Failure) 2021-01-22T21:57:36.522+0800: 107.345: [ParNew: 139836K->66K(157248K), 0.0025094 secs] 161484K->21715K(506816K), 0.0025509 secs] [Times: user=0.00 sys=0.00, real=0.00 secs] 
2021-01-22T21:57:37.050+0800: 107.872: [GC (Allocation Failure) 2021-01-22T21:57:37.050+0800: 107.872: [ParNew: 139842K->58K(157248K), 0.0025429 secs] 161491K->21707K(506816K), 0.0025937 secs] [Times: user=0.00 sys=0.00, real=0.00 secs] 
2021-01-22T21:57:37.596+0800: 108.418: [GC (Allocation Failure) 2021-01-22T21:57:37.596+0800: 108.418: [ParNew: 139834K->58K(157248K), 0.0024659 secs] 161483K->21706K(506816K), 0.0025130 secs] [Times: user=0.00 sys=0.00, real=0.00 secs] 
2021-01-22T21:57:38.132+0800: 108.954: [GC (Allocation Failure) 2021-01-22T21:57:38.132+0800: 108.954: [ParNew: 139834K->57K(157248K), 0.0024549 secs] 161482K->21705K(506816K), 0.0025031 secs] [Times: user=0.00 sys=0.00, real=0.00 secs] 
2021-01-22T21:57:38.693+0800: 109.515: [GC (Allocation Failure) 2021-01-22T21:57:38.693+0800: 109.515: [ParNew: 139833K->61K(157248K), 0.0024992 secs] 161481K->21710K(506816K), 0.0025393 secs] [Times: user=0.00 sys=0.00, real=0.00 secs] 
2021-01-22T21:57:39.249+0800: 110.072: [GC (Allocation Failure) 2021-01-22T21:57:39.249+0800: 110.072: [ParNew: 139837K->58K(157248K), 0.0022713 secs] 161486K->21708K(506816K), 0.0023184 secs] [Times: user=0.00 sys=0.00, real=0.00 secs] 
2021-01-22T21:57:39.790+0800: 110.612: [GC (Allocation Failure) 2021-01-22T21:57:39.790+0800: 110.612: [ParNew: 139834K->61K(157248K), 0.0024657 secs] 161484K->21712K(506816K), 0.0025107 secs] [Times: user=0.00 sys=0.00, real=0.00 secs] 
2021-01-22T21:57:40.337+0800: 111.160: [GC (Allocation Failure) 2021-01-22T21:57:40.337+0800: 111.160: [ParNew: 139837K->67K(157248K), 0.0025644 secs] 161488K->21718K(506816K), 0.0026065 secs] [Times: user=0.19 sys=0.00, real=0.00 secs] 
2021-01-22T21:57:40.864+0800: 111.686: [GC (Allocation Failure) 2021-01-22T21:57:40.864+0800: 111.686: [ParNew: 139843K->64K(157248K), 0.0025036 secs] 161494K->21716K(506816K), 0.0025447 secs] [Times: user=0.00 sys=0.00, real=0.00 secs] 
2021-01-22T21:57:41.428+0800: 112.251: [GC (Allocation Failure) 2021-01-22T21:57:41.428+0800: 112.251: [ParNew: 139840K->52K(157248K), 0.0023650 secs] 161492K->21706K(506816K), 0.0024166 secs] [Times: user=0.00 sys=0.00, real=0.00 secs] 
2021-01-22T21:57:41.992+0800: 112.815: [GC (Allocation Failure) 2021-01-22T21:57:41.992+0800: 112.815: [ParNew: 139828K->68K(157248K), 0.0025611 secs] 161482K->21725K(506816K), 0.0026078 secs] [Times: user=0.00 sys=0.00, real=0.00 secs] 
2021-01-22T21:57:42.537+0800: 113.360: [GC (Allocation Failure) 2021-01-22T21:57:42.537+0800: 113.360: [ParNew: 139844K->64K(157248K), 0.0026163 secs] 161501K->21721K(506816K), 0.0026633 secs] [Times: user=0.00 sys=0.00, real=0.00 secs] 
2021-01-22T21:57:43.074+0800: 113.896: [GC (Allocation Failure) 2021-01-22T21:57:43.074+0800: 113.896: [ParNew: 139840K->63K(157248K), 0.0024084 secs] 161497K->21719K(506816K), 0.0024608 secs] [Times: user=0.16 sys=0.00, real=0.00 secs] 
2021-01-22T21:57:43.622+0800: 114.445: [GC (Allocation Failure) 2021-01-22T21:57:43.622+0800: 114.445: [ParNew: 139839K->69K(157248K), 0.0024623 secs] 161495K->21726K(506816K), 0.0025094 secs] [Times: user=0.00 sys=0.00, real=0.00 secs] 
2021-01-22T21:57:44.174+0800: 114.997: [GC (Allocation Failure) 2021-01-22T21:57:44.174+0800: 114.997: [ParNew: 139845K->70K(157248K), 0.0026292 secs] 161502K->21727K(506816K), 0.0026736 secs] [Times: user=0.00 sys=0.00, real=0.00 secs] 
2021-01-22T21:57:44.754+0800: 115.577: [GC (Allocation Failure) 2021-01-22T21:57:44.754+0800: 115.577: [ParNew: 139846K->68K(157248K), 0.0023730 secs] 161503K->21725K(506816K), 0.0024351 secs] [Times: user=0.00 sys=0.00, real=0.00 secs] 
2021-01-22T21:57:45.376+0800: 116.198: [GC (Allocation Failure) 2021-01-22T21:57:45.376+0800: 116.198: [ParNew: 139844K->69K(157248K), 0.0026082 secs] 161501K->21726K(506816K), 0.0026607 secs] [Times: user=0.00 sys=0.00, real=0.00 secs] 
2021-01-22T21:57:45.912+0800: 116.735: [GC (Allocation Failure) 2021-01-22T21:57:45.912+0800: 116.735: [ParNew: 139845K->54K(157248K), 0.0025118 secs] 161502K->21713K(506816K), 0.0025757 secs] [Times: user=0.00 sys=0.00, real=0.00 secs] 
2021-01-22T21:57:46.488+0800: 117.310: [GC (Allocation Failure) 2021-01-22T21:57:46.488+0800: 117.310: [ParNew: 139830K->52K(157248K), 0.0025969 secs] 161489K->21711K(506816K), 0.0026395 secs] [Times: user=0.00 sys=0.00, real=0.00 secs] 
2021-01-22T21:57:47.026+0800: 117.849: [GC (Allocation Failure) 2021-01-22T21:57:47.026+0800: 117.849: [ParNew: 139828K->58K(157248K), 0.0025026 secs] 161487K->21717K(506816K), 0.0025512 secs] [Times: user=0.16 sys=0.00, real=0.00 secs] 
2021-01-22T21:57:47.589+0800: 118.411: [GC (Allocation Failure) 2021-01-22T21:57:47.589+0800: 118.411: [ParNew: 139834K->70K(157248K), 0.0023863 secs] 161493K->21729K(506816K), 0.0024293 secs] [Times: user=0.19 sys=0.00, real=0.00 secs] 
2021-01-22T21:57:48.159+0800: 118.982: [GC (Allocation Failure) 2021-01-22T21:57:48.159+0800: 118.982: [ParNew: 139846K->72K(157248K), 0.0026655 secs] 161505K->21731K(506816K), 0.0027272 secs] [Times: user=0.00 sys=0.00, real=0.00 secs] 
2021-01-22T21:57:48.694+0800: 119.517: [GC (Allocation Failure) 2021-01-22T21:57:48.694+0800: 119.517: [ParNew: 139848K->63K(157248K), 0.0026137 secs] 161507K->21722K(506816K), 0.0026640 secs] [Times: user=0.00 sys=0.00, real=0.00 secs] 
2021-01-22T21:57:49.228+0800: 120.051: [GC (Allocation Failure) 2021-01-22T21:57:49.228+0800: 120.051: [ParNew: 139839K->73K(157248K), 0.0024198 secs] 161498K->21732K(506816K), 0.0024603 secs] [Times: user=0.01 sys=0.00, real=0.00 secs] 
2021-01-22T21:57:49.760+0800: 120.582: [GC (Allocation Failure) 2021-01-22T21:57:49.760+0800: 120.582: [ParNew: 139849K->59K(157248K), 0.0026378 secs] 161508K->21722K(506816K), 0.0026833 secs] [Times: user=0.00 sys=0.00, real=0.00 secs] 
2021-01-22T21:57:50.296+0800: 121.119: [GC (Allocation Failure) 2021-01-22T21:57:50.296+0800: 121.119: [ParNew: 139835K->66K(157248K), 0.0025295 secs] 161498K->21728K(506816K), 0.0025739 secs] [Times: user=0.00 sys=0.00, real=0.00 secs] 
2021-01-22T21:57:50.853+0800: 121.675: [GC (Allocation Failure) 2021-01-22T21:57:50.853+0800: 121.675: [ParNew: 139842K->67K(157248K), 0.0021342 secs] 161504K->21729K(506816K), 0.0021792 secs] [Times: user=0.00 sys=0.00, real=0.00 secs] 
2021-01-22T21:57:51.406+0800: 122.229: [GC (Allocation Failure) 2021-01-22T21:57:51.406+0800: 122.229: [ParNew: 139843K->72K(157248K), 0.0025626 secs] 161505K->21735K(506816K), 0.0026100 secs] [Times: user=0.00 sys=0.00, real=0.00 secs] 
2021-01-22T21:57:51.948+0800: 122.771: [GC (Allocation Failure) 2021-01-22T21:57:51.948+0800: 122.771: [ParNew: 139848K->71K(157248K), 0.0024731 secs] 161511K->21733K(506816K), 0.0025184 secs] [Times: user=0.16 sys=0.02, real=0.00 secs] 
2021-01-22T21:57:52.494+0800: 123.316: [GC (Allocation Failure) 2021-01-22T21:57:52.494+0800: 123.316: [ParNew: 139847K->82K(157248K), 0.0025737 secs] 161509K->21744K(506816K), 0.0026276 secs] [Times: user=0.00 sys=0.02, real=0.00 secs] 
2021-01-22T21:57:53.020+0800: 123.843: [GC (Allocation Failure) 2021-01-22T21:57:53.020+0800: 123.843: [ParNew: 139858K->55K(157248K), 0.0025619 secs] 161520K->21717K(506816K), 0.0026070 secs] [Times: user=0.00 sys=0.00, real=0.00 secs] 
2021-01-22T21:57:53.559+0800: 124.382: [GC (Allocation Failure) 2021-01-22T21:57:53.560+0800: 124.382: [ParNew: 139831K->69K(157248K), 0.0024200 secs] 161493K->21735K(506816K), 0.0024603 secs] [Times: user=0.00 sys=0.02, real=0.00 secs] 
2021-01-22T21:57:54.136+0800: 124.959: [GC (Allocation Failure) 2021-01-22T21:57:54.136+0800: 124.959: [ParNew: 139845K->77K(157248K), 0.0025164 secs] 161511K->21743K(506816K), 0.0025749 secs] [Times: user=0.20 sys=0.00, real=0.00 secs] 
2021-01-22T21:57:54.675+0800: 125.498: [GC (Allocation Failure) 2021-01-22T21:57:54.675+0800: 125.498: [ParNew: 139853K->66K(157248K), 0.0025351 secs] 161519K->21732K(506816K), 0.0025867 secs] [Times: user=0.00 sys=0.00, real=0.00 secs] 
2021-01-22T21:57:55.218+0800: 126.041: [GC (Allocation Failure) 2021-01-22T21:57:55.218+0800: 126.041: [ParNew: 139842K->54K(157248K), 0.0025442 secs] 161508K->21720K(506816K), 0.0025990 secs] [Times: user=0.00 sys=0.00, real=0.00 secs] 
2021-01-22T21:57:55.748+0800: 126.570: [GC (Allocation Failure) 2021-01-22T21:57:55.748+0800: 126.570: [ParNew: 139830K->66K(157248K), 0.0024794 secs] 161496K->21735K(506816K), 0.0025297 secs] [Times: user=0.00 sys=0.00, real=0.00 secs] 
2021-01-22T21:57:56.292+0800: 127.114: [GC (Allocation Failure) 2021-01-22T21:57:56.292+0800: 127.114: [ParNew: 139842K->60K(157248K), 0.0024451 secs] 161511K->21729K(506816K), 0.0025061 secs] [Times: user=0.17 sys=0.02, real=0.00 secs] 
2021-01-22T21:57:56.836+0800: 127.658: [GC (Allocation Failure) 2021-01-22T21:57:56.836+0800: 127.658: [ParNew: 139836K->57K(157248K), 0.0024222 secs] 161505K->21725K(506816K), 0.0024675 secs] [Times: user=0.00 sys=0.00, real=0.00 secs] 
2021-01-22T21:57:57.398+0800: 128.220: [GC (Allocation Failure) 2021-01-22T21:57:57.398+0800: 128.220: [ParNew: 139833K->62K(157248K), 0.0025958 secs] 161501K->21730K(506816K), 0.0026360 secs] [Times: user=0.00 sys=0.00, real=0.00 secs] 
2021-01-22T21:57:57.928+0800: 128.750: [GC (Allocation Failure) 2021-01-22T21:57:57.928+0800: 128.750: [ParNew: 139838K->64K(157248K), 0.0025656 secs] 161506K->21735K(506816K), 0.0026134 secs] [Times: user=0.00 sys=0.00, real=0.00 secs] 
2021-01-22T21:57:58.469+0800: 129.292: [GC (Allocation Failure) 2021-01-22T21:57:58.470+0800: 129.292: [ParNew: 139840K->66K(157248K), 0.0026552 secs] 161511K->21736K(506816K), 0.0027011 secs] [Times: user=0.00 sys=0.00, real=0.00 secs] 
2021-01-22T21:57:59.002+0800: 129.825: [GC (Allocation Failure) 2021-01-22T21:57:59.002+0800: 129.825: [ParNew: 139842K->78K(157248K), 0.0023323 secs] 161512K->21749K(506816K), 0.0023850 secs] [Times: user=0.00 sys=0.00, real=0.00 secs] 
2021-01-22T21:57:59.537+0800: 130.360: [GC (Allocation Failure) 2021-01-22T21:57:59.537+0800: 130.360: [ParNew: 139854K->64K(157248K), 0.0025561 secs] 161525K->21735K(506816K), 0.0026094 secs] [Times: user=0.00 sys=0.00, real=0.00 secs] 
2021-01-22T21:58:00.149+0800: 130.972: [GC (Allocation Failure) 2021-01-22T21:58:00.149+0800: 130.972: [ParNew: 139840K->48K(157248K), 0.0022182 secs] 161511K->21719K(506816K), 0.0022743 secs] [Times: user=0.00 sys=0.00, real=0.00 secs] 
2021-01-22T21:58:00.688+0800: 131.510: [GC (Allocation Failure) 2021-01-22T21:58:00.688+0800: 131.510: [ParNew: 139824K->79K(157248K), 0.0023652 secs] 161495K->21750K(506816K), 0.0024097 secs] [Times: user=0.00 sys=0.00, real=0.00 secs] 
2021-01-22T21:58:01.227+0800: 132.050: [GC (Allocation Failure) 2021-01-22T21:58:01.227+0800: 132.050: [ParNew: 139855K->66K(157248K), 0.0026387 secs] 161526K->21740K(506816K), 0.0026851 secs] [Times: user=0.00 sys=0.00, real=0.00 secs] 
2021-01-22T21:58:01.767+0800: 132.589: [GC (Allocation Failure) 2021-01-22T21:58:01.767+0800: 132.589: [ParNew: 139842K->77K(157248K), 0.0026932 secs] 161516K->21750K(506816K), 0.0027480 secs] [Times: user=0.00 sys=0.00, real=0.00 secs] 
2021-01-22T21:58:02.303+0800: 133.127: [GC (Allocation Failure) 2021-01-22T21:58:02.303+0800: 133.127: [ParNew: 139853K->70K(157248K), 0.0024761 secs] 161526K->21743K(506816K), 0.0025286 secs] [Times: user=0.00 sys=0.00, real=0.00 secs] 
2021-01-22T21:58:02.861+0800: 133.684: [GC (Allocation Failure) 2021-01-22T21:58:02.862+0800: 133.684: [ParNew: 139846K->65K(157248K), 0.0025047 secs] 161519K->21739K(506816K), 0.0025621 secs] [Times: user=0.00 sys=0.00, real=0.00 secs] 
2021-01-22T21:58:03.418+0800: 134.240: [GC (Allocation Failure) 2021-01-22T21:58:03.418+0800: 134.240: [ParNew: 139841K->62K(157248K), 0.0024048 secs] 161515K->21736K(506816K), 0.0024583 secs] [Times: user=0.20 sys=0.00, real=0.00 secs] 
2021-01-22T21:58:03.955+0800: 134.778: [GC (Allocation Failure) 2021-01-22T21:58:03.955+0800: 134.778: [ParNew: 139838K->73K(157248K), 0.0024754 secs] 161512K->21746K(506816K), 0.0025164 secs] [Times: user=0.00 sys=0.00, real=0.00 secs] 
2021-01-22T21:58:04.496+0800: 135.318: [GC (Allocation Failure) 2021-01-22T21:58:04.496+0800: 135.318: [ParNew: 139849K->64K(157248K), 0.0023531 secs] 161522K->21739K(506816K), 0.0023958 secs] [Times: user=0.20 sys=0.00, real=0.00 secs] 
2021-01-22T21:58:05.026+0800: 135.849: [GC (Allocation Failure) 2021-01-22T21:58:05.026+0800: 135.849: [ParNew: 139840K->67K(157248K), 0.0023293 secs] 161515K->21745K(506816K), 0.0023744 secs] [Times: user=0.17 sys=0.00, real=0.00 secs] 
2021-01-22T21:58:05.566+0800: 136.389: [GC (Allocation Failure) 2021-01-22T21:58:05.566+0800: 136.389: [ParNew: 139843K->70K(157248K), 0.0026187 secs] 161521K->21752K(506816K), 0.0026931 secs] [Times: user=0.00 sys=0.00, real=0.00 secs] 
2021-01-22T21:58:06.137+0800: 136.959: [GC (Allocation Failure) 2021-01-22T21:58:06.137+0800: 136.959: [ParNew: 139846K->74K(157248K), 0.0024790 secs] 161528K->21756K(506816K), 0.0025247 secs] [Times: user=0.00 sys=0.00, real=0.00 secs] 
2021-01-22T21:58:06.710+0800: 137.532: [GC (Allocation Failure) 2021-01-22T21:58:06.710+0800: 137.532: [ParNew: 139850K->59K(157248K), 0.0023816 secs] 161532K->21741K(506816K), 0.0024279 secs] [Times: user=0.00 sys=0.00, real=0.00 secs] 
2021-01-22T21:58:07.249+0800: 138.072: [GC (Allocation Failure) 2021-01-22T21:58:07.249+0800: 138.072: [ParNew: 139835K->59K(157248K), 0.0024835 secs] 161517K->21742K(506816K), 0.0025267 secs] [Times: user=0.00 sys=0.00, real=0.00 secs] 
2021-01-22T21:58:07.786+0800: 138.609: [GC (Allocation Failure) 2021-01-22T21:58:07.786+0800: 138.609: [ParNew: 139835K->58K(157248K), 0.0025762 secs] 161518K->21740K(506816K), 0.0026217 secs] [Times: user=0.00 sys=0.00, real=0.00 secs] 
2021-01-22T21:58:08.324+0800: 139.147: [GC (Allocation Failure) 2021-01-22T21:58:08.324+0800: 139.147: [ParNew: 139834K->63K(157248K), 0.0025076 secs] 161516K->21745K(506816K), 0.0025492 secs] [Times: user=0.20 sys=0.00, real=0.00 secs] 
2021-01-22T21:58:08.884+0800: 139.707: [GC (Allocation Failure) 2021-01-22T21:58:08.884+0800: 139.707: [ParNew: 139839K->62K(157248K), 0.0024660 secs] 161521K->21744K(506816K), 0.0025335 secs] [Times: user=0.00 sys=0.00, real=0.00 secs] 
2021-01-22T21:58:09.448+0800: 140.271: [GC (Allocation Failure) 2021-01-22T21:58:09.448+0800: 140.271: [ParNew: 139838K->69K(157248K), 0.0025167 secs] 161520K->21751K(506816K), 0.0025581 secs] [Times: user=0.17 sys=0.02, real=0.00 secs] 
2021-01-22T21:58:09.991+0800: 140.814: [GC (Allocation Failure) 2021-01-22T21:58:09.991+0800: 140.814: [ParNew: 139845K->76K(157248K), 0.0025242 secs] 161527K->21758K(506816K), 0.0025709 secs] [Times: user=0.00 sys=0.00, real=0.00 secs] 
2021-01-22T21:58:10.519+0800: 141.341: [GC (Allocation Failure) 2021-01-22T21:58:10.519+0800: 141.341: [ParNew: 139852K->65K(157248K), 0.0024568 secs] 161534K->21748K(506816K), 0.0025102 secs] [Times: user=0.00 sys=0.00, real=0.00 secs] 
2021-01-22T21:58:11.061+0800: 141.883: [GC (Allocation Failure) 2021-01-22T21:58:11.061+0800: 141.883: [ParNew: 139841K->75K(157248K), 0.0026132 secs] 161524K->21758K(506816K), 0.0026604 secs] [Times: user=0.00 sys=0.00, real=0.00 secs] 
2021-01-22T21:58:11.602+0800: 142.424: [GC (Allocation Failure) 2021-01-22T21:58:11.602+0800: 142.424: [ParNew: 139851K->89K(157248K), 0.0025049 secs] 161534K->21772K(506816K), 0.0025495 secs] [Times: user=0.00 sys=0.00, real=0.00 secs] 
2021-01-22T21:58:12.175+0800: 142.997: [GC (Allocation Failure) 2021-01-22T21:58:12.175+0800: 142.997: [ParNew: 139865K->75K(157248K), 0.0024895 secs] 161548K->21758K(506816K), 0.0025366 secs] [Times: user=0.00 sys=0.00, real=0.00 secs] 
2021-01-22T21:58:12.721+0800: 143.543: [GC (Allocation Failure) 2021-01-22T21:58:12.721+0800: 143.543: [ParNew: 139851K->80K(157248K), 0.0025374 secs] 161534K->21763K(506816K), 0.0025869 secs] [Times: user=0.00 sys=0.00, real=0.00 secs] 
2021-01-22T21:58:13.258+0800: 144.080: [GC (Allocation Failure) 2021-01-22T21:58:13.258+0800: 144.080: [ParNew: 139856K->62K(157248K), 0.0024055 secs] 161539K->21745K(506816K), 0.0024669 secs] [Times: user=0.00 sys=0.00, real=0.00 secs] 
2021-01-22T21:58:13.793+0800: 144.616: [GC (Allocation Failure) 2021-01-22T21:58:13.793+0800: 144.616: [ParNew: 139838K->63K(157248K), 0.0025211 secs] 161521K->21747K(506816K), 0.0025688 secs] [Times: user=0.09 sys=0.00, real=0.00 secs] 
2021-01-22T21:58:14.333+0800: 145.156: [GC (Allocation Failure) 2021-01-22T21:58:14.333+0800: 145.156: [ParNew: 139839K->60K(157248K), 0.0026323 secs] 161523K->21744K(506816K), 0.0026800 secs] [Times: user=0.00 sys=0.00, real=0.00 secs] 
2021-01-22T21:58:14.866+0800: 145.688: [GC (Allocation Failure) 2021-01-22T21:58:14.866+0800: 145.688: [ParNew: 139836K->70K(157248K), 0.0024842 secs] 161520K->21754K(506816K), 0.0025275 secs] [Times: user=0.00 sys=0.00, real=0.00 secs] 
2021-01-22T21:58:15.432+0800: 146.255: [GC (Allocation Failure) 2021-01-22T21:58:15.432+0800: 146.255: [ParNew: 139846K->62K(157248K), 0.0022765 secs] 161530K->21746K(506816K), 0.0023259 secs] [Times: user=0.13 sys=0.02, real=0.00 secs] 
2021-01-22T21:58:16.006+0800: 146.829: [GC (Allocation Failure) 2021-01-22T21:58:16.006+0800: 146.829: [ParNew: 139838K->71K(157248K), 0.0025971 secs] 161522K->21755K(506816K), 0.0026388 secs] [Times: user=0.00 sys=0.00, real=0.00 secs] 
2021-01-22T21:58:16.547+0800: 147.370: [GC (Allocation Failure) 2021-01-22T21:58:16.547+0800: 147.370: [ParNew: 139847K->61K(157248K), 0.0023710 secs] 161531K->21746K(506816K), 0.0024162 secs] [Times: user=0.00 sys=0.00, real=0.00 secs] 
2021-01-22T21:58:17.090+0800: 147.912: [GC (Allocation Failure) 2021-01-22T21:58:17.090+0800: 147.912: [ParNew: 139837K->64K(157248K), 0.0026467 secs] 161522K->21749K(506816K), 0.0027301 secs] [Times: user=0.20 sys=0.00, real=0.00 secs] 
2021-01-22T21:58:17.631+0800: 148.455: [GC (Allocation Failure) 2021-01-22T21:58:17.631+0800: 148.455: [ParNew: 139840K->66K(157248K), 0.0024311 secs] 161525K->21751K(506816K), 0.0024806 secs] [Times: user=0.00 sys=0.00, real=0.00 secs] 
2021-01-22T21:58:18.208+0800: 149.031: [GC (Allocation Failure) 2021-01-22T21:58:18.208+0800: 149.031: [ParNew: 139842K->74K(157248K), 0.0023669 secs] 161527K->21759K(506816K), 0.0024134 secs] [Times: user=0.00 sys=0.00, real=0.00 secs] 
2021-01-22T21:58:18.804+0800: 149.627: [GC (Allocation Failure) 2021-01-22T21:58:18.804+0800: 149.627: [ParNew: 139850K->75K(157248K), 0.0025507 secs] 161535K->21760K(506816K), 0.0026096 secs] [Times: user=0.00 sys=0.00, real=0.00 secs] 
2021-01-22T21:58:19.348+0800: 150.170: [GC (Allocation Failure) 2021-01-22T21:58:19.348+0800: 150.170: [ParNew: 139851K->83K(157248K), 0.0024428 secs] 161536K->21769K(506816K), 0.0025127 secs] [Times: user=0.00 sys=0.00, real=0.00 secs] 
Heap
 par new generation   total 157248K, used 37105K [0x00000000e0000000, 0x00000000eaaa0000, 0x00000000eaaa0000)
  eden space 139776K,  26% used [0x00000000e0000000, 0x00000000e24276a8, 0x00000000e8880000)
  from space 17472K,   0% used [0x00000000e9990000, 0x00000000e99a4f78, 0x00000000eaaa0000)
  to   space 17472K,   0% used [0x00000000e8880000, 0x00000000e8880000, 0x00000000e9990000)
 concurrent mark-sweep generation total 349568K, used 21685K [0x00000000eaaa0000, 0x0000000100000000, 0x0000000100000000)
 Metaspace       used 37413K, capacity 40049K, committed 40280K, reserved 1085440K
  class space    used 4714K, capacity 5120K, committed 5216K, reserved 1048576K
