Java HotSpot(TM) 64-Bit Server VM (25.251-b08) for windows-amd64 JRE (1.8.0_251-b08), built on Mar 12 2020 06:31:49 by "" with MS VC++ 10.0 (VS2010)
Memory: 4k page, physical 33485708k(21419888k free), swap 35582860k(13478656k free)
CommandLine flags: -XX:InitialHeapSize=4294967296 -XX:MaxHeapSize=4294967296 -XX:+PrintGC -XX:+PrintGCDateStamps -XX:+PrintGCDetails -XX:+PrintGCTimeStamps -XX:-UseAdaptiveSizePolicy -XX:+UseCompressedClassPointers -XX:+UseCompressedOops -XX:+UseG1GC -XX:-UseLargePagesIndividualAllocation 
2021-01-22T22:10:39.112+0800: 0.663: [GC pause (G1 Evacuation Pause) (young), 0.0087406 secs]
   [Parallel Time: 3.6 ms, GC Workers: 13]
      [GC Worker Start (ms): Min: 663.2, Avg: 663.3, Max: 663.3, Diff: 0.1]
      [Ext Root Scanning (ms): Min: 0.1, Avg: 0.3, Max: 1.4, Diff: 1.3, Sum: 3.3]
      [Update RS (ms): Min: 0.0, Avg: 0.0, Max: 0.0, Diff: 0.0, Sum: 0.0]
         [Processed Buffers: Min: 0, Avg: 0.0, Max: 0, Diff: 0, Sum: 0]
      [Scan RS (ms): Min: 0.0, Avg: 0.0, Max: 0.0, Diff: 0.0, Sum: 0.1]
      [Code Root Scanning (ms): Min: 0.0, Avg: 0.2, Max: 0.7, Diff: 0.7, Sum: 2.8]
      [Object Copy (ms): Min: 1.6, Avg: 2.5, Max: 2.7, Diff: 1.1, Sum: 31.9]
      [Termination (ms): Min: 0.0, Avg: 0.0, Max: 0.0, Diff: 0.0, Sum: 0.2]
         [Termination Attempts: Min: 1, Avg: 92.2, Max: 114, Diff: 113, Sum: 1199]
      [GC Worker Other (ms): Min: 0.0, Avg: 0.0, Max: 0.0, Diff: 0.0, Sum: 0.4]
      [GC Worker Total (ms): Min: 2.9, Avg: 3.0, Max: 3.0, Diff: 0.1, Sum: 38.6]
      [GC Worker End (ms): Min: 666.3, Avg: 666.3, Max: 666.3, Diff: 0.0]
   [Code Root Fixup: 0.0 ms]
   [Code Root Purge: 0.0 ms]
   [Clear CT: 0.6 ms]
   [Other: 4.5 ms]
      [Choose CSet: 0.0 ms]
      [Ref Proc: 3.7 ms]
      [Ref Enq: 0.0 ms]
      [Redirty Cards: 0.5 ms]
      [Humongous Register: 0.0 ms]
      [Humongous Reclaim: 0.0 ms]
      [Free CSet: 0.1 ms]
   [Eden: 204.0M(204.0M)->0.0B(192.0M) Survivors: 0.0B->12.0M Heap: 204.0M(4096.0M)->11.8M(4096.0M)]
 [Times: user=0.00 sys=0.00, real=0.01 secs] 
2021-01-22T22:10:39.192+0800: 0.743: [GC pause (Metadata GC Threshold) (young) (initial-mark), 0.0059257 secs]
   [Parallel Time: 3.9 ms, GC Workers: 13]
      [GC Worker Start (ms): Min: 743.3, Avg: 743.4, Max: 743.5, Diff: 0.2]
      [Ext Root Scanning (ms): Min: 1.0, Avg: 1.3, Max: 3.7, Diff: 2.6, Sum: 16.9]
      [Update RS (ms): Min: 0.0, Avg: 0.0, Max: 0.0, Diff: 0.0, Sum: 0.0]
         [Processed Buffers: Min: 0, Avg: 0.0, Max: 0, Diff: 0, Sum: 0]
      [Scan RS (ms): Min: 0.0, Avg: 0.0, Max: 0.0, Diff: 0.0, Sum: 0.0]
      [Code Root Scanning (ms): Min: 0.0, Avg: 0.1, Max: 1.1, Diff: 1.1, Sum: 1.1]
      [Object Copy (ms): Min: 0.0, Avg: 2.1, Max: 2.5, Diff: 2.5, Sum: 27.8]
      [Termination (ms): Min: 0.0, Avg: 0.0, Max: 0.0, Diff: 0.0, Sum: 0.3]
         [Termination Attempts: Min: 1, Avg: 56.3, Max: 74, Diff: 73, Sum: 732]
      [GC Worker Other (ms): Min: 0.0, Avg: 0.0, Max: 0.0, Diff: 0.0, Sum: 0.1]
      [GC Worker Total (ms): Min: 3.4, Avg: 3.6, Max: 3.7, Diff: 0.2, Sum: 46.3]
      [GC Worker End (ms): Min: 746.9, Avg: 746.9, Max: 746.9, Diff: 0.0]
   [Code Root Fixup: 0.0 ms]
   [Code Root Purge: 0.0 ms]
   [Clear CT: 0.5 ms]
   [Other: 1.5 ms]
      [Choose CSet: 0.0 ms]
      [Ref Proc: 0.9 ms]
      [Ref Enq: 0.0 ms]
      [Redirty Cards: 0.3 ms]
      [Humongous Register: 0.0 ms]
      [Humongous Reclaim: 0.0 ms]
      [Free CSet: 0.1 ms]
   [Eden: 38.0M(192.0M)->0.0B(236.0M) Survivors: 12.0M->12.0M Heap: 49.8M(4096.0M)->11.3M(4096.0M)]
 [Times: user=0.00 sys=0.00, real=0.01 secs] 
2021-01-22T22:10:39.198+0800: 0.749: [GC concurrent-root-region-scan-start]
2021-01-22T22:10:39.201+0800: 0.752: [GC concurrent-root-region-scan-end, 0.0024616 secs]
2021-01-22T22:10:39.201+0800: 0.752: [GC concurrent-mark-start]
2021-01-22T22:10:39.202+0800: 0.752: [GC concurrent-mark-end, 0.0005536 secs]
2021-01-22T22:10:39.202+0800: 0.752: [GC remark 2021-01-22T22:10:39.202+0800: 0.752: [Finalize Marking, 0.0003634 secs] 2021-01-22T22:10:39.202+0800: 0.753: [GC ref-proc, 0.0003782 secs] 2021-01-22T22:10:39.202+0800: 0.753: [Unloading, 0.0016139 secs], 0.0029082 secs]
 [Times: user=0.00 sys=0.00, real=0.00 secs] 
2021-01-22T22:10:39.205+0800: 0.756: [GC cleanup 13M->13M(4096M), 0.0010915 secs]
 [Times: user=0.00 sys=0.00, real=0.00 secs] 
2021-01-22T22:10:40.140+0800: 1.691: [GC pause (G1 Evacuation Pause) (young), 0.0106800 secs]
   [Parallel Time: 6.7 ms, GC Workers: 13]
      [GC Worker Start (ms): Min: 1691.0, Avg: 1691.1, Max: 1691.1, Diff: 0.1]
      [Ext Root Scanning (ms): Min: 0.1, Avg: 0.3, Max: 2.2, Diff: 2.1, Sum: 4.3]
      [Update RS (ms): Min: 0.0, Avg: 0.0, Max: 0.0, Diff: 0.0, Sum: 0.0]
         [Processed Buffers: Min: 0, Avg: 0.0, Max: 0, Diff: 0, Sum: 0]
      [Scan RS (ms): Min: 0.0, Avg: 0.0, Max: 0.0, Diff: 0.0, Sum: 0.1]
      [Code Root Scanning (ms): Min: 0.0, Avg: 0.4, Max: 1.3, Diff: 1.3, Sum: 4.9]
      [Object Copy (ms): Min: 4.4, Avg: 5.7, Max: 6.3, Diff: 1.9, Sum: 74.5]
      [Termination (ms): Min: 0.0, Avg: 0.1, Max: 0.1, Diff: 0.1, Sum: 1.2]
         [Termination Attempts: Min: 1, Avg: 319.2, Max: 376, Diff: 375, Sum: 4149]
      [GC Worker Other (ms): Min: 0.0, Avg: 0.0, Max: 0.0, Diff: 0.0, Sum: 0.1]
      [GC Worker Total (ms): Min: 6.5, Avg: 6.5, Max: 6.6, Diff: 0.1, Sum: 85.1]
      [GC Worker End (ms): Min: 1697.6, Avg: 1697.6, Max: 1697.7, Diff: 0.1]
   [Code Root Fixup: 0.3 ms]
   [Code Root Purge: 0.0 ms]
   [Clear CT: 0.4 ms]
   [Other: 3.4 ms]
      [Choose CSet: 0.0 ms]
      [Ref Proc: 2.7 ms]
      [Ref Enq: 0.0 ms]
      [Redirty Cards: 0.3 ms]
      [Humongous Register: 0.0 ms]
      [Humongous Reclaim: 0.0 ms]
      [Free CSet: 0.2 ms]
   [Eden: 236.0M(236.0M)->0.0B(992.0M) Survivors: 12.0M->26.0M Heap: 247.3M(4096.0M)->25.2M(4096.0M)]
 [Times: user=0.00 sys=0.00, real=0.01 secs] 
2021-01-22T22:10:44.640+0800: 6.191: [GC pause (Metadata GC Threshold) (young) (initial-mark), 0.0079275 secs]
   [Parallel Time: 5.1 ms, GC Workers: 13]
      [GC Worker Start (ms): Min: 6190.8, Avg: 6190.8, Max: 6190.9, Diff: 0.1]
      [Ext Root Scanning (ms): Min: 0.7, Avg: 0.8, Max: 0.9, Diff: 0.3, Sum: 10.1]
      [Update RS (ms): Min: 0.0, Avg: 0.0, Max: 0.0, Diff: 0.0, Sum: 0.0]
         [Processed Buffers: Min: 0, Avg: 0.0, Max: 0, Diff: 0, Sum: 0]
      [Scan RS (ms): Min: 0.0, Avg: 0.0, Max: 0.0, Diff: 0.0, Sum: 0.1]
      [Code Root Scanning (ms): Min: 0.0, Avg: 0.4, Max: 1.4, Diff: 1.4, Sum: 5.1]
      [Object Copy (ms): Min: 2.7, Avg: 3.7, Max: 4.2, Diff: 1.4, Sum: 48.5]
      [Termination (ms): Min: 0.0, Avg: 0.0, Max: 0.0, Diff: 0.0, Sum: 0.1]
         [Termination Attempts: Min: 1, Avg: 22.3, Max: 29, Diff: 28, Sum: 290]
      [GC Worker Other (ms): Min: 0.0, Avg: 0.0, Max: 0.1, Diff: 0.1, Sum: 0.3]
      [GC Worker Total (ms): Min: 4.9, Avg: 4.9, Max: 5.0, Diff: 0.1, Sum: 64.1]
      [GC Worker End (ms): Min: 6195.8, Avg: 6195.8, Max: 6195.8, Diff: 0.1]
   [Code Root Fixup: 0.1 ms]
   [Code Root Purge: 0.0 ms]
   [Clear CT: 0.6 ms]
   [Other: 2.1 ms]
      [Choose CSet: 0.0 ms]
      [Ref Proc: 1.0 ms]
      [Ref Enq: 0.0 ms]
      [Redirty Cards: 0.6 ms]
      [Humongous Register: 0.0 ms]
      [Humongous Reclaim: 0.0 ms]
      [Free CSet: 0.2 ms]
   [Eden: 202.0M(992.0M)->0.0B(1220.0M) Survivors: 26.0M->26.0M Heap: 226.2M(4096.0M)->25.0M(4096.0M)]
 [Times: user=0.00 sys=0.00, real=0.01 secs] 
2021-01-22T22:10:44.648+0800: 6.199: [GC concurrent-root-region-scan-start]
2021-01-22T22:10:44.653+0800: 6.204: [GC concurrent-root-region-scan-end, 0.0054173 secs]
2021-01-22T22:10:44.653+0800: 6.204: [GC concurrent-mark-start]
2021-01-22T22:10:44.654+0800: 6.205: [GC concurrent-mark-end, 0.0004464 secs]
2021-01-22T22:10:44.654+0800: 6.205: [GC remark 2021-01-22T22:10:44.654+0800: 6.205: [Finalize Marking, 0.0004760 secs] 2021-01-22T22:10:44.654+0800: 6.205: [GC ref-proc, 0.0003920 secs] 2021-01-22T22:10:44.655+0800: 6.206: [Unloading, 0.0024565 secs], 0.0039421 secs]
 [Times: user=0.00 sys=0.00, real=0.00 secs] 
2021-01-22T22:10:44.658+0800: 6.209: [GC cleanup 56M->56M(4096M), 0.0013258 secs]
 [Times: user=0.00 sys=0.00, real=0.00 secs] 
2021-01-22T22:10:50.433+0800: 11.983: [GC pause (G1 Evacuation Pause) (young), 0.0100722 secs]
   [Parallel Time: 8.3 ms, GC Workers: 13]
      [GC Worker Start (ms): Min: 11983.5, Avg: 11983.6, Max: 11983.6, Diff: 0.1]
      [Ext Root Scanning (ms): Min: 0.1, Avg: 0.3, Max: 2.4, Diff: 2.3, Sum: 4.3]
      [Update RS (ms): Min: 0.0, Avg: 0.0, Max: 0.0, Diff: 0.0, Sum: 0.0]
         [Processed Buffers: Min: 0, Avg: 0.0, Max: 0, Diff: 0, Sum: 0]
      [Scan RS (ms): Min: 0.0, Avg: 0.0, Max: 0.1, Diff: 0.1, Sum: 0.6]
      [Code Root Scanning (ms): Min: 0.0, Avg: 0.8, Max: 2.6, Diff: 2.6, Sum: 10.3]
      [Object Copy (ms): Min: 5.2, Avg: 6.8, Max: 7.5, Diff: 2.3, Sum: 88.9]
      [Termination (ms): Min: 0.0, Avg: 0.1, Max: 0.1, Diff: 0.1, Sum: 0.9]
         [Termination Attempts: Min: 1, Avg: 396.6, Max: 465, Diff: 464, Sum: 5156]
      [GC Worker Other (ms): Min: 0.0, Avg: 0.0, Max: 0.1, Diff: 0.1, Sum: 0.5]
      [GC Worker Total (ms): Min: 8.1, Avg: 8.1, Max: 8.2, Diff: 0.1, Sum: 105.5]
      [GC Worker End (ms): Min: 11991.6, Avg: 11991.7, Max: 11991.7, Diff: 0.1]
   [Code Root Fixup: 0.2 ms]
   [Code Root Purge: 0.1 ms]
   [Clear CT: 0.2 ms]
   [Other: 1.4 ms]
      [Choose CSet: 0.0 ms]
      [Ref Proc: 0.6 ms]
      [Ref Enq: 0.0 ms]
      [Redirty Cards: 0.1 ms]
      [Humongous Register: 0.0 ms]
      [Humongous Reclaim: 0.0 ms]
      [Free CSet: 0.4 ms]
   [Eden: 1220.0M(1220.0M)->0.0B(1592.0M) Survivors: 26.0M->28.0M Heap: 1245.0M(4096.0M)->28.0M(4096.0M)]
 [Times: user=0.17 sys=0.03, real=0.01 secs] 
2021-01-22T22:10:56.786+0800: 18.337: [GC pause (G1 Evacuation Pause) (young), 0.0099087 secs]
   [Parallel Time: 8.2 ms, GC Workers: 13]
      [GC Worker Start (ms): Min: 18336.7, Avg: 18336.8, Max: 18336.8, Diff: 0.1]
      [Ext Root Scanning (ms): Min: 0.1, Avg: 0.3, Max: 2.6, Diff: 2.4, Sum: 4.5]
      [Update RS (ms): Min: 0.0, Avg: 0.0, Max: 0.0, Diff: 0.0, Sum: 0.0]
         [Processed Buffers: Min: 0, Avg: 0.0, Max: 0, Diff: 0, Sum: 0]
      [Scan RS (ms): Min: 0.0, Avg: 0.1, Max: 0.1, Diff: 0.1, Sum: 0.9]
      [Code Root Scanning (ms): Min: 0.0, Avg: 0.6, Max: 1.8, Diff: 1.8, Sum: 7.7]
      [Object Copy (ms): Min: 5.5, Avg: 7.0, Max: 7.8, Diff: 2.3, Sum: 90.6]
      [Termination (ms): Min: 0.0, Avg: 0.1, Max: 0.1, Diff: 0.1, Sum: 0.9]
         [Termination Attempts: Min: 2, Avg: 396.3, Max: 492, Diff: 490, Sum: 5152]
      [GC Worker Other (ms): Min: 0.0, Avg: 0.0, Max: 0.1, Diff: 0.1, Sum: 0.6]
      [GC Worker Total (ms): Min: 8.0, Avg: 8.1, Max: 8.2, Diff: 0.1, Sum: 105.1]
      [GC Worker End (ms): Min: 18344.8, Avg: 18344.9, Max: 18344.9, Diff: 0.1]
   [Code Root Fixup: 0.2 ms]
   [Code Root Purge: 0.0 ms]
   [Clear CT: 0.3 ms]
   [Other: 1.2 ms]
      [Choose CSet: 0.0 ms]
      [Ref Proc: 0.3 ms]
      [Ref Enq: 0.0 ms]
      [Redirty Cards: 0.1 ms]
      [Humongous Register: 0.0 ms]
      [Humongous Reclaim: 0.0 ms]
      [Free CSet: 0.5 ms]
   [Eden: 1592.0M(1592.0M)->0.0B(2430.0M) Survivors: 28.0M->26.0M Heap: 1620.0M(4096.0M)->26.0M(4096.0M)]
 [Times: user=0.20 sys=0.00, real=0.01 secs] 
2021-01-22T22:11:06.494+0800: 28.045: [GC pause (G1 Evacuation Pause) (young), 0.0100523 secs]
   [Parallel Time: 8.3 ms, GC Workers: 13]
      [GC Worker Start (ms): Min: 28044.8, Avg: 28044.9, Max: 28044.9, Diff: 0.1]
      [Ext Root Scanning (ms): Min: 0.1, Avg: 0.4, Max: 2.6, Diff: 2.5, Sum: 4.6]
      [Update RS (ms): Min: 0.0, Avg: 0.0, Max: 0.0, Diff: 0.0, Sum: 0.0]
         [Processed Buffers: Min: 0, Avg: 0.0, Max: 0, Diff: 0, Sum: 0]
      [Scan RS (ms): Min: 0.0, Avg: 0.1, Max: 0.2, Diff: 0.2, Sum: 1.8]
      [Code Root Scanning (ms): Min: 0.0, Avg: 0.6, Max: 1.9, Diff: 1.9, Sum: 7.5]
      [Object Copy (ms): Min: 5.5, Avg: 6.9, Max: 7.7, Diff: 2.2, Sum: 90.3]
      [Termination (ms): Min: 0.0, Avg: 0.1, Max: 0.1, Diff: 0.1, Sum: 1.5]
         [Termination Attempts: Min: 2, Avg: 377.6, Max: 462, Diff: 460, Sum: 4909]
      [GC Worker Other (ms): Min: 0.0, Avg: 0.0, Max: 0.1, Diff: 0.1, Sum: 0.6]
      [GC Worker Total (ms): Min: 8.1, Avg: 8.2, Max: 8.2, Diff: 0.1, Sum: 106.2]
      [GC Worker End (ms): Min: 28053.0, Avg: 28053.1, Max: 28053.1, Diff: 0.1]
   [Code Root Fixup: 0.2 ms]
   [Code Root Purge: 0.0 ms]
   [Clear CT: 0.3 ms]
   [Other: 1.2 ms]
      [Choose CSet: 0.0 ms]
      [Ref Proc: 0.2 ms]
      [Ref Enq: 0.0 ms]
      [Redirty Cards: 0.2 ms]
      [Humongous Register: 0.0 ms]
      [Humongous Reclaim: 0.0 ms]
      [Free CSet: 0.6 ms]
   [Eden: 2430.0M(2430.0M)->0.0B(2428.0M) Survivors: 26.0M->28.0M Heap: 2456.0M(4096.0M)->27.0M(4096.0M)]
 [Times: user=0.19 sys=0.02, real=0.01 secs] 
2021-01-22T22:11:16.069+0800: 37.620: [GC pause (G1 Evacuation Pause) (young), 0.0100580 secs]
   [Parallel Time: 8.3 ms, GC Workers: 13]
      [GC Worker Start (ms): Min: 37619.6, Avg: 37619.7, Max: 37619.7, Diff: 0.1]
      [Ext Root Scanning (ms): Min: 0.1, Avg: 0.3, Max: 2.2, Diff: 2.1, Sum: 4.1]
      [Update RS (ms): Min: 0.0, Avg: 0.0, Max: 0.0, Diff: 0.0, Sum: 0.0]
         [Processed Buffers: Min: 0, Avg: 0.0, Max: 0, Diff: 0, Sum: 0]
      [Scan RS (ms): Min: 0.0, Avg: 0.1, Max: 0.2, Diff: 0.1, Sum: 1.8]
      [Code Root Scanning (ms): Min: 0.0, Avg: 0.6, Max: 2.0, Diff: 2.0, Sum: 7.2]
      [Object Copy (ms): Min: 5.8, Avg: 7.1, Max: 7.8, Diff: 2.0, Sum: 91.9]
      [Termination (ms): Min: 0.0, Avg: 0.1, Max: 0.1, Diff: 0.1, Sum: 1.0]
         [Termination Attempts: Min: 1, Avg: 395.1, Max: 486, Diff: 485, Sum: 5136]
      [GC Worker Other (ms): Min: 0.0, Avg: 0.0, Max: 0.1, Diff: 0.1, Sum: 0.5]
      [GC Worker Total (ms): Min: 8.1, Avg: 8.2, Max: 8.3, Diff: 0.1, Sum: 106.5]
      [GC Worker End (ms): Min: 37627.8, Avg: 37627.8, Max: 37627.9, Diff: 0.1]
   [Code Root Fixup: 0.2 ms]
   [Code Root Purge: 0.0 ms]
   [Clear CT: 0.3 ms]
   [Other: 1.2 ms]
      [Choose CSet: 0.0 ms]
      [Ref Proc: 0.4 ms]
      [Ref Enq: 0.0 ms]
      [Redirty Cards: 0.1 ms]
      [Humongous Register: 0.0 ms]
      [Humongous Reclaim: 0.0 ms]
      [Free CSet: 0.5 ms]
   [Eden: 2428.0M(2428.0M)->0.0B(2428.0M) Survivors: 28.0M->28.0M Heap: 2455.0M(4096.0M)->27.0M(4096.0M)]
 [Times: user=0.19 sys=0.02, real=0.01 secs] 
2021-01-22T22:11:25.823+0800: 47.374: [GC pause (G1 Evacuation Pause) (young), 0.0099214 secs]
   [Parallel Time: 8.0 ms, GC Workers: 13]
      [GC Worker Start (ms): Min: 47373.7, Avg: 47373.7, Max: 47373.8, Diff: 0.1]
      [Ext Root Scanning (ms): Min: 0.1, Avg: 0.3, Max: 2.1, Diff: 1.9, Sum: 4.3]
      [Update RS (ms): Min: 0.0, Avg: 0.0, Max: 0.0, Diff: 0.0, Sum: 0.0]
         [Processed Buffers: Min: 0, Avg: 0.0, Max: 0, Diff: 0, Sum: 0]
      [Scan RS (ms): Min: 0.0, Avg: 0.1, Max: 0.2, Diff: 0.1, Sum: 1.6]
      [Code Root Scanning (ms): Min: 0.0, Avg: 0.6, Max: 2.2, Diff: 2.2, Sum: 8.0]
      [Object Copy (ms): Min: 5.3, Avg: 6.7, Max: 7.4, Diff: 2.2, Sum: 86.8]
      [Termination (ms): Min: 0.0, Avg: 0.1, Max: 0.1, Diff: 0.1, Sum: 1.2]
         [Termination Attempts: Min: 1, Avg: 401.2, Max: 460, Diff: 459, Sum: 5215]
      [GC Worker Other (ms): Min: 0.0, Avg: 0.1, Max: 0.1, Diff: 0.1, Sum: 0.7]
      [GC Worker Total (ms): Min: 7.8, Avg: 7.9, Max: 8.0, Diff: 0.1, Sum: 102.7]
      [GC Worker End (ms): Min: 47381.6, Avg: 47381.6, Max: 47381.7, Diff: 0.1]
   [Code Root Fixup: 0.2 ms]
   [Code Root Purge: 0.0 ms]
   [Clear CT: 0.3 ms]
   [Other: 1.3 ms]
      [Choose CSet: 0.0 ms]
      [Ref Proc: 0.3 ms]
      [Ref Enq: 0.0 ms]
      [Redirty Cards: 0.1 ms]
      [Humongous Register: 0.1 ms]
      [Humongous Reclaim: 0.0 ms]
      [Free CSet: 0.7 ms]
   [Eden: 2428.0M(2428.0M)->0.0B(2428.0M) Survivors: 28.0M->28.0M Heap: 2455.0M(4096.0M)->27.0M(4096.0M)]
 [Times: user=0.20 sys=0.00, real=0.01 secs] 
2021-01-22T22:11:35.387+0800: 56.939: [GC pause (G1 Evacuation Pause) (young), 0.0100770 secs]
   [Parallel Time: 8.0 ms, GC Workers: 13]
      [GC Worker Start (ms): Min: 56938.7, Avg: 56938.7, Max: 56938.7, Diff: 0.1]
      [Ext Root Scanning (ms): Min: 0.1, Avg: 0.3, Max: 2.2, Diff: 2.1, Sum: 4.3]
      [Update RS (ms): Min: 0.0, Avg: 0.0, Max: 0.0, Diff: 0.0, Sum: 0.0]
         [Processed Buffers: Min: 0, Avg: 0.0, Max: 0, Diff: 0, Sum: 0]
      [Scan RS (ms): Min: 0.0, Avg: 0.1, Max: 0.2, Diff: 0.1, Sum: 1.7]
      [Code Root Scanning (ms): Min: 0.0, Avg: 0.5, Max: 1.8, Diff: 1.8, Sum: 7.1]
      [Object Copy (ms): Min: 5.5, Avg: 6.7, Max: 7.4, Diff: 1.9, Sum: 86.5]
      [Termination (ms): Min: 0.0, Avg: 0.1, Max: 0.1, Diff: 0.1, Sum: 1.0]
         [Termination Attempts: Min: 1, Avg: 394.8, Max: 484, Diff: 483, Sum: 5132]
      [GC Worker Other (ms): Min: 0.0, Avg: 0.1, Max: 0.1, Diff: 0.1, Sum: 0.8]
      [GC Worker Total (ms): Min: 7.7, Avg: 7.8, Max: 7.9, Diff: 0.2, Sum: 101.4]
      [GC Worker End (ms): Min: 56946.4, Avg: 56946.5, Max: 56946.5, Diff: 0.1]
   [Code Root Fixup: 0.3 ms]
   [Code Root Purge: 0.0 ms]
   [Clear CT: 0.4 ms]
   [Other: 1.4 ms]
      [Choose CSet: 0.0 ms]
      [Ref Proc: 0.4 ms]
      [Ref Enq: 0.0 ms]
      [Redirty Cards: 0.1 ms]
      [Humongous Register: 0.0 ms]
      [Humongous Reclaim: 0.0 ms]
      [Free CSet: 0.7 ms]
   [Eden: 2428.0M(2428.0M)->0.0B(2430.0M) Survivors: 28.0M->26.0M Heap: 2455.0M(4096.0M)->26.0M(4096.0M)]
 [Times: user=0.00 sys=0.00, real=0.01 secs] 
2021-01-22T22:11:45.025+0800: 66.575: [GC pause (G1 Evacuation Pause) (young), 0.0094573 secs]
   [Parallel Time: 7.6 ms, GC Workers: 13]
      [GC Worker Start (ms): Min: 66575.3, Avg: 66575.4, Max: 66575.4, Diff: 0.1]
      [Ext Root Scanning (ms): Min: 0.0, Avg: 0.3, Max: 2.2, Diff: 2.1, Sum: 3.9]
      [Update RS (ms): Min: 0.0, Avg: 0.0, Max: 0.0, Diff: 0.0, Sum: 0.0]
         [Processed Buffers: Min: 0, Avg: 0.0, Max: 0, Diff: 0, Sum: 0]
      [Scan RS (ms): Min: 0.0, Avg: 0.1, Max: 0.2, Diff: 0.1, Sum: 1.5]
      [Code Root Scanning (ms): Min: 0.0, Avg: 0.5, Max: 1.9, Diff: 1.9, Sum: 7.1]
      [Object Copy (ms): Min: 4.9, Avg: 6.2, Max: 7.0, Diff: 2.0, Sum: 80.6]
      [Termination (ms): Min: 0.0, Avg: 0.1, Max: 0.1, Diff: 0.1, Sum: 0.9]
         [Termination Attempts: Min: 1, Avg: 411.7, Max: 484, Diff: 483, Sum: 5352]
      [GC Worker Other (ms): Min: 0.0, Avg: 0.1, Max: 0.2, Diff: 0.2, Sum: 0.9]
      [GC Worker Total (ms): Min: 7.2, Avg: 7.3, Max: 7.4, Diff: 0.2, Sum: 94.9]
      [GC Worker End (ms): Min: 66582.6, Avg: 66582.7, Max: 66582.8, Diff: 0.2]
   [Code Root Fixup: 0.2 ms]
   [Code Root Purge: 0.0 ms]
   [Clear CT: 0.4 ms]
   [Other: 1.3 ms]
      [Choose CSet: 0.0 ms]
      [Ref Proc: 0.3 ms]
      [Ref Enq: 0.0 ms]
      [Redirty Cards: 0.1 ms]
      [Humongous Register: 0.0 ms]
      [Humongous Reclaim: 0.0 ms]
      [Free CSet: 0.7 ms]
   [Eden: 2430.0M(2430.0M)->0.0B(2430.0M) Survivors: 26.0M->26.0M Heap: 2456.0M(4096.0M)->25.0M(4096.0M)]
 [Times: user=0.20 sys=0.00, real=0.01 secs] 
2021-01-22T22:11:54.663+0800: 76.214: [GC pause (G1 Evacuation Pause) (young), 0.0105040 secs]
   [Parallel Time: 9.0 ms, GC Workers: 13]
      [GC Worker Start (ms): Min: 76213.8, Avg: 76213.9, Max: 76213.9, Diff: 0.1]
      [Ext Root Scanning (ms): Min: 0.1, Avg: 0.3, Max: 2.2, Diff: 2.1, Sum: 4.1]
      [Update RS (ms): Min: 0.0, Avg: 0.0, Max: 0.0, Diff: 0.0, Sum: 0.0]
         [Processed Buffers: Min: 0, Avg: 0.0, Max: 0, Diff: 0, Sum: 0]
      [Scan RS (ms): Min: 0.0, Avg: 0.1, Max: 0.2, Diff: 0.2, Sum: 1.5]
      [Code Root Scanning (ms): Min: 0.0, Avg: 0.6, Max: 2.1, Diff: 2.1, Sum: 8.1]
      [Object Copy (ms): Min: 6.3, Avg: 7.7, Max: 8.5, Diff: 2.1, Sum: 99.9]
      [Termination (ms): Min: 0.0, Avg: 0.1, Max: 0.1, Diff: 0.1, Sum: 1.0]
         [Termination Attempts: Min: 1, Avg: 416.5, Max: 479, Diff: 478, Sum: 5415]
      [GC Worker Other (ms): Min: 0.0, Avg: 0.0, Max: 0.1, Diff: 0.1, Sum: 0.6]
      [GC Worker Total (ms): Min: 8.8, Avg: 8.9, Max: 8.9, Diff: 0.1, Sum: 115.3]
      [GC Worker End (ms): Min: 76222.7, Avg: 76222.7, Max: 76222.8, Diff: 0.1]
   [Code Root Fixup: 0.2 ms]
   [Code Root Purge: 0.0 ms]
   [Clear CT: 0.4 ms]
   [Other: 1.0 ms]
      [Choose CSet: 0.0 ms]
      [Ref Proc: 0.2 ms]
      [Ref Enq: 0.0 ms]
      [Redirty Cards: 0.1 ms]
      [Humongous Register: 0.0 ms]
      [Humongous Reclaim: 0.0 ms]
      [Free CSet: 0.5 ms]
   [Eden: 2430.0M(2430.0M)->0.0B(2430.0M) Survivors: 26.0M->26.0M Heap: 2455.0M(4096.0M)->25.0M(4096.0M)]
 [Times: user=0.20 sys=0.00, real=0.01 secs] 
2021-01-22T22:12:04.314+0800: 85.865: [GC pause (G1 Evacuation Pause) (young), 0.0097926 secs]
   [Parallel Time: 8.2 ms, GC Workers: 13]
      [GC Worker Start (ms): Min: 85864.6, Avg: 85864.6, Max: 85864.6, Diff: 0.1]
      [Ext Root Scanning (ms): Min: 0.1, Avg: 0.3, Max: 2.1, Diff: 2.0, Sum: 4.0]
      [Update RS (ms): Min: 0.0, Avg: 0.0, Max: 0.0, Diff: 0.0, Sum: 0.0]
         [Processed Buffers: Min: 0, Avg: 0.0, Max: 0, Diff: 0, Sum: 0]
      [Scan RS (ms): Min: 0.0, Avg: 0.1, Max: 0.2, Diff: 0.2, Sum: 1.7]
      [Code Root Scanning (ms): Min: 0.0, Avg: 0.6, Max: 1.9, Diff: 1.9, Sum: 8.3]
      [Object Copy (ms): Min: 5.9, Avg: 6.9, Max: 7.8, Diff: 1.9, Sum: 89.9]
      [Termination (ms): Min: 0.0, Avg: 0.1, Max: 0.1, Diff: 0.1, Sum: 0.8]
         [Termination Attempts: Min: 1, Avg: 333.7, Max: 410, Diff: 409, Sum: 4338]
      [GC Worker Other (ms): Min: 0.0, Avg: 0.0, Max: 0.1, Diff: 0.1, Sum: 0.6]
      [GC Worker Total (ms): Min: 8.1, Avg: 8.1, Max: 8.1, Diff: 0.1, Sum: 105.3]
      [GC Worker End (ms): Min: 85872.7, Avg: 85872.7, Max: 85872.7, Diff: 0.1]
   [Code Root Fixup: 0.2 ms]
   [Code Root Purge: 0.0 ms]
   [Clear CT: 0.3 ms]
   [Other: 1.0 ms]
      [Choose CSet: 0.0 ms]
      [Ref Proc: 0.3 ms]
      [Ref Enq: 0.0 ms]
      [Redirty Cards: 0.1 ms]
      [Humongous Register: 0.0 ms]
      [Humongous Reclaim: 0.0 ms]
      [Free CSet: 0.5 ms]
   [Eden: 2430.0M(2430.0M)->0.0B(2432.0M) Survivors: 26.0M->24.0M Heap: 2455.0M(4096.0M)->24.0M(4096.0M)]
 [Times: user=0.00 sys=0.00, real=0.01 secs] 
2021-01-22T22:12:14.100+0800: 95.651: [GC pause (G1 Evacuation Pause) (young), 0.0092054 secs]
   [Parallel Time: 7.1 ms, GC Workers: 13]
      [GC Worker Start (ms): Min: 95651.1, Avg: 95651.1, Max: 95651.1, Diff: 0.1]
      [Ext Root Scanning (ms): Min: 0.1, Avg: 0.3, Max: 1.9, Diff: 1.8, Sum: 3.9]
      [Update RS (ms): Min: 0.0, Avg: 0.0, Max: 0.0, Diff: 0.0, Sum: 0.0]
         [Processed Buffers: Min: 0, Avg: 0.0, Max: 0, Diff: 0, Sum: 0]
      [Scan RS (ms): Min: 0.0, Avg: 0.1, Max: 0.2, Diff: 0.2, Sum: 1.7]
      [Code Root Scanning (ms): Min: 0.0, Avg: 0.5, Max: 1.6, Diff: 1.6, Sum: 6.7]
      [Object Copy (ms): Min: 4.9, Avg: 5.9, Max: 6.6, Diff: 1.7, Sum: 77.2]
      [Termination (ms): Min: 0.0, Avg: 0.1, Max: 0.1, Diff: 0.1, Sum: 0.8]
         [Termination Attempts: Min: 1, Avg: 393.5, Max: 467, Diff: 466, Sum: 5116]
      [GC Worker Other (ms): Min: 0.0, Avg: 0.0, Max: 0.1, Diff: 0.1, Sum: 0.6]
      [GC Worker Total (ms): Min: 6.9, Avg: 7.0, Max: 7.0, Diff: 0.1, Sum: 90.8]
      [GC Worker End (ms): Min: 95658.0, Avg: 95658.1, Max: 95658.1, Diff: 0.1]
   [Code Root Fixup: 0.3 ms]
   [Code Root Purge: 0.0 ms]
   [Clear CT: 0.4 ms]
   [Other: 1.4 ms]
      [Choose CSet: 0.0 ms]
      [Ref Proc: 0.3 ms]
      [Ref Enq: 0.0 ms]
      [Redirty Cards: 0.2 ms]
      [Humongous Register: 0.0 ms]
      [Humongous Reclaim: 0.0 ms]
      [Free CSet: 0.8 ms]
   [Eden: 2432.0M(2432.0M)->0.0B(2430.0M) Survivors: 24.0M->26.0M Heap: 2456.0M(4096.0M)->26.0M(4096.0M)]
 [Times: user=0.20 sys=0.00, real=0.01 secs] 
2021-01-22T22:12:23.724+0800: 105.275: [GC pause (G1 Evacuation Pause) (young), 0.0105780 secs]
   [Parallel Time: 8.5 ms, GC Workers: 13]
      [GC Worker Start (ms): Min: 105274.9, Avg: 105274.9, Max: 105275.0, Diff: 0.1]
      [Ext Root Scanning (ms): Min: 0.1, Avg: 0.3, Max: 2.1, Diff: 2.0, Sum: 4.1]
      [Update RS (ms): Min: 0.0, Avg: 0.0, Max: 0.0, Diff: 0.0, Sum: 0.0]
         [Processed Buffers: Min: 0, Avg: 0.0, Max: 0, Diff: 0, Sum: 0]
      [Scan RS (ms): Min: 0.0, Avg: 0.1, Max: 0.2, Diff: 0.1, Sum: 1.6]
      [Code Root Scanning (ms): Min: 0.0, Avg: 0.6, Max: 1.8, Diff: 1.8, Sum: 7.3]
      [Object Copy (ms): Min: 6.1, Avg: 7.2, Max: 7.9, Diff: 1.9, Sum: 93.5]
      [Termination (ms): Min: 0.0, Avg: 0.1, Max: 0.1, Diff: 0.1, Sum: 0.9]
         [Termination Attempts: Min: 1, Avg: 417.1, Max: 486, Diff: 485, Sum: 5422]
      [GC Worker Other (ms): Min: 0.0, Avg: 0.0, Max: 0.1, Diff: 0.1, Sum: 0.6]
      [GC Worker Total (ms): Min: 8.3, Avg: 8.3, Max: 8.4, Diff: 0.1, Sum: 108.0]
      [GC Worker End (ms): Min: 105283.2, Avg: 105283.2, Max: 105283.3, Diff: 0.1]
   [Code Root Fixup: 0.2 ms]
   [Code Root Purge: 0.0 ms]
   [Clear CT: 0.3 ms]
   [Other: 1.5 ms]
      [Choose CSet: 0.0 ms]
      [Ref Proc: 0.3 ms]
      [Ref Enq: 0.0 ms]
      [Redirty Cards: 0.2 ms]
      [Humongous Register: 0.0 ms]
      [Humongous Reclaim: 0.0 ms]
      [Free CSet: 0.9 ms]
   [Eden: 2430.0M(2430.0M)->0.0B(2430.0M) Survivors: 26.0M->26.0M Heap: 2456.0M(4096.0M)->25.0M(4096.0M)]
 [Times: user=0.19 sys=0.00, real=0.01 secs] 
2021-01-22T22:12:33.496+0800: 115.047: [GC pause (G1 Evacuation Pause) (young), 0.0096466 secs]
   [Parallel Time: 8.1 ms, GC Workers: 13]
      [GC Worker Start (ms): Min: 115047.2, Avg: 115047.2, Max: 115047.3, Diff: 0.1]
      [Ext Root Scanning (ms): Min: 0.1, Avg: 0.3, Max: 2.5, Diff: 2.4, Sum: 4.3]
      [Update RS (ms): Min: 0.0, Avg: 0.0, Max: 0.0, Diff: 0.0, Sum: 0.0]
         [Processed Buffers: Min: 0, Avg: 0.0, Max: 0, Diff: 0, Sum: 0]
      [Scan RS (ms): Min: 0.0, Avg: 0.1, Max: 0.2, Diff: 0.1, Sum: 1.5]
      [Code Root Scanning (ms): Min: 0.0, Avg: 0.9, Max: 2.5, Diff: 2.5, Sum: 11.2]
      [Object Copy (ms): Min: 5.1, Avg: 6.6, Max: 7.7, Diff: 2.6, Sum: 85.7]
      [Termination (ms): Min: 0.0, Avg: 0.1, Max: 0.1, Diff: 0.1, Sum: 0.9]
         [Termination Attempts: Min: 1, Avg: 412.2, Max: 481, Diff: 480, Sum: 5358]
      [GC Worker Other (ms): Min: 0.0, Avg: 0.0, Max: 0.1, Diff: 0.1, Sum: 0.5]
      [GC Worker Total (ms): Min: 7.9, Avg: 8.0, Max: 8.1, Diff: 0.1, Sum: 104.0]
      [GC Worker End (ms): Min: 115055.2, Avg: 115055.3, Max: 115055.3, Diff: 0.1]
   [Code Root Fixup: 0.2 ms]
   [Code Root Purge: 0.0 ms]
   [Clear CT: 0.3 ms]
   [Other: 1.0 ms]
      [Choose CSet: 0.0 ms]
      [Ref Proc: 0.3 ms]
      [Ref Enq: 0.0 ms]
      [Redirty Cards: 0.1 ms]
      [Humongous Register: 0.0 ms]
      [Humongous Reclaim: 0.0 ms]
      [Free CSet: 0.5 ms]
   [Eden: 2430.0M(2430.0M)->0.0B(2436.0M) Survivors: 26.0M->20.0M Heap: 2455.0M(4096.0M)->24.2M(4096.0M)]
 [Times: user=0.20 sys=0.00, real=0.01 secs] 
2021-01-22T22:12:43.258+0800: 124.809: [GC pause (G1 Evacuation Pause) (young), 0.0057232 secs]
   [Parallel Time: 4.0 ms, GC Workers: 13]
      [GC Worker Start (ms): Min: 124809.2, Avg: 124809.2, Max: 124809.3, Diff: 0.1]
      [Ext Root Scanning (ms): Min: 0.1, Avg: 0.2, Max: 1.3, Diff: 1.2, Sum: 3.2]
      [Update RS (ms): Min: 0.0, Avg: 0.2, Max: 0.4, Diff: 0.4, Sum: 2.8]
         [Processed Buffers: Min: 0, Avg: 1.1, Max: 2, Diff: 2, Sum: 14]
      [Scan RS (ms): Min: 0.0, Avg: 0.2, Max: 0.4, Diff: 0.3, Sum: 2.3]
      [Code Root Scanning (ms): Min: 0.0, Avg: 0.1, Max: 0.4, Diff: 0.4, Sum: 1.9]
      [Object Copy (ms): Min: 2.6, Avg: 3.1, Max: 3.3, Diff: 0.6, Sum: 40.1]
      [Termination (ms): Min: 0.0, Avg: 0.0, Max: 0.0, Diff: 0.0, Sum: 0.2]
         [Termination Attempts: Min: 1, Avg: 85.5, Max: 108, Diff: 107, Sum: 1112]
      [GC Worker Other (ms): Min: 0.0, Avg: 0.1, Max: 0.1, Diff: 0.1, Sum: 0.7]
      [GC Worker Total (ms): Min: 3.9, Avg: 3.9, Max: 4.0, Diff: 0.1, Sum: 51.1]
      [GC Worker End (ms): Min: 124813.1, Avg: 124813.2, Max: 124813.2, Diff: 0.1]
   [Code Root Fixup: 0.1 ms]
   [Code Root Purge: 0.0 ms]
   [Clear CT: 0.4 ms]
   [Other: 1.2 ms]
      [Choose CSet: 0.0 ms]
      [Ref Proc: 0.3 ms]
      [Ref Enq: 0.0 ms]
      [Redirty Cards: 0.1 ms]
      [Humongous Register: 0.1 ms]
      [Humongous Reclaim: 0.0 ms]
      [Free CSet: 0.6 ms]
   [Eden: 2436.0M(2436.0M)->0.0B(2436.0M) Survivors: 20.0M->20.0M Heap: 2460.2M(4096.0M)->25.8M(4096.0M)]
 [Times: user=0.01 sys=0.00, real=0.01 secs] 
Heap
 garbage-first heap   total 4194304K, used 393008K [0x00000006c0000000, 0x00000006c0204000, 0x00000007c0000000)
  region size 2048K, 190 young (389120K), 10 survivors (20480K)
 Metaspace       used 37321K, capacity 39884K, committed 39936K, reserved 1083392K
  class space    used 4700K, capacity 5093K, committed 5120K, reserved 1048576K
