Java HotSpot(TM) 64-Bit Server VM (25.251-b08) for windows-amd64 JRE (1.8.0_251-b08), built on Mar 12 2020 06:31:49 by "" with MS VC++ 10.0 (VS2010)
Memory: 4k page, physical 33485708k(21488296k free), swap 35582860k(13444868k free)
CommandLine flags: -XX:InitialHeapSize=8589934592 -XX:MaxHeapSize=8589934592 -XX:+PrintGC -XX:+PrintGCDateStamps -XX:+PrintGCDetails -XX:+PrintGCTimeStamps -XX:-UseAdaptiveSizePolicy -XX:+UseCompressedClassPointers -XX:+UseCompressedOops -XX:+UseG1GC -XX:-UseLargePagesIndividualAllocation 
2021-01-22T22:15:14.464+0800: 0.711: [GC pause (GCLocker Initiated GC) (young) (initial-mark), 0.0100096 secs]
   [Parallel Time: 4.1 ms, GC Workers: 13]
      [GC Worker Start (ms): Min: 710.6, Avg: 710.7, Max: 710.8, Diff: 0.1]
      [Ext Root Scanning (ms): Min: 0.8, Avg: 0.9, Max: 1.0, Diff: 0.3, Sum: 11.5]
      [Update RS (ms): Min: 0.0, Avg: 0.0, Max: 0.0, Diff: 0.0, Sum: 0.0]
         [Processed Buffers: Min: 0, Avg: 0.0, Max: 0, Diff: 0, Sum: 0]
      [Scan RS (ms): Min: 0.0, Avg: 0.0, Max: 0.0, Diff: 0.0, Sum: 0.0]
      [Code Root Scanning (ms): Min: 0.0, Avg: 0.1, Max: 0.6, Diff: 0.6, Sum: 1.5]
      [Object Copy (ms): Min: 2.0, Avg: 2.5, Max: 2.6, Diff: 0.7, Sum: 32.4]
      [Termination (ms): Min: 0.0, Avg: 0.0, Max: 0.0, Diff: 0.0, Sum: 0.1]
         [Termination Attempts: Min: 3, Avg: 52.2, Max: 72, Diff: 69, Sum: 679]
      [GC Worker Other (ms): Min: 0.0, Avg: 0.0, Max: 0.1, Diff: 0.1, Sum: 0.4]
      [GC Worker Total (ms): Min: 3.5, Avg: 3.5, Max: 3.6, Diff: 0.2, Sum: 46.0]
      [GC Worker End (ms): Min: 714.3, Avg: 714.3, Max: 714.3, Diff: 0.1]
   [Code Root Fixup: 0.0 ms]
   [Code Root Purge: 0.0 ms]
   [Clear CT: 0.4 ms]
   [Other: 5.4 ms]
      [Choose CSet: 0.0 ms]
      [Ref Proc: 4.8 ms]
      [Ref Enq: 0.0 ms]
      [Redirty Cards: 0.3 ms]
      [Humongous Register: 0.0 ms]
      [Humongous Reclaim: 0.0 ms]
      [Free CSet: 0.1 ms]
   [Eden: 248.0M(408.0M)->0.0B(392.0M) Survivors: 0.0B->16.0M Heap: 246.0M(8192.0M)->14.6M(8192.0M)]
 [Times: user=0.11 sys=0.00, real=0.01 secs] 
2021-01-22T22:15:14.475+0800: 0.721: [GC concurrent-root-region-scan-start]
2021-01-22T22:15:14.477+0800: 0.723: [GC concurrent-root-region-scan-end, 0.0027997 secs]
2021-01-22T22:15:14.477+0800: 0.723: [GC concurrent-mark-start]
2021-01-22T22:15:14.478+0800: 0.724: [GC concurrent-mark-end, 0.0004762 secs]
2021-01-22T22:15:14.478+0800: 0.724: [GC remark 2021-01-22T22:15:14.478+0800: 0.724: [Finalize Marking, 0.0004031 secs] 2021-01-22T22:15:14.479+0800: 0.725: [GC ref-proc, 0.0003490 secs] 2021-01-22T22:15:14.479+0800: 0.725: [Unloading, 0.0015860 secs], 0.0031154 secs]
 [Times: user=0.00 sys=0.00, real=0.00 secs] 
2021-01-22T22:15:14.481+0800: 0.728: [GC cleanup 22M->22M(8192M), 0.0015487 secs]
 [Times: user=0.06 sys=0.00, real=0.00 secs] 
2021-01-22T22:15:15.741+0800: 1.987: [GC pause (G1 Evacuation Pause) (young), 0.0142331 secs]
   [Parallel Time: 8.7 ms, GC Workers: 13]
      [GC Worker Start (ms): Min: 1987.4, Avg: 1987.6, Max: 1988.0, Diff: 0.7]
      [Ext Root Scanning (ms): Min: 0.0, Avg: 0.3, Max: 2.7, Diff: 2.7, Sum: 4.5]
      [Update RS (ms): Min: 0.0, Avg: 0.0, Max: 0.0, Diff: 0.0, Sum: 0.0]
         [Processed Buffers: Min: 0, Avg: 0.0, Max: 0, Diff: 0, Sum: 0]
      [Scan RS (ms): Min: 0.0, Avg: 0.0, Max: 0.0, Diff: 0.0, Sum: 0.1]
      [Code Root Scanning (ms): Min: 0.0, Avg: 1.0, Max: 3.2, Diff: 3.2, Sum: 13.1]
      [Object Copy (ms): Min: 4.6, Avg: 6.8, Max: 8.1, Diff: 3.5, Sum: 88.4]
      [Termination (ms): Min: 0.0, Avg: 0.1, Max: 0.2, Diff: 0.2, Sum: 1.6]
         [Termination Attempts: Min: 1, Avg: 174.7, Max: 211, Diff: 210, Sum: 2271]
      [GC Worker Other (ms): Min: 0.0, Avg: 0.0, Max: 0.0, Diff: 0.0, Sum: 0.1]
      [GC Worker Total (ms): Min: 7.8, Avg: 8.3, Max: 8.7, Diff: 0.8, Sum: 107.8]
      [GC Worker End (ms): Min: 1995.8, Avg: 1995.9, Max: 1996.0, Diff: 0.2]
   [Code Root Fixup: 0.3 ms]
   [Code Root Purge: 0.0 ms]
   [Clear CT: 0.2 ms]
   [Other: 5.1 ms]
      [Choose CSet: 0.0 ms]
      [Ref Proc: 4.5 ms]
      [Ref Enq: 0.0 ms]
      [Redirty Cards: 0.2 ms]
      [Humongous Register: 0.0 ms]
      [Humongous Reclaim: 0.0 ms]
      [Free CSet: 0.2 ms]
   [Eden: 392.0M(392.0M)->0.0B(376.0M) Survivors: 16.0M->32.0M Heap: 406.6M(8192.0M)->30.4M(8192.0M)]
 [Times: user=0.20 sys=0.05, real=0.01 secs] 
2021-01-22T22:15:21.614+0800: 7.861: [GC pause (Metadata GC Threshold) (young) (initial-mark), 0.0078872 secs]
   [Parallel Time: 5.5 ms, GC Workers: 13]
      [GC Worker Start (ms): Min: 7860.8, Avg: 7860.9, Max: 7861.0, Diff: 0.2]
      [Ext Root Scanning (ms): Min: 0.5, Avg: 0.6, Max: 0.8, Diff: 0.3, Sum: 8.1]
      [Update RS (ms): Min: 0.0, Avg: 0.0, Max: 0.0, Diff: 0.0, Sum: 0.0]
         [Processed Buffers: Min: 0, Avg: 0.0, Max: 0, Diff: 0, Sum: 0]
      [Scan RS (ms): Min: 0.0, Avg: 0.0, Max: 0.0, Diff: 0.0, Sum: 0.0]
      [Code Root Scanning (ms): Min: 0.0, Avg: 0.3, Max: 1.7, Diff: 1.7, Sum: 3.6]
      [Object Copy (ms): Min: 2.4, Avg: 3.8, Max: 4.1, Diff: 1.7, Sum: 49.0]
      [Termination (ms): Min: 0.0, Avg: 0.0, Max: 0.0, Diff: 0.0, Sum: 0.1]
         [Termination Attempts: Min: 1, Avg: 36.2, Max: 47, Diff: 46, Sum: 470]
      [GC Worker Other (ms): Min: 0.0, Avg: 0.0, Max: 0.0, Diff: 0.0, Sum: 0.1]
      [GC Worker Total (ms): Min: 4.6, Avg: 4.7, Max: 4.8, Diff: 0.2, Sum: 61.0]
      [GC Worker End (ms): Min: 7865.6, Avg: 7865.6, Max: 7865.6, Diff: 0.0]
   [Code Root Fixup: 0.1 ms]
   [Code Root Purge: 0.0 ms]
   [Clear CT: 0.6 ms]
   [Other: 1.7 ms]
      [Choose CSet: 0.0 ms]
      [Ref Proc: 0.8 ms]
      [Ref Enq: 0.0 ms]
      [Redirty Cards: 0.5 ms]
      [Humongous Register: 0.0 ms]
      [Humongous Reclaim: 0.0 ms]
      [Free CSet: 0.2 ms]
   [Eden: 60.0M(376.0M)->0.0B(668.0M) Survivors: 32.0M->32.0M Heap: 88.1M(8192.0M)->31.2M(8192.0M)]
 [Times: user=0.00 sys=0.00, real=0.01 secs] 
2021-01-22T22:15:21.622+0800: 7.869: [GC concurrent-root-region-scan-start]
2021-01-22T22:15:21.628+0800: 7.874: [GC concurrent-root-region-scan-end, 0.0055654 secs]
2021-01-22T22:15:21.628+0800: 7.874: [GC concurrent-mark-start]
2021-01-22T22:15:21.628+0800: 7.875: [GC concurrent-mark-end, 0.0004486 secs]
2021-01-22T22:15:21.628+0800: 7.875: [GC remark 2021-01-22T22:15:21.628+0800: 7.875: [Finalize Marking, 0.0003539 secs] 2021-01-22T22:15:21.629+0800: 7.875: [GC ref-proc, 0.0003763 secs] 2021-01-22T22:15:21.629+0800: 7.876: [Unloading, 0.0024349 secs], 0.0034917 secs]
 [Times: user=0.00 sys=0.00, real=0.00 secs] 
2021-01-22T22:15:21.632+0800: 7.879: [GC cleanup 67M->67M(8192M), 0.0017748 secs]
 [Times: user=0.00 sys=0.00, real=0.00 secs] 
2021-01-22T22:15:25.151+0800: 11.398: [GC pause (G1 Evacuation Pause) (young), 0.0096186 secs]
   [Parallel Time: 8.1 ms, GC Workers: 13]
      [GC Worker Start (ms): Min: 11397.7, Avg: 11397.7, Max: 11397.7, Diff: 0.1]
      [Ext Root Scanning (ms): Min: 0.1, Avg: 0.3, Max: 2.6, Diff: 2.5, Sum: 4.4]
      [Update RS (ms): Min: 0.0, Avg: 0.0, Max: 0.0, Diff: 0.0, Sum: 0.0]
         [Processed Buffers: Min: 0, Avg: 0.0, Max: 0, Diff: 0, Sum: 0]
      [Scan RS (ms): Min: 0.0, Avg: 0.0, Max: 0.0, Diff: 0.0, Sum: 0.1]
      [Code Root Scanning (ms): Min: 0.0, Avg: 1.0, Max: 2.6, Diff: 2.6, Sum: 12.5]
      [Object Copy (ms): Min: 5.1, Avg: 6.6, Max: 7.4, Diff: 2.3, Sum: 86.0]
      [Termination (ms): Min: 0.0, Avg: 0.0, Max: 0.1, Diff: 0.1, Sum: 0.6]
         [Termination Attempts: Min: 1, Avg: 305.9, Max: 357, Diff: 356, Sum: 3977]
      [GC Worker Other (ms): Min: 0.0, Avg: 0.0, Max: 0.1, Diff: 0.1, Sum: 0.5]
      [GC Worker Total (ms): Min: 8.0, Avg: 8.0, Max: 8.1, Diff: 0.1, Sum: 104.3]
      [GC Worker End (ms): Min: 11405.7, Avg: 11405.7, Max: 11405.7, Diff: 0.0]
   [Code Root Fixup: 0.2 ms]
   [Code Root Purge: 0.0 ms]
   [Clear CT: 0.1 ms]
   [Other: 1.1 ms]
      [Choose CSet: 0.0 ms]
      [Ref Proc: 0.5 ms]
      [Ref Enq: 0.0 ms]
      [Redirty Cards: 0.1 ms]
      [Humongous Register: 0.0 ms]
      [Humongous Reclaim: 0.0 ms]
      [Free CSet: 0.3 ms]
   [Eden: 668.0M(668.0M)->0.0B(912.0M) Survivors: 32.0M->44.0M Heap: 699.2M(8192.0M)->41.4M(8192.0M)]
 [Times: user=0.17 sys=0.00, real=0.01 secs] 
2021-01-22T22:15:28.672+0800: 14.918: [GC pause (G1 Evacuation Pause) (young), 0.0090066 secs]
   [Parallel Time: 7.7 ms, GC Workers: 13]
      [GC Worker Start (ms): Min: 14918.4, Avg: 14918.5, Max: 14918.5, Diff: 0.1]
      [Ext Root Scanning (ms): Min: 0.1, Avg: 0.3, Max: 2.3, Diff: 2.1, Sum: 4.2]
      [Update RS (ms): Min: 0.0, Avg: 0.0, Max: 0.0, Diff: 0.0, Sum: 0.0]
         [Processed Buffers: Min: 0, Avg: 0.0, Max: 0, Diff: 0, Sum: 0]
      [Scan RS (ms): Min: 0.0, Avg: 0.0, Max: 0.0, Diff: 0.0, Sum: 0.3]
      [Code Root Scanning (ms): Min: 0.0, Avg: 0.5, Max: 1.8, Diff: 1.8, Sum: 7.1]
      [Object Copy (ms): Min: 5.4, Avg: 6.7, Max: 7.4, Diff: 2.0, Sum: 87.0]
      [Termination (ms): Min: 0.0, Avg: 0.1, Max: 0.1, Diff: 0.1, Sum: 0.7]
         [Termination Attempts: Min: 1, Avg: 302.8, Max: 369, Diff: 368, Sum: 3936]
      [GC Worker Other (ms): Min: 0.0, Avg: 0.0, Max: 0.1, Diff: 0.1, Sum: 0.4]
      [GC Worker Total (ms): Min: 7.6, Avg: 7.7, Max: 7.7, Diff: 0.0, Sum: 99.7]
      [GC Worker End (ms): Min: 14926.1, Avg: 14926.1, Max: 14926.2, Diff: 0.0]
   [Code Root Fixup: 0.2 ms]
   [Code Root Purge: 0.0 ms]
   [Clear CT: 0.2 ms]
   [Other: 0.9 ms]
      [Choose CSet: 0.0 ms]
      [Ref Proc: 0.3 ms]
      [Ref Enq: 0.0 ms]
      [Redirty Cards: 0.1 ms]
      [Humongous Register: 0.0 ms]
      [Humongous Reclaim: 0.0 ms]
      [Free CSet: 0.2 ms]
   [Eden: 912.0M(912.0M)->0.0B(4872.0M) Survivors: 44.0M->40.0M Heap: 953.4M(8192.0M)->37.5M(8192.0M)]
 [Times: user=0.00 sys=0.00, real=0.01 secs] 
2021-01-22T22:15:48.053+0800: 34.299: [GC pause (G1 Evacuation Pause) (young), 0.0104200 secs]
   [Parallel Time: 8.2 ms, GC Workers: 13]
      [GC Worker Start (ms): Min: 34299.2, Avg: 34299.2, Max: 34299.3, Diff: 0.1]
      [Ext Root Scanning (ms): Min: 0.2, Avg: 0.4, Max: 2.6, Diff: 2.4, Sum: 5.4]
      [Update RS (ms): Min: 0.0, Avg: 0.0, Max: 0.0, Diff: 0.0, Sum: 0.0]
         [Processed Buffers: Min: 0, Avg: 0.0, Max: 0, Diff: 0, Sum: 0]
      [Scan RS (ms): Min: 0.0, Avg: 0.1, Max: 0.2, Diff: 0.2, Sum: 1.4]
      [Code Root Scanning (ms): Min: 0.0, Avg: 0.6, Max: 2.2, Diff: 2.2, Sum: 7.6]
      [Object Copy (ms): Min: 5.4, Avg: 6.8, Max: 7.6, Diff: 2.2, Sum: 89.0]
      [Termination (ms): Min: 0.0, Avg: 0.0, Max: 0.1, Diff: 0.1, Sum: 0.6]
         [Termination Attempts: Min: 1, Avg: 299.3, Max: 390, Diff: 389, Sum: 3891]
      [GC Worker Other (ms): Min: 0.0, Avg: 0.1, Max: 0.1, Diff: 0.1, Sum: 0.7]
      [GC Worker Total (ms): Min: 8.0, Avg: 8.1, Max: 8.1, Diff: 0.1, Sum: 104.8]
      [GC Worker End (ms): Min: 34307.3, Avg: 34307.3, Max: 34307.3, Diff: 0.1]
   [Code Root Fixup: 0.3 ms]
   [Code Root Purge: 0.0 ms]
   [Clear CT: 0.6 ms]
   [Other: 1.4 ms]
      [Choose CSet: 0.0 ms]
      [Ref Proc: 0.2 ms]
      [Ref Enq: 0.0 ms]
      [Redirty Cards: 0.1 ms]
      [Humongous Register: 0.0 ms]
      [Humongous Reclaim: 0.0 ms]
      [Free CSet: 0.7 ms]
   [Eden: 4872.0M(4872.0M)->0.0B(4876.0M) Survivors: 40.0M->36.0M Heap: 4909.5M(8192.0M)->35.0M(8192.0M)]
 [Times: user=0.19 sys=0.02, real=0.01 secs] 
2021-01-22T22:16:07.491+0800: 53.737: [GC pause (G1 Evacuation Pause) (young), 0.0103173 secs]
   [Parallel Time: 8.4 ms, GC Workers: 13]
      [GC Worker Start (ms): Min: 53737.0, Avg: 53737.0, Max: 53737.1, Diff: 0.1]
      [Ext Root Scanning (ms): Min: 0.1, Avg: 0.3, Max: 2.3, Diff: 2.2, Sum: 4.3]
      [Update RS (ms): Min: 0.0, Avg: 0.0, Max: 0.0, Diff: 0.0, Sum: 0.0]
         [Processed Buffers: Min: 0, Avg: 0.0, Max: 0, Diff: 0, Sum: 0]
      [Scan RS (ms): Min: 0.0, Avg: 0.1, Max: 0.2, Diff: 0.2, Sum: 1.6]
      [Code Root Scanning (ms): Min: 0.0, Avg: 0.6, Max: 1.9, Diff: 1.9, Sum: 8.2]
      [Object Copy (ms): Min: 5.9, Avg: 7.1, Max: 8.0, Diff: 2.1, Sum: 92.0]
      [Termination (ms): Min: 0.0, Avg: 0.1, Max: 0.1, Diff: 0.1, Sum: 0.7]
         [Termination Attempts: Min: 1, Avg: 305.7, Max: 386, Diff: 385, Sum: 3974]
      [GC Worker Other (ms): Min: 0.0, Avg: 0.1, Max: 0.1, Diff: 0.1, Sum: 0.7]
      [GC Worker Total (ms): Min: 8.2, Avg: 8.3, Max: 8.4, Diff: 0.2, Sum: 107.6]
      [GC Worker End (ms): Min: 53745.3, Avg: 53745.3, Max: 53745.3, Diff: 0.1]
   [Code Root Fixup: 0.2 ms]
   [Code Root Purge: 0.0 ms]
   [Clear CT: 0.6 ms]
   [Other: 1.1 ms]
      [Choose CSet: 0.0 ms]
      [Ref Proc: 0.2 ms]
      [Ref Enq: 0.0 ms]
      [Redirty Cards: 0.1 ms]
      [Humongous Register: 0.0 ms]
      [Humongous Reclaim: 0.0 ms]
      [Free CSet: 0.6 ms]
   [Eden: 4876.0M(4876.0M)->0.0B(4872.0M) Survivors: 36.0M->40.0M Heap: 4911.0M(8192.0M)->37.5M(8192.0M)]
 [Times: user=0.19 sys=0.01, real=0.01 secs] 
2021-01-22T22:16:26.820+0800: 73.066: [GC pause (G1 Evacuation Pause) (young), 0.0093458 secs]
   [Parallel Time: 7.2 ms, GC Workers: 13]
      [GC Worker Start (ms): Min: 73066.2, Avg: 73066.2, Max: 73066.2, Diff: 0.1]
      [Ext Root Scanning (ms): Min: 0.1, Avg: 0.3, Max: 1.9, Diff: 1.8, Sum: 4.0]
      [Update RS (ms): Min: 0.0, Avg: 0.0, Max: 0.0, Diff: 0.0, Sum: 0.0]
         [Processed Buffers: Min: 0, Avg: 0.0, Max: 0, Diff: 0, Sum: 0]
      [Scan RS (ms): Min: 0.0, Avg: 0.1, Max: 0.2, Diff: 0.1, Sum: 1.6]
      [Code Root Scanning (ms): Min: 0.0, Avg: 0.6, Max: 1.7, Diff: 1.7, Sum: 7.2]
      [Object Copy (ms): Min: 5.0, Avg: 6.0, Max: 6.7, Diff: 1.8, Sum: 78.4]
      [Termination (ms): Min: 0.0, Avg: 0.0, Max: 0.1, Diff: 0.1, Sum: 0.6]
         [Termination Attempts: Min: 1, Avg: 248.3, Max: 313, Diff: 312, Sum: 3228]
      [GC Worker Other (ms): Min: 0.0, Avg: 0.1, Max: 0.1, Diff: 0.1, Sum: 0.8]
      [GC Worker Total (ms): Min: 7.1, Avg: 7.1, Max: 7.2, Diff: 0.1, Sum: 92.5]
      [GC Worker End (ms): Min: 73073.3, Avg: 73073.3, Max: 73073.4, Diff: 0.1]
   [Code Root Fixup: 0.3 ms]
   [Code Root Purge: 0.0 ms]
   [Clear CT: 0.6 ms]
   [Other: 1.3 ms]
      [Choose CSet: 0.0 ms]
      [Ref Proc: 0.3 ms]
      [Ref Enq: 0.0 ms]
      [Redirty Cards: 0.1 ms]
      [Humongous Register: 0.0 ms]
      [Humongous Reclaim: 0.0 ms]
      [Free CSet: 0.7 ms]
   [Eden: 4872.0M(4872.0M)->0.0B(4880.0M) Survivors: 40.0M->32.0M Heap: 4909.5M(8192.0M)->31.0M(8192.0M)]
 [Times: user=0.20 sys=0.00, real=0.01 secs] 
2021-01-22T22:16:46.642+0800: 92.888: [GC pause (G1 Evacuation Pause) (young), 0.0097103 secs]
   [Parallel Time: 7.7 ms, GC Workers: 13]
      [GC Worker Start (ms): Min: 92887.8, Avg: 92887.9, Max: 92887.9, Diff: 0.1]
      [Ext Root Scanning (ms): Min: 0.1, Avg: 0.3, Max: 2.2, Diff: 2.1, Sum: 4.1]
      [Update RS (ms): Min: 0.0, Avg: 0.0, Max: 0.0, Diff: 0.0, Sum: 0.0]
         [Processed Buffers: Min: 0, Avg: 0.0, Max: 0, Diff: 0, Sum: 0]
      [Scan RS (ms): Min: 0.0, Avg: 0.1, Max: 0.2, Diff: 0.2, Sum: 1.8]
      [Code Root Scanning (ms): Min: 0.0, Avg: 0.6, Max: 1.8, Diff: 1.8, Sum: 7.2]
      [Object Copy (ms): Min: 5.3, Avg: 6.4, Max: 7.1, Diff: 1.8, Sum: 83.3]
      [Termination (ms): Min: 0.0, Avg: 0.1, Max: 0.1, Diff: 0.1, Sum: 0.7]
         [Termination Attempts: Min: 1, Avg: 311.8, Max: 392, Diff: 391, Sum: 4053]
      [GC Worker Other (ms): Min: 0.0, Avg: 0.1, Max: 0.1, Diff: 0.1, Sum: 0.7]
      [GC Worker Total (ms): Min: 7.5, Avg: 7.5, Max: 7.6, Diff: 0.1, Sum: 97.8]
      [GC Worker End (ms): Min: 92895.3, Avg: 92895.4, Max: 92895.4, Diff: 0.1]
   [Code Root Fixup: 0.2 ms]
   [Code Root Purge: 0.0 ms]
   [Clear CT: 0.6 ms]
   [Other: 1.2 ms]
      [Choose CSet: 0.0 ms]
      [Ref Proc: 0.3 ms]
      [Ref Enq: 0.0 ms]
      [Redirty Cards: 0.1 ms]
      [Humongous Register: 0.0 ms]
      [Humongous Reclaim: 0.0 ms]
      [Free CSet: 0.6 ms]
   [Eden: 4880.0M(4880.0M)->0.0B(4876.0M) Survivors: 32.0M->36.0M Heap: 4911.0M(8192.0M)->35.0M(8192.0M)]
 [Times: user=0.00 sys=0.00, real=0.01 secs] 
2021-01-22T22:17:06.589+0800: 112.835: [GC pause (G1 Evacuation Pause) (young), 0.0094533 secs]
   [Parallel Time: 7.4 ms, GC Workers: 13]
      [GC Worker Start (ms): Min: 112835.3, Avg: 112835.3, Max: 112835.4, Diff: 0.1]
      [Ext Root Scanning (ms): Min: 0.1, Avg: 0.3, Max: 2.1, Diff: 2.0, Sum: 4.1]
      [Update RS (ms): Min: 0.0, Avg: 0.0, Max: 0.0, Diff: 0.0, Sum: 0.0]
         [Processed Buffers: Min: 0, Avg: 0.0, Max: 0, Diff: 0, Sum: 0]
      [Scan RS (ms): Min: 0.0, Avg: 0.1, Max: 0.2, Diff: 0.2, Sum: 1.8]
      [Code Root Scanning (ms): Min: 0.0, Avg: 0.6, Max: 1.7, Diff: 1.7, Sum: 7.7]
      [Object Copy (ms): Min: 5.2, Avg: 6.2, Max: 6.9, Diff: 1.8, Sum: 80.3]
      [Termination (ms): Min: 0.0, Avg: 0.1, Max: 0.1, Diff: 0.1, Sum: 0.7]
         [Termination Attempts: Min: 1, Avg: 319.3, Max: 405, Diff: 404, Sum: 4151]
      [GC Worker Other (ms): Min: 0.0, Avg: 0.0, Max: 0.1, Diff: 0.1, Sum: 0.5]
      [GC Worker Total (ms): Min: 7.3, Avg: 7.3, Max: 7.4, Diff: 0.1, Sum: 95.0]
      [GC Worker End (ms): Min: 112842.6, Avg: 112842.7, Max: 112842.7, Diff: 0.1]
   [Code Root Fixup: 0.2 ms]
   [Code Root Purge: 0.0 ms]
   [Clear CT: 0.7 ms]
   [Other: 1.1 ms]
      [Choose CSet: 0.0 ms]
      [Ref Proc: 0.2 ms]
      [Ref Enq: 0.0 ms]
      [Redirty Cards: 0.1 ms]
      [Humongous Register: 0.1 ms]
      [Humongous Reclaim: 0.0 ms]
      [Free CSet: 0.5 ms]
   [Eden: 4876.0M(4876.0M)->0.0B(4876.0M) Survivors: 36.0M->36.0M Heap: 4911.0M(8192.0M)->35.0M(8192.0M)]
 [Times: user=0.17 sys=0.00, real=0.01 secs] 
Heap
 garbage-first heap   total 8388608K, used 3865562K [0x00000005c0000000, 0x00000005c0404000, 0x00000007c0000000)
  region size 4096K, 945 young (3870720K), 9 survivors (36864K)
 Metaspace       used 37284K, capacity 39800K, committed 39932K, reserved 1083392K
  class space    used 4690K, capacity 5079K, committed 5116K, reserved 1048576K
