Java HotSpot(TM) 64-Bit Server VM (25.251-b08) for windows-amd64 JRE (1.8.0_251-b08), built on Mar 12 2020 06:31:49 by "" with MS VC++ 10.0 (VS2010)
Memory: 4k page, physical 33485708k(21575624k free), swap 35582860k(13904620k free)
CommandLine flags: -XX:InitialHeapSize=536870912 -XX:MaxHeapSize=536870912 -XX:+PrintGC -XX:+PrintGCDateStamps -XX:+PrintGCDetails -XX:+PrintGCTimeStamps -XX:-UseAdaptiveSizePolicy -XX:+UseCompressedClassPointers -XX:+UseCompressedOops -XX:-UseLargePagesIndividualAllocation -XX:+UseParallelGC 
2021-01-22T21:47:08.454+0800: 0.459: [GC (Allocation Failure) [PSYoungGen: 131584K->7701K(153088K)] 131584K->7717K(502784K), 0.0043680 secs] [Times: user=0.00 sys=0.00, real=0.00 secs] 
2021-01-22T21:47:08.656+0800: 0.660: [GC (Allocation Failure) [PSYoungGen: 139285K->11429K(153088K)] 139301K->11453K(502784K), 0.0059446 secs] [Times: user=0.00 sys=0.00, real=0.01 secs] 
2021-01-22T21:47:08.666+0800: 0.670: [GC (Metadata GC Threshold) [PSYoungGen: 15794K->8709K(153088K)] 15818K->8741K(502784K), 0.0028759 secs] [Times: user=0.00 sys=0.00, real=0.00 secs] 
2021-01-22T21:47:08.668+0800: 0.673: [Full GC (Metadata GC Threshold) [PSYoungGen: 8709K->0K(153088K)] [ParOldGen: 32K->8263K(349696K)] 8741K->8263K(502784K), [Metaspace: 20428K->20428K(1067008K)], 0.0136315 secs] [Times: user=0.03 sys=0.00, real=0.01 secs] 
2021-01-22T21:47:08.971+0800: 0.975: [GC (Allocation Failure) [PSYoungGen: 131584K->6898K(153088K)] 139847K->15234K(502784K), 0.0025695 secs] [Times: user=0.00 sys=0.00, real=0.00 secs] 
2021-01-22T21:47:09.579+0800: 1.584: [GC (Allocation Failure) [PSYoungGen: 138482K->13133K(153088K)] 146818K->21476K(502784K), 0.0048949 secs] [Times: user=0.00 sys=0.00, real=0.01 secs] 
2021-01-22T21:47:09.850+0800: 1.855: [GC (Allocation Failure) [PSYoungGen: 144717K->14967K(153088K)] 153060K->23318K(502784K), 0.0095855 secs] [Times: user=0.20 sys=0.02, real=0.01 secs] 
2021-01-22T21:47:09.940+0800: 1.945: [GC (Metadata GC Threshold) [PSYoungGen: 42367K->14488K(153088K)] 50718K->22847K(502784K), 0.0043496 secs] [Times: user=0.00 sys=0.00, real=0.00 secs] 
2021-01-22T21:47:09.944+0800: 1.950: [Full GC (Metadata GC Threshold) [PSYoungGen: 14488K->0K(153088K)] [ParOldGen: 8359K->18259K(349696K)] 22847K->18259K(502784K), [Metaspace: 33875K->33875K(1079296K)], 0.0569300 secs] [Times: user=0.38 sys=0.00, real=0.06 secs] 
2021-01-22T21:47:15.026+0800: 7.031: [GC (Allocation Failure) [PSYoungGen: 131584K->5221K(153088K)] 149843K->23488K(502784K), 0.0023583 secs] [Times: user=0.05 sys=0.00, real=0.00 secs] 
2021-01-22T21:47:16.012+0800: 8.017: [GC (Allocation Failure) [PSYoungGen: 136805K->4592K(153088K)] 155072K->22868K(502784K), 0.0024369 secs] [Times: user=0.16 sys=0.02, real=0.00 secs] 
2021-01-22T21:47:16.592+0800: 8.597: [GC (Allocation Failure) [PSYoungGen: 136176K->4496K(153088K)] 154452K->22780K(502784K), 0.0020485 secs] [Times: user=0.00 sys=0.00, real=0.00 secs] 
2021-01-22T21:47:17.108+0800: 9.112: [GC (Allocation Failure) [PSYoungGen: 136080K->4528K(153088K)] 154364K->22812K(502784K), 0.0021269 secs] [Times: user=0.00 sys=0.00, real=0.00 secs] 
2021-01-22T21:47:17.629+0800: 9.634: [GC (Allocation Failure) [PSYoungGen: 136112K->4576K(153088K)] 154396K->22868K(502784K), 0.0019249 secs] [Times: user=0.00 sys=0.00, real=0.00 secs] 
2021-01-22T21:47:18.227+0800: 10.232: [GC (Allocation Failure) [PSYoungGen: 136160K->4576K(153088K)] 154452K->22876K(502784K), 0.0026001 secs] [Times: user=0.00 sys=0.00, real=0.00 secs] 
2021-01-22T21:47:18.733+0800: 10.738: [GC (Allocation Failure) [PSYoungGen: 136160K->4576K(153088K)] 154460K->22884K(502784K), 0.0018588 secs] [Times: user=0.00 sys=0.00, real=0.00 secs] 
2021-01-22T21:47:19.237+0800: 11.242: [GC (Allocation Failure) [PSYoungGen: 136160K->4576K(153088K)] 154468K->22884K(502784K), 0.0017391 secs] [Times: user=0.00 sys=0.00, real=0.00 secs] 
2021-01-22T21:47:19.751+0800: 11.755: [GC (Allocation Failure) [PSYoungGen: 136160K->4480K(153088K)] 154468K->22788K(502784K), 0.0016122 secs] [Times: user=0.00 sys=0.00, real=0.00 secs] 
2021-01-22T21:47:20.272+0800: 12.277: [GC (Allocation Failure) [PSYoungGen: 136064K->4576K(153088K)] 154372K->22892K(502784K), 0.0019125 secs] [Times: user=0.00 sys=0.00, real=0.00 secs] 
2021-01-22T21:47:20.781+0800: 12.786: [GC (Allocation Failure) [PSYoungGen: 136160K->4544K(153088K)] 154476K->22860K(502784K), 0.0020038 secs] [Times: user=0.00 sys=0.00, real=0.00 secs] 
2021-01-22T21:47:21.308+0800: 13.314: [GC (Allocation Failure) [PSYoungGen: 136128K->4576K(153088K)] 154444K->22892K(502784K), 0.0018909 secs] [Times: user=0.20 sys=0.00, real=0.00 secs] 
2021-01-22T21:47:21.834+0800: 13.839: [GC (Allocation Failure) [PSYoungGen: 136160K->4528K(153088K)] 154476K->22844K(502784K), 0.0018923 secs] [Times: user=0.00 sys=0.00, real=0.00 secs] 
2021-01-22T21:47:22.353+0800: 14.357: [GC (Allocation Failure) [PSYoungGen: 136112K->4448K(153088K)] 154428K->22763K(502784K), 0.0018056 secs] [Times: user=0.00 sys=0.00, real=0.00 secs] 
2021-01-22T21:47:22.859+0800: 14.865: [GC (Allocation Failure) [PSYoungGen: 136032K->4512K(153088K)] 154347K->22828K(502784K), 0.0014762 secs] [Times: user=0.00 sys=0.00, real=0.00 secs] 
2021-01-22T21:47:23.351+0800: 15.356: [GC (Allocation Failure) [PSYoungGen: 136096K->416K(153088K)] 154412K->22735K(502784K), 0.0015872 secs] [Times: user=0.00 sys=0.00, real=0.00 secs] 
2021-01-22T21:47:23.867+0800: 15.872: [GC (Allocation Failure) [PSYoungGen: 132000K->416K(153088K)] 154319K->22847K(502784K), 0.0009918 secs] [Times: user=0.00 sys=0.00, real=0.00 secs] 
2021-01-22T21:47:24.378+0800: 16.383: [GC (Allocation Failure) [PSYoungGen: 132000K->416K(153088K)] 154431K->22927K(502784K), 0.0012099 secs] [Times: user=0.00 sys=0.00, real=0.00 secs] 
2021-01-22T21:47:24.885+0800: 16.890: [GC (Allocation Failure) [PSYoungGen: 132000K->416K(153088K)] 154511K->22935K(502784K), 0.0012889 secs] [Times: user=0.00 sys=0.00, real=0.00 secs] 
2021-01-22T21:47:25.396+0800: 17.401: [GC (Allocation Failure) [PSYoungGen: 132000K->384K(153088K)] 154519K->22903K(502784K), 0.0011223 secs] [Times: user=0.00 sys=0.00, real=0.00 secs] 
2021-01-22T21:47:25.916+0800: 17.921: [GC (Allocation Failure) [PSYoungGen: 131968K->416K(153088K)] 154487K->22951K(502784K), 0.0009862 secs] [Times: user=0.00 sys=0.00, real=0.00 secs] 
2021-01-22T21:47:26.422+0800: 18.427: [GC (Allocation Failure) [PSYoungGen: 132000K->416K(153088K)] 154535K->22951K(502784K), 0.0010010 secs] [Times: user=0.00 sys=0.00, real=0.00 secs] 
2021-01-22T21:47:26.933+0800: 18.939: [GC (Allocation Failure) [PSYoungGen: 132000K->416K(153088K)] 154535K->22951K(502784K), 0.0011861 secs] [Times: user=0.16 sys=0.05, real=0.00 secs] 
2021-01-22T21:47:27.431+0800: 19.436: [GC (Allocation Failure) [PSYoungGen: 132000K->416K(153088K)] 154535K->23015K(502784K), 0.0010778 secs] [Times: user=0.00 sys=0.00, real=0.00 secs] 
2021-01-22T21:47:27.944+0800: 19.949: [GC (Allocation Failure) [PSYoungGen: 132000K->416K(153088K)] 154599K->23015K(502784K), 0.0010548 secs] [Times: user=0.00 sys=0.00, real=0.00 secs] 
2021-01-22T21:47:28.447+0800: 20.452: [GC (Allocation Failure) [PSYoungGen: 131993K->416K(153088K)] 154592K->23015K(502784K), 0.0010154 secs] [Times: user=0.00 sys=0.00, real=0.00 secs] 
2021-01-22T21:47:28.948+0800: 20.953: [GC (Allocation Failure) [PSYoungGen: 132000K->416K(153088K)] 154599K->23015K(502784K), 0.0009299 secs] [Times: user=0.00 sys=0.00, real=0.00 secs] 
2021-01-22T21:47:29.464+0800: 21.469: [GC (Allocation Failure) [PSYoungGen: 132000K->416K(153088K)] 154599K->23015K(502784K), 0.0011608 secs] [Times: user=0.00 sys=0.00, real=0.00 secs] 
2021-01-22T21:47:29.963+0800: 21.968: [GC (Allocation Failure) [PSYoungGen: 132000K->416K(153088K)] 154599K->23047K(502784K), 0.0009953 secs] [Times: user=0.00 sys=0.00, real=0.00 secs] 
2021-01-22T21:47:30.461+0800: 22.466: [GC (Allocation Failure) [PSYoungGen: 132000K->416K(153088K)] 154631K->23127K(502784K), 0.0012731 secs] [Times: user=0.00 sys=0.00, real=0.00 secs] 
2021-01-22T21:47:30.955+0800: 22.959: [GC (Allocation Failure) [PSYoungGen: 132000K->384K(153088K)] 154711K->23095K(502784K), 0.0010104 secs] [Times: user=0.00 sys=0.00, real=0.00 secs] 
2021-01-22T21:47:31.462+0800: 23.467: [GC (Allocation Failure) [PSYoungGen: 131960K->416K(153088K)] 154671K->23127K(502784K), 0.0011331 secs] [Times: user=0.00 sys=0.00, real=0.00 secs] 
2021-01-22T21:47:31.972+0800: 23.977: [GC (Allocation Failure) [PSYoungGen: 132000K->384K(153088K)] 154711K->23095K(502784K), 0.0011634 secs] [Times: user=0.00 sys=0.00, real=0.00 secs] 
2021-01-22T21:47:32.479+0800: 24.485: [GC (Allocation Failure) [PSYoungGen: 131968K->384K(153088K)] 154679K->23151K(502784K), 0.0010347 secs] [Times: user=0.02 sys=0.00, real=0.00 secs] 
2021-01-22T21:47:32.985+0800: 24.990: [GC (Allocation Failure) [PSYoungGen: 131968K->416K(153088K)] 154735K->23191K(502784K), 0.0009718 secs] [Times: user=0.00 sys=0.00, real=0.00 secs] 
2021-01-22T21:47:33.514+0800: 25.519: [GC (Allocation Failure) [PSYoungGen: 132000K->416K(153088K)] 154775K->23191K(502784K), 0.0010604 secs] [Times: user=0.00 sys=0.00, real=0.00 secs] 
2021-01-22T21:47:34.021+0800: 26.026: [GC (Allocation Failure) [PSYoungGen: 132000K->416K(153088K)] 154775K->23191K(502784K), 0.0009689 secs] [Times: user=0.00 sys=0.00, real=0.00 secs] 
2021-01-22T21:47:34.530+0800: 26.535: [GC (Allocation Failure) [PSYoungGen: 132000K->416K(153088K)] 154775K->23191K(502784K), 0.0009411 secs] [Times: user=0.00 sys=0.00, real=0.00 secs] 
2021-01-22T21:47:35.023+0800: 27.028: [GC (Allocation Failure) [PSYoungGen: 132000K->416K(153088K)] 154775K->23191K(502784K), 0.0009596 secs] [Times: user=0.00 sys=0.00, real=0.00 secs] 
2021-01-22T21:47:35.538+0800: 27.543: [GC (Allocation Failure) [PSYoungGen: 132000K->416K(153088K)] 154775K->23191K(502784K), 0.0010685 secs] [Times: user=0.00 sys=0.00, real=0.00 secs] 
2021-01-22T21:47:36.058+0800: 28.063: [GC (Allocation Failure) [PSYoungGen: 132000K->416K(153088K)] 154775K->23191K(502784K), 0.0010332 secs] [Times: user=0.00 sys=0.00, real=0.00 secs] 
2021-01-22T21:47:36.563+0800: 28.568: [GC (Allocation Failure) [PSYoungGen: 132000K->416K(153088K)] 154775K->23191K(502784K), 0.0011166 secs] [Times: user=0.00 sys=0.00, real=0.00 secs] 
2021-01-22T21:47:37.070+0800: 29.075: [GC (Allocation Failure) [PSYoungGen: 132000K->416K(153088K)] 154775K->23191K(502784K), 0.0011811 secs] [Times: user=0.00 sys=0.00, real=0.00 secs] 
2021-01-22T21:47:37.571+0800: 29.576: [GC (Allocation Failure) [PSYoungGen: 132000K->416K(153088K)] 154775K->23191K(502784K), 0.0010862 secs] [Times: user=0.00 sys=0.00, real=0.00 secs] 
2021-01-22T21:47:38.073+0800: 30.078: [GC (Allocation Failure) [PSYoungGen: 132000K->416K(153088K)] 154775K->23191K(502784K), 0.0009884 secs] [Times: user=0.00 sys=0.00, real=0.00 secs] 
2021-01-22T21:47:38.585+0800: 30.590: [GC (Allocation Failure) [PSYoungGen: 132000K->352K(153088K)] 154775K->23127K(502784K), 0.0010783 secs] [Times: user=0.00 sys=0.00, real=0.00 secs] 
2021-01-22T21:47:39.093+0800: 31.098: [GC (Allocation Failure) [PSYoungGen: 131936K->416K(153088K)] 154711K->23191K(502784K), 0.0011700 secs] [Times: user=0.00 sys=0.00, real=0.00 secs] 
2021-01-22T21:47:39.598+0800: 31.603: [GC (Allocation Failure) [PSYoungGen: 132000K->416K(153088K)] 154775K->23231K(502784K), 0.0009705 secs] [Times: user=0.00 sys=0.00, real=0.00 secs] 
2021-01-22T21:47:40.132+0800: 32.137: [GC (Allocation Failure) [PSYoungGen: 132000K->448K(153088K)] 154815K->23263K(502784K), 0.0011579 secs] [Times: user=0.00 sys=0.00, real=0.00 secs] 
2021-01-22T21:47:40.635+0800: 32.639: [GC (Allocation Failure) [PSYoungGen: 132032K->416K(153088K)] 154847K->23287K(502784K), 0.0010766 secs] [Times: user=0.00 sys=0.00, real=0.00 secs] 
2021-01-22T21:47:41.123+0800: 33.128: [GC (Allocation Failure) [PSYoungGen: 132000K->416K(153088K)] 154871K->23295K(502784K), 0.0010333 secs] [Times: user=0.00 sys=0.00, real=0.00 secs] 
2021-01-22T21:47:41.632+0800: 33.637: [GC (Allocation Failure) [PSYoungGen: 132000K->416K(153088K)] 154879K->23295K(502784K), 0.0010845 secs] [Times: user=0.00 sys=0.00, real=0.00 secs] 
2021-01-22T21:47:42.134+0800: 34.139: [GC (Allocation Failure) [PSYoungGen: 131992K->416K(153088K)] 154871K->23295K(502784K), 0.0010798 secs] [Times: user=0.00 sys=0.00, real=0.00 secs] 
2021-01-22T21:47:42.633+0800: 34.638: [GC (Allocation Failure) [PSYoungGen: 132000K->416K(153088K)] 154879K->23295K(502784K), 0.0009918 secs] [Times: user=0.00 sys=0.00, real=0.00 secs] 
2021-01-22T21:47:43.130+0800: 35.135: [GC (Allocation Failure) [PSYoungGen: 132000K->416K(153088K)] 154879K->23295K(502784K), 0.0009884 secs] [Times: user=0.00 sys=0.00, real=0.00 secs] 
2021-01-22T21:47:43.637+0800: 35.642: [GC (Allocation Failure) [PSYoungGen: 132000K->384K(153088K)] 154879K->23271K(502784K), 0.0010461 secs] [Times: user=0.09 sys=0.05, real=0.00 secs] 
2021-01-22T21:47:44.134+0800: 36.140: [GC (Allocation Failure) [PSYoungGen: 131968K->384K(153088K)] 154855K->23271K(502784K), 0.0011486 secs] [Times: user=0.00 sys=0.00, real=0.00 secs] 
2021-01-22T21:47:44.641+0800: 36.646: [GC (Allocation Failure) [PSYoungGen: 131968K->416K(153088K)] 154855K->23303K(502784K), 0.0011846 secs] [Times: user=0.00 sys=0.00, real=0.00 secs] 
2021-01-22T21:47:45.151+0800: 37.156: [GC (Allocation Failure) [PSYoungGen: 132000K->416K(153088K)] 154887K->23303K(502784K), 0.0010176 secs] [Times: user=0.00 sys=0.00, real=0.00 secs] 
2021-01-22T21:47:45.655+0800: 37.660: [GC (Allocation Failure) [PSYoungGen: 132000K->384K(153088K)] 154887K->23271K(502784K), 0.0012123 secs] [Times: user=0.00 sys=0.00, real=0.00 secs] 
2021-01-22T21:47:46.154+0800: 38.159: [GC (Allocation Failure) [PSYoungGen: 131968K->416K(153088K)] 154855K->23311K(502784K), 0.0009485 secs] [Times: user=0.00 sys=0.00, real=0.00 secs] 
2021-01-22T21:47:46.664+0800: 38.669: [GC (Allocation Failure) [PSYoungGen: 132000K->416K(153088K)] 154895K->23407K(502784K), 0.0011484 secs] [Times: user=0.00 sys=0.00, real=0.00 secs] 
2021-01-22T21:47:47.157+0800: 39.163: [GC (Allocation Failure) [PSYoungGen: 132000K->416K(153088K)] 154991K->23407K(502784K), 0.0009455 secs] [Times: user=0.00 sys=0.00, real=0.00 secs] 
2021-01-22T21:47:47.665+0800: 39.670: [GC (Allocation Failure) [PSYoungGen: 132000K->416K(153088K)] 154991K->23455K(502784K), 0.0012766 secs] [Times: user=0.00 sys=0.00, real=0.00 secs] 
2021-01-22T21:47:48.187+0800: 40.192: [GC (Allocation Failure) [PSYoungGen: 132000K->416K(153088K)] 155039K->23455K(502784K), 0.0010095 secs] [Times: user=0.00 sys=0.00, real=0.00 secs] 
2021-01-22T21:47:48.717+0800: 40.722: [GC (Allocation Failure) [PSYoungGen: 132000K->416K(153088K)] 155039K->23455K(502784K), 0.0010273 secs] [Times: user=0.00 sys=0.00, real=0.00 secs] 
2021-01-22T21:47:49.238+0800: 41.243: [GC (Allocation Failure) [PSYoungGen: 132000K->416K(153088K)] 155039K->23455K(502784K), 0.0011734 secs] [Times: user=0.00 sys=0.00, real=0.00 secs] 
2021-01-22T21:47:49.744+0800: 41.750: [GC (Allocation Failure) [PSYoungGen: 132000K->384K(153088K)] 155039K->23423K(502784K), 0.0013017 secs] [Times: user=0.00 sys=0.00, real=0.00 secs] 
2021-01-22T21:47:50.259+0800: 42.264: [GC (Allocation Failure) [PSYoungGen: 131968K->416K(153088K)] 155007K->23479K(502784K), 0.0023021 secs] [Times: user=0.00 sys=0.00, real=0.00 secs] 
2021-01-22T21:47:50.789+0800: 42.794: [GC (Allocation Failure) [PSYoungGen: 132000K->416K(153088K)] 155063K->23479K(502784K), 0.0011251 secs] [Times: user=0.00 sys=0.00, real=0.00 secs] 
2021-01-22T21:47:51.303+0800: 43.308: [GC (Allocation Failure) [PSYoungGen: 132000K->384K(153088K)] 155063K->23455K(502784K), 0.0012081 secs] [Times: user=0.00 sys=0.00, real=0.00 secs] 
2021-01-22T21:47:51.819+0800: 43.824: [GC (Allocation Failure) [PSYoungGen: 131968K->416K(153088K)] 155039K->23487K(502784K), 0.0011439 secs] [Times: user=0.00 sys=0.00, real=0.00 secs] 
2021-01-22T21:47:52.326+0800: 44.332: [GC (Allocation Failure) [PSYoungGen: 132000K->416K(153088K)] 155071K->23495K(502784K), 0.0009957 secs] [Times: user=0.00 sys=0.00, real=0.00 secs] 
2021-01-22T21:47:52.822+0800: 44.827: [GC (Allocation Failure) [PSYoungGen: 132000K->384K(153088K)] 155079K->23463K(502784K), 0.0009769 secs] [Times: user=0.00 sys=0.00, real=0.00 secs] 
2021-01-22T21:47:53.328+0800: 45.333: [GC (Allocation Failure) [PSYoungGen: 131968K->416K(153088K)] 155047K->23495K(502784K), 0.0011761 secs] [Times: user=0.00 sys=0.00, real=0.00 secs] 
2021-01-22T21:47:53.837+0800: 45.842: [GC (Allocation Failure) [PSYoungGen: 132000K->416K(153088K)] 155079K->23495K(502784K), 0.0011374 secs] [Times: user=0.00 sys=0.00, real=0.00 secs] 
2021-01-22T21:47:54.344+0800: 46.349: [GC (Allocation Failure) [PSYoungGen: 132000K->416K(153088K)] 155079K->23495K(502784K), 0.0012348 secs] [Times: user=0.00 sys=0.00, real=0.00 secs] 
2021-01-22T21:47:54.858+0800: 46.863: [GC (Allocation Failure) [PSYoungGen: 132000K->416K(153088K)] 155079K->23503K(502784K), 0.0012373 secs] [Times: user=0.00 sys=0.00, real=0.00 secs] 
2021-01-22T21:47:55.370+0800: 47.375: [GC (Allocation Failure) [PSYoungGen: 132000K->416K(153088K)] 155087K->23567K(502784K), 0.0010513 secs] [Times: user=0.00 sys=0.00, real=0.00 secs] 
2021-01-22T21:47:55.876+0800: 47.881: [GC (Allocation Failure) [PSYoungGen: 132000K->416K(153088K)] 155151K->23567K(502784K), 0.0011528 secs] [Times: user=0.00 sys=0.00, real=0.00 secs] 
2021-01-22T21:47:56.384+0800: 48.389: [GC (Allocation Failure) [PSYoungGen: 132000K->416K(153088K)] 155151K->23567K(502784K), 0.0009233 secs] [Times: user=0.00 sys=0.00, real=0.00 secs] 
2021-01-22T21:47:56.902+0800: 48.907: [GC (Allocation Failure) [PSYoungGen: 132000K->416K(153088K)] 155151K->23567K(502784K), 0.0009657 secs] [Times: user=0.17 sys=0.02, real=0.00 secs] 
2021-01-22T21:47:57.400+0800: 49.405: [GC (Allocation Failure) [PSYoungGen: 132000K->384K(153088K)] 155151K->23567K(502784K), 0.0010338 secs] [Times: user=0.00 sys=0.00, real=0.00 secs] 
2021-01-22T21:47:57.903+0800: 49.907: [GC (Allocation Failure) [PSYoungGen: 131967K->384K(153088K)] 155151K->23567K(502784K), 0.0011348 secs] [Times: user=0.01 sys=0.00, real=0.00 secs] 
2021-01-22T21:47:58.404+0800: 50.409: [GC (Allocation Failure) [PSYoungGen: 131968K->416K(153088K)] 155151K->23599K(502784K), 0.0010184 secs] [Times: user=0.00 sys=0.00, real=0.00 secs] 
2021-01-22T21:47:58.904+0800: 50.909: [GC (Allocation Failure) [PSYoungGen: 132000K->416K(153088K)] 155183K->23599K(502784K), 0.0010777 secs] [Times: user=0.00 sys=0.00, real=0.00 secs] 
2021-01-22T21:47:59.399+0800: 51.404: [GC (Allocation Failure) [PSYoungGen: 132000K->416K(153088K)] 155183K->23599K(502784K), 0.0012583 secs] [Times: user=0.00 sys=0.00, real=0.00 secs] 
2021-01-22T21:47:59.932+0800: 51.937: [GC (Allocation Failure) [PSYoungGen: 132000K->416K(153088K)] 155183K->23599K(502784K), 0.0011563 secs] [Times: user=0.00 sys=0.00, real=0.00 secs] 
2021-01-22T21:48:00.439+0800: 52.444: [GC (Allocation Failure) [PSYoungGen: 132000K->416K(153088K)] 155183K->23599K(502784K), 0.0012898 secs] [Times: user=0.00 sys=0.00, real=0.00 secs] 
2021-01-22T21:48:00.935+0800: 52.940: [GC (Allocation Failure) [PSYoungGen: 132000K->416K(153088K)] 155183K->23599K(502784K), 0.0010692 secs] [Times: user=0.00 sys=0.00, real=0.00 secs] 
2021-01-22T21:48:01.446+0800: 53.451: [GC (Allocation Failure) [PSYoungGen: 132000K->416K(153088K)] 155183K->23599K(502784K), 0.0010900 secs] [Times: user=0.00 sys=0.00, real=0.00 secs] 
2021-01-22T21:48:01.949+0800: 53.953: [GC (Allocation Failure) [PSYoungGen: 132000K->416K(153088K)] 155183K->23599K(502784K), 0.0013423 secs] [Times: user=0.02 sys=0.00, real=0.00 secs] 
2021-01-22T21:48:02.448+0800: 54.454: [GC (Allocation Failure) [PSYoungGen: 132000K->416K(153088K)] 155183K->23599K(502784K), 0.0010745 secs] [Times: user=0.02 sys=0.00, real=0.00 secs] 
2021-01-22T21:48:02.957+0800: 54.962: [GC (Allocation Failure) [PSYoungGen: 132000K->416K(153088K)] 155183K->23607K(502784K), 0.0010482 secs] [Times: user=0.00 sys=0.00, real=0.00 secs] 
2021-01-22T21:48:03.452+0800: 55.456: [GC (Allocation Failure) [PSYoungGen: 132000K->384K(153088K)] 155191K->23575K(502784K), 0.0010340 secs] [Times: user=0.00 sys=0.00, real=0.00 secs] 
2021-01-22T21:48:03.955+0800: 55.961: [GC (Allocation Failure) [PSYoungGen: 131968K->416K(153088K)] 155159K->23631K(502784K), 0.0010655 secs] [Times: user=0.00 sys=0.00, real=0.00 secs] 
2021-01-22T21:48:04.456+0800: 56.461: [GC (Allocation Failure) [PSYoungGen: 132000K->416K(153088K)] 155215K->23679K(502784K), 0.0012084 secs] [Times: user=0.00 sys=0.00, real=0.00 secs] 
2021-01-22T21:48:04.961+0800: 56.965: [GC (Allocation Failure) [PSYoungGen: 132000K->416K(153088K)] 155263K->23679K(502784K), 0.0009980 secs] [Times: user=0.00 sys=0.00, real=0.00 secs] 
2021-01-22T21:48:05.462+0800: 57.468: [GC (Allocation Failure) [PSYoungGen: 132000K->416K(153088K)] 155263K->23679K(502784K), 0.0008917 secs] [Times: user=0.00 sys=0.00, real=0.00 secs] 
2021-01-22T21:48:05.984+0800: 57.989: [GC (Allocation Failure) [PSYoungGen: 132000K->416K(153088K)] 155263K->23679K(502784K), 0.0012921 secs] [Times: user=0.00 sys=0.00, real=0.00 secs] 
2021-01-22T21:48:06.499+0800: 58.503: [GC (Allocation Failure) [PSYoungGen: 132000K->416K(153088K)] 155263K->23695K(502784K), 0.0010177 secs] [Times: user=0.00 sys=0.00, real=0.00 secs] 
2021-01-22T21:48:07.007+0800: 59.012: [GC (Allocation Failure) [PSYoungGen: 132000K->384K(153088K)] 155279K->23663K(502784K), 0.0009231 secs] [Times: user=0.00 sys=0.00, real=0.00 secs] 
2021-01-22T21:48:07.508+0800: 59.513: [GC (Allocation Failure) [PSYoungGen: 131968K->416K(153088K)] 155247K->23695K(502784K), 0.0011469 secs] [Times: user=0.00 sys=0.00, real=0.00 secs] 
2021-01-22T21:48:08.017+0800: 60.023: [GC (Allocation Failure) [PSYoungGen: 132000K->416K(153088K)] 155279K->23759K(502784K), 0.0014604 secs] [Times: user=0.00 sys=0.00, real=0.00 secs] 
2021-01-22T21:48:08.516+0800: 60.521: [GC (Allocation Failure) [PSYoungGen: 132000K->416K(153088K)] 155343K->23759K(502784K), 0.0011580 secs] [Times: user=0.00 sys=0.00, real=0.00 secs] 
2021-01-22T21:48:09.029+0800: 61.034: [GC (Allocation Failure) [PSYoungGen: 132000K->384K(153088K)] 155343K->23735K(502784K), 0.0012885 secs] [Times: user=0.00 sys=0.00, real=0.00 secs] 
2021-01-22T21:48:09.542+0800: 61.548: [GC (Allocation Failure) [PSYoungGen: 131968K->416K(153088K)] 155319K->23767K(502784K), 0.0011340 secs] [Times: user=0.20 sys=0.00, real=0.00 secs] 
2021-01-22T21:48:10.039+0800: 62.044: [GC (Allocation Failure) [PSYoungGen: 132000K->416K(153088K)] 155351K->23775K(502784K), 0.0009799 secs] [Times: user=0.00 sys=0.00, real=0.00 secs] 
2021-01-22T21:48:10.544+0800: 62.549: [GC (Allocation Failure) [PSYoungGen: 132000K->416K(153088K)] 155359K->23783K(502784K), 0.0010033 secs] [Times: user=0.00 sys=0.00, real=0.00 secs] 
2021-01-22T21:48:11.069+0800: 63.074: [GC (Allocation Failure) [PSYoungGen: 132000K->416K(153088K)] 155367K->23783K(502784K), 0.0009832 secs] [Times: user=0.00 sys=0.00, real=0.00 secs] 
2021-01-22T21:48:11.580+0800: 63.585: [GC (Allocation Failure) [PSYoungGen: 132000K->384K(153088K)] 155367K->23807K(502784K), 0.0009520 secs] [Times: user=0.00 sys=0.00, real=0.00 secs] 
2021-01-22T21:48:12.124+0800: 64.130: [GC (Allocation Failure) [PSYoungGen: 131968K->416K(153088K)] 155391K->23863K(502784K), 0.0009515 secs] [Times: user=0.00 sys=0.00, real=0.00 secs] 
2021-01-22T21:48:12.621+0800: 64.626: [GC (Allocation Failure) [PSYoungGen: 132000K->416K(153088K)] 155447K->23863K(502784K), 0.0011868 secs] [Times: user=0.01 sys=0.00, real=0.00 secs] 
2021-01-22T21:48:13.129+0800: 65.134: [GC (Allocation Failure) [PSYoungGen: 132000K->384K(153088K)] 155447K->23831K(502784K), 0.0009577 secs] [Times: user=0.00 sys=0.00, real=0.00 secs] 
2021-01-22T21:48:13.637+0800: 65.643: [GC (Allocation Failure) [PSYoungGen: 131968K->416K(153088K)] 155415K->23863K(502784K), 0.0011518 secs] [Times: user=0.00 sys=0.00, real=0.00 secs] 
2021-01-22T21:48:14.151+0800: 66.156: [GC (Allocation Failure) [PSYoungGen: 132000K->416K(153088K)] 155447K->23863K(502784K), 0.0009733 secs] [Times: user=0.00 sys=0.00, real=0.00 secs] 
2021-01-22T21:48:14.662+0800: 66.667: [GC (Allocation Failure) [PSYoungGen: 132000K->416K(153088K)] 155447K->23887K(502784K), 0.0010182 secs] [Times: user=0.00 sys=0.00, real=0.00 secs] 
2021-01-22T21:48:15.190+0800: 67.195: [GC (Allocation Failure) [PSYoungGen: 132000K->416K(153088K)] 155471K->23887K(502784K), 0.0012132 secs] [Times: user=0.00 sys=0.00, real=0.00 secs] 
2021-01-22T21:48:15.705+0800: 67.710: [GC (Allocation Failure) [PSYoungGen: 132000K->416K(153088K)] 155471K->23887K(502784K), 0.0010508 secs] [Times: user=0.00 sys=0.00, real=0.00 secs] 
2021-01-22T21:48:16.224+0800: 68.228: [GC (Allocation Failure) [PSYoungGen: 132000K->416K(153088K)] 155471K->23967K(502784K), 0.0011394 secs] [Times: user=0.00 sys=0.00, real=0.00 secs] 
2021-01-22T21:48:16.744+0800: 68.749: [GC (Allocation Failure) [PSYoungGen: 132000K->416K(153088K)] 155551K->23983K(502784K), 0.0011328 secs] [Times: user=0.00 sys=0.00, real=0.00 secs] 
2021-01-22T21:48:17.248+0800: 69.252: [GC (Allocation Failure) [PSYoungGen: 132000K->416K(153088K)] 155567K->23983K(502784K), 0.0010881 secs] [Times: user=0.00 sys=0.00, real=0.00 secs] 
2021-01-22T21:48:17.760+0800: 69.766: [GC (Allocation Failure) [PSYoungGen: 132000K->416K(153088K)] 155567K->23983K(502784K), 0.0010412 secs] [Times: user=0.00 sys=0.00, real=0.00 secs] 
2021-01-22T21:48:18.290+0800: 70.295: [GC (Allocation Failure) [PSYoungGen: 132000K->416K(153088K)] 155567K->23983K(502784K), 0.0010648 secs] [Times: user=0.00 sys=0.00, real=0.00 secs] 
2021-01-22T21:48:18.787+0800: 70.791: [GC (Allocation Failure) [PSYoungGen: 132000K->416K(153088K)] 155567K->23983K(502784K), 0.0010628 secs] [Times: user=0.00 sys=0.00, real=0.00 secs] 
2021-01-22T21:48:19.284+0800: 71.290: [GC (Allocation Failure) [PSYoungGen: 132000K->416K(153088K)] 155567K->23983K(502784K), 0.0009894 secs] [Times: user=0.00 sys=0.00, real=0.00 secs] 
2021-01-22T21:48:19.792+0800: 71.797: [GC (Allocation Failure) [PSYoungGen: 132000K->416K(153088K)] 155567K->23983K(502784K), 0.0012367 secs] [Times: user=0.00 sys=0.00, real=0.00 secs] 
2021-01-22T21:48:20.304+0800: 72.308: [GC (Allocation Failure) [PSYoungGen: 132000K->384K(153088K)] 155567K->23951K(502784K), 0.0010067 secs] [Times: user=0.00 sys=0.00, real=0.00 secs] 
2021-01-22T21:48:20.811+0800: 72.816: [GC (Allocation Failure) [PSYoungGen: 131968K->416K(153088K)] 155535K->23983K(502784K), 0.0010060 secs] [Times: user=0.00 sys=0.00, real=0.00 secs] 
2021-01-22T21:48:21.362+0800: 73.367: [GC (Allocation Failure) [PSYoungGen: 132000K->416K(153088K)] 155567K->23983K(502784K), 0.0010442 secs] [Times: user=0.00 sys=0.00, real=0.00 secs] 
2021-01-22T21:48:21.875+0800: 73.880: [GC (Allocation Failure) [PSYoungGen: 132000K->416K(153088K)] 155567K->23983K(502784K), 0.0013915 secs] [Times: user=0.00 sys=0.00, real=0.00 secs] 
2021-01-22T21:48:22.375+0800: 74.380: [GC (Allocation Failure) [PSYoungGen: 132000K->416K(153088K)] 155567K->23983K(502784K), 0.0010907 secs] [Times: user=0.00 sys=0.00, real=0.00 secs] 
2021-01-22T21:48:22.884+0800: 74.889: [GC (Allocation Failure) [PSYoungGen: 132000K->352K(153088K)] 155567K->23919K(502784K), 0.0012444 secs] [Times: user=0.00 sys=0.00, real=0.00 secs] 
2021-01-22T21:48:23.385+0800: 75.390: [GC (Allocation Failure) [PSYoungGen: 131936K->416K(153088K)] 155503K->23983K(502784K), 0.0012379 secs] [Times: user=0.00 sys=0.00, real=0.00 secs] 
2021-01-22T21:48:23.904+0800: 75.909: [GC (Allocation Failure) [PSYoungGen: 132000K->416K(153088K)] 155567K->23983K(502784K), 0.0010479 secs] [Times: user=0.00 sys=0.00, real=0.00 secs] 
2021-01-22T21:48:24.439+0800: 76.444: [GC (Allocation Failure) [PSYoungGen: 132000K->416K(153088K)] 155567K->23983K(502784K), 0.0012063 secs] [Times: user=0.00 sys=0.00, real=0.00 secs] 
2021-01-22T21:48:24.945+0800: 76.951: [GC (Allocation Failure) [PSYoungGen: 132000K->416K(153088K)] 155567K->23983K(502784K), 0.0011208 secs] [Times: user=0.00 sys=0.00, real=0.00 secs] 
2021-01-22T21:48:25.452+0800: 77.457: [GC (Allocation Failure) [PSYoungGen: 132000K->416K(153088K)] 155567K->23983K(502784K), 0.0009703 secs] [Times: user=0.00 sys=0.00, real=0.00 secs] 
2021-01-22T21:48:25.965+0800: 77.971: [GC (Allocation Failure) [PSYoungGen: 132000K->384K(153088K)] 155567K->23951K(502784K), 0.0011124 secs] [Times: user=0.00 sys=0.00, real=0.00 secs] 
2021-01-22T21:48:26.471+0800: 78.477: [GC (Allocation Failure) [PSYoungGen: 131968K->416K(153088K)] 155535K->23983K(502784K), 0.0009186 secs] [Times: user=0.00 sys=0.00, real=0.00 secs] 
2021-01-22T21:48:26.962+0800: 78.967: [GC (Allocation Failure) [PSYoungGen: 132000K->384K(153088K)] 155567K->23951K(502784K), 0.0010665 secs] [Times: user=0.00 sys=0.00, real=0.00 secs] 
2021-01-22T21:48:27.500+0800: 79.505: [GC (Allocation Failure) [PSYoungGen: 131968K->416K(153088K)] 155535K->23983K(502784K), 0.0010463 secs] [Times: user=0.00 sys=0.00, real=0.00 secs] 
2021-01-22T21:48:28.004+0800: 80.009: [GC (Allocation Failure) [PSYoungGen: 132000K->416K(153088K)] 155567K->23983K(502784K), 0.0012580 secs] [Times: user=0.00 sys=0.00, real=0.00 secs] 
2021-01-22T21:48:28.505+0800: 80.510: [GC (Allocation Failure) [PSYoungGen: 132000K->416K(153088K)] 155567K->23983K(502784K), 0.0011204 secs] [Times: user=0.00 sys=0.00, real=0.00 secs] 
2021-01-22T21:48:29.018+0800: 81.023: [GC (Allocation Failure) [PSYoungGen: 132000K->416K(153088K)] 155567K->23983K(502784K), 0.0010764 secs] [Times: user=0.00 sys=0.00, real=0.00 secs] 
2021-01-22T21:48:29.522+0800: 81.527: [GC (Allocation Failure) [PSYoungGen: 132000K->416K(153088K)] 155567K->23999K(502784K), 0.0011875 secs] [Times: user=0.00 sys=0.00, real=0.00 secs] 
2021-01-22T21:48:30.030+0800: 82.035: [GC (Allocation Failure) [PSYoungGen: 132000K->416K(153088K)] 155583K->24023K(502784K), 0.0010616 secs] [Times: user=0.00 sys=0.00, real=0.00 secs] 
2021-01-22T21:48:30.572+0800: 82.577: [GC (Allocation Failure) [PSYoungGen: 132000K->416K(153088K)] 155607K->24023K(502784K), 0.0011885 secs] [Times: user=0.00 sys=0.00, real=0.00 secs] 
2021-01-22T21:48:31.074+0800: 83.079: [GC (Allocation Failure) [PSYoungGen: 132000K->416K(153088K)] 155607K->24031K(502784K), 0.0012106 secs] [Times: user=0.19 sys=0.00, real=0.00 secs] 
2021-01-22T21:48:31.581+0800: 83.587: [GC (Allocation Failure) [PSYoungGen: 132000K->416K(153088K)] 155615K->24031K(502784K), 0.0010441 secs] [Times: user=0.00 sys=0.00, real=0.00 secs] 
2021-01-22T21:48:32.091+0800: 84.097: [GC (Allocation Failure) [PSYoungGen: 132000K->416K(153088K)] 155615K->24047K(502784K), 0.0011185 secs] [Times: user=0.00 sys=0.00, real=0.00 secs] 
2021-01-22T21:48:32.614+0800: 84.618: [GC (Allocation Failure) [PSYoungGen: 132000K->416K(153088K)] 155631K->24047K(502784K), 0.0011561 secs] [Times: user=0.00 sys=0.00, real=0.00 secs] 
2021-01-22T21:48:33.119+0800: 85.124: [GC (Allocation Failure) [PSYoungGen: 132000K->416K(153088K)] 155631K->24047K(502784K), 0.0010202 secs] [Times: user=0.00 sys=0.00, real=0.00 secs] 
2021-01-22T21:48:33.663+0800: 85.668: [GC (Allocation Failure) [PSYoungGen: 132000K->416K(153088K)] 155631K->24047K(502784K), 0.0009993 secs] [Times: user=0.00 sys=0.00, real=0.00 secs] 
2021-01-22T21:48:34.172+0800: 86.176: [GC (Allocation Failure) [PSYoungGen: 132000K->416K(153088K)] 155631K->24047K(502784K), 0.0009279 secs] [Times: user=0.00 sys=0.00, real=0.00 secs] 
2021-01-22T21:48:34.678+0800: 86.683: [GC (Allocation Failure) [PSYoungGen: 132000K->416K(153088K)] 155631K->24047K(502784K), 0.0010480 secs] [Times: user=0.00 sys=0.00, real=0.00 secs] 
2021-01-22T21:48:35.183+0800: 87.188: [GC (Allocation Failure) [PSYoungGen: 132000K->416K(153088K)] 155631K->24047K(502784K), 0.0010963 secs] [Times: user=0.00 sys=0.00, real=0.00 secs] 
2021-01-22T21:48:35.697+0800: 87.702: [GC (Allocation Failure) [PSYoungGen: 132000K->416K(153088K)] 155631K->24087K(502784K), 0.0010871 secs] [Times: user=0.00 sys=0.00, real=0.00 secs] 
2021-01-22T21:48:36.218+0800: 88.223: [GC (Allocation Failure) [PSYoungGen: 132000K->416K(153088K)] 155671K->24087K(502784K), 0.0011090 secs] [Times: user=0.00 sys=0.00, real=0.00 secs] 
2021-01-22T21:48:36.729+0800: 88.734: [GC (Allocation Failure) [PSYoungGen: 132000K->416K(153088K)] 155671K->24087K(502784K), 0.0010371 secs] [Times: user=0.00 sys=0.00, real=0.00 secs] 
2021-01-22T21:48:37.231+0800: 89.237: [GC (Allocation Failure) [PSYoungGen: 132000K->416K(153088K)] 155671K->24087K(502784K), 0.0009210 secs] [Times: user=0.00 sys=0.00, real=0.00 secs] 
2021-01-22T21:48:37.736+0800: 89.741: [GC (Allocation Failure) [PSYoungGen: 132000K->416K(153088K)] 155671K->24087K(502784K), 0.0008891 secs] [Times: user=0.00 sys=0.00, real=0.00 secs] 
2021-01-22T21:48:38.251+0800: 90.255: [GC (Allocation Failure) [PSYoungGen: 132000K->416K(153088K)] 155671K->24087K(502784K), 0.0010299 secs] [Times: user=0.00 sys=0.00, real=0.00 secs] 
2021-01-22T21:48:38.794+0800: 90.799: [GC (Allocation Failure) [PSYoungGen: 132000K->416K(153088K)] 155671K->24087K(502784K), 0.0015469 secs] [Times: user=0.00 sys=0.00, real=0.00 secs] 
2021-01-22T21:48:39.332+0800: 91.337: [GC (Allocation Failure) [PSYoungGen: 132000K->384K(153088K)] 155671K->24055K(502784K), 0.0011770 secs] [Times: user=0.00 sys=0.00, real=0.00 secs] 
2021-01-22T21:48:39.903+0800: 91.908: [GC (Allocation Failure) [PSYoungGen: 131968K->416K(153088K)] 155639K->24095K(502784K), 0.0011152 secs] [Times: user=0.00 sys=0.00, real=0.00 secs] 
2021-01-22T21:48:40.434+0800: 92.439: [GC (Allocation Failure) [PSYoungGen: 132000K->416K(153088K)] 155679K->24095K(502784K), 0.0011262 secs] [Times: user=0.19 sys=0.02, real=0.00 secs] 
2021-01-22T21:48:40.935+0800: 92.940: [GC (Allocation Failure) [PSYoungGen: 132000K->416K(153088K)] 155679K->24095K(502784K), 0.0011327 secs] [Times: user=0.00 sys=0.00, real=0.00 secs] 
2021-01-22T21:48:41.434+0800: 93.439: [GC (Allocation Failure) [PSYoungGen: 132000K->416K(153088K)] 155679K->24151K(502784K), 0.0011458 secs] [Times: user=0.00 sys=0.00, real=0.00 secs] 
2021-01-22T21:48:41.941+0800: 93.946: [GC (Allocation Failure) [PSYoungGen: 132000K->384K(153088K)] 155735K->24119K(502784K), 0.0012307 secs] [Times: user=0.00 sys=0.00, real=0.00 secs] 
2021-01-22T21:48:42.491+0800: 94.497: [GC (Allocation Failure) [PSYoungGen: 131968K->416K(153088K)] 155703K->24151K(502784K), 0.0010148 secs] [Times: user=0.00 sys=0.00, real=0.00 secs] 
2021-01-22T21:48:43.001+0800: 95.006: [GC (Allocation Failure) [PSYoungGen: 132000K->416K(153088K)] 155735K->24151K(502784K), 0.0011178 secs] [Times: user=0.00 sys=0.00, real=0.00 secs] 
2021-01-22T21:48:43.501+0800: 95.506: [GC (Allocation Failure) [PSYoungGen: 132000K->416K(153088K)] 155735K->24159K(502784K), 0.0010560 secs] [Times: user=0.00 sys=0.00, real=0.00 secs] 
2021-01-22T21:48:44.016+0800: 96.021: [GC (Allocation Failure) [PSYoungGen: 132000K->384K(153088K)] 155743K->24167K(502784K), 0.0010699 secs] [Times: user=0.00 sys=0.00, real=0.00 secs] 
2021-01-22T21:48:44.517+0800: 96.522: [GC (Allocation Failure) [PSYoungGen: 131968K->416K(153088K)] 155751K->24199K(502784K), 0.0011212 secs] [Times: user=0.00 sys=0.00, real=0.00 secs] 
2021-01-22T21:48:45.021+0800: 97.026: [GC (Allocation Failure) [PSYoungGen: 132000K->416K(153088K)] 155783K->24199K(502784K), 0.0010909 secs] [Times: user=0.00 sys=0.00, real=0.00 secs] 
2021-01-22T21:48:45.572+0800: 97.577: [GC (Allocation Failure) [PSYoungGen: 132000K->416K(153088K)] 155783K->24199K(502784K), 0.0010332 secs] [Times: user=0.00 sys=0.00, real=0.00 secs] 
2021-01-22T21:48:46.121+0800: 98.126: [GC (Allocation Failure) [PSYoungGen: 132000K->416K(153088K)] 155783K->24199K(502784K), 0.0010245 secs] [Times: user=0.16 sys=0.02, real=0.00 secs] 
2021-01-22T21:48:46.649+0800: 98.654: [GC (Allocation Failure) [PSYoungGen: 132000K->416K(153088K)] 155783K->24279K(502784K), 0.0011548 secs] [Times: user=0.00 sys=0.00, real=0.00 secs] 
2021-01-22T21:48:47.195+0800: 99.199: [GC (Allocation Failure) [PSYoungGen: 132000K->416K(153088K)] 155863K->24359K(502784K), 0.0010161 secs] [Times: user=0.00 sys=0.00, real=0.00 secs] 
2021-01-22T21:48:47.734+0800: 99.739: [GC (Allocation Failure) [PSYoungGen: 132000K->384K(153088K)] 155943K->24327K(502784K), 0.0010456 secs] [Times: user=0.00 sys=0.00, real=0.00 secs] 
2021-01-22T21:48:48.269+0800: 100.274: [GC (Allocation Failure) [PSYoungGen: 131968K->416K(153088K)] 155911K->24359K(502784K), 0.0011784 secs] [Times: user=0.00 sys=0.00, real=0.00 secs] 
2021-01-22T21:48:48.819+0800: 100.824: [GC (Allocation Failure) [PSYoungGen: 132000K->416K(153088K)] 155943K->24367K(502784K), 0.0011743 secs] [Times: user=0.00 sys=0.00, real=0.00 secs] 
2021-01-22T21:48:49.361+0800: 101.366: [GC (Allocation Failure) [PSYoungGen: 132000K->384K(153088K)] 155951K->24335K(502784K), 0.0013527 secs] [Times: user=0.00 sys=0.00, real=0.00 secs] 
2021-01-22T21:48:49.910+0800: 101.916: [GC (Allocation Failure) [PSYoungGen: 131968K->384K(153088K)] 155919K->24335K(502784K), 0.0012711 secs] [Times: user=0.00 sys=0.00, real=0.00 secs] 
2021-01-22T21:48:50.438+0800: 102.443: [GC (Allocation Failure) [PSYoungGen: 131968K->416K(153088K)] 155919K->24367K(502784K), 0.0010398 secs] [Times: user=0.00 sys=0.00, real=0.00 secs] 
2021-01-22T21:48:50.973+0800: 102.978: [GC (Allocation Failure) [PSYoungGen: 132000K->416K(153088K)] 155951K->24367K(502784K), 0.0011385 secs] [Times: user=0.00 sys=0.00, real=0.00 secs] 
2021-01-22T21:48:51.527+0800: 103.532: [GC (Allocation Failure) [PSYoungGen: 132000K->416K(153088K)] 155951K->24383K(502784K), 0.0011748 secs] [Times: user=0.02 sys=0.00, real=0.00 secs] 
2021-01-22T21:48:52.100+0800: 104.105: [GC (Allocation Failure) [PSYoungGen: 132000K->416K(153088K)] 155967K->24383K(502784K), 0.0012191 secs] [Times: user=0.00 sys=0.00, real=0.00 secs] 
2021-01-22T21:48:52.621+0800: 104.627: [GC (Allocation Failure) [PSYoungGen: 132000K->416K(153088K)] 155967K->24383K(502784K), 0.0010071 secs] [Times: user=0.17 sys=0.00, real=0.00 secs] 
2021-01-22T21:48:53.152+0800: 105.157: [GC (Allocation Failure) [PSYoungGen: 131994K->384K(153088K)] 155961K->24351K(502784K), 0.0011861 secs] [Times: user=0.02 sys=0.02, real=0.00 secs] 
2021-01-22T21:48:53.693+0800: 105.698: [GC (Allocation Failure) [PSYoungGen: 131968K->416K(153088K)] 155935K->24383K(502784K), 0.0011795 secs] [Times: user=0.00 sys=0.00, real=0.00 secs] 
2021-01-22T21:48:54.239+0800: 106.244: [GC (Allocation Failure) [PSYoungGen: 132000K->416K(153088K)] 155967K->24383K(502784K), 0.0010219 secs] [Times: user=0.00 sys=0.00, real=0.00 secs] 
2021-01-22T21:48:54.818+0800: 106.823: [GC (Allocation Failure) [PSYoungGen: 131992K->416K(153088K)] 155960K->24383K(502784K), 0.0011058 secs] [Times: user=0.00 sys=0.00, real=0.00 secs] 
2021-01-22T21:48:55.358+0800: 107.363: [GC (Allocation Failure) [PSYoungGen: 132000K->416K(153088K)] 155967K->24383K(502784K), 0.0010868 secs] [Times: user=0.00 sys=0.00, real=0.00 secs] 
2021-01-22T21:48:55.908+0800: 107.914: [GC (Allocation Failure) [PSYoungGen: 132000K->416K(153088K)] 155967K->24383K(502784K), 0.0011105 secs] [Times: user=0.00 sys=0.00, real=0.00 secs] 
2021-01-22T21:48:56.454+0800: 108.459: [GC (Allocation Failure) [PSYoungGen: 132000K->416K(153088K)] 155967K->24383K(502784K), 0.0010870 secs] [Times: user=0.00 sys=0.00, real=0.00 secs] 
2021-01-22T21:48:56.992+0800: 108.997: [GC (Allocation Failure) [PSYoungGen: 132000K->416K(153088K)] 155967K->24431K(502784K), 0.0011267 secs] [Times: user=0.00 sys=0.00, real=0.00 secs] 
2021-01-22T21:48:57.541+0800: 109.546: [GC (Allocation Failure) [PSYoungGen: 132000K->416K(153088K)] 156015K->24431K(502784K), 0.0009768 secs] [Times: user=0.00 sys=0.00, real=0.00 secs] 
2021-01-22T21:48:58.114+0800: 110.118: [GC (Allocation Failure) [PSYoungGen: 132000K->384K(153088K)] 156015K->24399K(502784K), 0.0012668 secs] [Times: user=0.00 sys=0.00, real=0.00 secs] 
2021-01-22T21:48:58.643+0800: 110.648: [GC (Allocation Failure) [PSYoungGen: 131968K->416K(153088K)] 155983K->24431K(502784K), 0.0011332 secs] [Times: user=0.00 sys=0.00, real=0.00 secs] 
2021-01-22T21:48:59.179+0800: 111.183: [GC (Allocation Failure) [PSYoungGen: 132000K->416K(153088K)] 156015K->24431K(502784K), 0.0012160 secs] [Times: user=0.00 sys=0.00, real=0.00 secs] 
2021-01-22T21:48:59.701+0800: 111.706: [GC (Allocation Failure) [PSYoungGen: 132000K->416K(153088K)] 156015K->24431K(502784K), 0.0010309 secs] [Times: user=0.00 sys=0.00, real=0.00 secs] 
2021-01-22T21:49:00.247+0800: 112.252: [GC (Allocation Failure) [PSYoungGen: 132000K->416K(153088K)] 156015K->24431K(502784K), 0.0012090 secs] [Times: user=0.00 sys=0.00, real=0.00 secs] 
2021-01-22T21:49:00.810+0800: 112.816: [GC (Allocation Failure) [PSYoungGen: 132000K->416K(153088K)] 156015K->24431K(502784K), 0.0010872 secs] [Times: user=0.00 sys=0.00, real=0.00 secs] 
2021-01-22T21:49:01.375+0800: 113.380: [GC (Allocation Failure) [PSYoungGen: 132000K->416K(153088K)] 156015K->24431K(502784K), 0.0010361 secs] [Times: user=0.00 sys=0.00, real=0.00 secs] 
2021-01-22T21:49:01.907+0800: 113.912: [GC (Allocation Failure) [PSYoungGen: 132000K->416K(153088K)] 156015K->24431K(502784K), 0.0009749 secs] [Times: user=0.00 sys=0.00, real=0.00 secs] 
2021-01-22T21:49:02.443+0800: 114.448: [GC (Allocation Failure) [PSYoungGen: 132000K->416K(153088K)] 156015K->24431K(502784K), 0.0010221 secs] [Times: user=0.00 sys=0.00, real=0.00 secs] 
2021-01-22T21:49:02.966+0800: 114.970: [GC (Allocation Failure) [PSYoungGen: 132000K->416K(153088K)] 156015K->24471K(502784K), 0.0010957 secs] [Times: user=0.00 sys=0.00, real=0.00 secs] 
2021-01-22T21:49:03.492+0800: 115.497: [GC (Allocation Failure) [PSYoungGen: 132000K->416K(153088K)] 156055K->24471K(502784K), 0.0011386 secs] [Times: user=0.00 sys=0.00, real=0.00 secs] 
2021-01-22T21:49:04.103+0800: 116.109: [GC (Allocation Failure) [PSYoungGen: 132000K->416K(153088K)] 156055K->24471K(502784K), 0.0011782 secs] [Times: user=0.00 sys=0.00, real=0.00 secs] 
2021-01-22T21:49:04.652+0800: 116.657: [GC (Allocation Failure) [PSYoungGen: 132000K->416K(153088K)] 156055K->24471K(502784K), 0.0012760 secs] [Times: user=0.14 sys=0.00, real=0.00 secs] 
2021-01-22T21:49:05.185+0800: 117.190: [GC (Allocation Failure) [PSYoungGen: 132000K->416K(153088K)] 156055K->24471K(502784K), 0.0010082 secs] [Times: user=0.00 sys=0.00, real=0.00 secs] 
2021-01-22T21:49:05.722+0800: 117.727: [GC (Allocation Failure) [PSYoungGen: 132000K->384K(153088K)] 156055K->24439K(502784K), 0.0010964 secs] [Times: user=0.00 sys=0.00, real=0.00 secs] 
2021-01-22T21:49:06.259+0800: 118.264: [GC (Allocation Failure) [PSYoungGen: 131968K->416K(153088K)] 156023K->24471K(502784K), 0.0010574 secs] [Times: user=0.00 sys=0.00, real=0.00 secs] 
2021-01-22T21:49:06.808+0800: 118.814: [GC (Allocation Failure) [PSYoungGen: 132000K->416K(153088K)] 156055K->24471K(502784K), 0.0010888 secs] [Times: user=0.01 sys=0.00, real=0.00 secs] 
2021-01-22T21:49:07.387+0800: 119.392: [GC (Allocation Failure) [PSYoungGen: 132000K->416K(153088K)] 156055K->24471K(502784K), 0.0010130 secs] [Times: user=0.05 sys=0.00, real=0.00 secs] 
2021-01-22T21:49:07.926+0800: 119.932: [GC (Allocation Failure) [PSYoungGen: 132000K->416K(153088K)] 156055K->24471K(502784K), 0.0010927 secs] [Times: user=0.00 sys=0.00, real=0.00 secs] 
2021-01-22T21:49:08.477+0800: 120.482: [GC (Allocation Failure) [PSYoungGen: 132000K->416K(153088K)] 156055K->24471K(502784K), 0.0012319 secs] [Times: user=0.00 sys=0.00, real=0.00 secs] 
2021-01-22T21:49:09.008+0800: 121.014: [GC (Allocation Failure) [PSYoungGen: 132000K->384K(153088K)] 156055K->24439K(502784K), 0.0011255 secs] [Times: user=0.00 sys=0.00, real=0.00 secs] 
2021-01-22T21:49:09.545+0800: 121.550: [GC (Allocation Failure) [PSYoungGen: 131968K->416K(153088K)] 156023K->24519K(502784K), 0.0010904 secs] [Times: user=0.00 sys=0.00, real=0.00 secs] 
2021-01-22T21:49:10.101+0800: 122.106: [GC (Allocation Failure) [PSYoungGen: 132000K->416K(153088K)] 156103K->24519K(502784K), 0.0010625 secs] [Times: user=0.00 sys=0.00, real=0.00 secs] 
2021-01-22T21:49:10.645+0800: 122.650: [GC (Allocation Failure) [PSYoungGen: 132000K->416K(153088K)] 156103K->24519K(502784K), 0.0009592 secs] [Times: user=0.00 sys=0.00, real=0.00 secs] 
2021-01-22T21:49:11.166+0800: 123.171: [GC (Allocation Failure) [PSYoungGen: 132000K->416K(153088K)] 156103K->24519K(502784K), 0.0010911 secs] [Times: user=0.00 sys=0.00, real=0.00 secs] 
2021-01-22T21:49:11.696+0800: 123.702: [GC (Allocation Failure) [PSYoungGen: 131995K->416K(153088K)] 156098K->24591K(502784K), 0.0010254 secs] [Times: user=0.00 sys=0.00, real=0.00 secs] 
2021-01-22T21:49:12.230+0800: 124.235: [GC (Allocation Failure) [PSYoungGen: 132000K->416K(153088K)] 156175K->24591K(502784K), 0.0012393 secs] [Times: user=0.00 sys=0.00, real=0.00 secs] 
2021-01-22T21:49:12.752+0800: 124.758: [GC (Allocation Failure) [PSYoungGen: 132000K->416K(153088K)] 156175K->24591K(502784K), 0.0011284 secs] [Times: user=0.00 sys=0.00, real=0.00 secs] 
2021-01-22T21:49:13.334+0800: 125.338: [GC (Allocation Failure) [PSYoungGen: 132000K->352K(153088K)] 156175K->24527K(502784K), 0.0013444 secs] [Times: user=0.00 sys=0.00, real=0.00 secs] 
2021-01-22T21:49:13.867+0800: 125.873: [GC (Allocation Failure) [PSYoungGen: 131936K->416K(153088K)] 156111K->24591K(502784K), 0.0011319 secs] [Times: user=0.00 sys=0.00, real=0.00 secs] 
Heap
 PSYoungGen      total 153088K, used 110686K [0x00000000f5580000, 0x0000000100000000, 0x0000000100000000)
  eden space 131584K, 83% used [0x00000000f5580000,0x00000000fc12f990,0x00000000fd600000)
  from space 21504K, 1% used [0x00000000feb00000,0x00000000feb68000,0x0000000100000000)
  to   space 21504K, 0% used [0x00000000fd600000,0x00000000fd600000,0x00000000feb00000)
 ParOldGen       total 349696K, used 24175K [0x00000000e0000000, 0x00000000f5580000, 0x00000000f5580000)
  object space 349696K, 6% used [0x00000000e0000000,0x00000000e179bd40,0x00000000f5580000)
 Metaspace       used 37258K, capacity 39704K, committed 39896K, reserved 1083392K
  class space    used 4679K, capacity 5063K, committed 5080K, reserved 1048576K
