Java HotSpot(TM) 64-Bit Server VM (25.251-b08) for windows-amd64 JRE (1.8.0_251-b08), built on Mar 12 2020 06:31:49 by "" with MS VC++ 10.0 (VS2010)
Memory: 4k page, physical 33485708k(21565300k free), swap 35582860k(14120676k free)
CommandLine flags: -XX:InitialHeapSize=536870912 -XX:MaxHeapSize=536870912 -XX:+PrintGC -XX:+PrintGCDateStamps -XX:+PrintGCDetails -XX:+PrintGCTimeStamps -XX:-UseAdaptiveSizePolicy -XX:+UseCompressedClassPointers -XX:+UseCompressedOops -XX:-UseLargePagesIndividualAllocation -XX:+UseSerialGC 
2021-01-22T21:35:49.768+0800: 0.470: [GC (Allocation Failure) 2021-01-22T21:35:49.768+0800: 0.470: [DefNew: 139776K->7439K(157248K), 0.0088891 secs] 139776K->7439K(506816K), 0.0089781 secs] [Times: user=0.00 sys=0.00, real=0.01 secs] 
2021-01-22T21:35:49.962+0800: 0.664: [Full GC (Metadata GC Threshold) 2021-01-22T21:35:49.962+0800: 0.664: [Tenured: 0K->10840K(349568K), 0.0298206 secs] 136364K->10840K(506816K), [Metaspace: 20499K->20499K(1067008K)], 0.0298678 secs] [Times: user=0.06 sys=0.00, real=0.03 secs] 
2021-01-22T21:35:50.310+0800: 1.012: [GC (Allocation Failure) 2021-01-22T21:35:50.310+0800: 1.013: [DefNew: 139776K->6687K(157248K), 0.0096205 secs] 150616K->17528K(506816K), 0.0096530 secs] [Times: user=0.00 sys=0.00, real=0.01 secs] 
2021-01-22T21:35:50.887+0800: 1.589: [GC (Allocation Failure) 2021-01-22T21:35:50.887+0800: 1.589: [DefNew: 146463K->13063K(157248K), 0.0134393 secs] 157304K->23904K(506816K), 0.0134782 secs] [Times: user=0.00 sys=0.00, real=0.01 secs] 
2021-01-22T21:35:51.173+0800: 1.876: [GC (Allocation Failure) 2021-01-22T21:35:51.173+0800: 1.876: [DefNew: 152839K->5085K(157248K), 0.0191439 secs] 163680K->26531K(506816K), 0.0191830 secs] [Times: user=0.08 sys=0.00, real=0.02 secs] 
2021-01-22T21:35:51.207+0800: 1.909: [Full GC (Metadata GC Threshold) 2021-01-22T21:35:51.207+0800: 1.909: [Tenured: 21446K->25018K(349568K), 0.0296198 secs] 28994K->25018K(506816K), [Metaspace: 33877K->33877K(1079296K)], 0.0296616 secs] [Times: user=0.09 sys=0.00, real=0.03 secs] 
2021-01-22T21:36:00.865+0800: 11.567: [GC (Allocation Failure) 2021-01-22T21:36:00.865+0800: 11.567: [DefNew: 139776K->4686K(157248K), 0.0059054 secs] 164794K->29705K(506816K), 0.0059955 secs] [Times: user=0.00 sys=0.00, real=0.01 secs] 
2021-01-22T21:36:01.806+0800: 12.508: [GC (Allocation Failure) 2021-01-22T21:36:01.806+0800: 12.508: [DefNew: 144462K->4029K(157248K), 0.0036781 secs] 169481K->29048K(506816K), 0.0037321 secs] [Times: user=0.00 sys=0.00, real=0.00 secs] 
2021-01-22T21:36:02.375+0800: 13.078: [GC (Allocation Failure) 2021-01-22T21:36:02.375+0800: 13.078: [DefNew: 143805K->4022K(157248K), 0.0033478 secs] 168824K->29041K(506816K), 0.0033872 secs] [Times: user=0.00 sys=0.00, real=0.00 secs] 
2021-01-22T21:36:02.916+0800: 13.618: [GC (Allocation Failure) 2021-01-22T21:36:02.916+0800: 13.618: [DefNew: 143798K->4033K(157248K), 0.0037196 secs] 168817K->29052K(506816K), 0.0037594 secs] [Times: user=0.01 sys=0.00, real=0.00 secs] 
2021-01-22T21:36:03.486+0800: 14.189: [GC (Allocation Failure) 2021-01-22T21:36:03.486+0800: 14.189: [DefNew: 143809K->4037K(157248K), 0.0036389 secs] 168828K->29056K(506816K), 0.0036973 secs] [Times: user=0.00 sys=0.00, real=0.00 secs] 
2021-01-22T21:36:04.076+0800: 14.778: [GC (Allocation Failure) 2021-01-22T21:36:04.076+0800: 14.778: [DefNew: 143813K->4023K(157248K), 0.0031891 secs] 168832K->29041K(506816K), 0.0032292 secs] [Times: user=0.00 sys=0.00, real=0.00 secs] 
2021-01-22T21:36:04.614+0800: 15.316: [GC (Allocation Failure) 2021-01-22T21:36:04.614+0800: 15.316: [DefNew: 143799K->4020K(157248K), 0.0031290 secs] 168817K->29038K(506816K), 0.0031704 secs] [Times: user=0.00 sys=0.00, real=0.00 secs] 
2021-01-22T21:36:05.146+0800: 15.848: [GC (Allocation Failure) 2021-01-22T21:36:05.146+0800: 15.848: [DefNew: 143796K->4024K(157248K), 0.0032708 secs] 168814K->29043K(506816K), 0.0033086 secs] [Times: user=0.00 sys=0.00, real=0.00 secs] 
2021-01-22T21:36:05.697+0800: 16.400: [GC (Allocation Failure) 2021-01-22T21:36:05.697+0800: 16.400: [DefNew: 143800K->4052K(157248K), 0.0032048 secs] 168819K->29071K(506816K), 0.0032888 secs] [Times: user=0.01 sys=0.00, real=0.00 secs] 
2021-01-22T21:36:06.274+0800: 16.976: [GC (Allocation Failure) 2021-01-22T21:36:06.274+0800: 16.976: [DefNew: 143828K->4023K(157248K), 0.0032930 secs] 168847K->29042K(506816K), 0.0033332 secs] [Times: user=0.00 sys=0.00, real=0.00 secs] 
2021-01-22T21:36:06.877+0800: 17.580: [GC (Allocation Failure) 2021-01-22T21:36:06.877+0800: 17.580: [DefNew: 143799K->4029K(157248K), 0.0033134 secs] 168818K->29047K(506816K), 0.0033528 secs] [Times: user=0.00 sys=0.00, real=0.00 secs] 
2021-01-22T21:36:07.425+0800: 18.127: [GC (Allocation Failure) 2021-01-22T21:36:07.425+0800: 18.127: [DefNew: 143805K->4036K(157248K), 0.0031972 secs] 168823K->29055K(506816K), 0.0032397 secs] [Times: user=0.00 sys=0.00, real=0.00 secs] 
2021-01-22T21:36:07.997+0800: 18.699: [GC (Allocation Failure) 2021-01-22T21:36:07.997+0800: 18.699: [DefNew: 143812K->4023K(157248K), 0.0031412 secs] 168831K->29042K(506816K), 0.0031851 secs] [Times: user=0.00 sys=0.00, real=0.00 secs] 
2021-01-22T21:36:08.552+0800: 19.254: [GC (Allocation Failure) 2021-01-22T21:36:08.552+0800: 19.254: [DefNew: 143799K->4023K(157248K), 0.0031378 secs] 168818K->29042K(506816K), 0.0031842 secs] [Times: user=0.00 sys=0.00, real=0.00 secs] 
2021-01-22T21:36:09.114+0800: 19.817: [GC (Allocation Failure) 2021-01-22T21:36:09.114+0800: 19.817: [DefNew: 143799K->4036K(157248K), 0.0030403 secs] 168818K->29055K(506816K), 0.0030802 secs] [Times: user=0.00 sys=0.00, real=0.00 secs] 
2021-01-22T21:36:09.655+0800: 20.357: [GC (Allocation Failure) 2021-01-22T21:36:09.655+0800: 20.357: [DefNew: 143812K->95K(157248K), 0.0042187 secs] 168831K->29056K(506816K), 0.0042736 secs] [Times: user=0.00 sys=0.00, real=0.00 secs] 
2021-01-22T21:36:10.197+0800: 20.899: [GC (Allocation Failure) 2021-01-22T21:36:10.197+0800: 20.899: [DefNew: 139871K->62K(157248K), 0.0020400 secs] 168832K->29060K(506816K), 0.0020803 secs] [Times: user=0.00 sys=0.00, real=0.00 secs] 
2021-01-22T21:36:10.724+0800: 21.426: [GC (Allocation Failure) 2021-01-22T21:36:10.724+0800: 21.427: [DefNew: 139838K->60K(157248K), 0.0017314 secs] 168836K->29059K(506816K), 0.0017934 secs] [Times: user=0.00 sys=0.00, real=0.00 secs] 
2021-01-22T21:36:11.244+0800: 21.947: [GC (Allocation Failure) 2021-01-22T21:36:11.244+0800: 21.947: [DefNew: 139836K->44K(157248K), 0.0017604 secs] 168835K->29044K(506816K), 0.0017979 secs] [Times: user=0.02 sys=0.00, real=0.00 secs] 
2021-01-22T21:36:11.802+0800: 22.504: [GC (Allocation Failure) 2021-01-22T21:36:11.802+0800: 22.504: [DefNew: 139820K->57K(157248K), 0.0016268 secs] 168820K->29057K(506816K), 0.0016659 secs] [Times: user=0.00 sys=0.00, real=0.00 secs] 
2021-01-22T21:36:12.345+0800: 23.047: [GC (Allocation Failure) 2021-01-22T21:36:12.345+0800: 23.047: [DefNew: 139833K->43K(157248K), 0.0013270 secs] 168833K->29042K(506816K), 0.0013635 secs] [Times: user=0.00 sys=0.00, real=0.00 secs] 
2021-01-22T21:36:12.890+0800: 23.593: [GC (Allocation Failure) 2021-01-22T21:36:12.890+0800: 23.593: [DefNew: 139819K->55K(157248K), 0.0020929 secs] 168818K->29055K(506816K), 0.0021452 secs] [Times: user=0.00 sys=0.00, real=0.00 secs] 
2021-01-22T21:36:13.426+0800: 24.128: [GC (Allocation Failure) 2021-01-22T21:36:13.426+0800: 24.128: [DefNew: 139831K->45K(157248K), 0.0016199 secs] 168831K->29045K(506816K), 0.0016611 secs] [Times: user=0.00 sys=0.00, real=0.00 secs] 
2021-01-22T21:36:13.967+0800: 24.670: [GC (Allocation Failure) 2021-01-22T21:36:13.967+0800: 24.670: [DefNew: 139821K->40K(157248K), 0.0017156 secs] 168821K->29045K(506816K), 0.0017581 secs] [Times: user=0.00 sys=0.00, real=0.00 secs] 
2021-01-22T21:36:14.510+0800: 25.212: [GC (Allocation Failure) 2021-01-22T21:36:14.510+0800: 25.212: [DefNew: 139816K->57K(157248K), 0.0014383 secs] 168821K->29061K(506816K), 0.0014867 secs] [Times: user=0.00 sys=0.00, real=0.00 secs] 
2021-01-22T21:36:15.048+0800: 25.751: [GC (Allocation Failure) 2021-01-22T21:36:15.048+0800: 25.751: [DefNew: 139833K->37K(157248K), 0.0015408 secs] 168837K->29041K(506816K), 0.0015792 secs] [Times: user=0.00 sys=0.00, real=0.00 secs] 
2021-01-22T21:36:15.593+0800: 26.295: [GC (Allocation Failure) 2021-01-22T21:36:15.593+0800: 26.295: [DefNew: 139813K->39K(157248K), 0.0017448 secs] 168817K->29044K(506816K), 0.0018141 secs] [Times: user=0.00 sys=0.00, real=0.00 secs] 
2021-01-22T21:36:16.144+0800: 26.846: [GC (Allocation Failure) 2021-01-22T21:36:16.144+0800: 26.846: [DefNew: 139815K->52K(157248K), 0.0014223 secs] 168820K->29057K(506816K), 0.0014705 secs] [Times: user=0.00 sys=0.00, real=0.00 secs] 
2021-01-22T21:36:16.680+0800: 27.382: [GC (Allocation Failure) 2021-01-22T21:36:16.680+0800: 27.382: [DefNew: 139828K->38K(157248K), 0.0013585 secs] 168833K->29043K(506816K), 0.0014009 secs] [Times: user=0.00 sys=0.00, real=0.00 secs] 
2021-01-22T21:36:17.224+0800: 27.927: [GC (Allocation Failure) 2021-01-22T21:36:17.224+0800: 27.927: [DefNew: 139814K->38K(157248K), 0.0017186 secs] 168819K->29043K(506816K), 0.0017833 secs] [Times: user=0.00 sys=0.00, real=0.00 secs] 
2021-01-22T21:36:17.796+0800: 28.498: [GC (Allocation Failure) 2021-01-22T21:36:17.796+0800: 28.498: [DefNew: 139814K->35K(157248K), 0.0014948 secs] 168819K->29040K(506816K), 0.0015410 secs] [Times: user=0.00 sys=0.00, real=0.00 secs] 
2021-01-22T21:36:18.351+0800: 29.054: [GC (Allocation Failure) 2021-01-22T21:36:18.351+0800: 29.054: [DefNew: 139811K->41K(157248K), 0.0018548 secs] 168816K->29045K(506816K), 0.0018958 secs] [Times: user=0.00 sys=0.00, real=0.00 secs] 
2021-01-22T21:36:18.900+0800: 29.602: [GC (Allocation Failure) 2021-01-22T21:36:18.900+0800: 29.602: [DefNew: 139817K->51K(157248K), 0.0015244 secs] 168821K->29056K(506816K), 0.0015666 secs] [Times: user=0.00 sys=0.00, real=0.00 secs] 
2021-01-22T21:36:19.440+0800: 30.142: [GC (Allocation Failure) 2021-01-22T21:36:19.440+0800: 30.142: [DefNew: 139827K->40K(157248K), 0.0015056 secs] 168832K->29045K(506816K), 0.0015486 secs] [Times: user=0.00 sys=0.00, real=0.00 secs] 
2021-01-22T21:36:19.973+0800: 30.676: [GC (Allocation Failure) 2021-01-22T21:36:19.973+0800: 30.676: [DefNew: 139816K->40K(157248K), 0.0015528 secs] 168821K->29045K(506816K), 0.0015988 secs] [Times: user=0.00 sys=0.00, real=0.00 secs] 
2021-01-22T21:36:20.511+0800: 31.213: [GC (Allocation Failure) 2021-01-22T21:36:20.511+0800: 31.213: [DefNew: 139816K->39K(157248K), 0.0015067 secs] 168821K->29044K(506816K), 0.0015529 secs] [Times: user=0.01 sys=0.00, real=0.00 secs] 
2021-01-22T21:36:21.034+0800: 31.737: [GC (Allocation Failure) 2021-01-22T21:36:21.034+0800: 31.737: [DefNew: 139815K->51K(157248K), 0.0018745 secs] 168820K->29056K(506816K), 0.0019090 secs] [Times: user=0.00 sys=0.00, real=0.00 secs] 
2021-01-22T21:36:21.583+0800: 32.285: [GC (Allocation Failure) 2021-01-22T21:36:21.583+0800: 32.285: [DefNew: 139827K->76K(157248K), 0.0014036 secs] 168832K->29081K(506816K), 0.0014440 secs] [Times: user=0.00 sys=0.00, real=0.00 secs] 
2021-01-22T21:36:22.128+0800: 32.831: [GC (Allocation Failure) 2021-01-22T21:36:22.128+0800: 32.831: [DefNew: 139852K->40K(157248K), 0.0013230 secs] 168857K->29045K(506816K), 0.0013596 secs] [Times: user=0.00 sys=0.00, real=0.00 secs] 
2021-01-22T21:36:22.664+0800: 33.366: [GC (Allocation Failure) 2021-01-22T21:36:22.664+0800: 33.366: [DefNew: 139816K->41K(157248K), 0.0018588 secs] 168821K->29046K(506816K), 0.0018956 secs] [Times: user=0.00 sys=0.00, real=0.00 secs] 
2021-01-22T21:36:23.203+0800: 33.906: [GC (Allocation Failure) 2021-01-22T21:36:23.203+0800: 33.906: [DefNew: 139817K->56K(157248K), 0.0014565 secs] 168822K->29061K(506816K), 0.0014946 secs] [Times: user=0.00 sys=0.00, real=0.00 secs] 
2021-01-22T21:36:23.746+0800: 34.449: [GC (Allocation Failure) 2021-01-22T21:36:23.746+0800: 34.449: [DefNew: 139832K->53K(157248K), 0.0018360 secs] 168837K->29058K(506816K), 0.0018734 secs] [Times: user=0.02 sys=0.00, real=0.00 secs] 
2021-01-22T21:36:24.284+0800: 34.986: [GC (Allocation Failure) 2021-01-22T21:36:24.284+0800: 34.986: [DefNew: 139829K->57K(157248K), 0.0018214 secs] 168834K->29062K(506816K), 0.0018718 secs] [Times: user=0.00 sys=0.00, real=0.00 secs] 
2021-01-22T21:36:24.836+0800: 35.539: [GC (Allocation Failure) 2021-01-22T21:36:24.836+0800: 35.539: [DefNew: 139833K->42K(157248K), 0.0014166 secs] 168838K->29047K(506816K), 0.0014627 secs] [Times: user=0.00 sys=0.00, real=0.00 secs] 
2021-01-22T21:36:25.355+0800: 36.057: [GC (Allocation Failure) 2021-01-22T21:36:25.355+0800: 36.057: [DefNew: 139818K->54K(157248K), 0.0013476 secs] 168823K->29059K(506816K), 0.0013838 secs] [Times: user=0.00 sys=0.00, real=0.00 secs] 
2021-01-22T21:36:25.896+0800: 36.599: [GC (Allocation Failure) 2021-01-22T21:36:25.896+0800: 36.599: [DefNew: 139830K->56K(157248K), 0.0015863 secs] 168835K->29061K(506816K), 0.0016222 secs] [Times: user=0.00 sys=0.00, real=0.00 secs] 
2021-01-22T21:36:26.439+0800: 37.141: [GC (Allocation Failure) 2021-01-22T21:36:26.439+0800: 37.141: [DefNew: 139826K->65K(157248K), 0.0017119 secs] 168831K->29070K(506816K), 0.0017564 secs] [Times: user=0.00 sys=0.00, real=0.00 secs] 
2021-01-22T21:36:26.984+0800: 37.687: [GC (Allocation Failure) 2021-01-22T21:36:26.984+0800: 37.687: [DefNew: 139841K->54K(157248K), 0.0014397 secs] 168846K->29059K(506816K), 0.0014759 secs] [Times: user=0.00 sys=0.00, real=0.00 secs] 
2021-01-22T21:36:27.530+0800: 38.232: [GC (Allocation Failure) 2021-01-22T21:36:27.530+0800: 38.232: [DefNew: 139830K->55K(157248K), 0.0015518 secs] 168835K->29060K(506816K), 0.0015983 secs] [Times: user=0.00 sys=0.00, real=0.00 secs] 
2021-01-22T21:36:28.072+0800: 38.775: [GC (Allocation Failure) 2021-01-22T21:36:28.072+0800: 38.775: [DefNew: 139831K->45K(157248K), 0.0019547 secs] 168836K->29050K(506816K), 0.0019970 secs] [Times: user=0.00 sys=0.00, real=0.00 secs] 
2021-01-22T21:36:28.601+0800: 39.304: [GC (Allocation Failure) 2021-01-22T21:36:28.601+0800: 39.304: [DefNew: 139821K->41K(157248K), 0.0013670 secs] 168826K->29046K(506816K), 0.0014012 secs] [Times: user=0.00 sys=0.00, real=0.00 secs] 
2021-01-22T21:36:29.136+0800: 39.838: [GC (Allocation Failure) 2021-01-22T21:36:29.136+0800: 39.838: [DefNew: 139817K->66K(157248K), 0.0013792 secs] 168822K->29073K(506816K), 0.0014187 secs] [Times: user=0.00 sys=0.00, real=0.00 secs] 
2021-01-22T21:36:29.665+0800: 40.368: [GC (Allocation Failure) 2021-01-22T21:36:29.665+0800: 40.368: [DefNew: 139842K->40K(157248K), 0.0018801 secs] 168849K->29047K(506816K), 0.0019194 secs] [Times: user=0.00 sys=0.00, real=0.00 secs] 
2021-01-22T21:36:30.215+0800: 40.917: [GC (Allocation Failure) 2021-01-22T21:36:30.215+0800: 40.917: [DefNew: 139816K->53K(157248K), 0.0014733 secs] 168823K->29060K(506816K), 0.0015188 secs] [Times: user=0.02 sys=0.00, real=0.00 secs] 
2021-01-22T21:36:30.751+0800: 41.453: [GC (Allocation Failure) 2021-01-22T21:36:30.751+0800: 41.453: [DefNew: 139829K->53K(157248K), 0.0017703 secs] 168836K->29060K(506816K), 0.0018194 secs] [Times: user=0.00 sys=0.00, real=0.00 secs] 
2021-01-22T21:36:31.282+0800: 41.985: [GC (Allocation Failure) 2021-01-22T21:36:31.282+0800: 41.985: [DefNew: 139829K->51K(157248K), 0.0016036 secs] 168836K->29058K(506816K), 0.0016466 secs] [Times: user=0.00 sys=0.00, real=0.00 secs] 
2021-01-22T21:36:31.819+0800: 42.522: [GC (Allocation Failure) 2021-01-22T21:36:31.819+0800: 42.522: [DefNew: 139827K->52K(157248K), 0.0013468 secs] 168834K->29059K(506816K), 0.0013813 secs] [Times: user=0.00 sys=0.00, real=0.00 secs] 
2021-01-22T21:36:32.377+0800: 43.080: [GC (Allocation Failure) 2021-01-22T21:36:32.377+0800: 43.080: [DefNew: 139828K->38K(157248K), 0.0017924 secs] 168835K->29045K(506816K), 0.0019119 secs] [Times: user=0.00 sys=0.00, real=0.00 secs] 
2021-01-22T21:36:32.930+0800: 43.633: [GC (Allocation Failure) 2021-01-22T21:36:32.930+0800: 43.633: [DefNew: 139814K->38K(157248K), 0.0017350 secs] 168821K->29045K(506816K), 0.0017769 secs] [Times: user=0.00 sys=0.00, real=0.00 secs] 
2021-01-22T21:36:33.461+0800: 44.163: [GC (Allocation Failure) 2021-01-22T21:36:33.461+0800: 44.163: [DefNew: 139814K->39K(157248K), 0.0016731 secs] 168821K->29046K(506816K), 0.0017149 secs] [Times: user=0.00 sys=0.00, real=0.00 secs] 
2021-01-22T21:36:34.000+0800: 44.702: [GC (Allocation Failure) 2021-01-22T21:36:34.000+0800: 44.702: [DefNew: 139815K->48K(157248K), 0.0015501 secs] 168822K->29055K(506816K), 0.0015933 secs] [Times: user=0.00 sys=0.00, real=0.00 secs] 
2021-01-22T21:36:34.522+0800: 45.225: [GC (Allocation Failure) 2021-01-22T21:36:34.522+0800: 45.225: [DefNew: 139824K->49K(157248K), 0.0015364 secs] 168831K->29056K(506816K), 0.0015735 secs] [Times: user=0.00 sys=0.00, real=0.00 secs] 
2021-01-22T21:36:35.061+0800: 45.763: [GC (Allocation Failure) 2021-01-22T21:36:35.061+0800: 45.763: [DefNew: 139825K->50K(157248K), 0.0018666 secs] 168832K->29057K(506816K), 0.0019112 secs] [Times: user=0.00 sys=0.00, real=0.00 secs] 
2021-01-22T21:36:35.625+0800: 46.328: [GC (Allocation Failure) 2021-01-22T21:36:35.625+0800: 46.328: [DefNew: 139826K->47K(157248K), 0.0017352 secs] 168833K->29054K(506816K), 0.0017759 secs] [Times: user=0.00 sys=0.00, real=0.00 secs] 
2021-01-22T21:36:36.227+0800: 46.929: [GC (Allocation Failure) 2021-01-22T21:36:36.227+0800: 46.929: [DefNew: 139823K->52K(157248K), 0.0015639 secs] 168830K->29059K(506816K), 0.0016107 secs] [Times: user=0.00 sys=0.00, real=0.00 secs] 
2021-01-22T21:36:36.782+0800: 47.485: [GC (Allocation Failure) 2021-01-22T21:36:36.782+0800: 47.485: [DefNew: 139828K->49K(157248K), 0.0017994 secs] 168835K->29057K(506816K), 0.0018388 secs] [Times: user=0.00 sys=0.00, real=0.00 secs] 
2021-01-22T21:36:37.328+0800: 48.030: [GC (Allocation Failure) 2021-01-22T21:36:37.328+0800: 48.031: [DefNew: 139825K->59K(157248K), 0.0014084 secs] 168833K->29066K(506816K), 0.0014545 secs] [Times: user=0.00 sys=0.00, real=0.00 secs] 
2021-01-22T21:36:37.868+0800: 48.570: [GC (Allocation Failure) 2021-01-22T21:36:37.868+0800: 48.570: [DefNew: 139835K->48K(157248K), 0.0013338 secs] 168842K->29056K(506816K), 0.0013696 secs] [Times: user=0.00 sys=0.00, real=0.00 secs] 
2021-01-22T21:36:38.402+0800: 49.104: [GC (Allocation Failure) 2021-01-22T21:36:38.402+0800: 49.104: [DefNew: 139824K->59K(157248K), 0.0017190 secs] 168832K->29067K(506816K), 0.0017560 secs] [Times: user=0.01 sys=0.00, real=0.00 secs] 
2021-01-22T21:36:38.925+0800: 49.628: [GC (Allocation Failure) 2021-01-22T21:36:38.925+0800: 49.628: [DefNew: 139835K->70K(157248K), 0.0020035 secs] 168843K->29078K(506816K), 0.0020550 secs] [Times: user=0.00 sys=0.00, real=0.00 secs] 
2021-01-22T21:36:39.501+0800: 50.203: [GC (Allocation Failure) 2021-01-22T21:36:39.501+0800: 50.203: [DefNew: 139846K->57K(157248K), 0.0017941 secs] 168854K->29065K(506816K), 0.0018447 secs] [Times: user=0.00 sys=0.00, real=0.00 secs] 
2021-01-22T21:36:40.045+0800: 50.748: [GC (Allocation Failure) 2021-01-22T21:36:40.045+0800: 50.748: [DefNew: 139833K->58K(157248K), 0.0015944 secs] 168841K->29066K(506816K), 0.0016414 secs] [Times: user=0.00 sys=0.00, real=0.00 secs] 
2021-01-22T21:36:40.581+0800: 51.283: [GC (Allocation Failure) 2021-01-22T21:36:40.581+0800: 51.283: [DefNew: 139834K->62K(157248K), 0.0014716 secs] 168842K->29070K(506816K), 0.0015207 secs] [Times: user=0.00 sys=0.00, real=0.00 secs] 
2021-01-22T21:36:41.110+0800: 51.812: [GC (Allocation Failure) 2021-01-22T21:36:41.110+0800: 51.812: [DefNew: 139838K->49K(157248K), 0.0014125 secs] 168846K->29056K(506816K), 0.0014575 secs] [Times: user=0.00 sys=0.00, real=0.00 secs] 
2021-01-22T21:36:41.662+0800: 52.365: [GC (Allocation Failure) 2021-01-22T21:36:41.662+0800: 52.365: [DefNew: 139825K->48K(157248K), 0.0015040 secs] 168832K->29057K(506816K), 0.0015485 secs] [Times: user=0.00 sys=0.00, real=0.00 secs] 
2021-01-22T21:36:42.190+0800: 52.892: [GC (Allocation Failure) 2021-01-22T21:36:42.190+0800: 52.892: [DefNew: 139824K->40K(157248K), 0.0013753 secs] 168833K->29058K(506816K), 0.0014128 secs] [Times: user=0.00 sys=0.00, real=0.00 secs] 
2021-01-22T21:36:42.746+0800: 53.448: [GC (Allocation Failure) 2021-01-22T21:36:42.746+0800: 53.448: [DefNew: 139816K->48K(157248K), 0.0015463 secs] 168834K->29065K(506816K), 0.0015853 secs] [Times: user=0.02 sys=0.00, real=0.00 secs] 
2021-01-22T21:36:43.271+0800: 53.973: [GC (Allocation Failure) 2021-01-22T21:36:43.271+0800: 53.973: [DefNew: 139824K->39K(157248K), 0.0013162 secs] 168841K->29057K(506816K), 0.0013554 secs] [Times: user=0.00 sys=0.00, real=0.00 secs] 
2021-01-22T21:36:43.812+0800: 54.515: [GC (Allocation Failure) 2021-01-22T21:36:43.812+0800: 54.515: [DefNew: 139815K->42K(157248K), 0.0020406 secs] 168833K->29060K(506816K), 0.0020957 secs] [Times: user=0.00 sys=0.00, real=0.00 secs] 
2021-01-22T21:36:44.375+0800: 55.078: [GC (Allocation Failure) 2021-01-22T21:36:44.375+0800: 55.078: [DefNew: 139818K->40K(157248K), 0.0021232 secs] 168836K->29058K(506816K), 0.0021605 secs] [Times: user=0.00 sys=0.00, real=0.00 secs] 
2021-01-22T21:36:44.928+0800: 55.631: [GC (Allocation Failure) 2021-01-22T21:36:44.928+0800: 55.631: [DefNew: 139816K->52K(157248K), 0.0017100 secs] 168834K->29070K(506816K), 0.0017485 secs] [Times: user=0.00 sys=0.00, real=0.00 secs] 
2021-01-22T21:36:45.472+0800: 56.174: [GC (Allocation Failure) 2021-01-22T21:36:45.472+0800: 56.174: [DefNew: 139828K->52K(157248K), 0.0013677 secs] 168846K->29070K(506816K), 0.0014097 secs] [Times: user=0.00 sys=0.00, real=0.00 secs] 
2021-01-22T21:36:46.019+0800: 56.722: [GC (Allocation Failure) 2021-01-22T21:36:46.019+0800: 56.722: [DefNew: 139828K->40K(157248K), 0.0015118 secs] 168846K->29058K(506816K), 0.0015488 secs] [Times: user=0.00 sys=0.00, real=0.00 secs] 
2021-01-22T21:36:46.548+0800: 57.251: [GC (Allocation Failure) 2021-01-22T21:36:46.548+0800: 57.251: [DefNew: 139816K->39K(157248K), 0.0014713 secs] 168834K->29057K(506816K), 0.0015120 secs] [Times: user=0.00 sys=0.00, real=0.00 secs] 
2021-01-22T21:36:47.078+0800: 57.780: [GC (Allocation Failure) 2021-01-22T21:36:47.078+0800: 57.780: [DefNew: 139815K->59K(157248K), 0.0016562 secs] 168833K->29077K(506816K), 0.0017037 secs] [Times: user=0.00 sys=0.00, real=0.00 secs] 
2021-01-22T21:36:47.636+0800: 58.339: [GC (Allocation Failure) 2021-01-22T21:36:47.636+0800: 58.339: [DefNew: 139835K->43K(157248K), 0.0018625 secs] 168853K->29061K(506816K), 0.0019039 secs] [Times: user=0.02 sys=0.00, real=0.00 secs] 
2021-01-22T21:36:48.212+0800: 58.914: [GC (Allocation Failure) 2021-01-22T21:36:48.212+0800: 58.914: [DefNew: 139819K->39K(157248K), 0.0020543 secs] 168837K->29057K(506816K), 0.0021186 secs] [Times: user=0.00 sys=0.00, real=0.00 secs] 
2021-01-22T21:36:48.771+0800: 59.473: [GC (Allocation Failure) 2021-01-22T21:36:48.771+0800: 59.473: [DefNew: 139815K->43K(157248K), 0.0015805 secs] 168833K->29061K(506816K), 0.0016221 secs] [Times: user=0.00 sys=0.00, real=0.00 secs] 
2021-01-22T21:36:49.300+0800: 60.002: [GC (Allocation Failure) 2021-01-22T21:36:49.300+0800: 60.002: [DefNew: 139819K->46K(157248K), 0.0016048 secs] 168837K->29063K(506816K), 0.0016426 secs] [Times: user=0.00 sys=0.00, real=0.00 secs] 
2021-01-22T21:36:49.833+0800: 60.536: [GC (Allocation Failure) 2021-01-22T21:36:49.833+0800: 60.536: [DefNew: 139822K->39K(157248K), 0.0016549 secs] 168839K->29057K(506816K), 0.0017002 secs] [Times: user=0.00 sys=0.00, real=0.00 secs] 
2021-01-22T21:36:50.373+0800: 61.075: [GC (Allocation Failure) 2021-01-22T21:36:50.373+0800: 61.075: [DefNew: 139815K->39K(157248K), 0.0013684 secs] 168833K->29057K(506816K), 0.0014053 secs] [Times: user=0.00 sys=0.00, real=0.00 secs] 
2021-01-22T21:36:50.902+0800: 61.605: [GC (Allocation Failure) 2021-01-22T21:36:50.902+0800: 61.605: [DefNew: 139815K->65K(157248K), 0.0017934 secs] 168833K->29083K(506816K), 0.0018297 secs] [Times: user=0.02 sys=0.00, real=0.00 secs] 
2021-01-22T21:36:51.434+0800: 62.137: [GC (Allocation Failure) 2021-01-22T21:36:51.434+0800: 62.137: [DefNew: 139841K->40K(157248K), 0.0014722 secs] 168859K->29057K(506816K), 0.0015229 secs] [Times: user=0.00 sys=0.00, real=0.00 secs] 
2021-01-22T21:36:52.021+0800: 62.724: [GC (Allocation Failure) 2021-01-22T21:36:52.021+0800: 62.724: [DefNew: 139816K->39K(157248K), 0.0016866 secs] 168833K->29057K(506816K), 0.0017248 secs] [Times: user=0.00 sys=0.00, real=0.00 secs] 
2021-01-22T21:36:52.592+0800: 63.294: [GC (Allocation Failure) 2021-01-22T21:36:52.592+0800: 63.294: [DefNew: 139815K->45K(157248K), 0.0017252 secs] 168833K->29063K(506816K), 0.0017650 secs] [Times: user=0.00 sys=0.00, real=0.00 secs] 
2021-01-22T21:36:53.138+0800: 63.840: [GC (Allocation Failure) 2021-01-22T21:36:53.138+0800: 63.840: [DefNew: 139821K->55K(157248K), 0.0015225 secs] 168839K->29073K(506816K), 0.0015622 secs] [Times: user=0.00 sys=0.00, real=0.00 secs] 
2021-01-22T21:36:53.701+0800: 64.403: [GC (Allocation Failure) 2021-01-22T21:36:53.701+0800: 64.403: [DefNew: 139831K->42K(157248K), 0.0019237 secs] 168849K->29060K(506816K), 0.0019803 secs] [Times: user=0.00 sys=0.00, real=0.00 secs] 
2021-01-22T21:36:54.239+0800: 64.942: [GC (Allocation Failure) 2021-01-22T21:36:54.239+0800: 64.942: [DefNew: 139818K->58K(157248K), 0.0017183 secs] 168836K->29076K(506816K), 0.0017575 secs] [Times: user=0.00 sys=0.00, real=0.00 secs] 
2021-01-22T21:36:54.816+0800: 65.519: [GC (Allocation Failure) 2021-01-22T21:36:54.816+0800: 65.519: [DefNew: 139834K->55K(157248K), 0.0015626 secs] 168852K->29073K(506816K), 0.0016051 secs] [Times: user=0.00 sys=0.00, real=0.00 secs] 
2021-01-22T21:36:55.347+0800: 66.049: [GC (Allocation Failure) 2021-01-22T21:36:55.347+0800: 66.049: [DefNew: 139831K->58K(157248K), 0.0019608 secs] 168849K->29075K(506816K), 0.0020038 secs] [Times: user=0.00 sys=0.00, real=0.00 secs] 
2021-01-22T21:36:55.894+0800: 66.597: [GC (Allocation Failure) 2021-01-22T21:36:55.894+0800: 66.597: [DefNew: 139834K->56K(157248K), 0.0018686 secs] 168851K->29074K(506816K), 0.0019067 secs] [Times: user=0.00 sys=0.00, real=0.00 secs] 
2021-01-22T21:36:56.421+0800: 67.123: [GC (Allocation Failure) 2021-01-22T21:36:56.421+0800: 67.123: [DefNew: 139826K->56K(157248K), 0.0018788 secs] 168844K->29074K(506816K), 0.0019198 secs] [Times: user=0.00 sys=0.00, real=0.00 secs] 
2021-01-22T21:36:56.961+0800: 67.664: [GC (Allocation Failure) 2021-01-22T21:36:56.961+0800: 67.664: [DefNew: 139832K->54K(157248K), 0.0013546 secs] 168850K->29072K(506816K), 0.0013945 secs] [Times: user=0.00 sys=0.00, real=0.00 secs] 
2021-01-22T21:36:57.500+0800: 68.203: [GC (Allocation Failure) 2021-01-22T21:36:57.500+0800: 68.203: [DefNew: 139826K->57K(157248K), 0.0019593 secs] 168844K->29075K(506816K), 0.0020021 secs] [Times: user=0.00 sys=0.00, real=0.00 secs] 
2021-01-22T21:36:58.047+0800: 68.750: [GC (Allocation Failure) 2021-01-22T21:36:58.047+0800: 68.750: [DefNew: 139833K->42K(157248K), 0.0013187 secs] 168851K->29060K(506816K), 0.0013578 secs] [Times: user=0.00 sys=0.00, real=0.00 secs] 
2021-01-22T21:36:58.583+0800: 69.285: [GC (Allocation Failure) 2021-01-22T21:36:58.583+0800: 69.285: [DefNew: 139818K->41K(157248K), 0.0015855 secs] 168836K->29059K(506816K), 0.0016261 secs] [Times: user=0.00 sys=0.00, real=0.00 secs] 
2021-01-22T21:36:59.128+0800: 69.831: [GC (Allocation Failure) 2021-01-22T21:36:59.128+0800: 69.831: [DefNew: 139817K->43K(157248K), 0.0015049 secs] 168835K->29061K(506816K), 0.0015517 secs] [Times: user=0.00 sys=0.00, real=0.00 secs] 
2021-01-22T21:36:59.661+0800: 70.364: [GC (Allocation Failure) 2021-01-22T21:36:59.661+0800: 70.364: [DefNew: 139819K->43K(157248K), 0.0015115 secs] 168837K->29061K(506816K), 0.0015490 secs] [Times: user=0.00 sys=0.00, real=0.00 secs] 
2021-01-22T21:37:00.196+0800: 70.898: [GC (Allocation Failure) 2021-01-22T21:37:00.196+0800: 70.898: [DefNew: 139819K->45K(157248K), 0.0013657 secs] 168837K->29063K(506816K), 0.0014058 secs] [Times: user=0.00 sys=0.00, real=0.00 secs] 
2021-01-22T21:37:00.730+0800: 71.433: [GC (Allocation Failure) 2021-01-22T21:37:00.730+0800: 71.433: [DefNew: 139821K->41K(157248K), 0.0015930 secs] 168839K->29062K(506816K), 0.0016365 secs] [Times: user=0.01 sys=0.00, real=0.00 secs] 
2021-01-22T21:37:01.272+0800: 71.974: [GC (Allocation Failure) 2021-01-22T21:37:01.272+0800: 71.974: [DefNew: 139817K->42K(157248K), 0.0015435 secs] 168838K->29063K(506816K), 0.0015956 secs] [Times: user=0.00 sys=0.00, real=0.00 secs] 
2021-01-22T21:37:01.796+0800: 72.499: [GC (Allocation Failure) 2021-01-22T21:37:01.796+0800: 72.499: [DefNew: 139818K->41K(157248K), 0.0014612 secs] 168839K->29061K(506816K), 0.0015003 secs] [Times: user=0.00 sys=0.00, real=0.00 secs] 
2021-01-22T21:37:02.325+0800: 73.027: [GC (Allocation Failure) 2021-01-22T21:37:02.325+0800: 73.027: [DefNew: 139817K->54K(157248K), 0.0019851 secs] 168837K->29074K(506816K), 0.0020553 secs] [Times: user=0.00 sys=0.00, real=0.00 secs] 
2021-01-22T21:37:02.856+0800: 73.559: [GC (Allocation Failure) 2021-01-22T21:37:02.856+0800: 73.559: [DefNew: 139830K->55K(157248K), 0.0019137 secs] 168850K->29076K(506816K), 0.0019630 secs] [Times: user=0.00 sys=0.00, real=0.00 secs] 
2021-01-22T21:37:03.385+0800: 74.088: [GC (Allocation Failure) 2021-01-22T21:37:03.385+0800: 74.088: [DefNew: 139831K->44K(157248K), 0.0015970 secs] 168852K->29066K(506816K), 0.0016332 secs] [Times: user=0.00 sys=0.00, real=0.00 secs] 
2021-01-22T21:37:03.950+0800: 74.652: [GC (Allocation Failure) 2021-01-22T21:37:03.950+0800: 74.652: [DefNew: 139820K->52K(157248K), 0.0015357 secs] 168842K->29073K(506816K), 0.0015897 secs] [Times: user=0.02 sys=0.00, real=0.00 secs] 
2021-01-22T21:37:04.499+0800: 75.201: [GC (Allocation Failure) 2021-01-22T21:37:04.499+0800: 75.201: [DefNew: 139828K->37K(157248K), 0.0020684 secs] 168849K->29058K(506816K), 0.0021135 secs] [Times: user=0.00 sys=0.00, real=0.00 secs] 
2021-01-22T21:37:05.057+0800: 75.759: [GC (Allocation Failure) 2021-01-22T21:37:05.057+0800: 75.759: [DefNew: 139813K->40K(157248K), 0.0018980 secs] 168834K->29062K(506816K), 0.0019426 secs] [Times: user=0.00 sys=0.00, real=0.00 secs] 
2021-01-22T21:37:05.582+0800: 76.285: [GC (Allocation Failure) 2021-01-22T21:37:05.582+0800: 76.285: [DefNew: 139816K->52K(157248K), 0.0019859 secs] 168838K->29074K(506816K), 0.0020363 secs] [Times: user=0.00 sys=0.00, real=0.00 secs] 
2021-01-22T21:37:06.117+0800: 76.819: [GC (Allocation Failure) 2021-01-22T21:37:06.117+0800: 76.819: [DefNew: 139828K->39K(157248K), 0.0013579 secs] 168850K->29060K(506816K), 0.0013927 secs] [Times: user=0.00 sys=0.00, real=0.00 secs] 
2021-01-22T21:37:06.647+0800: 77.349: [GC (Allocation Failure) 2021-01-22T21:37:06.647+0800: 77.349: [DefNew: 139815K->63K(157248K), 0.0016686 secs] 168836K->29085K(506816K), 0.0017066 secs] [Times: user=0.00 sys=0.00, real=0.00 secs] 
2021-01-22T21:37:07.213+0800: 77.915: [GC (Allocation Failure) 2021-01-22T21:37:07.213+0800: 77.915: [DefNew: 139839K->55K(157248K), 0.0015680 secs] 168861K->29077K(506816K), 0.0016023 secs] [Times: user=0.00 sys=0.00, real=0.00 secs] 
2021-01-22T21:37:07.743+0800: 78.446: [GC (Allocation Failure) 2021-01-22T21:37:07.743+0800: 78.446: [DefNew: 139831K->36K(157248K), 0.0017277 secs] 168853K->29058K(506816K), 0.0018115 secs] [Times: user=0.00 sys=0.00, real=0.00 secs] 
2021-01-22T21:37:08.278+0800: 78.980: [GC (Allocation Failure) 2021-01-22T21:37:08.278+0800: 78.980: [DefNew: 139812K->36K(157248K), 0.0015690 secs] 168834K->29059K(506816K), 0.0016178 secs] [Times: user=0.00 sys=0.00, real=0.00 secs] 
2021-01-22T21:37:08.819+0800: 79.521: [GC (Allocation Failure) 2021-01-22T21:37:08.819+0800: 79.521: [DefNew: 139812K->53K(157248K), 0.0015454 secs] 168835K->29075K(506816K), 0.0015857 secs] [Times: user=0.00 sys=0.00, real=0.00 secs] 
2021-01-22T21:37:09.375+0800: 80.078: [GC (Allocation Failure) 2021-01-22T21:37:09.375+0800: 80.078: [DefNew: 139829K->71K(157248K), 0.0018004 secs] 168851K->29093K(506816K), 0.0018430 secs] [Times: user=0.00 sys=0.00, real=0.00 secs] 
2021-01-22T21:37:09.915+0800: 80.617: [GC (Allocation Failure) 2021-01-22T21:37:09.915+0800: 80.617: [DefNew: 139847K->51K(157248K), 0.0016099 secs] 168869K->29073K(506816K), 0.0016514 secs] [Times: user=0.00 sys=0.00, real=0.00 secs] 
2021-01-22T21:37:10.467+0800: 81.169: [GC (Allocation Failure) 2021-01-22T21:37:10.467+0800: 81.169: [DefNew: 139827K->39K(157248K), 0.0014289 secs] 168849K->29062K(506816K), 0.0014671 secs] [Times: user=0.00 sys=0.00, real=0.00 secs] 
2021-01-22T21:37:10.995+0800: 81.697: [GC (Allocation Failure) 2021-01-22T21:37:10.995+0800: 81.697: [DefNew: 139810K->40K(157248K), 0.0013148 secs] 168832K->29063K(506816K), 0.0013481 secs] [Times: user=0.00 sys=0.00, real=0.00 secs] 
2021-01-22T21:37:11.531+0800: 82.234: [GC (Allocation Failure) 2021-01-22T21:37:11.531+0800: 82.234: [DefNew: 139816K->40K(157248K), 0.0015379 secs] 168839K->29063K(506816K), 0.0016287 secs] [Times: user=0.00 sys=0.00, real=0.00 secs] 
2021-01-22T21:37:12.080+0800: 82.782: [GC (Allocation Failure) 2021-01-22T21:37:12.080+0800: 82.782: [DefNew: 139816K->42K(157248K), 0.0014144 secs] 168839K->29065K(506816K), 0.0014591 secs] [Times: user=0.00 sys=0.00, real=0.00 secs] 
2021-01-22T21:37:12.606+0800: 83.309: [GC (Allocation Failure) 2021-01-22T21:37:12.606+0800: 83.309: [DefNew: 139818K->42K(157248K), 0.0016344 secs] 168841K->29065K(506816K), 0.0016699 secs] [Times: user=0.00 sys=0.00, real=0.00 secs] 
2021-01-22T21:37:13.147+0800: 83.850: [GC (Allocation Failure) 2021-01-22T21:37:13.147+0800: 83.850: [DefNew: 139818K->41K(157248K), 0.0016269 secs] 168841K->29064K(506816K), 0.0016633 secs] [Times: user=0.00 sys=0.00, real=0.00 secs] 
2021-01-22T21:37:13.694+0800: 84.397: [GC (Allocation Failure) 2021-01-22T21:37:13.694+0800: 84.397: [DefNew: 139817K->64K(157248K), 0.0015971 secs] 168840K->29086K(506816K), 0.0016373 secs] [Times: user=0.00 sys=0.00, real=0.00 secs] 
2021-01-22T21:37:14.230+0800: 84.932: [GC (Allocation Failure) 2021-01-22T21:37:14.230+0800: 84.932: [DefNew: 139840K->51K(157248K), 0.0017940 secs] 168862K->29074K(506816K), 0.0018540 secs] [Times: user=0.02 sys=0.00, real=0.00 secs] 
2021-01-22T21:37:14.768+0800: 85.470: [GC (Allocation Failure) 2021-01-22T21:37:14.768+0800: 85.470: [DefNew: 139827K->41K(157248K), 0.0014530 secs] 168850K->29063K(506816K), 0.0014974 secs] [Times: user=0.00 sys=0.00, real=0.00 secs] 
2021-01-22T21:37:15.290+0800: 85.993: [GC (Allocation Failure) 2021-01-22T21:37:15.290+0800: 85.993: [DefNew: 139817K->38K(157248K), 0.0013970 secs] 168839K->29061K(506816K), 0.0014329 secs] [Times: user=0.00 sys=0.00, real=0.00 secs] 
2021-01-22T21:37:15.824+0800: 86.526: [GC (Allocation Failure) 2021-01-22T21:37:15.824+0800: 86.526: [DefNew: 139814K->42K(157248K), 0.0015545 secs] 168837K->29064K(506816K), 0.0016152 secs] [Times: user=0.02 sys=0.00, real=0.00 secs] 
2021-01-22T21:37:16.424+0800: 87.127: [GC (Allocation Failure) 2021-01-22T21:37:16.424+0800: 87.127: [DefNew: 139818K->36K(157248K), 0.0015899 secs] 168840K->29059K(506816K), 0.0016340 secs] [Times: user=0.00 sys=0.00, real=0.00 secs] 
2021-01-22T21:37:16.968+0800: 87.670: [GC (Allocation Failure) 2021-01-22T21:37:16.968+0800: 87.670: [DefNew: 139812K->40K(157248K), 0.0017387 secs] 168835K->29062K(506816K), 0.0017764 secs] [Times: user=0.00 sys=0.00, real=0.00 secs] 
2021-01-22T21:37:17.502+0800: 88.205: [GC (Allocation Failure) 2021-01-22T21:37:17.502+0800: 88.205: [DefNew: 139816K->37K(157248K), 0.0013203 secs] 168838K->29060K(506816K), 0.0013532 secs] [Times: user=0.00 sys=0.00, real=0.00 secs] 
2021-01-22T21:37:18.037+0800: 88.739: [GC (Allocation Failure) 2021-01-22T21:37:18.037+0800: 88.739: [DefNew: 139813K->39K(157248K), 0.0015941 secs] 168836K->29062K(506816K), 0.0016303 secs] [Times: user=0.00 sys=0.00, real=0.00 secs] 
2021-01-22T21:37:18.577+0800: 89.280: [GC (Allocation Failure) 2021-01-22T21:37:18.577+0800: 89.280: [DefNew: 139815K->41K(157248K), 0.0017725 secs] 168838K->29063K(506816K), 0.0018217 secs] [Times: user=0.00 sys=0.00, real=0.00 secs] 
2021-01-22T21:37:19.135+0800: 89.837: [GC (Allocation Failure) 2021-01-22T21:37:19.135+0800: 89.837: [DefNew: 139817K->50K(157248K), 0.0015414 secs] 168839K->29073K(506816K), 0.0015841 secs] [Times: user=0.00 sys=0.00, real=0.00 secs] 
2021-01-22T21:37:19.700+0800: 90.403: [GC (Allocation Failure) 2021-01-22T21:37:19.700+0800: 90.403: [DefNew: 139826K->40K(157248K), 0.0018301 secs] 168849K->29063K(506816K), 0.0018874 secs] [Times: user=0.00 sys=0.00, real=0.00 secs] 
2021-01-22T21:37:20.249+0800: 90.952: [GC (Allocation Failure) 2021-01-22T21:37:20.249+0800: 90.952: [DefNew: 139816K->52K(157248K), 0.0013270 secs] 168839K->29075K(506816K), 0.0013609 secs] [Times: user=0.00 sys=0.00, real=0.00 secs] 
2021-01-22T21:37:20.777+0800: 91.479: [GC (Allocation Failure) 2021-01-22T21:37:20.777+0800: 91.479: [DefNew: 139828K->40K(157248K), 0.0015144 secs] 168851K->29062K(506816K), 0.0015685 secs] [Times: user=0.02 sys=0.00, real=0.00 secs] 
2021-01-22T21:37:21.324+0800: 92.027: [GC (Allocation Failure) 2021-01-22T21:37:21.324+0800: 92.027: [DefNew: 139816K->38K(157248K), 0.0019934 secs] 168838K->29061K(506816K), 0.0020345 secs] [Times: user=0.01 sys=0.00, real=0.00 secs] 
2021-01-22T21:37:21.860+0800: 92.562: [GC (Allocation Failure) 2021-01-22T21:37:21.860+0800: 92.562: [DefNew: 139814K->53K(157248K), 0.0016985 secs] 168837K->29076K(506816K), 0.0017411 secs] [Times: user=0.00 sys=0.00, real=0.00 secs] 
2021-01-22T21:37:22.423+0800: 93.125: [GC (Allocation Failure) 2021-01-22T21:37:22.423+0800: 93.125: [DefNew: 139829K->51K(157248K), 0.0015651 secs] 168852K->29074K(506816K), 0.0016080 secs] [Times: user=0.00 sys=0.00, real=0.00 secs] 
2021-01-22T21:37:22.963+0800: 93.665: [GC (Allocation Failure) 2021-01-22T21:37:22.963+0800: 93.665: [DefNew: 139827K->47K(157248K), 0.0016057 secs] 168850K->29070K(506816K), 0.0016398 secs] [Times: user=0.00 sys=0.00, real=0.00 secs] 
2021-01-22T21:37:23.501+0800: 94.204: [GC (Allocation Failure) 2021-01-22T21:37:23.501+0800: 94.204: [DefNew: 139823K->51K(157248K), 0.0015248 secs] 168846K->29074K(506816K), 0.0015688 secs] [Times: user=0.00 sys=0.00, real=0.00 secs] 
2021-01-22T21:37:24.044+0800: 94.746: [GC (Allocation Failure) 2021-01-22T21:37:24.044+0800: 94.746: [DefNew: 139827K->39K(157248K), 0.0017006 secs] 168850K->29061K(506816K), 0.0017574 secs] [Times: user=0.00 sys=0.00, real=0.00 secs] 
2021-01-22T21:37:24.600+0800: 95.303: [GC (Allocation Failure) 2021-01-22T21:37:24.600+0800: 95.303: [DefNew: 139815K->43K(157248K), 0.0016994 secs] 168837K->29066K(506816K), 0.0017639 secs] [Times: user=0.00 sys=0.00, real=0.00 secs] 
2021-01-22T21:37:25.170+0800: 95.873: [GC (Allocation Failure) 2021-01-22T21:37:25.170+0800: 95.873: [DefNew: 139819K->56K(157248K), 0.0016595 secs] 168842K->29079K(506816K), 0.0016991 secs] [Times: user=0.00 sys=0.00, real=0.00 secs] 
2021-01-22T21:37:25.781+0800: 96.484: [GC (Allocation Failure) 2021-01-22T21:37:25.781+0800: 96.484: [DefNew: 139832K->51K(157248K), 0.0015717 secs] 168855K->29074K(506816K), 0.0016291 secs] [Times: user=0.00 sys=0.00, real=0.00 secs] 
2021-01-22T21:37:26.410+0800: 97.113: [GC (Allocation Failure) 2021-01-22T21:37:26.410+0800: 97.113: [DefNew: 139827K->36K(157248K), 0.0016592 secs] 168850K->29059K(506816K), 0.0017073 secs] [Times: user=0.00 sys=0.00, real=0.00 secs] 
2021-01-22T21:37:26.947+0800: 97.650: [GC (Allocation Failure) 2021-01-22T21:37:26.947+0800: 97.650: [DefNew: 139812K->36K(157248K), 0.0018443 secs] 168835K->29059K(506816K), 0.0019018 secs] [Times: user=0.00 sys=0.00, real=0.00 secs] 
2021-01-22T21:37:27.485+0800: 98.187: [GC (Allocation Failure) 2021-01-22T21:37:27.485+0800: 98.187: [DefNew: 139812K->40K(157248K), 0.0014117 secs] 168835K->29062K(506816K), 0.0014492 secs] [Times: user=0.00 sys=0.00, real=0.00 secs] 
2021-01-22T21:37:28.027+0800: 98.730: [GC (Allocation Failure) 2021-01-22T21:37:28.027+0800: 98.730: [DefNew: 139816K->40K(157248K), 0.0019965 secs] 168838K->29063K(506816K), 0.0020518 secs] [Times: user=0.02 sys=0.00, real=0.00 secs] 
2021-01-22T21:37:28.613+0800: 99.315: [GC (Allocation Failure) 2021-01-22T21:37:28.613+0800: 99.315: [DefNew: 139816K->40K(157248K), 0.0018453 secs] 168839K->29063K(506816K), 0.0018846 secs] [Times: user=0.00 sys=0.00, real=0.00 secs] 
2021-01-22T21:37:29.143+0800: 99.845: [GC (Allocation Failure) 2021-01-22T21:37:29.143+0800: 99.846: [DefNew: 139816K->40K(157248K), 0.0016974 secs] 168839K->29063K(506816K), 0.0017402 secs] [Times: user=0.00 sys=0.00, real=0.00 secs] 
2021-01-22T21:37:29.680+0800: 100.382: [GC (Allocation Failure) 2021-01-22T21:37:29.680+0800: 100.382: [DefNew: 139816K->38K(157248K), 0.0014557 secs] 168839K->29061K(506816K), 0.0014979 secs] [Times: user=0.00 sys=0.00, real=0.00 secs] 
2021-01-22T21:37:30.206+0800: 100.909: [GC (Allocation Failure) 2021-01-22T21:37:30.206+0800: 100.909: [DefNew: 139814K->38K(157248K), 0.0018731 secs] 168837K->29061K(506816K), 0.0019233 secs] [Times: user=0.00 sys=0.00, real=0.00 secs] 
2021-01-22T21:37:30.743+0800: 101.445: [GC (Allocation Failure) 2021-01-22T21:37:30.743+0800: 101.445: [DefNew: 139814K->40K(157248K), 0.0017805 secs] 168837K->29063K(506816K), 0.0018620 secs] [Times: user=0.00 sys=0.00, real=0.00 secs] 
2021-01-22T21:37:31.298+0800: 102.001: [GC (Allocation Failure) 2021-01-22T21:37:31.298+0800: 102.001: [DefNew: 139816K->37K(157248K), 0.0014586 secs] 168839K->29060K(506816K), 0.0014988 secs] [Times: user=0.00 sys=0.00, real=0.00 secs] 
2021-01-22T21:37:31.850+0800: 102.552: [GC (Allocation Failure) 2021-01-22T21:37:31.850+0800: 102.552: [DefNew: 139813K->39K(157248K), 0.0013201 secs] 168836K->29062K(506816K), 0.0013560 secs] [Times: user=0.00 sys=0.00, real=0.00 secs] 
2021-01-22T21:37:32.386+0800: 103.089: [GC (Allocation Failure) 2021-01-22T21:37:32.386+0800: 103.089: [DefNew: 139815K->52K(157248K), 0.0015996 secs] 168838K->29075K(506816K), 0.0016413 secs] [Times: user=0.02 sys=0.00, real=0.00 secs] 
2021-01-22T21:37:32.915+0800: 103.617: [GC (Allocation Failure) 2021-01-22T21:37:32.915+0800: 103.617: [DefNew: 139828K->54K(157248K), 0.0015544 secs] 168851K->29077K(506816K), 0.0016057 secs] [Times: user=0.00 sys=0.00, real=0.00 secs] 
2021-01-22T21:37:33.453+0800: 104.155: [GC (Allocation Failure) 2021-01-22T21:37:33.453+0800: 104.155: [DefNew: 139830K->53K(157248K), 0.0018158 secs] 168853K->29076K(506816K), 0.0018582 secs] [Times: user=0.00 sys=0.00, real=0.00 secs] 
2021-01-22T21:37:33.992+0800: 104.694: [GC (Allocation Failure) 2021-01-22T21:37:33.992+0800: 104.694: [DefNew: 139829K->51K(157248K), 0.0016848 secs] 168852K->29074K(506816K), 0.0017200 secs] [Times: user=0.00 sys=0.00, real=0.00 secs] 
2021-01-22T21:37:34.590+0800: 105.292: [GC (Allocation Failure) 2021-01-22T21:37:34.590+0800: 105.292: [DefNew: 139827K->44K(157248K), 0.0022527 secs] 168850K->29067K(506816K), 0.0023240 secs] [Times: user=0.02 sys=0.00, real=0.00 secs] 
2021-01-22T21:37:35.118+0800: 105.821: [GC (Allocation Failure) 2021-01-22T21:37:35.118+0800: 105.821: [DefNew: 139820K->48K(157248K), 0.0014898 secs] 168843K->29071K(506816K), 0.0015274 secs] [Times: user=0.00 sys=0.00, real=0.00 secs] 
2021-01-22T21:37:35.649+0800: 106.351: [GC (Allocation Failure) 2021-01-22T21:37:35.649+0800: 106.351: [DefNew: 139824K->56K(157248K), 0.0019582 secs] 168847K->29079K(506816K), 0.0020032 secs] [Times: user=0.00 sys=0.00, real=0.00 secs] 
2021-01-22T21:37:36.196+0800: 106.899: [GC (Allocation Failure) 2021-01-22T21:37:36.196+0800: 106.899: [DefNew: 139832K->41K(157248K), 0.0014578 secs] 168855K->29064K(506816K), 0.0014955 secs] [Times: user=0.00 sys=0.00, real=0.00 secs] 
2021-01-22T21:37:36.729+0800: 107.431: [GC (Allocation Failure) 2021-01-22T21:37:36.729+0800: 107.432: [DefNew: 139817K->49K(157248K), 0.0017992 secs] 168840K->29072K(506816K), 0.0018430 secs] [Times: user=0.02 sys=0.00, real=0.00 secs] 
2021-01-22T21:37:37.264+0800: 107.967: [GC (Allocation Failure) 2021-01-22T21:37:37.264+0800: 107.967: [DefNew: 139825K->51K(157248K), 0.0014179 secs] 168848K->29073K(506816K), 0.0014589 secs] [Times: user=0.00 sys=0.00, real=0.00 secs] 
2021-01-22T21:37:37.835+0800: 108.537: [GC (Allocation Failure) 2021-01-22T21:37:37.835+0800: 108.537: [DefNew: 139827K->44K(157248K), 0.0016592 secs] 168849K->29067K(506816K), 0.0016973 secs] [Times: user=0.00 sys=0.00, real=0.00 secs] 
2021-01-22T21:37:38.368+0800: 109.070: [GC (Allocation Failure) 2021-01-22T21:37:38.368+0800: 109.070: [DefNew: 139820K->76K(157248K), 0.0015593 secs] 168843K->29099K(506816K), 0.0016027 secs] [Times: user=0.00 sys=0.00, real=0.00 secs] 
2021-01-22T21:37:38.913+0800: 109.616: [GC (Allocation Failure) 2021-01-22T21:37:38.913+0800: 109.616: [DefNew: 139852K->40K(157248K), 0.0017354 secs] 168875K->29063K(506816K), 0.0017881 secs] [Times: user=0.00 sys=0.00, real=0.00 secs] 
2021-01-22T21:37:39.450+0800: 110.152: [GC (Allocation Failure) 2021-01-22T21:37:39.450+0800: 110.152: [DefNew: 139816K->53K(157248K), 0.0019203 secs] 168839K->29076K(506816K), 0.0019607 secs] [Times: user=0.00 sys=0.00, real=0.00 secs] 
2021-01-22T21:37:39.997+0800: 110.700: [GC (Allocation Failure) 2021-01-22T21:37:39.997+0800: 110.700: [DefNew: 139829K->40K(157248K), 0.0015573 secs] 168852K->29063K(506816K), 0.0015980 secs] [Times: user=0.00 sys=0.00, real=0.00 secs] 
2021-01-22T21:37:40.578+0800: 111.280: [GC (Allocation Failure) 2021-01-22T21:37:40.578+0800: 111.280: [DefNew: 139816K->40K(157248K), 0.0017422 secs] 168839K->29063K(506816K), 0.0017786 secs] [Times: user=0.00 sys=0.00, real=0.00 secs] 
2021-01-22T21:37:41.133+0800: 111.836: [GC (Allocation Failure) 2021-01-22T21:37:41.133+0800: 111.836: [DefNew: 139816K->39K(157248K), 0.0015580 secs] 168839K->29062K(506816K), 0.0015943 secs] [Times: user=0.00 sys=0.00, real=0.00 secs] 
2021-01-22T21:37:41.682+0800: 112.384: [GC (Allocation Failure) 2021-01-22T21:37:41.682+0800: 112.384: [DefNew: 139815K->51K(157248K), 0.0015957 secs] 168838K->29074K(506816K), 0.0016362 secs] [Times: user=0.00 sys=0.00, real=0.00 secs] 
2021-01-22T21:37:42.212+0800: 112.914: [GC (Allocation Failure) 2021-01-22T21:37:42.212+0800: 112.914: [DefNew: 139827K->51K(157248K), 0.0015790 secs] 168850K->29074K(506816K), 0.0016235 secs] [Times: user=0.00 sys=0.00, real=0.00 secs] 
2021-01-22T21:37:42.738+0800: 113.440: [GC (Allocation Failure) 2021-01-22T21:37:42.738+0800: 113.440: [DefNew: 139827K->39K(157248K), 0.0015456 secs] 168850K->29062K(506816K), 0.0015835 secs] [Times: user=0.00 sys=0.00, real=0.00 secs] 
2021-01-22T21:37:43.272+0800: 113.974: [GC (Allocation Failure) 2021-01-22T21:37:43.272+0800: 113.974: [DefNew: 139815K->56K(157248K), 0.0014175 secs] 168838K->29079K(506816K), 0.0014644 secs] [Times: user=0.00 sys=0.00, real=0.00 secs] 
2021-01-22T21:37:43.841+0800: 114.543: [GC (Allocation Failure) 2021-01-22T21:37:43.841+0800: 114.543: [DefNew: 139832K->51K(157248K), 0.0018014 secs] 168855K->29075K(506816K), 0.0018443 secs] [Times: user=0.00 sys=0.00, real=0.00 secs] 
2021-01-22T21:37:44.394+0800: 115.097: [GC (Allocation Failure) 2021-01-22T21:37:44.394+0800: 115.097: [DefNew: 139827K->61K(157248K), 0.0015098 secs] 168851K->29084K(506816K), 0.0015542 secs] [Times: user=0.00 sys=0.00, real=0.00 secs] 
2021-01-22T21:37:44.952+0800: 115.655: [GC (Allocation Failure) 2021-01-22T21:37:44.953+0800: 115.655: [DefNew: 139837K->55K(157248K), 0.0015152 secs] 168860K->29079K(506816K), 0.0015478 secs] [Times: user=0.00 sys=0.00, real=0.00 secs] 
2021-01-22T21:37:45.502+0800: 116.205: [GC (Allocation Failure) 2021-01-22T21:37:45.502+0800: 116.205: [DefNew: 139831K->68K(157248K), 0.0019777 secs] 168855K->29091K(506816K), 0.0020311 secs] [Times: user=0.00 sys=0.00, real=0.00 secs] 
2021-01-22T21:37:46.045+0800: 116.747: [GC (Allocation Failure) 2021-01-22T21:37:46.045+0800: 116.747: [DefNew: 139844K->36K(157248K), 0.0015082 secs] 168867K->29060K(506816K), 0.0015530 secs] [Times: user=0.00 sys=0.00, real=0.00 secs] 
2021-01-22T21:37:46.609+0800: 117.312: [GC (Allocation Failure) 2021-01-22T21:37:46.609+0800: 117.312: [DefNew: 139812K->52K(157248K), 0.0018800 secs] 168836K->29076K(506816K), 0.0019364 secs] [Times: user=0.00 sys=0.00, real=0.00 secs] 
2021-01-22T21:37:47.168+0800: 117.871: [GC (Allocation Failure) 2021-01-22T21:37:47.168+0800: 117.871: [DefNew: 139828K->60K(157248K), 0.0015836 secs] 168852K->29084K(506816K), 0.0016335 secs] [Times: user=0.02 sys=0.00, real=0.00 secs] 
2021-01-22T21:37:47.711+0800: 118.412: [GC (Allocation Failure) 2021-01-22T21:37:47.711+0800: 118.413: [DefNew: 139836K->40K(157248K), 0.0015752 secs] 168860K->29063K(506816K), 0.0016123 secs] [Times: user=0.00 sys=0.00, real=0.00 secs] 
2021-01-22T21:37:48.256+0800: 118.959: [GC (Allocation Failure) 2021-01-22T21:37:48.256+0800: 118.959: [DefNew: 139816K->36K(157248K), 0.0016098 secs] 168839K->29059K(506816K), 0.0016508 secs] [Times: user=0.00 sys=0.00, real=0.00 secs] 
2021-01-22T21:37:48.798+0800: 119.500: [GC (Allocation Failure) 2021-01-22T21:37:48.798+0800: 119.500: [DefNew: 139812K->40K(157248K), 0.0014430 secs] 168835K->29064K(506816K), 0.0014838 secs] [Times: user=0.00 sys=0.00, real=0.00 secs] 
2021-01-22T21:37:49.327+0800: 120.030: [GC (Allocation Failure) 2021-01-22T21:37:49.327+0800: 120.030: [DefNew: 139816K->40K(157248K), 0.0018222 secs] 168840K->29064K(506816K), 0.0018671 secs] [Times: user=0.00 sys=0.00, real=0.00 secs] 
2021-01-22T21:37:49.929+0800: 120.632: [GC (Allocation Failure) 2021-01-22T21:37:49.930+0800: 120.632: [DefNew: 139816K->52K(157248K), 0.0017674 secs] 168840K->29076K(506816K), 0.0018058 secs] [Times: user=0.00 sys=0.00, real=0.00 secs] 
2021-01-22T21:37:50.488+0800: 121.190: [GC (Allocation Failure) 2021-01-22T21:37:50.488+0800: 121.190: [DefNew: 139828K->50K(157248K), 0.0016490 secs] 168852K->29074K(506816K), 0.0016919 secs] [Times: user=0.00 sys=0.00, real=0.00 secs] 
2021-01-22T21:37:51.035+0800: 121.737: [GC (Allocation Failure) 2021-01-22T21:37:51.035+0800: 121.737: [DefNew: 139826K->51K(157248K), 0.0015671 secs] 168850K->29075K(506816K), 0.0016080 secs] [Times: user=0.00 sys=0.00, real=0.00 secs] 
2021-01-22T21:37:51.579+0800: 122.282: [GC (Allocation Failure) 2021-01-22T21:37:51.579+0800: 122.282: [DefNew: 139827K->43K(157248K), 0.0014853 secs] 168851K->29067K(506816K), 0.0015244 secs] [Times: user=0.00 sys=0.00, real=0.00 secs] 
2021-01-22T21:37:52.129+0800: 122.831: [GC (Allocation Failure) 2021-01-22T21:37:52.129+0800: 122.831: [DefNew: 139819K->52K(157248K), 0.0016423 secs] 168843K->29076K(506816K), 0.0016954 secs] [Times: user=0.00 sys=0.00, real=0.00 secs] 
2021-01-22T21:37:52.679+0800: 123.382: [GC (Allocation Failure) 2021-01-22T21:37:52.679+0800: 123.382: [DefNew: 139828K->112K(157248K), 0.0019511 secs] 168852K->29136K(506816K), 0.0020091 secs] [Times: user=0.00 sys=0.00, real=0.00 secs] 
2021-01-22T21:37:53.250+0800: 123.952: [GC (Allocation Failure) 2021-01-22T21:37:53.250+0800: 123.952: [DefNew: 139888K->39K(157248K), 0.0017464 secs] 168912K->29063K(506816K), 0.0017911 secs] [Times: user=0.00 sys=0.00, real=0.00 secs] 
2021-01-22T21:37:53.802+0800: 124.505: [GC (Allocation Failure) 2021-01-22T21:37:53.802+0800: 124.505: [DefNew: 139815K->52K(157248K), 0.0016026 secs] 168839K->29076K(506816K), 0.0016450 secs] [Times: user=0.00 sys=0.00, real=0.00 secs] 
2021-01-22T21:37:54.360+0800: 125.062: [GC (Allocation Failure) 2021-01-22T21:37:54.360+0800: 125.062: [DefNew: 139828K->40K(157248K), 0.0015214 secs] 168852K->29064K(506816K), 0.0015623 secs] [Times: user=0.00 sys=0.00, real=0.00 secs] 
2021-01-22T21:37:54.916+0800: 125.618: [GC (Allocation Failure) 2021-01-22T21:37:54.916+0800: 125.618: [DefNew: 139816K->39K(157248K), 0.0017136 secs] 168840K->29063K(506816K), 0.0017639 secs] [Times: user=0.00 sys=0.00, real=0.00 secs] 
2021-01-22T21:37:55.448+0800: 126.150: [GC (Allocation Failure) 2021-01-22T21:37:55.448+0800: 126.150: [DefNew: 139815K->39K(157248K), 0.0015578 secs] 168839K->29063K(506816K), 0.0016007 secs] [Times: user=0.00 sys=0.00, real=0.00 secs] 
2021-01-22T21:37:56.050+0800: 126.752: [GC (Allocation Failure) 2021-01-22T21:37:56.050+0800: 126.752: [DefNew: 139815K->76K(157248K), 0.0017567 secs] 168839K->29100K(506816K), 0.0018082 secs] [Times: user=0.00 sys=0.00, real=0.00 secs] 
2021-01-22T21:37:56.601+0800: 127.303: [GC (Allocation Failure) 2021-01-22T21:37:56.601+0800: 127.303: [DefNew: 139852K->46K(157248K), 0.0013263 secs] 168876K->29070K(506816K), 0.0013611 secs] [Times: user=0.00 sys=0.00, real=0.00 secs] 
2021-01-22T21:37:57.147+0800: 127.849: [GC (Allocation Failure) 2021-01-22T21:37:57.147+0800: 127.849: [DefNew: 139822K->65K(157248K), 0.0014836 secs] 168846K->29089K(506816K), 0.0015196 secs] [Times: user=0.00 sys=0.00, real=0.00 secs] 
2021-01-22T21:37:57.695+0800: 128.397: [GC (Allocation Failure) 2021-01-22T21:37:57.695+0800: 128.397: [DefNew: 139841K->38K(157248K), 0.0014937 secs] 168865K->29062K(506816K), 0.0015344 secs] [Times: user=0.00 sys=0.00, real=0.00 secs] 
2021-01-22T21:37:58.239+0800: 128.941: [GC (Allocation Failure) 2021-01-22T21:37:58.239+0800: 128.941: [DefNew: 139814K->56K(157248K), 0.0017964 secs] 168838K->29080K(506816K), 0.0018489 secs] [Times: user=0.00 sys=0.00, real=0.00 secs] 
2021-01-22T21:37:58.813+0800: 129.516: [GC (Allocation Failure) 2021-01-22T21:37:58.813+0800: 129.516: [DefNew: 139832K->39K(157248K), 0.0016264 secs] 168856K->29063K(506816K), 0.0016718 secs] [Times: user=0.00 sys=0.00, real=0.00 secs] 
2021-01-22T21:37:59.377+0800: 130.080: [GC (Allocation Failure) 2021-01-22T21:37:59.377+0800: 130.080: [DefNew: 139815K->51K(157248K), 0.0014434 secs] 168839K->29075K(506816K), 0.0014799 secs] [Times: user=0.00 sys=0.00, real=0.00 secs] 
2021-01-22T21:37:59.935+0800: 130.637: [GC (Allocation Failure) 2021-01-22T21:37:59.935+0800: 130.637: [DefNew: 139827K->40K(157248K), 0.0014004 secs] 168851K->29064K(506816K), 0.0014375 secs] [Times: user=0.00 sys=0.00, real=0.00 secs] 
Heap
 def new generation   total 157248K, used 51589K [0x00000000e0000000, 0x00000000eaaa0000, 0x00000000eaaa0000)
  eden space 139776K,  36% used [0x00000000e0000000, 0x00000000e32572c8, 0x00000000e8880000)
  from space 17472K,   0% used [0x00000000e8880000, 0x00000000e888a158, 0x00000000e9990000)
  to   space 17472K,   0% used [0x00000000e9990000, 0x00000000e9990000, 0x00000000eaaa0000)
 tenured generation   total 349568K, used 29024K [0x00000000eaaa0000, 0x0000000100000000, 0x0000000100000000)
   the space 349568K,   8% used [0x00000000eaaa0000, 0x00000000ec6f8070, 0x00000000ec6f8200, 0x0000000100000000)
 Metaspace       used 37312K, capacity 39798K, committed 39896K, reserved 1083392K
  class space    used 4689K, capacity 5078K, committed 5080K, reserved 1048576K
