Java HotSpot(TM) 64-Bit Server VM (25.251-b08) for windows-amd64 JRE (1.8.0_251-b08), built on Mar 12 2020 06:31:49 by "" with MS VC++ 10.0 (VS2010)
Memory: 4k page, physical 33485708k(23706844k free), swap 35582860k(20257424k free)
CommandLine flags: -XX:InitialHeapSize=536870912 -XX:MaxHeapSize=536870912 -XX:MaxNewSize=178958336 -XX:MaxTenuringThreshold=6 -XX:NewSize=178958336 -XX:OldPLABSize=16 -XX:OldSize=357912576 -XX:+PrintGC -XX:+PrintGCDateStamps -XX:+PrintGCDetails -XX:+PrintGCTimeStamps -XX:+UseCompressedClassPointers -XX:+UseCompressedOops -XX:+UseConcMarkSweepGC -XX:-UseLargePagesIndividualAllocation -XX:+UseParNewGC 
2021-01-19T22:55:26.376+0800: 0.149: [GC (Allocation Failure) 2021-01-19T22:55:26.376+0800: 0.149: [ParNew: 139776K->17472K(157248K), 0.0065294 secs] 139776K->47329K(506816K), 0.0066145 secs] [Times: user=0.00 sys=0.00, real=0.01 secs] 
2021-01-19T22:55:26.396+0800: 0.169: [GC (Allocation Failure) 2021-01-19T22:55:26.396+0800: 0.169: [ParNew: 157248K->17472K(157248K), 0.0082006 secs] 187105K->91547K(506816K), 0.0082359 secs] [Times: user=0.05 sys=0.14, real=0.01 secs] 
2021-01-19T22:55:26.417+0800: 0.190: [GC (Allocation Failure) 2021-01-19T22:55:26.417+0800: 0.190: [ParNew: 157248K->17471K(157248K), 0.0198349 secs] 231323K->129655K(506816K), 0.0198731 secs] [Times: user=0.23 sys=0.02, real=0.02 secs] 
2021-01-19T22:55:26.449+0800: 0.222: [GC (Allocation Failure) 2021-01-19T22:55:26.449+0800: 0.222: [ParNew: 157247K->17471K(157248K), 0.0179765 secs] 269431K->169963K(506816K), 0.0180106 secs] [Times: user=0.39 sys=0.01, real=0.02 secs] 
2021-01-19T22:55:26.479+0800: 0.252: [GC (Allocation Failure) 2021-01-19T22:55:26.479+0800: 0.252: [ParNew: 157243K->17470K(157248K), 0.0228193 secs] 309734K->222742K(506816K), 0.0228595 secs] [Times: user=0.36 sys=0.02, real=0.02 secs] 
2021-01-19T22:55:26.502+0800: 0.275: [GC (CMS Initial Mark) [1 CMS-initial-mark: 205271K(349568K)] 226385K(506816K), 0.0005619 secs] [Times: user=0.00 sys=0.00, real=0.00 secs] 
2021-01-19T22:55:26.502+0800: 0.275: [CMS-concurrent-mark-start]
2021-01-19T22:55:26.503+0800: 0.276: [CMS-concurrent-mark: 0.001/0.001 secs] [Times: user=0.00 sys=0.00, real=0.00 secs] 
2021-01-19T22:55:26.503+0800: 0.276: [CMS-concurrent-preclean-start]
2021-01-19T22:55:26.503+0800: 0.276: [CMS-concurrent-preclean: 0.000/0.000 secs] [Times: user=0.00 sys=0.00, real=0.00 secs] 
2021-01-19T22:55:26.503+0800: 0.276: [CMS-concurrent-abortable-preclean-start]
2021-01-19T22:55:26.513+0800: 0.287: [GC (Allocation Failure) 2021-01-19T22:55:26.513+0800: 0.287: [ParNew: 157246K->17470K(157248K), 0.0196172 secs] 362518K->269358K(506816K), 0.0196659 secs] [Times: user=0.19 sys=0.01, real=0.02 secs] 
2021-01-19T22:55:26.546+0800: 0.319: [GC (Allocation Failure) 2021-01-19T22:55:26.546+0800: 0.319: [ParNew: 157246K->17471K(157248K), 0.0177347 secs] 409134K->310241K(506816K), 0.0177729 secs] [Times: user=0.19 sys=0.02, real=0.02 secs] 
2021-01-19T22:55:26.576+0800: 0.349: [GC (Allocation Failure) 2021-01-19T22:55:26.576+0800: 0.349: [ParNew: 157247K->17471K(157248K), 0.0164363 secs] 450017K->349028K(506816K), 0.0164735 secs] [Times: user=0.19 sys=0.02, real=0.02 secs] 
2021-01-19T22:55:26.593+0800: 0.366: [CMS-concurrent-abortable-preclean: 0.003/0.090 secs] [Times: user=0.61 sys=0.05, real=0.09 secs] 
2021-01-19T22:55:26.593+0800: 0.366: [GC (CMS Final Remark) [YG occupancy: 23712 K (157248 K)]2021-01-19T22:55:26.593+0800: 0.366: [Rescan (parallel) , 0.0002282 secs]2021-01-19T22:55:26.593+0800: 0.366: [weak refs processing, 0.0000131 secs]2021-01-19T22:55:26.593+0800: 0.366: [class unloading, 0.0001521 secs]2021-01-19T22:55:26.593+0800: 0.367: [scrub symbol table, 0.0002414 secs]2021-01-19T22:55:26.593+0800: 0.367: [scrub string table, 0.0000738 secs][1 CMS-remark: 331556K(349568K)] 355269K(506816K), 0.0007545 secs] [Times: user=0.00 sys=0.00, real=0.00 secs] 
2021-01-19T22:55:26.594+0800: 0.367: [CMS-concurrent-sweep-start]
2021-01-19T22:55:26.594+0800: 0.367: [CMS-concurrent-sweep: 0.000/0.000 secs] [Times: user=0.00 sys=0.00, real=0.00 secs] 
2021-01-19T22:55:26.594+0800: 0.367: [CMS-concurrent-reset-start]
2021-01-19T22:55:26.595+0800: 0.368: [CMS-concurrent-reset: 0.001/0.001 secs] [Times: user=0.00 sys=0.00, real=0.00 secs] 
2021-01-19T22:55:26.606+0800: 0.379: [GC (Allocation Failure) 2021-01-19T22:55:26.606+0800: 0.379: [ParNew: 157247K->17472K(157248K), 0.0070853 secs] 446227K->350629K(506816K), 0.0071325 secs] [Times: user=0.00 sys=0.00, real=0.01 secs] 
2021-01-19T22:55:26.613+0800: 0.386: [GC (CMS Initial Mark) [1 CMS-initial-mark: 333157K(349568K)] 350978K(506816K), 0.0001331 secs] [Times: user=0.00 sys=0.00, real=0.00 secs] 
2021-01-19T22:55:26.613+0800: 0.386: [CMS-concurrent-mark-start]
2021-01-19T22:55:26.613+0800: 0.387: [CMS-concurrent-mark: 0.000/0.000 secs] [Times: user=0.00 sys=0.00, real=0.00 secs] 
2021-01-19T22:55:26.613+0800: 0.387: [CMS-concurrent-preclean-start]
2021-01-19T22:55:26.614+0800: 0.387: [CMS-concurrent-preclean: 0.000/0.000 secs] [Times: user=0.00 sys=0.00, real=0.00 secs] 
2021-01-19T22:55:26.614+0800: 0.387: [CMS-concurrent-abortable-preclean-start]
2021-01-19T22:55:26.614+0800: 0.387: [CMS-concurrent-abortable-preclean: 0.000/0.000 secs] [Times: user=0.00 sys=0.00, real=0.00 secs] 
2021-01-19T22:55:26.614+0800: 0.387: [GC (CMS Final Remark) [YG occupancy: 29867 K (157248 K)]2021-01-19T22:55:26.614+0800: 0.387: [Rescan (parallel) , 0.0002036 secs]2021-01-19T22:55:26.614+0800: 0.387: [weak refs processing, 0.0000072 secs]2021-01-19T22:55:26.614+0800: 0.387: [class unloading, 0.0001477 secs]2021-01-19T22:55:26.614+0800: 0.387: [scrub symbol table, 0.0002484 secs]2021-01-19T22:55:26.614+0800: 0.388: [scrub string table, 0.0000698 secs][1 CMS-remark: 333157K(349568K)] 363024K(506816K), 0.0007130 secs] [Times: user=0.00 sys=0.00, real=0.00 secs] 
2021-01-19T22:55:26.615+0800: 0.388: [CMS-concurrent-sweep-start]
2021-01-19T22:55:26.615+0800: 0.388: [CMS-concurrent-sweep: 0.000/0.000 secs] [Times: user=0.00 sys=0.00, real=0.00 secs] 
2021-01-19T22:55:26.615+0800: 0.388: [CMS-concurrent-reset-start]
2021-01-19T22:55:26.615+0800: 0.389: [CMS-concurrent-reset: 0.000/0.000 secs] [Times: user=0.00 sys=0.00, real=0.00 secs] 
2021-01-19T22:55:26.626+0800: 0.399: [GC (Allocation Failure) 2021-01-19T22:55:26.626+0800: 0.399: [ParNew: 157163K->17471K(157248K), 0.0066124 secs] 398049K->302822K(506816K), 0.0066556 secs] [Times: user=0.00 sys=0.00, real=0.01 secs] 
2021-01-19T22:55:26.633+0800: 0.406: [GC (CMS Initial Mark) [1 CMS-initial-mark: 285351K(349568K)] 303615K(506816K), 0.0001285 secs] [Times: user=0.00 sys=0.00, real=0.00 secs] 
2021-01-19T22:55:26.633+0800: 0.406: [CMS-concurrent-mark-start]
2021-01-19T22:55:26.634+0800: 0.407: [CMS-concurrent-mark: 0.001/0.001 secs] [Times: user=0.00 sys=0.00, real=0.00 secs] 
2021-01-19T22:55:26.634+0800: 0.407: [CMS-concurrent-preclean-start]
2021-01-19T22:55:26.634+0800: 0.407: [CMS-concurrent-preclean: 0.000/0.000 secs] [Times: user=0.00 sys=0.00, real=0.00 secs] 
2021-01-19T22:55:26.634+0800: 0.407: [CMS-concurrent-abortable-preclean-start]
2021-01-19T22:55:26.644+0800: 0.417: [GC (Allocation Failure) 2021-01-19T22:55:26.644+0800: 0.417: [ParNew: 157247K->17471K(157248K), 0.0081417 secs] 442598K->353947K(506816K), 0.0081807 secs] [Times: user=0.00 sys=0.00, real=0.01 secs] 
2021-01-19T22:55:26.652+0800: 0.425: [CMS-concurrent-abortable-preclean: 0.000/0.018 secs] [Times: user=0.02 sys=0.00, real=0.02 secs] 
2021-01-19T22:55:26.652+0800: 0.425: [GC (CMS Final Remark) [YG occupancy: 20671 K (157248 K)]2021-01-19T22:55:26.652+0800: 0.425: [Rescan (parallel) , 0.0001834 secs]2021-01-19T22:55:26.652+0800: 0.426: [weak refs processing, 0.0000073 secs]2021-01-19T22:55:26.652+0800: 0.426: [class unloading, 0.0001449 secs]2021-01-19T22:55:26.652+0800: 0.426: [scrub symbol table, 0.0002557 secs]2021-01-19T22:55:26.653+0800: 0.426: [scrub string table, 0.0000684 secs][1 CMS-remark: 336475K(349568K)] 357147K(506816K), 0.0006974 secs] [Times: user=0.02 sys=0.00, real=0.00 secs] 
2021-01-19T22:55:26.653+0800: 0.426: [CMS-concurrent-sweep-start]
2021-01-19T22:55:26.653+0800: 0.427: [CMS-concurrent-sweep: 0.000/0.000 secs] [Times: user=0.00 sys=0.00, real=0.00 secs] 
2021-01-19T22:55:26.653+0800: 0.427: [CMS-concurrent-reset-start]
2021-01-19T22:55:26.654+0800: 0.427: [CMS-concurrent-reset: 0.000/0.000 secs] [Times: user=0.00 sys=0.00, real=0.00 secs] 
2021-01-19T22:55:26.664+0800: 0.438: [GC (Allocation Failure) 2021-01-19T22:55:26.664+0800: 0.438: [ParNew: 157247K->157247K(157248K), 0.0000127 secs]2021-01-19T22:55:26.664+0800: 0.438: [CMS: 305237K->302870K(349568K), 0.0280382 secs] 462484K->302870K(506816K), [Metaspace: 3293K->3293K(1056768K)], 0.0281000 secs] [Times: user=0.03 sys=0.00, real=0.03 secs] 
2021-01-19T22:55:26.693+0800: 0.466: [GC (CMS Initial Mark) [1 CMS-initial-mark: 302870K(349568K)] 306139K(506816K), 0.0005022 secs] [Times: user=0.00 sys=0.00, real=0.00 secs] 
2021-01-19T22:55:26.693+0800: 0.466: [CMS-concurrent-mark-start]
2021-01-19T22:55:26.694+0800: 0.467: [CMS-concurrent-mark: 0.000/0.000 secs] [Times: user=0.00 sys=0.00, real=0.00 secs] 
2021-01-19T22:55:26.694+0800: 0.467: [CMS-concurrent-preclean-start]
2021-01-19T22:55:26.694+0800: 0.467: [CMS-concurrent-preclean: 0.000/0.000 secs] [Times: user=0.00 sys=0.00, real=0.00 secs] 
2021-01-19T22:55:26.694+0800: 0.467: [CMS-concurrent-abortable-preclean-start]
2021-01-19T22:55:26.705+0800: 0.478: [GC (Allocation Failure) 2021-01-19T22:55:26.705+0800: 0.478: [ParNew: 139182K->17470K(157248K), 0.0056069 secs] 442052K->351924K(506816K), 0.0056486 secs] [Times: user=0.00 sys=0.00, real=0.01 secs] 
2021-01-19T22:55:26.711+0800: 0.484: [CMS-concurrent-abortable-preclean: 0.000/0.017 secs] [Times: user=0.02 sys=0.00, real=0.02 secs] 
2021-01-19T22:55:26.711+0800: 0.484: [GC (CMS Final Remark) [YG occupancy: 21160 K (157248 K)]2021-01-19T22:55:26.711+0800: 0.484: [Rescan (parallel) , 0.0003362 secs]2021-01-19T22:55:26.711+0800: 0.484: [weak refs processing, 0.0000080 secs]2021-01-19T22:55:26.711+0800: 0.484: [class unloading, 0.0001653 secs]2021-01-19T22:55:26.711+0800: 0.484: [scrub symbol table, 0.0002648 secs]2021-01-19T22:55:26.712+0800: 0.485: [scrub string table, 0.0000783 secs][1 CMS-remark: 334453K(349568K)] 355614K(506816K), 0.0008919 secs] [Times: user=0.00 sys=0.00, real=0.00 secs] 
2021-01-19T22:55:26.712+0800: 0.485: [CMS-concurrent-sweep-start]
2021-01-19T22:55:26.712+0800: 0.485: [CMS-concurrent-sweep: 0.000/0.000 secs] [Times: user=0.00 sys=0.00, real=0.00 secs] 
2021-01-19T22:55:26.712+0800: 0.485: [CMS-concurrent-reset-start]
2021-01-19T22:55:26.712+0800: 0.485: [CMS-concurrent-reset: 0.000/0.000 secs] [Times: user=0.00 sys=0.00, real=0.00 secs] 
2021-01-19T22:55:26.725+0800: 0.498: [GC (Allocation Failure) 2021-01-19T22:55:26.725+0800: 0.498: [ParNew: 157246K->157246K(157248K), 0.0000119 secs]2021-01-19T22:55:26.725+0800: 0.498: [CMS: 333885K->328709K(349568K), 0.0331610 secs] 491131K->328709K(506816K), [Metaspace: 3293K->3293K(1056768K)], 0.0332136 secs] [Times: user=0.03 sys=0.00, real=0.03 secs] 
2021-01-19T22:55:26.759+0800: 0.532: [GC (CMS Initial Mark) [1 CMS-initial-mark: 328709K(349568K)] 328947K(506816K), 0.0004149 secs] [Times: user=0.00 sys=0.00, real=0.00 secs] 
2021-01-19T22:55:26.759+0800: 0.532: [CMS-concurrent-mark-start]
2021-01-19T22:55:26.760+0800: 0.533: [CMS-concurrent-mark: 0.001/0.001 secs] [Times: user=0.00 sys=0.00, real=0.00 secs] 
2021-01-19T22:55:26.760+0800: 0.533: [CMS-concurrent-preclean-start]
2021-01-19T22:55:26.760+0800: 0.533: [CMS-concurrent-preclean: 0.000/0.000 secs] [Times: user=0.00 sys=0.00, real=0.00 secs] 
2021-01-19T22:55:26.760+0800: 0.533: [CMS-concurrent-abortable-preclean-start]
2021-01-19T22:55:26.771+0800: 0.544: [GC (Allocation Failure) 2021-01-19T22:55:26.771+0800: 0.544: [ParNew: 139776K->139776K(157248K), 0.0000126 secs]2021-01-19T22:55:26.771+0800: 0.544: [CMS2021-01-19T22:55:26.771+0800: 0.544: [CMS-concurrent-abortable-preclean: 0.000/0.011 secs] [Times: user=0.02 sys=0.00, real=0.01 secs] 
 (concurrent mode failure): 328709K->332167K(349568K), 0.0334127 secs] 468485K->332167K(506816K), [Metaspace: 3293K->3293K(1056768K)], 0.0334717 secs] [Times: user=0.03 sys=0.00, real=0.03 secs] 
2021-01-19T22:55:26.816+0800: 0.589: [GC (Allocation Failure) 2021-01-19T22:55:26.816+0800: 0.589: [ParNew (promotion failed): 139776K->157246K(157248K), 0.0073575 secs]2021-01-19T22:55:26.824+0800: 0.597: [CMS: 349421K->337599K(349568K), 0.0298743 secs] 471943K->337599K(506816K), [Metaspace: 3293K->3293K(1056768K)], 0.0372812 secs] [Times: user=0.03 sys=0.00, real=0.04 secs] 
2021-01-19T22:55:26.854+0800: 0.627: [GC (CMS Initial Mark) [1 CMS-initial-mark: 337599K(349568K)] 340769K(506816K), 0.0005914 secs] [Times: user=0.00 sys=0.00, real=0.00 secs] 
2021-01-19T22:55:26.855+0800: 0.627: [CMS-concurrent-mark-start]
2021-01-19T22:55:26.855+0800: 0.628: [CMS-concurrent-mark: 0.001/0.001 secs] [Times: user=0.00 sys=0.00, real=0.00 secs] 
2021-01-19T22:55:26.855+0800: 0.628: [CMS-concurrent-preclean-start]
2021-01-19T22:55:26.855+0800: 0.628: [CMS-concurrent-preclean: 0.000/0.000 secs] [Times: user=0.00 sys=0.00, real=0.00 secs] 
2021-01-19T22:55:26.855+0800: 0.628: [CMS-concurrent-abortable-preclean-start]
2021-01-19T22:55:26.855+0800: 0.628: [CMS-concurrent-abortable-preclean: 0.000/0.000 secs] [Times: user=0.00 sys=0.00, real=0.00 secs] 
2021-01-19T22:55:26.856+0800: 0.628: [GC (CMS Final Remark) [YG occupancy: 12557 K (157248 K)]2021-01-19T22:55:26.856+0800: 0.628: [Rescan (parallel) , 0.0002860 secs]2021-01-19T22:55:26.856+0800: 0.629: [weak refs processing, 0.0000090 secs]2021-01-19T22:55:26.856+0800: 0.629: [class unloading, 0.0001750 secs]2021-01-19T22:55:26.856+0800: 0.629: [scrub symbol table, 0.0002457 secs]2021-01-19T22:55:26.856+0800: 0.629: [scrub string table, 0.0000675 secs][1 CMS-remark: 337599K(349568K)] 350156K(506816K), 0.0008242 secs] [Times: user=0.00 sys=0.00, real=0.00 secs] 
2021-01-19T22:55:26.857+0800: 0.629: [CMS-concurrent-sweep-start]
2021-01-19T22:55:26.857+0800: 0.630: [CMS-concurrent-sweep: 0.000/0.000 secs] [Times: user=0.00 sys=0.00, real=0.00 secs] 
2021-01-19T22:55:26.857+0800: 0.630: [CMS-concurrent-reset-start]
2021-01-19T22:55:26.857+0800: 0.630: [CMS-concurrent-reset: 0.000/0.000 secs] [Times: user=0.00 sys=0.00, real=0.00 secs] 
2021-01-19T22:55:26.867+0800: 0.640: [GC (Allocation Failure) 2021-01-19T22:55:26.867+0800: 0.640: [ParNew: 139776K->139776K(157248K), 0.0000132 secs]2021-01-19T22:55:26.867+0800: 0.640: [CMS: 337125K->335335K(349568K), 0.0308571 secs] 476901K->335335K(506816K), [Metaspace: 3293K->3293K(1056768K)], 0.0309143 secs] [Times: user=0.03 sys=0.00, real=0.03 secs] 
2021-01-19T22:55:26.897+0800: 0.671: [GC (CMS Initial Mark) [1 CMS-initial-mark: 335335K(349568K)] 338432K(506816K), 0.0003876 secs] [Times: user=0.00 sys=0.00, real=0.00 secs] 
2021-01-19T22:55:26.898+0800: 0.671: [CMS-concurrent-mark-start]
2021-01-19T22:55:26.898+0800: 0.672: [CMS-concurrent-mark: 0.000/0.000 secs] [Times: user=0.00 sys=0.00, real=0.00 secs] 
2021-01-19T22:55:26.898+0800: 0.672: [CMS-concurrent-preclean-start]
2021-01-19T22:55:26.899+0800: 0.672: [CMS-concurrent-preclean: 0.000/0.000 secs] [Times: user=0.00 sys=0.00, real=0.00 secs] 
2021-01-19T22:55:26.899+0800: 0.672: [CMS-concurrent-abortable-preclean-start]
2021-01-19T22:55:26.909+0800: 0.683: [GC (Allocation Failure) 2021-01-19T22:55:26.909+0800: 0.683: [ParNew: 139697K->139697K(157248K), 0.0000135 secs]2021-01-19T22:55:26.909+0800: 0.683: [CMS2021-01-19T22:55:26.909+0800: 0.683: [CMS-concurrent-abortable-preclean: 0.000/0.011 secs] [Times: user=0.02 sys=0.00, real=0.01 secs] 
 (concurrent mode failure): 335335K->339552K(349568K), 0.0315970 secs] 475032K->339552K(506816K), [Metaspace: 3293K->3293K(1056768K)], 0.0316536 secs] [Times: user=0.03 sys=0.00, real=0.03 secs] 
2021-01-19T22:55:26.953+0800: 0.726: [GC (Allocation Failure) 2021-01-19T22:55:26.953+0800: 0.726: [ParNew: 139776K->139776K(157248K), 0.0000138 secs]2021-01-19T22:55:26.953+0800: 0.726: [CMS: 339552K->348415K(349568K), 0.0321014 secs] 479328K->348415K(506816K), [Metaspace: 3293K->3293K(1056768K)], 0.0321695 secs] [Times: user=0.03 sys=0.00, real=0.03 secs] 
2021-01-19T22:55:26.985+0800: 0.758: [GC (CMS Initial Mark) [1 CMS-initial-mark: 348415K(349568K)] 348559K(506816K), 0.0003822 secs] [Times: user=0.00 sys=0.00, real=0.00 secs] 
2021-01-19T22:55:26.985+0800: 0.759: [CMS-concurrent-mark-start]
2021-01-19T22:55:26.986+0800: 0.759: [CMS-concurrent-mark: 0.001/0.001 secs] [Times: user=0.00 sys=0.00, real=0.00 secs] 
2021-01-19T22:55:26.986+0800: 0.759: [CMS-concurrent-preclean-start]
2021-01-19T22:55:26.986+0800: 0.760: [CMS-concurrent-preclean: 0.000/0.000 secs] [Times: user=0.00 sys=0.00, real=0.00 secs] 
2021-01-19T22:55:26.986+0800: 0.760: [CMS-concurrent-abortable-preclean-start]
2021-01-19T22:55:26.986+0800: 0.760: [CMS-concurrent-abortable-preclean: 0.000/0.000 secs] [Times: user=0.00 sys=0.00, real=0.00 secs] 
2021-01-19T22:55:26.986+0800: 0.760: [GC (CMS Final Remark) [YG occupancy: 14395 K (157248 K)]2021-01-19T22:55:26.986+0800: 0.760: [Rescan (parallel) , 0.0005107 secs]2021-01-19T22:55:26.987+0800: 0.760: [weak refs processing, 0.0000085 secs]2021-01-19T22:55:26.987+0800: 0.760: [class unloading, 0.0002058 secs]2021-01-19T22:55:26.987+0800: 0.761: [scrub symbol table, 0.0002941 secs]2021-01-19T22:55:26.988+0800: 0.761: [scrub string table, 0.0000703 secs][1 CMS-remark: 348415K(349568K)] 362810K(506816K), 0.0011320 secs] [Times: user=0.00 sys=0.00, real=0.00 secs] 
2021-01-19T22:55:26.988+0800: 0.761: [CMS-concurrent-sweep-start]
2021-01-19T22:55:26.988+0800: 0.761: [CMS-concurrent-sweep: 0.000/0.000 secs] [Times: user=0.00 sys=0.00, real=0.00 secs] 
2021-01-19T22:55:26.988+0800: 0.761: [CMS-concurrent-reset-start]
2021-01-19T22:55:26.988+0800: 0.762: [CMS-concurrent-reset: 0.000/0.000 secs] [Times: user=0.00 sys=0.00, real=0.00 secs] 
2021-01-19T22:55:26.998+0800: 0.772: [GC (Allocation Failure) 2021-01-19T22:55:26.998+0800: 0.772: [ParNew: 139776K->139776K(157248K), 0.0000127 secs]2021-01-19T22:55:26.998+0800: 0.772: [CMS: 346795K->349450K(349568K), 0.0334867 secs] 486571K->353020K(506816K), [Metaspace: 3293K->3293K(1056768K)], 0.0335422 secs] [Times: user=0.03 sys=0.00, real=0.03 secs] 
2021-01-19T22:55:27.032+0800: 0.805: [GC (CMS Initial Mark) [1 CMS-initial-mark: 349450K(349568K)] 356634K(506816K), 0.0005575 secs] [Times: user=0.00 sys=0.00, real=0.00 secs] 
2021-01-19T22:55:27.033+0800: 0.806: [CMS-concurrent-mark-start]
2021-01-19T22:55:27.034+0800: 0.807: [CMS-concurrent-mark: 0.001/0.001 secs] [Times: user=0.00 sys=0.00, real=0.00 secs] 
2021-01-19T22:55:27.034+0800: 0.807: [CMS-concurrent-preclean-start]
2021-01-19T22:55:27.034+0800: 0.808: [CMS-concurrent-preclean: 0.001/0.001 secs] [Times: user=0.00 sys=0.00, real=0.00 secs] 
2021-01-19T22:55:27.034+0800: 0.808: [CMS-concurrent-abortable-preclean-start]
2021-01-19T22:55:27.034+0800: 0.808: [CMS-concurrent-abortable-preclean: 0.000/0.000 secs] [Times: user=0.00 sys=0.00, real=0.00 secs] 
2021-01-19T22:55:27.035+0800: 0.808: [GC (CMS Final Remark) [YG occupancy: 23971 K (157248 K)]2021-01-19T22:55:27.035+0800: 0.808: [Rescan (parallel) , 0.0003967 secs]2021-01-19T22:55:27.035+0800: 0.808: [weak refs processing, 0.0000080 secs]2021-01-19T22:55:27.035+0800: 0.808: [class unloading, 0.0001573 secs]2021-01-19T22:55:27.035+0800: 0.808: [scrub symbol table, 0.0002475 secs]2021-01-19T22:55:27.035+0800: 0.809: [scrub string table, 0.0000709 secs][1 CMS-remark: 349450K(349568K)] 373422K(506816K), 0.0009209 secs] [Times: user=0.00 sys=0.00, real=0.00 secs] 
2021-01-19T22:55:27.036+0800: 0.809: [CMS-concurrent-sweep-start]
2021-01-19T22:55:27.036+0800: 0.809: [CMS-concurrent-sweep: 0.000/0.000 secs] [Times: user=0.00 sys=0.00, real=0.00 secs] 
2021-01-19T22:55:27.036+0800: 0.809: [CMS-concurrent-reset-start]
2021-01-19T22:55:27.036+0800: 0.809: [CMS-concurrent-reset: 0.000/0.000 secs] [Times: user=0.00 sys=0.00, real=0.00 secs] 
2021-01-19T22:55:27.048+0800: 0.821: [GC (Allocation Failure) 2021-01-19T22:55:27.048+0800: 0.821: [ParNew: 157154K->157154K(157248K), 0.0000127 secs]2021-01-19T22:55:27.048+0800: 0.821: [CMS: 349102K->349498K(349568K), 0.0353297 secs] 506256K->350673K(506816K), [Metaspace: 3293K->3293K(1056768K)], 0.0353860 secs] [Times: user=0.03 sys=0.00, real=0.04 secs] 
2021-01-19T22:55:27.084+0800: 0.857: [GC (CMS Initial Mark) [1 CMS-initial-mark: 349498K(349568K)] 353890K(506816K), 0.0007188 secs] [Times: user=0.00 sys=0.00, real=0.00 secs] 
2021-01-19T22:55:27.085+0800: 0.858: [CMS-concurrent-mark-start]
2021-01-19T22:55:27.085+0800: 0.858: [CMS-concurrent-mark: 0.001/0.001 secs] [Times: user=0.00 sys=0.00, real=0.00 secs] 
2021-01-19T22:55:27.085+0800: 0.858: [CMS-concurrent-preclean-start]
2021-01-19T22:55:27.086+0800: 0.859: [CMS-concurrent-preclean: 0.001/0.001 secs] [Times: user=0.00 sys=0.00, real=0.00 secs] 
2021-01-19T22:55:27.086+0800: 0.859: [CMS-concurrent-abortable-preclean-start]
2021-01-19T22:55:27.086+0800: 0.859: [CMS-concurrent-abortable-preclean: 0.000/0.000 secs] [Times: user=0.00 sys=0.00, real=0.00 secs] 
2021-01-19T22:55:27.086+0800: 0.859: [GC (CMS Final Remark) [YG occupancy: 21028 K (157248 K)]2021-01-19T22:55:27.086+0800: 0.859: [Rescan (parallel) , 0.0004946 secs]2021-01-19T22:55:27.087+0800: 0.860: [weak refs processing, 0.0000087 secs]2021-01-19T22:55:27.087+0800: 0.860: [class unloading, 0.0001656 secs]2021-01-19T22:55:27.087+0800: 0.860: [scrub symbol table, 0.0002458 secs]2021-01-19T22:55:27.087+0800: 0.860: [scrub string table, 0.0000695 secs][1 CMS-remark: 349498K(349568K)] 370527K(506816K), 0.0010264 secs] [Times: user=0.00 sys=0.00, real=0.00 secs] 
2021-01-19T22:55:27.087+0800: 0.861: [CMS-concurrent-sweep-start]
2021-01-19T22:55:27.088+0800: 0.861: [CMS-concurrent-sweep: 0.000/0.000 secs] [Times: user=0.00 sys=0.00, real=0.00 secs] 
2021-01-19T22:55:27.088+0800: 0.861: [CMS-concurrent-reset-start]
2021-01-19T22:55:27.088+0800: 0.861: [CMS-concurrent-reset: 0.000/0.000 secs] [Times: user=0.00 sys=0.00, real=0.00 secs] 
2021-01-19T22:55:27.100+0800: 0.873: [GC (Allocation Failure) 2021-01-19T22:55:27.100+0800: 0.873: [ParNew: 157141K->157141K(157248K), 0.0000137 secs]2021-01-19T22:55:27.100+0800: 0.873: [CMS: 348857K->349554K(349568K), 0.0328076 secs] 505998K->351712K(506816K), [Metaspace: 3293K->3293K(1056768K)], 0.0328650 secs] [Times: user=0.03 sys=0.00, real=0.03 secs] 
2021-01-19T22:55:27.133+0800: 0.906: [GC (CMS Initial Mark) [1 CMS-initial-mark: 349554K(349568K)] 351856K(506816K), 0.0004364 secs] [Times: user=0.00 sys=0.00, real=0.00 secs] 
2021-01-19T22:55:27.134+0800: 0.907: [CMS-concurrent-mark-start]
2021-01-19T22:55:27.134+0800: 0.907: [CMS-concurrent-mark: 0.001/0.001 secs] [Times: user=0.00 sys=0.00, real=0.00 secs] 
2021-01-19T22:55:27.134+0800: 0.907: [CMS-concurrent-preclean-start]
2021-01-19T22:55:27.135+0800: 0.908: [CMS-concurrent-preclean: 0.001/0.001 secs] [Times: user=0.00 sys=0.00, real=0.00 secs] 
2021-01-19T22:55:27.135+0800: 0.908: [CMS-concurrent-abortable-preclean-start]
2021-01-19T22:55:27.135+0800: 0.908: [CMS-concurrent-abortable-preclean: 0.000/0.000 secs] [Times: user=0.00 sys=0.00, real=0.00 secs] 
2021-01-19T22:55:27.135+0800: 0.908: [GC (CMS Final Remark) [YG occupancy: 19827 K (157248 K)]2021-01-19T22:55:27.135+0800: 0.908: [Rescan (parallel) , 0.0006728 secs]2021-01-19T22:55:27.136+0800: 0.909: [weak refs processing, 0.0000077 secs]2021-01-19T22:55:27.136+0800: 0.909: [class unloading, 0.0001551 secs]2021-01-19T22:55:27.136+0800: 0.909: [scrub symbol table, 0.0002436 secs]2021-01-19T22:55:27.136+0800: 0.909: [scrub string table, 0.0000694 secs][1 CMS-remark: 349554K(349568K)] 369381K(506816K), 0.0011892 secs] [Times: user=0.00 sys=0.00, real=0.00 secs] 
2021-01-19T22:55:27.137+0800: 0.909: [CMS-concurrent-sweep-start]
2021-01-19T22:55:27.137+0800: 0.910: [CMS-concurrent-sweep: 0.000/0.000 secs] [Times: user=0.00 sys=0.00, real=0.00 secs] 
2021-01-19T22:55:27.137+0800: 0.910: [CMS-concurrent-reset-start]
2021-01-19T22:55:27.137+0800: 0.910: [CMS-concurrent-reset: 0.000/0.000 secs] [Times: user=0.00 sys=0.00, real=0.00 secs] 
2021-01-19T22:55:27.148+0800: 0.921: [GC (Allocation Failure) 2021-01-19T22:55:27.149+0800: 0.921: [ParNew: 157131K->157131K(157248K), 0.0000124 secs]2021-01-19T22:55:27.149+0800: 0.921: [CMS: 349029K->349271K(349568K), 0.0335081 secs] 506161K->355284K(506816K), [Metaspace: 3293K->3293K(1056768K)], 0.0335694 secs] [Times: user=0.03 sys=0.00, real=0.03 secs] 
2021-01-19T22:55:27.182+0800: 0.955: [GC (CMS Initial Mark) [1 CMS-initial-mark: 349271K(349568K)] 358219K(506816K), 0.0007381 secs] [Times: user=0.00 sys=0.00, real=0.00 secs] 
2021-01-19T22:55:27.183+0800: 0.956: [CMS-concurrent-mark-start]
2021-01-19T22:55:27.184+0800: 0.957: [CMS-concurrent-mark: 0.001/0.001 secs] [Times: user=0.00 sys=0.00, real=0.00 secs] 
2021-01-19T22:55:27.184+0800: 0.957: [CMS-concurrent-preclean-start]
2021-01-19T22:55:27.185+0800: 0.957: [CMS-concurrent-preclean: 0.001/0.001 secs] [Times: user=0.03 sys=0.00, real=0.00 secs] 
2021-01-19T22:55:27.185+0800: 0.957: [CMS-concurrent-abortable-preclean-start]
2021-01-19T22:55:27.185+0800: 0.957: [CMS-concurrent-abortable-preclean: 0.000/0.000 secs] [Times: user=0.00 sys=0.00, real=0.00 secs] 
2021-01-19T22:55:27.185+0800: 0.958: [GC (CMS Final Remark) [YG occupancy: 27907 K (157248 K)]2021-01-19T22:55:27.185+0800: 0.958: [Rescan (parallel) , 0.0005281 secs]2021-01-19T22:55:27.185+0800: 0.958: [weak refs processing, 0.0000078 secs]2021-01-19T22:55:27.185+0800: 0.958: [class unloading, 0.0001531 secs]2021-01-19T22:55:27.185+0800: 0.958: [scrub symbol table, 0.0002493 secs]2021-01-19T22:55:27.186+0800: 0.959: [scrub string table, 0.0000963 secs][1 CMS-remark: 349271K(349568K)] 377179K(506816K), 0.0010784 secs] [Times: user=0.00 sys=0.00, real=0.00 secs] 
2021-01-19T22:55:27.186+0800: 0.959: [CMS-concurrent-sweep-start]
2021-01-19T22:55:27.186+0800: 0.959: [CMS-concurrent-sweep: 0.000/0.000 secs] [Times: user=0.00 sys=0.00, real=0.00 secs] 
2021-01-19T22:55:27.186+0800: 0.959: [CMS-concurrent-reset-start]
2021-01-19T22:55:27.187+0800: 0.959: [CMS-concurrent-reset: 0.000/0.000 secs] [Times: user=0.00 sys=0.00, real=0.00 secs] 
2021-01-19T22:55:27.197+0800: 0.970: [GC (Allocation Failure) 2021-01-19T22:55:27.197+0800: 0.970: [ParNew: 157194K->157194K(157248K), 0.0000125 secs]2021-01-19T22:55:27.197+0800: 0.970: [CMS: 348489K->349074K(349568K), 0.0326222 secs] 505683K->356517K(506816K), [Metaspace: 3293K->3293K(1056768K)], 0.0326825 secs] [Times: user=0.03 sys=0.00, real=0.03 secs] 
2021-01-19T22:55:27.230+0800: 1.003: [GC (CMS Initial Mark) [1 CMS-initial-mark: 349074K(349568K)] 359454K(506816K), 0.0005829 secs] [Times: user=0.00 sys=0.00, real=0.00 secs] 
2021-01-19T22:55:27.231+0800: 1.004: [CMS-concurrent-mark-start]
2021-01-19T22:55:27.231+0800: 1.004: [CMS-concurrent-mark: 0.001/0.001 secs] [Times: user=0.00 sys=0.00, real=0.00 secs] 
2021-01-19T22:55:27.231+0800: 1.004: [CMS-concurrent-preclean-start]
2021-01-19T22:55:27.232+0800: 1.005: [CMS-concurrent-preclean: 0.001/0.001 secs] [Times: user=0.03 sys=0.00, real=0.00 secs] 
2021-01-19T22:55:27.232+0800: 1.005: [CMS-concurrent-abortable-preclean-start]
2021-01-19T22:55:27.232+0800: 1.005: [CMS-concurrent-abortable-preclean: 0.000/0.000 secs] [Times: user=0.00 sys=0.00, real=0.00 secs] 
2021-01-19T22:55:27.232+0800: 1.005: [GC (CMS Final Remark) [YG occupancy: 26725 K (157248 K)]2021-01-19T22:55:27.232+0800: 1.005: [Rescan (parallel) , 0.0003473 secs]2021-01-19T22:55:27.233+0800: 1.005: [weak refs processing, 0.0000076 secs]2021-01-19T22:55:27.233+0800: 1.005: [class unloading, 0.0001456 secs]2021-01-19T22:55:27.233+0800: 1.006: [scrub symbol table, 0.0002386 secs]2021-01-19T22:55:27.233+0800: 1.006: [scrub string table, 0.0000769 secs][1 CMS-remark: 349074K(349568K)] 375800K(506816K), 0.0008574 secs] [Times: user=0.00 sys=0.00, real=0.00 secs] 
2021-01-19T22:55:27.233+0800: 1.006: [CMS-concurrent-sweep-start]
2021-01-19T22:55:27.234+0800: 1.006: [CMS-concurrent-sweep: 0.000/0.000 secs] [Times: user=0.00 sys=0.00, real=0.00 secs] 
2021-01-19T22:55:27.234+0800: 1.006: [CMS-concurrent-reset-start]
2021-01-19T22:55:27.234+0800: 1.006: [CMS-concurrent-reset: 0.000/0.000 secs] [Times: user=0.00 sys=0.00, real=0.00 secs] 
2021-01-19T22:55:27.244+0800: 1.016: [GC (Allocation Failure) 2021-01-19T22:55:27.244+0800: 1.016: [ParNew: 157142K->157142K(157248K), 0.0000159 secs]2021-01-19T22:55:27.244+0800: 1.016: [CMS: 348527K->348925K(349568K), 0.0325703 secs] 505670K->364918K(506816K), [Metaspace: 3293K->3293K(1056768K)], 0.0326319 secs] [Times: user=0.03 sys=0.00, real=0.03 secs] 
2021-01-19T22:55:27.276+0800: 1.049: [GC (CMS Initial Mark) [1 CMS-initial-mark: 348925K(349568K)] 365206K(506816K), 0.0008544 secs] [Times: user=0.00 sys=0.00, real=0.00 secs] 
2021-01-19T22:55:27.276+0800: 1.050: [CMS-concurrent-mark-start]
2021-01-19T22:55:27.277+0800: 1.051: [CMS-concurrent-mark: 0.001/0.001 secs] [Times: user=0.00 sys=0.00, real=0.00 secs] 
2021-01-19T22:55:27.277+0800: 1.051: [CMS-concurrent-preclean-start]
2021-01-19T22:55:27.278+0800: 1.052: [CMS-concurrent-preclean: 0.001/0.001 secs] [Times: user=0.05 sys=0.00, real=0.00 secs] 
2021-01-19T22:55:27.278+0800: 1.052: [CMS-concurrent-abortable-preclean-start]
2021-01-19T22:55:27.278+0800: 1.052: [CMS-concurrent-abortable-preclean: 0.000/0.000 secs] [Times: user=0.00 sys=0.00, real=0.00 secs] 
2021-01-19T22:55:27.278+0800: 1.052: [GC (CMS Final Remark) [YG occupancy: 41225 K (157248 K)]2021-01-19T22:55:27.278+0800: 1.052: [Rescan (parallel) , 0.0007178 secs]2021-01-19T22:55:27.279+0800: 1.052: [weak refs processing, 0.0000083 secs]2021-01-19T22:55:27.279+0800: 1.052: [class unloading, 0.0001501 secs]2021-01-19T22:55:27.279+0800: 1.053: [scrub symbol table, 0.0002429 secs]2021-01-19T22:55:27.279+0800: 1.053: [scrub string table, 0.0000705 secs][1 CMS-remark: 348925K(349568K)] 390150K(506816K), 0.0012311 secs] [Times: user=0.00 sys=0.00, real=0.00 secs] 
2021-01-19T22:55:27.279+0800: 1.053: [CMS-concurrent-sweep-start]
2021-01-19T22:55:27.280+0800: 1.053: [CMS-concurrent-sweep: 0.000/0.000 secs] [Times: user=0.00 sys=0.00, real=0.00 secs] 
2021-01-19T22:55:27.280+0800: 1.053: [CMS-concurrent-reset-start]
2021-01-19T22:55:27.280+0800: 1.054: [CMS-concurrent-reset: 0.000/0.000 secs] [Times: user=0.00 sys=0.00, real=0.00 secs] 
2021-01-19T22:55:27.289+0800: 1.063: [GC (Allocation Failure) 2021-01-19T22:55:27.289+0800: 1.063: [ParNew: 157158K->157158K(157248K), 0.0000113 secs]2021-01-19T22:55:27.289+0800: 1.063: [CMS: 348770K->349511K(349568K), 0.0332438 secs] 505929K->371463K(506816K), [Metaspace: 3622K->3622K(1056768K)], 0.0332990 secs] [Times: user=0.03 sys=0.00, real=0.03 secs] 
2021-01-19T22:55:27.323+0800: 1.097: [GC (CMS Initial Mark) [1 CMS-initial-mark: 349511K(349568K)] 374811K(506816K), 0.0005617 secs] [Times: user=0.00 sys=0.00, real=0.00 secs] 
2021-01-19T22:55:27.324+0800: 1.097: [CMS-concurrent-mark-start]
Heap
 par new generation   total 157248K, used 28095K [0x00000000e0000000, 0x00000000eaaa0000, 0x00000000eaaa0000)
  eden space 139776K,  20% used [0x00000000e0000000, 0x00000000e1b6fe90, 0x00000000e8880000)
  from space 17472K,   0% used [0x00000000e9990000, 0x00000000e9990000, 0x00000000eaaa0000)
  to   space 17472K,   0% used [0x00000000e8880000, 0x00000000e8880000, 0x00000000e9990000)
 concurrent mark-sweep generation total 349568K, used 349511K [0x00000000eaaa0000, 0x0000000100000000, 0x0000000100000000)
 Metaspace       used 3636K, capacity 4540K, committed 4864K, reserved 1056768K
  class space    used 403K, capacity 428K, committed 512K, reserved 1048576K
