Java HotSpot(TM) 64-Bit Server VM (25.251-b08) for windows-amd64 JRE (1.8.0_251-b08), built on Mar 12 2020 06:31:49 by "" with MS VC++ 10.0 (VS2010)
Memory: 4k page, physical 33485708k(23687772k free), swap 35582860k(20787932k free)
CommandLine flags: -XX:InitialHeapSize=536870912 -XX:MaxHeapSize=536870912 -XX:+PrintGC -XX:+PrintGCDateStamps -XX:+PrintGCDetails -XX:+PrintGCTimeStamps -XX:+UseCompressedClassPointers -XX:+UseCompressedOops -XX:+UseG1GC -XX:-UseLargePagesIndividualAllocation 
2021-01-19T22:55:31.856+0800: 0.120: [GC pause (G1 Evacuation Pause) (young), 0.0018553 secs]
   [Parallel Time: 1.1 ms, GC Workers: 13]
      [GC Worker Start (ms): Min: 120.2, Avg: 120.3, Max: 120.3, Diff: 0.1]
      [Ext Root Scanning (ms): Min: 0.1, Avg: 0.1, Max: 0.3, Diff: 0.2, Sum: 1.7]
      [Update RS (ms): Min: 0.0, Avg: 0.0, Max: 0.0, Diff: 0.0, Sum: 0.0]
         [Processed Buffers: Min: 0, Avg: 0.0, Max: 0, Diff: 0, Sum: 0]
      [Scan RS (ms): Min: 0.0, Avg: 0.0, Max: 0.0, Diff: 0.0, Sum: 0.0]
      [Code Root Scanning (ms): Min: 0.0, Avg: 0.0, Max: 0.0, Diff: 0.0, Sum: 0.0]
      [Object Copy (ms): Min: 0.6, Avg: 0.7, Max: 0.8, Diff: 0.2, Sum: 9.7]
      [Termination (ms): Min: 0.0, Avg: 0.1, Max: 0.1, Diff: 0.1, Sum: 1.2]
         [Termination Attempts: Min: 1, Avg: 2.7, Max: 5, Diff: 4, Sum: 35]
      [GC Worker Other (ms): Min: 0.0, Avg: 0.0, Max: 0.1, Diff: 0.1, Sum: 0.6]
      [GC Worker Total (ms): Min: 1.0, Avg: 1.0, Max: 1.1, Diff: 0.1, Sum: 13.3]
      [GC Worker End (ms): Min: 121.3, Avg: 121.3, Max: 121.3, Diff: 0.0]
   [Code Root Fixup: 0.0 ms]
   [Code Root Purge: 0.0 ms]
   [Clear CT: 0.2 ms]
   [Other: 0.5 ms]
      [Choose CSet: 0.0 ms]
      [Ref Proc: 0.2 ms]
      [Ref Enq: 0.0 ms]
      [Redirty Cards: 0.3 ms]
      [Humongous Register: 0.0 ms]
      [Humongous Reclaim: 0.0 ms]
      [Free CSet: 0.0 ms]
   [Eden: 25.0M(25.0M)->0.0B(24.0M) Survivors: 0.0B->4096.0K Heap: 33.9M(512.0M)->14.0M(512.0M)]
 [Times: user=0.00 sys=0.00, real=0.00 secs] 
2021-01-19T22:55:31.865+0800: 0.130: [GC pause (G1 Evacuation Pause) (young), 0.0027871 secs]
   [Parallel Time: 1.7 ms, GC Workers: 13]
      [GC Worker Start (ms): Min: 130.0, Avg: 130.1, Max: 130.1, Diff: 0.1]
      [Ext Root Scanning (ms): Min: 0.0, Avg: 0.1, Max: 0.2, Diff: 0.1, Sum: 1.1]
      [Update RS (ms): Min: 0.0, Avg: 0.1, Max: 0.3, Diff: 0.3, Sum: 0.9]
         [Processed Buffers: Min: 0, Avg: 0.8, Max: 1, Diff: 1, Sum: 10]
      [Scan RS (ms): Min: 0.0, Avg: 0.0, Max: 0.0, Diff: 0.0, Sum: 0.0]
      [Code Root Scanning (ms): Min: 0.0, Avg: 0.0, Max: 0.0, Diff: 0.0, Sum: 0.0]
      [Object Copy (ms): Min: 0.9, Avg: 1.1, Max: 1.3, Diff: 0.4, Sum: 14.2]
      [Termination (ms): Min: 0.0, Avg: 0.1, Max: 0.2, Diff: 0.2, Sum: 1.7]
         [Termination Attempts: Min: 1, Avg: 1.0, Max: 1, Diff: 0, Sum: 13]
      [GC Worker Other (ms): Min: 0.0, Avg: 0.0, Max: 0.0, Diff: 0.0, Sum: 0.1]
      [GC Worker Total (ms): Min: 1.3, Avg: 1.4, Max: 1.4, Diff: 0.1, Sum: 18.1]
      [GC Worker End (ms): Min: 131.5, Avg: 131.5, Max: 131.5, Diff: 0.0]
   [Code Root Fixup: 0.0 ms]
   [Code Root Purge: 0.0 ms]
   [Clear CT: 0.4 ms]
   [Other: 0.7 ms]
      [Choose CSet: 0.0 ms]
      [Ref Proc: 0.3 ms]
      [Ref Enq: 0.0 ms]
      [Redirty Cards: 0.3 ms]
      [Humongous Register: 0.0 ms]
      [Humongous Reclaim: 0.0 ms]
      [Free CSet: 0.0 ms]
   [Eden: 24.0M(24.0M)->0.0B(39.0M) Survivors: 4096.0K->4096.0K Heap: 48.9M(512.0M)->26.2M(512.0M)]
 [Times: user=0.00 sys=0.00, real=0.00 secs] 
2021-01-19T22:55:31.877+0800: 0.141: [GC pause (G1 Evacuation Pause) (young), 0.0029377 secs]
   [Parallel Time: 2.0 ms, GC Workers: 13]
      [GC Worker Start (ms): Min: 141.4, Avg: 141.4, Max: 141.5, Diff: 0.1]
      [Ext Root Scanning (ms): Min: 0.0, Avg: 0.1, Max: 0.1, Diff: 0.1, Sum: 1.0]
      [Update RS (ms): Min: 0.0, Avg: 0.1, Max: 0.3, Diff: 0.2, Sum: 0.9]
         [Processed Buffers: Min: 0, Avg: 1.1, Max: 2, Diff: 2, Sum: 14]
      [Scan RS (ms): Min: 0.0, Avg: 0.0, Max: 0.0, Diff: 0.0, Sum: 0.0]
      [Code Root Scanning (ms): Min: 0.0, Avg: 0.0, Max: 0.0, Diff: 0.0, Sum: 0.0]
      [Object Copy (ms): Min: 1.2, Avg: 1.5, Max: 1.6, Diff: 0.4, Sum: 19.2]
      [Termination (ms): Min: 0.0, Avg: 0.1, Max: 0.2, Diff: 0.2, Sum: 1.7]
         [Termination Attempts: Min: 1, Avg: 1.0, Max: 1, Diff: 0, Sum: 13]
      [GC Worker Other (ms): Min: 0.0, Avg: 0.0, Max: 0.0, Diff: 0.0, Sum: 0.1]
      [GC Worker Total (ms): Min: 1.7, Avg: 1.8, Max: 1.8, Diff: 0.1, Sum: 22.9]
      [GC Worker End (ms): Min: 143.2, Avg: 143.2, Max: 143.2, Diff: 0.0]
   [Code Root Fixup: 0.0 ms]
   [Code Root Purge: 0.0 ms]
   [Clear CT: 0.3 ms]
   [Other: 0.6 ms]
      [Choose CSet: 0.0 ms]
      [Ref Proc: 0.2 ms]
      [Ref Enq: 0.0 ms]
      [Redirty Cards: 0.3 ms]
      [Humongous Register: 0.0 ms]
      [Humongous Reclaim: 0.0 ms]
      [Free CSet: 0.0 ms]
   [Eden: 39.0M(39.0M)->0.0B(301.0M) Survivors: 4096.0K->6144.0K Heap: 75.4M(512.0M)->45.4M(512.0M)]
 [Times: user=0.00 sys=0.00, real=0.00 secs] 
2021-01-19T22:55:32.026+0800: 0.290: [GC pause (G1 Evacuation Pause) (young) (to-space exhausted), 0.0056186 secs]
   [Parallel Time: 3.9 ms, GC Workers: 13]
      [GC Worker Start (ms): Min: 290.2, Avg: 290.3, Max: 290.4, Diff: 0.2]
      [Ext Root Scanning (ms): Min: 0.0, Avg: 0.0, Max: 0.1, Diff: 0.1, Sum: 0.6]
      [Update RS (ms): Min: 0.1, Avg: 0.1, Max: 0.1, Diff: 0.1, Sum: 1.4]
         [Processed Buffers: Min: 0, Avg: 1.6, Max: 2, Diff: 2, Sum: 21]
      [Scan RS (ms): Min: 0.0, Avg: 0.0, Max: 0.0, Diff: 0.0, Sum: 0.2]
      [Code Root Scanning (ms): Min: 0.0, Avg: 0.0, Max: 0.0, Diff: 0.0, Sum: 0.0]
      [Object Copy (ms): Min: 3.1, Avg: 3.1, Max: 3.2, Diff: 0.1, Sum: 40.6]
      [Termination (ms): Min: 0.0, Avg: 0.0, Max: 0.1, Diff: 0.1, Sum: 0.5]
         [Termination Attempts: Min: 1, Avg: 1.3, Max: 4, Diff: 3, Sum: 17]
      [GC Worker Other (ms): Min: 0.0, Avg: 0.0, Max: 0.1, Diff: 0.1, Sum: 0.3]
      [GC Worker Total (ms): Min: 3.3, Avg: 3.4, Max: 3.4, Diff: 0.2, Sum: 43.6]
      [GC Worker End (ms): Min: 293.6, Avg: 293.6, Max: 293.7, Diff: 0.1]
   [Code Root Fixup: 0.0 ms]
   [Code Root Purge: 0.0 ms]
   [Clear CT: 0.4 ms]
   [Other: 1.4 ms]
      [Evacuation Failure: 0.4 ms]
      [Choose CSet: 0.0 ms]
      [Ref Proc: 0.5 ms]
      [Ref Enq: 0.0 ms]
      [Redirty Cards: 0.3 ms]
      [Humongous Register: 0.0 ms]
      [Humongous Reclaim: 0.1 ms]
      [Free CSet: 0.0 ms]
   [Eden: 301.0M(301.0M)->0.0B(31.0M) Survivors: 6144.0K->28.0M Heap: 429.0M(512.0M)->323.8M(512.0M)]
 [Times: user=0.03 sys=0.17, real=0.01 secs] 
2021-01-19T22:55:32.032+0800: 0.296: [GC pause (G1 Humongous Allocation) (young) (initial-mark), 0.0039598 secs]
   [Parallel Time: 2.4 ms, GC Workers: 13]
      [GC Worker Start (ms): Min: 296.2, Avg: 296.2, Max: 296.3, Diff: 0.1]
      [Ext Root Scanning (ms): Min: 0.0, Avg: 0.1, Max: 0.1, Diff: 0.1, Sum: 1.0]
      [Update RS (ms): Min: 0.0, Avg: 0.0, Max: 0.1, Diff: 0.1, Sum: 0.3]
         [Processed Buffers: Min: 0, Avg: 1.2, Max: 4, Diff: 4, Sum: 16]
      [Scan RS (ms): Min: 0.0, Avg: 0.0, Max: 0.0, Diff: 0.0, Sum: 0.0]
      [Code Root Scanning (ms): Min: 0.0, Avg: 0.0, Max: 0.0, Diff: 0.0, Sum: 0.0]
      [Object Copy (ms): Min: 1.8, Avg: 1.9, Max: 1.9, Diff: 0.1, Sum: 24.1]
      [Termination (ms): Min: 0.0, Avg: 0.1, Max: 0.1, Diff: 0.1, Sum: 1.0]
         [Termination Attempts: Min: 1, Avg: 1.0, Max: 1, Diff: 0, Sum: 13]
      [GC Worker Other (ms): Min: 0.0, Avg: 0.0, Max: 0.0, Diff: 0.0, Sum: 0.1]
      [GC Worker Total (ms): Min: 2.0, Avg: 2.0, Max: 2.1, Diff: 0.1, Sum: 26.5]
      [GC Worker End (ms): Min: 298.3, Avg: 298.3, Max: 298.3, Diff: 0.0]
   [Code Root Fixup: 0.0 ms]
   [Code Root Purge: 0.0 ms]
   [Clear CT: 0.8 ms]
   [Other: 0.7 ms]
      [Choose CSet: 0.0 ms]
      [Ref Proc: 0.2 ms]
      [Ref Enq: 0.0 ms]
      [Redirty Cards: 0.4 ms]
      [Humongous Register: 0.0 ms]
      [Humongous Reclaim: 0.0 ms]
      [Free CSet: 0.0 ms]
   [Eden: 3072.0K(31.0M)->0.0B(94.0M) Survivors: 28.0M->1024.0K Heap: 326.8M(512.0M)->323.9M(512.0M)]
 [Times: user=0.00 sys=0.00, real=0.00 secs] 
2021-01-19T22:55:32.036+0800: 0.300: [GC concurrent-root-region-scan-start]
2021-01-19T22:55:32.036+0800: 0.300: [GC concurrent-root-region-scan-end, 0.0001083 secs]
2021-01-19T22:55:32.036+0800: 0.300: [GC concurrent-mark-start]
2021-01-19T22:55:32.037+0800: 0.301: [GC concurrent-mark-end, 0.0009145 secs]
2021-01-19T22:55:32.037+0800: 0.301: [GC remark 2021-01-19T22:55:32.037+0800: 0.301: [Finalize Marking, 0.0003647 secs] 2021-01-19T22:55:32.038+0800: 0.302: [GC ref-proc, 0.0002750 secs] 2021-01-19T22:55:32.038+0800: 0.302: [Unloading, 0.0004334 secs], 0.0014183 secs]
 [Times: user=0.00 sys=0.00, real=0.00 secs] 
2021-01-19T22:55:32.039+0800: 0.303: [GC cleanup 337M->337M(512M), 0.0006646 secs]
 [Times: user=0.00 sys=0.00, real=0.00 secs] 
2021-01-19T22:55:32.052+0800: 0.316: [GC pause (G1 Evacuation Pause) (young) (to-space exhausted), 0.0038921 secs]
   [Parallel Time: 2.8 ms, GC Workers: 13]
      [GC Worker Start (ms): Min: 315.7, Avg: 315.7, Max: 315.8, Diff: 0.2]
      [Ext Root Scanning (ms): Min: 0.0, Avg: 0.1, Max: 0.1, Diff: 0.1, Sum: 1.0]
      [Update RS (ms): Min: 0.1, Avg: 0.1, Max: 0.5, Diff: 0.5, Sum: 1.8]
         [Processed Buffers: Min: 0, Avg: 1.5, Max: 3, Diff: 3, Sum: 19]
      [Scan RS (ms): Min: 0.0, Avg: 0.0, Max: 0.0, Diff: 0.0, Sum: 0.1]
      [Code Root Scanning (ms): Min: 0.0, Avg: 0.0, Max: 0.0, Diff: 0.0, Sum: 0.0]
      [Object Copy (ms): Min: 1.8, Avg: 2.2, Max: 2.3, Diff: 0.5, Sum: 28.4]
      [Termination (ms): Min: 0.0, Avg: 0.1, Max: 0.1, Diff: 0.1, Sum: 1.0]
         [Termination Attempts: Min: 1, Avg: 1.1, Max: 2, Diff: 1, Sum: 14]
      [GC Worker Other (ms): Min: 0.0, Avg: 0.0, Max: 0.0, Diff: 0.0, Sum: 0.1]
      [GC Worker Total (ms): Min: 2.4, Avg: 2.5, Max: 2.6, Diff: 0.2, Sum: 32.2]
      [GC Worker End (ms): Min: 318.2, Avg: 318.2, Max: 318.2, Diff: 0.0]
   [Code Root Fixup: 0.0 ms]
   [Code Root Purge: 0.0 ms]
   [Clear CT: 0.3 ms]
   [Other: 0.8 ms]
      [Evacuation Failure: 0.1 ms]
      [Choose CSet: 0.0 ms]
      [Ref Proc: 0.2 ms]
      [Ref Enq: 0.0 ms]
      [Redirty Cards: 0.3 ms]
      [Humongous Register: 0.0 ms]
      [Humongous Reclaim: 0.0 ms]
      [Free CSet: 0.0 ms]
   [Eden: 94.0M(94.0M)->0.0B(13.0M) Survivors: 1024.0K->12.0M Heap: 443.1M(512.0M)->376.1M(512.0M)]
 [Times: user=0.00 sys=0.00, real=0.00 secs] 
2021-01-19T22:55:32.057+0800: 0.321: [GC pause (G1 Evacuation Pause) (mixed), 0.0038980 secs]
   [Parallel Time: 2.2 ms, GC Workers: 13]
      [GC Worker Start (ms): Min: 321.2, Avg: 321.3, Max: 321.4, Diff: 0.2]
      [Ext Root Scanning (ms): Min: 0.0, Avg: 0.1, Max: 0.2, Diff: 0.2, Sum: 0.7]
      [Update RS (ms): Min: 0.1, Avg: 0.1, Max: 0.4, Diff: 0.3, Sum: 1.6]
         [Processed Buffers: Min: 0, Avg: 1.5, Max: 2, Diff: 2, Sum: 20]
      [Scan RS (ms): Min: 0.0, Avg: 0.0, Max: 0.0, Diff: 0.0, Sum: 0.1]
      [Code Root Scanning (ms): Min: 0.0, Avg: 0.0, Max: 0.0, Diff: 0.0, Sum: 0.0]
      [Object Copy (ms): Min: 1.0, Avg: 1.3, Max: 1.4, Diff: 0.4, Sum: 16.3]
      [Termination (ms): Min: 0.0, Avg: 0.1, Max: 0.1, Diff: 0.1, Sum: 0.9]
         [Termination Attempts: Min: 1, Avg: 1.0, Max: 1, Diff: 0, Sum: 13]
      [GC Worker Other (ms): Min: 0.0, Avg: 0.0, Max: 0.0, Diff: 0.0, Sum: 0.1]
      [GC Worker Total (ms): Min: 1.4, Avg: 1.5, Max: 1.6, Diff: 0.2, Sum: 19.6]
      [GC Worker End (ms): Min: 322.9, Avg: 322.9, Max: 322.9, Diff: 0.0]
   [Code Root Fixup: 0.0 ms]
   [Code Root Purge: 0.0 ms]
   [Clear CT: 0.8 ms]
   [Other: 0.9 ms]
      [Choose CSet: 0.0 ms]
      [Ref Proc: 0.6 ms]
      [Ref Enq: 0.0 ms]
      [Redirty Cards: 0.2 ms]
      [Humongous Register: 0.0 ms]
      [Humongous Reclaim: 0.0 ms]
      [Free CSet: 0.0 ms]
   [Eden: 13.0M(13.0M)->0.0B(21.0M) Survivors: 12.0M->4096.0K Heap: 392.1M(512.0M)->333.1M(512.0M)]
 [Times: user=0.00 sys=0.00, real=0.00 secs] 
2021-01-19T22:55:32.064+0800: 0.328: [GC pause (G1 Evacuation Pause) (mixed), 0.0026045 secs]
   [Parallel Time: 1.7 ms, GC Workers: 13]
      [GC Worker Start (ms): Min: 327.8, Avg: 327.9, Max: 327.9, Diff: 0.1]
      [Ext Root Scanning (ms): Min: 0.0, Avg: 0.1, Max: 0.1, Diff: 0.1, Sum: 0.8]
      [Update RS (ms): Min: 0.1, Avg: 0.2, Max: 0.2, Diff: 0.0, Sum: 2.0]
         [Processed Buffers: Min: 1, Avg: 2.2, Max: 3, Diff: 2, Sum: 29]
      [Scan RS (ms): Min: 0.0, Avg: 0.0, Max: 0.0, Diff: 0.0, Sum: 0.1]
      [Code Root Scanning (ms): Min: 0.0, Avg: 0.0, Max: 0.0, Diff: 0.0, Sum: 0.0]
      [Object Copy (ms): Min: 1.1, Avg: 1.2, Max: 1.3, Diff: 0.1, Sum: 15.9]
      [Termination (ms): Min: 0.0, Avg: 0.0, Max: 0.1, Diff: 0.1, Sum: 0.5]
         [Termination Attempts: Min: 1, Avg: 1.0, Max: 1, Diff: 0, Sum: 13]
      [GC Worker Other (ms): Min: 0.0, Avg: 0.0, Max: 0.0, Diff: 0.0, Sum: 0.1]
      [GC Worker Total (ms): Min: 1.4, Avg: 1.5, Max: 1.6, Diff: 0.1, Sum: 19.3]
      [GC Worker End (ms): Min: 329.4, Avg: 329.4, Max: 329.4, Diff: 0.0]
   [Code Root Fixup: 0.0 ms]
   [Code Root Purge: 0.0 ms]
   [Clear CT: 0.2 ms]
   [Other: 0.7 ms]
      [Choose CSet: 0.0 ms]
      [Ref Proc: 0.1 ms]
      [Ref Enq: 0.0 ms]
      [Redirty Cards: 0.5 ms]
      [Humongous Register: 0.0 ms]
      [Humongous Reclaim: 0.0 ms]
      [Free CSet: 0.0 ms]
   [Eden: 21.0M(21.0M)->0.0B(21.0M) Survivors: 4096.0K->4096.0K Heap: 361.4M(512.0M)->296.3M(512.0M)]
 [Times: user=0.00 sys=0.00, real=0.00 secs] 
2021-01-19T22:55:32.069+0800: 0.333: [GC pause (G1 Evacuation Pause) (mixed), 0.0041034 secs]
   [Parallel Time: 2.2 ms, GC Workers: 13]
      [GC Worker Start (ms): Min: 333.0, Avg: 333.1, Max: 333.1, Diff: 0.1]
      [Ext Root Scanning (ms): Min: 0.0, Avg: 0.1, Max: 0.1, Diff: 0.1, Sum: 0.9]
      [Update RS (ms): Min: 0.1, Avg: 0.1, Max: 0.2, Diff: 0.1, Sum: 1.6]
         [Processed Buffers: Min: 0, Avg: 1.6, Max: 2, Diff: 2, Sum: 21]
      [Scan RS (ms): Min: 0.0, Avg: 0.0, Max: 0.1, Diff: 0.1, Sum: 0.2]
      [Code Root Scanning (ms): Min: 0.0, Avg: 0.0, Max: 0.0, Diff: 0.0, Sum: 0.0]
      [Object Copy (ms): Min: 1.5, Avg: 1.6, Max: 1.6, Diff: 0.1, Sum: 20.6]
      [Termination (ms): Min: 0.0, Avg: 0.0, Max: 0.1, Diff: 0.1, Sum: 0.5]
         [Termination Attempts: Min: 1, Avg: 1.0, Max: 1, Diff: 0, Sum: 13]
      [GC Worker Other (ms): Min: 0.0, Avg: 0.0, Max: 0.0, Diff: 0.0, Sum: 0.1]
      [GC Worker Total (ms): Min: 1.8, Avg: 1.8, Max: 1.9, Diff: 0.1, Sum: 23.8]
      [GC Worker End (ms): Min: 334.9, Avg: 334.9, Max: 334.9, Diff: 0.0]
   [Code Root Fixup: 0.0 ms]
   [Code Root Purge: 0.0 ms]
   [Clear CT: 0.6 ms]
   [Other: 1.3 ms]
      [Choose CSet: 0.0 ms]
      [Ref Proc: 0.7 ms]
      [Ref Enq: 0.0 ms]
      [Redirty Cards: 0.5 ms]
      [Humongous Register: 0.0 ms]
      [Humongous Reclaim: 0.0 ms]
      [Free CSet: 0.0 ms]
   [Eden: 21.0M(21.0M)->0.0B(21.0M) Survivors: 4096.0K->4096.0K Heap: 323.0M(512.0M)->265.8M(512.0M)]
 [Times: user=0.00 sys=0.00, real=0.00 secs] 
2021-01-19T22:55:32.076+0800: 0.340: [GC pause (G1 Evacuation Pause) (mixed), 0.0032663 secs]
   [Parallel Time: 1.9 ms, GC Workers: 13]
      [GC Worker Start (ms): Min: 339.7, Avg: 339.8, Max: 339.9, Diff: 0.1]
      [Ext Root Scanning (ms): Min: 0.0, Avg: 0.0, Max: 0.1, Diff: 0.1, Sum: 0.6]
      [Update RS (ms): Min: 0.1, Avg: 0.1, Max: 0.2, Diff: 0.1, Sum: 1.6]
         [Processed Buffers: Min: 0, Avg: 1.7, Max: 2, Diff: 2, Sum: 22]
      [Scan RS (ms): Min: 0.0, Avg: 0.0, Max: 0.0, Diff: 0.0, Sum: 0.1]
      [Code Root Scanning (ms): Min: 0.0, Avg: 0.0, Max: 0.0, Diff: 0.0, Sum: 0.0]
      [Object Copy (ms): Min: 1.4, Avg: 1.5, Max: 1.5, Diff: 0.2, Sum: 19.0]
      [Termination (ms): Min: 0.0, Avg: 0.1, Max: 0.1, Diff: 0.1, Sum: 0.7]
         [Termination Attempts: Min: 1, Avg: 1.0, Max: 1, Diff: 0, Sum: 13]
      [GC Worker Other (ms): Min: 0.0, Avg: 0.0, Max: 0.0, Diff: 0.0, Sum: 0.1]
      [GC Worker Total (ms): Min: 1.6, Avg: 1.7, Max: 1.8, Diff: 0.1, Sum: 22.1]
      [GC Worker End (ms): Min: 341.5, Avg: 341.5, Max: 341.5, Diff: 0.0]
   [Code Root Fixup: 0.0 ms]
   [Code Root Purge: 0.0 ms]
   [Clear CT: 0.4 ms]
   [Other: 1.0 ms]
      [Choose CSet: 0.0 ms]
      [Ref Proc: 0.5 ms]
      [Ref Enq: 0.0 ms]
      [Redirty Cards: 0.3 ms]
      [Humongous Register: 0.0 ms]
      [Humongous Reclaim: 0.0 ms]
      [Free CSet: 0.0 ms]
   [Eden: 21.0M(21.0M)->0.0B(149.0M) Survivors: 4096.0K->4096.0K Heap: 294.0M(512.0M)->251.2M(512.0M)]
 [Times: user=0.00 sys=0.00, real=0.00 secs] 
2021-01-19T22:55:32.080+0800: 0.344: [GC pause (G1 Humongous Allocation) (young) (initial-mark), 0.0012917 secs]
   [Parallel Time: 0.6 ms, GC Workers: 13]
      [GC Worker Start (ms): Min: 343.8, Avg: 343.8, Max: 343.9, Diff: 0.1]
      [Ext Root Scanning (ms): Min: 0.0, Avg: 0.1, Max: 0.2, Diff: 0.2, Sum: 1.6]
      [Update RS (ms): Min: 0.0, Avg: 0.0, Max: 0.1, Diff: 0.1, Sum: 0.2]
         [Processed Buffers: Min: 0, Avg: 0.9, Max: 3, Diff: 3, Sum: 12]
      [Scan RS (ms): Min: 0.0, Avg: 0.0, Max: 0.0, Diff: 0.0, Sum: 0.0]
      [Code Root Scanning (ms): Min: 0.0, Avg: 0.0, Max: 0.0, Diff: 0.0, Sum: 0.0]
      [Object Copy (ms): Min: 0.2, Avg: 0.2, Max: 0.3, Diff: 0.1, Sum: 3.2]
      [Termination (ms): Min: 0.0, Avg: 0.1, Max: 0.1, Diff: 0.1, Sum: 0.7]
         [Termination Attempts: Min: 1, Avg: 1.0, Max: 1, Diff: 0, Sum: 13]
      [GC Worker Other (ms): Min: 0.0, Avg: 0.0, Max: 0.0, Diff: 0.0, Sum: 0.1]
      [GC Worker Total (ms): Min: 0.4, Avg: 0.4, Max: 0.5, Diff: 0.1, Sum: 5.8]
      [GC Worker End (ms): Min: 344.3, Avg: 344.3, Max: 344.3, Diff: 0.0]
   [Code Root Fixup: 0.0 ms]
   [Code Root Purge: 0.0 ms]
   [Clear CT: 0.1 ms]
   [Other: 0.5 ms]
      [Choose CSet: 0.0 ms]
      [Ref Proc: 0.2 ms]
      [Ref Enq: 0.0 ms]
      [Redirty Cards: 0.2 ms]
      [Humongous Register: 0.0 ms]
      [Humongous Reclaim: 0.0 ms]
      [Free CSet: 0.0 ms]
   [Eden: 6144.0K(149.0M)->0.0B(155.0M) Survivors: 4096.0K->5120.0K Heap: 256.2M(512.0M)->250.9M(512.0M)]
 [Times: user=0.00 sys=0.00, real=0.00 secs] 
2021-01-19T22:55:32.081+0800: 0.345: [GC concurrent-root-region-scan-start]
2021-01-19T22:55:32.081+0800: 0.345: [GC concurrent-root-region-scan-end, 0.0001248 secs]
2021-01-19T22:55:32.081+0800: 0.345: [GC concurrent-mark-start]
2021-01-19T22:55:32.083+0800: 0.347: [GC concurrent-mark-end, 0.0015231 secs]
2021-01-19T22:55:32.083+0800: 0.347: [GC remark 2021-01-19T22:55:32.083+0800: 0.347: [Finalize Marking, 0.0002974 secs] 2021-01-19T22:55:32.083+0800: 0.347: [GC ref-proc, 0.0002752 secs] 2021-01-19T22:55:32.084+0800: 0.347: [Unloading, 0.0007119 secs], 0.0016149 secs]
 [Times: user=0.00 sys=0.00, real=0.00 secs] 
2021-01-19T22:55:32.085+0800: 0.349: [GC cleanup 267M->263M(512M), 0.0011010 secs]
 [Times: user=0.00 sys=0.00, real=0.00 secs] 
2021-01-19T22:55:32.086+0800: 0.350: [GC concurrent-cleanup-start]
2021-01-19T22:55:32.086+0800: 0.350: [GC concurrent-cleanup-end, 0.0000074 secs]
2021-01-19T22:55:32.104+0800: 0.367: [GC pause (G1 Evacuation Pause) (young) (to-space exhausted), 0.0031481 secs]
   [Parallel Time: 1.7 ms, GC Workers: 13]
      [GC Worker Start (ms): Min: 367.6, Avg: 367.6, Max: 367.7, Diff: 0.1]
      [Ext Root Scanning (ms): Min: 0.0, Avg: 0.1, Max: 0.1, Diff: 0.1, Sum: 1.0]
      [Update RS (ms): Min: 0.1, Avg: 0.1, Max: 0.4, Diff: 0.3, Sum: 1.8]
         [Processed Buffers: Min: 0, Avg: 1.8, Max: 2, Diff: 2, Sum: 24]
      [Scan RS (ms): Min: 0.0, Avg: 0.0, Max: 0.0, Diff: 0.0, Sum: 0.1]
      [Code Root Scanning (ms): Min: 0.0, Avg: 0.0, Max: 0.0, Diff: 0.0, Sum: 0.0]
      [Object Copy (ms): Min: 0.8, Avg: 1.0, Max: 1.1, Diff: 0.3, Sum: 13.3]
      [Termination (ms): Min: 0.0, Avg: 0.0, Max: 0.1, Diff: 0.1, Sum: 0.5]
         [Termination Attempts: Min: 1, Avg: 1.0, Max: 1, Diff: 0, Sum: 13]
      [GC Worker Other (ms): Min: 0.0, Avg: 0.0, Max: 0.0, Diff: 0.0, Sum: 0.1]
      [GC Worker Total (ms): Min: 1.2, Avg: 1.3, Max: 1.4, Diff: 0.1, Sum: 16.9]
      [GC Worker End (ms): Min: 368.9, Avg: 368.9, Max: 368.9, Diff: 0.0]
   [Code Root Fixup: 0.0 ms]
   [Code Root Purge: 0.0 ms]
   [Clear CT: 0.4 ms]
   [Other: 1.1 ms]
      [Evacuation Failure: 0.2 ms]
      [Choose CSet: 0.0 ms]
      [Ref Proc: 0.3 ms]
      [Ref Enq: 0.0 ms]
      [Redirty Cards: 0.4 ms]
      [Humongous Register: 0.1 ms]
      [Humongous Reclaim: 0.0 ms]
      [Free CSet: 0.0 ms]
   [Eden: 155.0M(155.0M)->0.0B(12.0M) Survivors: 5120.0K->13.0M Heap: 444.2M(512.0M)->382.8M(512.0M)]
 [Times: user=0.01 sys=0.00, real=0.00 secs] 
2021-01-19T22:55:32.108+0800: 0.372: [GC pause (G1 Evacuation Pause) (mixed), 0.0039477 secs]
   [Parallel Time: 2.5 ms, GC Workers: 13]
      [GC Worker Start (ms): Min: 372.4, Avg: 372.4, Max: 372.4, Diff: 0.1]
      [Ext Root Scanning (ms): Min: 0.0, Avg: 0.1, Max: 0.1, Diff: 0.1, Sum: 1.0]
      [Update RS (ms): Min: 0.1, Avg: 0.2, Max: 0.2, Diff: 0.1, Sum: 2.2]
         [Processed Buffers: Min: 0, Avg: 2.5, Max: 3, Diff: 3, Sum: 32]
      [Scan RS (ms): Min: 0.0, Avg: 0.0, Max: 0.1, Diff: 0.1, Sum: 0.2]
      [Code Root Scanning (ms): Min: 0.0, Avg: 0.0, Max: 0.0, Diff: 0.0, Sum: 0.0]
      [Object Copy (ms): Min: 1.9, Avg: 2.0, Max: 2.1, Diff: 0.1, Sum: 26.1]
      [Termination (ms): Min: 0.0, Avg: 0.1, Max: 0.1, Diff: 0.1, Sum: 0.7]
         [Termination Attempts: Min: 1, Avg: 1.1, Max: 2, Diff: 1, Sum: 14]
      [GC Worker Other (ms): Min: 0.0, Avg: 0.0, Max: 0.0, Diff: 0.0, Sum: 0.1]
      [GC Worker Total (ms): Min: 2.3, Avg: 2.3, Max: 2.4, Diff: 0.1, Sum: 30.3]
      [GC Worker End (ms): Min: 374.7, Avg: 374.7, Max: 374.7, Diff: 0.0]
   [Code Root Fixup: 0.0 ms]
   [Code Root Purge: 0.0 ms]
   [Clear CT: 0.5 ms]
   [Other: 1.0 ms]
      [Choose CSet: 0.0 ms]
      [Ref Proc: 0.3 ms]
      [Ref Enq: 0.0 ms]
      [Redirty Cards: 0.6 ms]
      [Humongous Register: 0.0 ms]
      [Humongous Reclaim: 0.0 ms]
      [Free CSet: 0.0 ms]
   [Eden: 12.0M(12.0M)->0.0B(64.0M) Survivors: 13.0M->4096.0K Heap: 398.4M(512.0M)->349.5M(512.0M)]
 [Times: user=0.00 sys=0.00, real=0.00 secs] 
2021-01-19T22:55:32.113+0800: 0.377: [GC pause (G1 Humongous Allocation) (young) (initial-mark), 0.0016539 secs]
   [Parallel Time: 0.6 ms, GC Workers: 13]
      [GC Worker Start (ms): Min: 376.8, Avg: 376.8, Max: 376.9, Diff: 0.1]
      [Ext Root Scanning (ms): Min: 0.0, Avg: 0.1, Max: 0.1, Diff: 0.1, Sum: 1.1]
      [Update RS (ms): Min: 0.0, Avg: 0.1, Max: 0.3, Diff: 0.3, Sum: 0.7]
         [Processed Buffers: Min: 0, Avg: 1.1, Max: 2, Diff: 2, Sum: 14]
      [Scan RS (ms): Min: 0.0, Avg: 0.0, Max: 0.0, Diff: 0.0, Sum: 0.0]
      [Code Root Scanning (ms): Min: 0.0, Avg: 0.0, Max: 0.0, Diff: 0.0, Sum: 0.0]
      [Object Copy (ms): Min: 0.0, Avg: 0.2, Max: 0.3, Diff: 0.3, Sum: 2.9]
      [Termination (ms): Min: 0.0, Avg: 0.0, Max: 0.1, Diff: 0.1, Sum: 0.4]
         [Termination Attempts: Min: 1, Avg: 1.0, Max: 1, Diff: 0, Sum: 13]
      [GC Worker Other (ms): Min: 0.0, Avg: 0.0, Max: 0.0, Diff: 0.0, Sum: 0.1]
      [GC Worker Total (ms): Min: 0.3, Avg: 0.4, Max: 0.4, Diff: 0.1, Sum: 5.1]
      [GC Worker End (ms): Min: 377.2, Avg: 377.2, Max: 377.3, Diff: 0.0]
   [Code Root Fixup: 0.0 ms]
   [Code Root Purge: 0.0 ms]
   [Clear CT: 0.2 ms]
   [Other: 0.8 ms]
      [Choose CSet: 0.0 ms]
      [Ref Proc: 0.3 ms]
      [Ref Enq: 0.0 ms]
      [Redirty Cards: 0.4 ms]
      [Humongous Register: 0.0 ms]
      [Humongous Reclaim: 0.0 ms]
      [Free CSet: 0.0 ms]
   [Eden: 4096.0K(64.0M)->0.0B(63.0M) Survivors: 4096.0K->5120.0K Heap: 352.9M(512.0M)->350.2M(512.0M)]
 [Times: user=0.00 sys=0.00, real=0.00 secs] 
2021-01-19T22:55:32.115+0800: 0.378: [GC concurrent-root-region-scan-start]
2021-01-19T22:55:32.115+0800: 0.379: [GC concurrent-root-region-scan-end, 0.0001662 secs]
2021-01-19T22:55:32.115+0800: 0.379: [GC concurrent-mark-start]
2021-01-19T22:55:32.116+0800: 0.380: [GC concurrent-mark-end, 0.0010758 secs]
2021-01-19T22:55:32.116+0800: 0.380: [GC remark 2021-01-19T22:55:32.116+0800: 0.380: [Finalize Marking, 0.0004154 secs] 2021-01-19T22:55:32.116+0800: 0.380: [GC ref-proc, 0.0002828 secs] 2021-01-19T22:55:32.117+0800: 0.381: [Unloading, 0.0004622 secs], 0.0016529 secs]
 [Times: user=0.00 sys=0.00, real=0.00 secs] 
2021-01-19T22:55:32.118+0800: 0.382: [GC cleanup 365M->365M(512M), 0.0012937 secs]
 [Times: user=0.00 sys=0.00, real=0.00 secs] 
2021-01-19T22:55:32.126+0800: 0.390: [GC pause (G1 Evacuation Pause) (young), 0.0044386 secs]
   [Parallel Time: 2.4 ms, GC Workers: 13]
      [GC Worker Start (ms): Min: 389.8, Avg: 389.9, Max: 390.0, Diff: 0.1]
      [Ext Root Scanning (ms): Min: 0.0, Avg: 0.1, Max: 0.1, Diff: 0.1, Sum: 0.8]
      [Update RS (ms): Min: 0.2, Avg: 0.2, Max: 0.2, Diff: 0.0, Sum: 2.4]
         [Processed Buffers: Min: 0, Avg: 2.5, Max: 3, Diff: 3, Sum: 32]
      [Scan RS (ms): Min: 0.0, Avg: 0.0, Max: 0.0, Diff: 0.0, Sum: 0.0]
      [Code Root Scanning (ms): Min: 0.0, Avg: 0.0, Max: 0.0, Diff: 0.0, Sum: 0.0]
      [Object Copy (ms): Min: 1.6, Avg: 1.7, Max: 1.7, Diff: 0.1, Sum: 21.7]
      [Termination (ms): Min: 0.0, Avg: 0.0, Max: 0.1, Diff: 0.1, Sum: 0.4]
         [Termination Attempts: Min: 1, Avg: 1.0, Max: 1, Diff: 0, Sum: 13]
      [GC Worker Other (ms): Min: 0.0, Avg: 0.0, Max: 0.0, Diff: 0.0, Sum: 0.1]
      [GC Worker Total (ms): Min: 1.9, Avg: 2.0, Max: 2.1, Diff: 0.1, Sum: 25.6]
      [GC Worker End (ms): Min: 391.9, Avg: 391.9, Max: 391.9, Diff: 0.0]
   [Code Root Fixup: 0.0 ms]
   [Code Root Purge: 0.0 ms]
   [Clear CT: 1.1 ms]
   [Other: 1.0 ms]
      [Choose CSet: 0.0 ms]
      [Ref Proc: 0.2 ms]
      [Ref Enq: 0.0 ms]
      [Redirty Cards: 0.6 ms]
      [Humongous Register: 0.1 ms]
      [Humongous Reclaim: 0.0 ms]
      [Free CSet: 0.1 ms]
   [Eden: 63.0M(63.0M)->0.0B(16.0M) Survivors: 5120.0K->9216.0K Heap: 430.1M(512.0M)->370.1M(512.0M)]
 [Times: user=0.00 sys=0.00, real=0.00 secs] 
2021-01-19T22:55:32.132+0800: 0.396: [GC pause (G1 Evacuation Pause) (mixed), 0.0049628 secs]
   [Parallel Time: 2.4 ms, GC Workers: 13]
      [GC Worker Start (ms): Min: 396.1, Avg: 396.2, Max: 396.2, Diff: 0.1]
      [Ext Root Scanning (ms): Min: 0.0, Avg: 0.1, Max: 0.1, Diff: 0.1, Sum: 0.8]
      [Update RS (ms): Min: 0.0, Avg: 0.1, Max: 0.1, Diff: 0.1, Sum: 0.7]
         [Processed Buffers: Min: 1, Avg: 1.5, Max: 4, Diff: 3, Sum: 19]
      [Scan RS (ms): Min: 0.0, Avg: 0.0, Max: 0.0, Diff: 0.0, Sum: 0.1]
      [Code Root Scanning (ms): Min: 0.0, Avg: 0.0, Max: 0.0, Diff: 0.0, Sum: 0.0]
      [Object Copy (ms): Min: 1.5, Avg: 1.5, Max: 1.6, Diff: 0.2, Sum: 19.7]
      [Termination (ms): Min: 0.0, Avg: 0.1, Max: 0.1, Diff: 0.1, Sum: 1.1]
         [Termination Attempts: Min: 1, Avg: 1.1, Max: 2, Diff: 1, Sum: 14]
      [GC Worker Other (ms): Min: 0.0, Avg: 0.0, Max: 0.0, Diff: 0.0, Sum: 0.1]
      [GC Worker Total (ms): Min: 1.7, Avg: 1.7, Max: 1.8, Diff: 0.1, Sum: 22.5]
      [GC Worker End (ms): Min: 397.9, Avg: 397.9, Max: 397.9, Diff: 0.0]
   [Code Root Fixup: 0.0 ms]
   [Code Root Purge: 0.0 ms]
   [Clear CT: 1.0 ms]
   [Other: 1.5 ms]
      [Choose CSet: 0.0 ms]
      [Ref Proc: 0.6 ms]
      [Ref Enq: 0.0 ms]
      [Redirty Cards: 0.7 ms]
      [Humongous Register: 0.0 ms]
      [Humongous Reclaim: 0.0 ms]
      [Free CSet: 0.0 ms]
   [Eden: 16.0M(16.0M)->0.0B(21.0M) Survivors: 9216.0K->4096.0K Heap: 386.7M(512.0M)->328.6M(512.0M)]
 [Times: user=0.00 sys=0.00, real=0.01 secs] 
2021-01-19T22:55:32.140+0800: 0.403: [GC pause (G1 Evacuation Pause) (mixed), 0.0047016 secs]
   [Parallel Time: 2.7 ms, GC Workers: 13]
      [GC Worker Start (ms): Min: 403.4, Avg: 403.5, Max: 403.6, Diff: 0.1]
      [Ext Root Scanning (ms): Min: 0.0, Avg: 0.1, Max: 0.1, Diff: 0.1, Sum: 0.7]
      [Update RS (ms): Min: 0.2, Avg: 0.2, Max: 0.2, Diff: 0.0, Sum: 2.8]
         [Processed Buffers: Min: 1, Avg: 3.2, Max: 4, Diff: 3, Sum: 42]
      [Scan RS (ms): Min: 0.0, Avg: 0.0, Max: 0.0, Diff: 0.0, Sum: 0.1]
      [Code Root Scanning (ms): Min: 0.0, Avg: 0.0, Max: 0.0, Diff: 0.0, Sum: 0.0]
      [Object Copy (ms): Min: 1.8, Avg: 1.9, Max: 1.9, Diff: 0.1, Sum: 24.1]
      [Termination (ms): Min: 0.0, Avg: 0.0, Max: 0.1, Diff: 0.1, Sum: 0.5]
         [Termination Attempts: Min: 1, Avg: 1.2, Max: 3, Diff: 2, Sum: 16]
      [GC Worker Other (ms): Min: 0.0, Avg: 0.0, Max: 0.0, Diff: 0.0, Sum: 0.1]
      [GC Worker Total (ms): Min: 2.1, Avg: 2.2, Max: 2.3, Diff: 0.1, Sum: 28.2]
      [GC Worker End (ms): Min: 405.7, Avg: 405.7, Max: 405.7, Diff: 0.0]
   [Code Root Fixup: 0.0 ms]
   [Code Root Purge: 0.0 ms]
   [Clear CT: 0.6 ms]
   [Other: 1.4 ms]
      [Choose CSet: 0.0 ms]
      [Ref Proc: 0.6 ms]
      [Ref Enq: 0.0 ms]
      [Redirty Cards: 0.6 ms]
      [Humongous Register: 0.0 ms]
      [Humongous Reclaim: 0.0 ms]
      [Free CSet: 0.0 ms]
   [Eden: 21.0M(21.0M)->0.0B(21.0M) Survivors: 4096.0K->4096.0K Heap: 355.6M(512.0M)->300.4M(512.0M)]
 [Times: user=0.00 sys=0.00, real=0.00 secs] 
2021-01-19T22:55:32.147+0800: 0.411: [GC pause (G1 Evacuation Pause) (mixed), 0.0049236 secs]
   [Parallel Time: 2.9 ms, GC Workers: 13]
      [GC Worker Start (ms): Min: 410.7, Avg: 410.8, Max: 410.8, Diff: 0.2]
      [Ext Root Scanning (ms): Min: 0.0, Avg: 0.0, Max: 0.1, Diff: 0.1, Sum: 0.5]
      [Update RS (ms): Min: 0.2, Avg: 0.2, Max: 0.2, Diff: 0.1, Sum: 2.5]
         [Processed Buffers: Min: 2, Avg: 3.5, Max: 5, Diff: 3, Sum: 45]
      [Scan RS (ms): Min: 0.0, Avg: 0.0, Max: 0.0, Diff: 0.0, Sum: 0.1]
      [Code Root Scanning (ms): Min: 0.0, Avg: 0.0, Max: 0.0, Diff: 0.0, Sum: 0.0]
      [Object Copy (ms): Min: 2.1, Avg: 2.2, Max: 2.2, Diff: 0.1, Sum: 28.0]
      [Termination (ms): Min: 0.0, Avg: 0.0, Max: 0.1, Diff: 0.1, Sum: 0.6]
         [Termination Attempts: Min: 1, Avg: 1.0, Max: 1, Diff: 0, Sum: 13]
      [GC Worker Other (ms): Min: 0.0, Avg: 0.0, Max: 0.0, Diff: 0.0, Sum: 0.1]
      [GC Worker Total (ms): Min: 2.4, Avg: 2.5, Max: 2.6, Diff: 0.2, Sum: 31.9]
      [GC Worker End (ms): Min: 413.2, Avg: 413.2, Max: 413.2, Diff: 0.0]
   [Code Root Fixup: 0.0 ms]
   [Code Root Purge: 0.0 ms]
   [Clear CT: 0.7 ms]
   [Other: 1.3 ms]
      [Choose CSet: 0.0 ms]
      [Ref Proc: 0.7 ms]
      [Ref Enq: 0.0 ms]
      [Redirty Cards: 0.5 ms]
      [Humongous Register: 0.0 ms]
      [Humongous Reclaim: 0.0 ms]
      [Free CSet: 0.0 ms]
   [Eden: 21.0M(21.0M)->0.0B(21.0M) Survivors: 4096.0K->4096.0K Heap: 325.2M(512.0M)->279.3M(512.0M)]
 [Times: user=0.00 sys=0.00, real=0.00 secs] 
2021-01-19T22:55:32.154+0800: 0.418: [GC pause (G1 Evacuation Pause) (mixed), 0.0027262 secs]
   [Parallel Time: 1.6 ms, GC Workers: 13]
      [GC Worker Start (ms): Min: 417.8, Avg: 417.9, Max: 417.9, Diff: 0.1]
      [Ext Root Scanning (ms): Min: 0.0, Avg: 0.1, Max: 0.1, Diff: 0.1, Sum: 1.1]
      [Update RS (ms): Min: 0.1, Avg: 0.1, Max: 0.2, Diff: 0.1, Sum: 1.7]
         [Processed Buffers: Min: 2, Avg: 2.6, Max: 3, Diff: 1, Sum: 34]
      [Scan RS (ms): Min: 0.0, Avg: 0.0, Max: 0.0, Diff: 0.0, Sum: 0.1]
      [Code Root Scanning (ms): Min: 0.0, Avg: 0.0, Max: 0.0, Diff: 0.0, Sum: 0.0]
      [Object Copy (ms): Min: 1.0, Avg: 1.1, Max: 1.2, Diff: 0.2, Sum: 14.7]
      [Termination (ms): Min: 0.0, Avg: 0.1, Max: 0.2, Diff: 0.2, Sum: 1.4]
         [Termination Attempts: Min: 1, Avg: 1.0, Max: 1, Diff: 0, Sum: 13]
      [GC Worker Other (ms): Min: 0.0, Avg: 0.0, Max: 0.0, Diff: 0.0, Sum: 0.1]
      [GC Worker Total (ms): Min: 1.4, Avg: 1.5, Max: 1.5, Diff: 0.1, Sum: 19.0]
      [GC Worker End (ms): Min: 419.3, Avg: 419.3, Max: 419.3, Diff: 0.0]
   [Code Root Fixup: 0.0 ms]
   [Code Root Purge: 0.0 ms]
   [Clear CT: 0.4 ms]
   [Other: 0.7 ms]
      [Choose CSet: 0.0 ms]
      [Ref Proc: 0.3 ms]
      [Ref Enq: 0.0 ms]
      [Redirty Cards: 0.3 ms]
      [Humongous Register: 0.0 ms]
      [Humongous Reclaim: 0.0 ms]
      [Free CSet: 0.0 ms]
   [Eden: 21.0M(21.0M)->0.0B(123.0M) Survivors: 4096.0K->4096.0K Heap: 302.7M(512.0M)->280.8M(512.0M)]
 [Times: user=0.00 sys=0.00, real=0.00 secs] 
2021-01-19T22:55:32.157+0800: 0.421: [GC pause (G1 Humongous Allocation) (young) (initial-mark), 0.0019179 secs]
   [Parallel Time: 0.8 ms, GC Workers: 13]
      [GC Worker Start (ms): Min: 421.3, Avg: 421.3, Max: 421.4, Diff: 0.1]
      [Ext Root Scanning (ms): Min: 0.0, Avg: 0.1, Max: 0.1, Diff: 0.1, Sum: 0.9]
      [Update RS (ms): Min: 0.0, Avg: 0.0, Max: 0.1, Diff: 0.1, Sum: 0.4]
         [Processed Buffers: Min: 0, Avg: 1.0, Max: 2, Diff: 2, Sum: 13]
      [Scan RS (ms): Min: 0.0, Avg: 0.0, Max: 0.0, Diff: 0.0, Sum: 0.0]
      [Code Root Scanning (ms): Min: 0.0, Avg: 0.0, Max: 0.0, Diff: 0.0, Sum: 0.0]
      [Object Copy (ms): Min: 0.1, Avg: 0.3, Max: 0.4, Diff: 0.3, Sum: 4.0]
      [Termination (ms): Min: 0.0, Avg: 0.0, Max: 0.1, Diff: 0.1, Sum: 0.6]
         [Termination Attempts: Min: 1, Avg: 1.0, Max: 1, Diff: 0, Sum: 13]
      [GC Worker Other (ms): Min: 0.0, Avg: 0.0, Max: 0.2, Diff: 0.2, Sum: 0.3]
      [GC Worker Total (ms): Min: 0.4, Avg: 0.5, Max: 0.6, Diff: 0.1, Sum: 6.1]
      [GC Worker End (ms): Min: 421.8, Avg: 421.8, Max: 421.8, Diff: 0.0]
   [Code Root Fixup: 0.0 ms]
   [Code Root Purge: 0.0 ms]
   [Clear CT: 0.4 ms]
   [Other: 0.8 ms]
      [Choose CSet: 0.0 ms]
      [Ref Proc: 0.4 ms]
      [Ref Enq: 0.0 ms]
      [Redirty Cards: 0.2 ms]
      [Humongous Register: 0.0 ms]
      [Humongous Reclaim: 0.0 ms]
      [Free CSet: 0.0 ms]
   [Eden: 6144.0K(123.0M)->0.0B(119.0M) Survivors: 4096.0K->6144.0K Heap: 286.1M(512.0M)->281.9M(512.0M)]
 [Times: user=0.00 sys=0.00, real=0.00 secs] 
2021-01-19T22:55:32.160+0800: 0.423: [GC concurrent-root-region-scan-start]
2021-01-19T22:55:32.160+0800: 0.423: [GC concurrent-root-region-scan-end, 0.0000749 secs]
2021-01-19T22:55:32.160+0800: 0.423: [GC concurrent-mark-start]
2021-01-19T22:55:32.161+0800: 0.424: [GC concurrent-mark-end, 0.0010167 secs]
2021-01-19T22:55:32.161+0800: 0.424: [GC remark 2021-01-19T22:55:32.161+0800: 0.424: [Finalize Marking, 0.0001586 secs] 2021-01-19T22:55:32.161+0800: 0.425: [GC ref-proc, 0.0002733 secs] 2021-01-19T22:55:32.161+0800: 0.425: [Unloading, 0.0003772 secs], 0.0012281 secs]
 [Times: user=0.00 sys=0.00, real=0.00 secs] 
2021-01-19T22:55:32.162+0800: 0.426: [GC cleanup 294M->294M(512M), 0.0007162 secs]
 [Times: user=0.00 sys=0.00, real=0.00 secs] 
2021-01-19T22:55:32.175+0800: 0.439: [GC pause (G1 Evacuation Pause) (young) (to-space exhausted), 0.0049869 secs]
   [Parallel Time: 2.9 ms, GC Workers: 13]
      [GC Worker Start (ms): Min: 438.6, Avg: 438.7, Max: 438.7, Diff: 0.1]
      [Ext Root Scanning (ms): Min: 0.0, Avg: 0.1, Max: 0.1, Diff: 0.1, Sum: 0.8]
      [Update RS (ms): Min: 0.2, Avg: 0.3, Max: 0.3, Diff: 0.1, Sum: 3.5]
         [Processed Buffers: Min: 1, Avg: 3.6, Max: 5, Diff: 4, Sum: 47]
      [Scan RS (ms): Min: 0.0, Avg: 0.0, Max: 0.0, Diff: 0.0, Sum: 0.1]
      [Code Root Scanning (ms): Min: 0.0, Avg: 0.0, Max: 0.0, Diff: 0.0, Sum: 0.0]
      [Object Copy (ms): Min: 2.0, Avg: 2.0, Max: 2.0, Diff: 0.0, Sum: 26.2]
      [Termination (ms): Min: 0.0, Avg: 0.0, Max: 0.0, Diff: 0.0, Sum: 0.3]
         [Termination Attempts: Min: 1, Avg: 1.0, Max: 1, Diff: 0, Sum: 13]
      [GC Worker Other (ms): Min: 0.0, Avg: 0.0, Max: 0.1, Diff: 0.1, Sum: 0.2]
      [GC Worker Total (ms): Min: 2.3, Avg: 2.4, Max: 2.5, Diff: 0.2, Sum: 31.1]
      [GC Worker End (ms): Min: 441.1, Avg: 441.1, Max: 441.2, Diff: 0.1]
   [Code Root Fixup: 0.0 ms]
   [Code Root Purge: 0.0 ms]
   [Clear CT: 0.6 ms]
   [Other: 1.5 ms]
      [Evacuation Failure: 0.5 ms]
      [Choose CSet: 0.0 ms]
      [Ref Proc: 0.5 ms]
      [Ref Enq: 0.0 ms]
      [Redirty Cards: 0.3 ms]
      [Humongous Register: 0.1 ms]
      [Humongous Reclaim: 0.0 ms]
      [Free CSet: 0.0 ms]
   [Eden: 119.0M(119.0M)->0.0B(9216.0K) Survivors: 6144.0K->16.0M Heap: 434.3M(512.0M)->369.8M(512.0M)]
 [Times: user=0.00 sys=0.00, real=0.01 secs] 
2021-01-19T22:55:32.181+0800: 0.445: [GC pause (G1 Evacuation Pause) (mixed), 0.0053990 secs]
   [Parallel Time: 3.7 ms, GC Workers: 13]
      [GC Worker Start (ms): Min: 444.6, Avg: 444.6, Max: 444.7, Diff: 0.1]
      [Ext Root Scanning (ms): Min: 0.0, Avg: 0.1, Max: 0.1, Diff: 0.1, Sum: 0.9]
      [Update RS (ms): Min: 0.0, Avg: 0.1, Max: 0.1, Diff: 0.1, Sum: 1.0]
         [Processed Buffers: Min: 1, Avg: 2.1, Max: 3, Diff: 2, Sum: 27]
      [Scan RS (ms): Min: 0.0, Avg: 0.0, Max: 0.0, Diff: 0.0, Sum: 0.1]
      [Code Root Scanning (ms): Min: 0.0, Avg: 0.0, Max: 0.0, Diff: 0.0, Sum: 0.0]
      [Object Copy (ms): Min: 2.8, Avg: 2.9, Max: 2.9, Diff: 0.1, Sum: 37.1]
      [Termination (ms): Min: 0.0, Avg: 0.1, Max: 0.1, Diff: 0.1, Sum: 0.7]
         [Termination Attempts: Min: 1, Avg: 1.2, Max: 2, Diff: 1, Sum: 15]
      [GC Worker Other (ms): Min: 0.0, Avg: 0.0, Max: 0.0, Diff: 0.0, Sum: 0.1]
      [GC Worker Total (ms): Min: 3.0, Avg: 3.1, Max: 3.1, Diff: 0.1, Sum: 39.9]
      [GC Worker End (ms): Min: 447.7, Avg: 447.7, Max: 447.7, Diff: 0.0]
   [Code Root Fixup: 0.0 ms]
   [Code Root Purge: 0.0 ms]
   [Clear CT: 0.8 ms]
   [Other: 0.9 ms]
      [Choose CSet: 0.0 ms]
      [Ref Proc: 0.6 ms]
      [Ref Enq: 0.0 ms]
      [Redirty Cards: 0.2 ms]
      [Humongous Register: 0.0 ms]
      [Humongous Reclaim: 0.0 ms]
      [Free CSet: 0.0 ms]
   [Eden: 9216.0K(9216.0K)->0.0B(21.0M) Survivors: 16.0M->4096.0K Heap: 380.2M(512.0M)->344.9M(512.0M)]
 [Times: user=0.00 sys=0.00, real=0.01 secs] 
2021-01-19T22:55:32.189+0800: 0.452: [GC pause (G1 Evacuation Pause) (mixed), 0.0025422 secs]
   [Parallel Time: 1.6 ms, GC Workers: 13]
      [GC Worker Start (ms): Min: 452.5, Avg: 452.6, Max: 452.6, Diff: 0.1]
      [Ext Root Scanning (ms): Min: 0.0, Avg: 0.1, Max: 0.1, Diff: 0.1, Sum: 1.0]
      [Update RS (ms): Min: 0.3, Avg: 0.4, Max: 0.4, Diff: 0.1, Sum: 4.6]
         [Processed Buffers: Min: 3, Avg: 4.8, Max: 6, Diff: 3, Sum: 63]
      [Scan RS (ms): Min: 0.0, Avg: 0.0, Max: 0.0, Diff: 0.0, Sum: 0.0]
      [Code Root Scanning (ms): Min: 0.0, Avg: 0.0, Max: 0.0, Diff: 0.0, Sum: 0.0]
      [Object Copy (ms): Min: 0.7, Avg: 0.8, Max: 0.8, Diff: 0.1, Sum: 10.1]
      [Termination (ms): Min: 0.0, Avg: 0.1, Max: 0.1, Diff: 0.1, Sum: 0.7]
         [Termination Attempts: Min: 1, Avg: 1.0, Max: 1, Diff: 0, Sum: 13]
      [GC Worker Other (ms): Min: 0.0, Avg: 0.0, Max: 0.0, Diff: 0.0, Sum: 0.1]
      [GC Worker Total (ms): Min: 1.2, Avg: 1.3, Max: 1.3, Diff: 0.1, Sum: 16.6]
      [GC Worker End (ms): Min: 453.8, Avg: 453.8, Max: 453.8, Diff: 0.0]
   [Code Root Fixup: 0.0 ms]
   [Code Root Purge: 0.0 ms]
   [Clear CT: 0.2 ms]
   [Other: 0.8 ms]
      [Choose CSet: 0.0 ms]
      [Ref Proc: 0.4 ms]
      [Ref Enq: 0.0 ms]
      [Redirty Cards: 0.2 ms]
      [Humongous Register: 0.1 ms]
      [Humongous Reclaim: 0.0 ms]
      [Free CSet: 0.0 ms]
   [Eden: 21.0M(21.0M)->0.0B(53.0M) Survivors: 4096.0K->4096.0K Heap: 374.4M(512.0M)->352.6M(512.0M)]
 [Times: user=0.00 sys=0.00, real=0.00 secs] 
2021-01-19T22:55:32.192+0800: 0.455: [GC pause (G1 Humongous Allocation) (young) (initial-mark), 0.0011890 secs]
   [Parallel Time: 0.6 ms, GC Workers: 13]
      [GC Worker Start (ms): Min: 455.3, Avg: 455.4, Max: 455.4, Diff: 0.1]
      [Ext Root Scanning (ms): Min: 0.0, Avg: 0.1, Max: 0.1, Diff: 0.1, Sum: 0.9]
      [Update RS (ms): Min: 0.0, Avg: 0.0, Max: 0.1, Diff: 0.1, Sum: 0.4]
         [Processed Buffers: Min: 0, Avg: 1.1, Max: 2, Diff: 2, Sum: 14]
      [Scan RS (ms): Min: 0.0, Avg: 0.0, Max: 0.0, Diff: 0.0, Sum: 0.0]
      [Code Root Scanning (ms): Min: 0.0, Avg: 0.0, Max: 0.0, Diff: 0.0, Sum: 0.0]
      [Object Copy (ms): Min: 0.2, Avg: 0.2, Max: 0.3, Diff: 0.1, Sum: 3.0]
      [Termination (ms): Min: 0.0, Avg: 0.0, Max: 0.1, Diff: 0.1, Sum: 0.5]
         [Termination Attempts: Min: 1, Avg: 1.0, Max: 1, Diff: 0, Sum: 13]
      [GC Worker Other (ms): Min: 0.0, Avg: 0.0, Max: 0.0, Diff: 0.0, Sum: 0.1]
      [GC Worker Total (ms): Min: 0.3, Avg: 0.4, Max: 0.4, Diff: 0.1, Sum: 4.9]
      [GC Worker End (ms): Min: 455.7, Avg: 455.7, Max: 455.8, Diff: 0.0]
   [Code Root Fixup: 0.0 ms]
   [Code Root Purge: 0.0 ms]
   [Clear CT: 0.2 ms]
   [Other: 0.4 ms]
      [Choose CSet: 0.0 ms]
      [Ref Proc: 0.1 ms]
      [Ref Enq: 0.0 ms]
      [Redirty Cards: 0.2 ms]
      [Humongous Register: 0.0 ms]
      [Humongous Reclaim: 0.0 ms]
      [Free CSet: 0.0 ms]
   [Eden: 3072.0K(53.0M)->0.0B(55.0M) Survivors: 4096.0K->5120.0K Heap: 354.7M(512.0M)->353.2M(512.0M)]
 [Times: user=0.00 sys=0.00, real=0.00 secs] 
2021-01-19T22:55:32.193+0800: 0.457: [GC concurrent-root-region-scan-start]
2021-01-19T22:55:32.193+0800: 0.457: [GC concurrent-root-region-scan-end, 0.0000715 secs]
2021-01-19T22:55:32.193+0800: 0.457: [GC concurrent-mark-start]
2021-01-19T22:55:32.194+0800: 0.458: [GC concurrent-mark-end, 0.0010819 secs]
2021-01-19T22:55:32.194+0800: 0.458: [GC remark 2021-01-19T22:55:32.194+0800: 0.458: [Finalize Marking, 0.0001765 secs] 2021-01-19T22:55:32.194+0800: 0.458: [GC ref-proc, 0.0002743 secs] 2021-01-19T22:55:32.195+0800: 0.458: [Unloading, 0.0003666 secs], 0.0012379 secs]
 [Times: user=0.00 sys=0.00, real=0.00 secs] 
2021-01-19T22:55:32.195+0800: 0.459: [GC cleanup 367M->364M(512M), 0.0006931 secs]
 [Times: user=0.00 sys=0.00, real=0.00 secs] 
2021-01-19T22:55:32.195+0800: 0.460: [GC concurrent-cleanup-start]
2021-01-19T22:55:32.195+0800: 0.460: [GC concurrent-cleanup-end, 0.0000068 secs]
2021-01-19T22:55:32.201+0800: 0.465: [GC pause (G1 Evacuation Pause) (young), 0.0032115 secs]
   [Parallel Time: 2.2 ms, GC Workers: 13]
      [GC Worker Start (ms): Min: 465.3, Avg: 465.4, Max: 465.4, Diff: 0.1]
      [Ext Root Scanning (ms): Min: 0.0, Avg: 0.1, Max: 0.2, Diff: 0.1, Sum: 0.8]
      [Update RS (ms): Min: 0.2, Avg: 0.3, Max: 0.3, Diff: 0.1, Sum: 3.6]
         [Processed Buffers: Min: 1, Avg: 3.8, Max: 4, Diff: 3, Sum: 49]
      [Scan RS (ms): Min: 0.0, Avg: 0.0, Max: 0.0, Diff: 0.0, Sum: 0.0]
      [Code Root Scanning (ms): Min: 0.0, Avg: 0.0, Max: 0.0, Diff: 0.0, Sum: 0.0]
      [Object Copy (ms): Min: 1.6, Avg: 1.6, Max: 1.7, Diff: 0.1, Sum: 21.2]
      [Termination (ms): Min: 0.0, Avg: 0.1, Max: 0.1, Diff: 0.1, Sum: 0.8]
         [Termination Attempts: Min: 1, Avg: 1.1, Max: 2, Diff: 1, Sum: 14]
      [GC Worker Other (ms): Min: 0.0, Avg: 0.0, Max: 0.0, Diff: 0.0, Sum: 0.1]
      [GC Worker Total (ms): Min: 2.0, Avg: 2.1, Max: 2.2, Diff: 0.2, Sum: 26.7]
      [GC Worker End (ms): Min: 467.4, Avg: 467.4, Max: 467.4, Diff: 0.0]
   [Code Root Fixup: 0.0 ms]
   [Code Root Purge: 0.0 ms]
   [Clear CT: 0.3 ms]
   [Other: 0.7 ms]
      [Choose CSet: 0.0 ms]
      [Ref Proc: 0.2 ms]
      [Ref Enq: 0.0 ms]
      [Redirty Cards: 0.4 ms]
      [Humongous Register: 0.1 ms]
      [Humongous Reclaim: 0.0 ms]
      [Free CSet: 0.0 ms]
   [Eden: 55.0M(55.0M)->0.0B(17.0M) Survivors: 5120.0K->8192.0K Heap: 423.5M(512.0M)->375.1M(512.0M)]
 [Times: user=0.00 sys=0.00, real=0.00 secs] 
2021-01-19T22:55:32.206+0800: 0.470: [GC pause (G1 Evacuation Pause) (mixed), 0.0042874 secs]
   [Parallel Time: 2.2 ms, GC Workers: 13]
      [GC Worker Start (ms): Min: 470.6, Avg: 470.7, Max: 470.7, Diff: 0.2]
      [Ext Root Scanning (ms): Min: 0.0, Avg: 0.1, Max: 0.2, Diff: 0.2, Sum: 0.7]
      [Update RS (ms): Min: 0.3, Avg: 0.3, Max: 0.4, Diff: 0.1, Sum: 4.3]
         [Processed Buffers: Min: 4, Avg: 4.8, Max: 6, Diff: 2, Sum: 63]
      [Scan RS (ms): Min: 0.0, Avg: 0.0, Max: 0.0, Diff: 0.0, Sum: 0.1]
      [Code Root Scanning (ms): Min: 0.0, Avg: 0.0, Max: 0.0, Diff: 0.0, Sum: 0.0]
      [Object Copy (ms): Min: 1.4, Avg: 1.5, Max: 1.5, Diff: 0.1, Sum: 19.0]
      [Termination (ms): Min: 0.0, Avg: 0.0, Max: 0.1, Diff: 0.1, Sum: 0.4]
         [Termination Attempts: Min: 1, Avg: 1.1, Max: 2, Diff: 1, Sum: 14]
      [GC Worker Other (ms): Min: 0.0, Avg: 0.0, Max: 0.0, Diff: 0.0, Sum: 0.1]
      [GC Worker Total (ms): Min: 1.8, Avg: 1.9, Max: 2.0, Diff: 0.2, Sum: 24.5]
      [GC Worker End (ms): Min: 472.6, Avg: 472.6, Max: 472.6, Diff: 0.0]
   [Code Root Fixup: 0.0 ms]
   [Code Root Purge: 0.0 ms]
   [Clear CT: 0.7 ms]
   [Other: 1.3 ms]
      [Choose CSet: 0.0 ms]
      [Ref Proc: 0.9 ms]
      [Ref Enq: 0.0 ms]
      [Redirty Cards: 0.3 ms]
      [Humongous Register: 0.1 ms]
      [Humongous Reclaim: 0.0 ms]
      [Free CSet: 0.0 ms]
   [Eden: 17.0M(17.0M)->0.0B(21.0M) Survivors: 8192.0K->4096.0K Heap: 398.8M(512.0M)->342.4M(512.0M)]
 [Times: user=0.00 sys=0.00, real=0.00 secs] 
2021-01-19T22:55:32.213+0800: 0.477: [GC pause (G1 Evacuation Pause) (mixed), 0.0042099 secs]
   [Parallel Time: 3.0 ms, GC Workers: 13]
      [GC Worker Start (ms): Min: 477.2, Avg: 477.3, Max: 477.3, Diff: 0.1]
      [Ext Root Scanning (ms): Min: 0.0, Avg: 0.1, Max: 0.1, Diff: 0.1, Sum: 1.0]
      [Update RS (ms): Min: 0.2, Avg: 0.2, Max: 0.2, Diff: 0.0, Sum: 2.3]
         [Processed Buffers: Min: 2, Avg: 3.1, Max: 4, Diff: 2, Sum: 40]
      [Scan RS (ms): Min: 0.0, Avg: 0.0, Max: 0.1, Diff: 0.1, Sum: 0.3]
      [Code Root Scanning (ms): Min: 0.0, Avg: 0.0, Max: 0.0, Diff: 0.0, Sum: 0.0]
      [Object Copy (ms): Min: 2.3, Avg: 2.4, Max: 2.4, Diff: 0.1, Sum: 30.9]
      [Termination (ms): Min: 0.0, Avg: 0.0, Max: 0.1, Diff: 0.1, Sum: 0.5]
         [Termination Attempts: Min: 1, Avg: 1.0, Max: 1, Diff: 0, Sum: 13]
      [GC Worker Other (ms): Min: 0.0, Avg: 0.0, Max: 0.0, Diff: 0.0, Sum: 0.1]
      [GC Worker Total (ms): Min: 2.7, Avg: 2.7, Max: 2.8, Diff: 0.1, Sum: 35.1]
      [GC Worker End (ms): Min: 480.0, Avg: 480.0, Max: 480.0, Diff: 0.0]
   [Code Root Fixup: 0.0 ms]
   [Code Root Purge: 0.0 ms]
   [Clear CT: 0.4 ms]
   [Other: 0.8 ms]
      [Choose CSet: 0.0 ms]
      [Ref Proc: 0.5 ms]
      [Ref Enq: 0.0 ms]
      [Redirty Cards: 0.1 ms]
      [Humongous Register: 0.1 ms]
      [Humongous Reclaim: 0.0 ms]
      [Free CSet: 0.1 ms]
   [Eden: 21.0M(21.0M)->0.0B(21.0M) Survivors: 4096.0K->4096.0K Heap: 366.7M(512.0M)->321.4M(512.0M)]
 [Times: user=0.20 sys=0.00, real=0.00 secs] 
2021-01-19T22:55:32.219+0800: 0.484: [GC pause (G1 Evacuation Pause) (mixed), 0.0039411 secs]
   [Parallel Time: 2.0 ms, GC Workers: 13]
      [GC Worker Start (ms): Min: 484.0, Avg: 484.1, Max: 484.2, Diff: 0.2]
      [Ext Root Scanning (ms): Min: 0.0, Avg: 0.0, Max: 0.1, Diff: 0.1, Sum: 0.6]
      [Update RS (ms): Min: 0.1, Avg: 0.2, Max: 0.2, Diff: 0.1, Sum: 2.5]
         [Processed Buffers: Min: 2, Avg: 3.1, Max: 4, Diff: 2, Sum: 40]
      [Scan RS (ms): Min: 0.0, Avg: 0.0, Max: 0.0, Diff: 0.0, Sum: 0.1]
      [Code Root Scanning (ms): Min: 0.0, Avg: 0.0, Max: 0.0, Diff: 0.0, Sum: 0.0]
      [Object Copy (ms): Min: 1.0, Avg: 1.1, Max: 1.2, Diff: 0.2, Sum: 14.3]
      [Termination (ms): Min: 0.0, Avg: 0.1, Max: 0.1, Diff: 0.1, Sum: 1.3]
         [Termination Attempts: Min: 1, Avg: 1.0, Max: 1, Diff: 0, Sum: 13]
      [GC Worker Other (ms): Min: 0.0, Avg: 0.0, Max: 0.0, Diff: 0.0, Sum: 0.1]
      [GC Worker Total (ms): Min: 1.4, Avg: 1.4, Max: 1.5, Diff: 0.2, Sum: 18.8]
      [GC Worker End (ms): Min: 485.5, Avg: 485.5, Max: 485.6, Diff: 0.0]
   [Code Root Fixup: 0.0 ms]
   [Code Root Purge: 0.0 ms]
   [Clear CT: 0.6 ms]
   [Other: 1.3 ms]
      [Choose CSet: 0.0 ms]
      [Ref Proc: 0.6 ms]
      [Ref Enq: 0.0 ms]
      [Redirty Cards: 0.5 ms]
      [Humongous Register: 0.1 ms]
      [Humongous Reclaim: 0.0 ms]
      [Free CSet: 0.0 ms]
   [Eden: 21.0M(21.0M)->0.0B(78.0M) Survivors: 4096.0K->4096.0K Heap: 345.6M(512.0M)->321.8M(512.0M)]
 [Times: user=0.00 sys=0.00, real=0.00 secs] 
2021-01-19T22:55:32.224+0800: 0.489: [GC pause (G1 Humongous Allocation) (young) (initial-mark), 0.0021661 secs]
   [Parallel Time: 1.0 ms, GC Workers: 13]
      [GC Worker Start (ms): Min: 488.6, Avg: 488.7, Max: 488.7, Diff: 0.1]
      [Ext Root Scanning (ms): Min: 0.0, Avg: 0.1, Max: 0.1, Diff: 0.1, Sum: 1.1]
      [Update RS (ms): Min: 0.0, Avg: 0.0, Max: 0.1, Diff: 0.0, Sum: 0.4]
         [Processed Buffers: Min: 0, Avg: 1.1, Max: 2, Diff: 2, Sum: 14]
      [Scan RS (ms): Min: 0.0, Avg: 0.0, Max: 0.0, Diff: 0.0, Sum: 0.0]
      [Code Root Scanning (ms): Min: 0.0, Avg: 0.0, Max: 0.0, Diff: 0.0, Sum: 0.0]
      [Object Copy (ms): Min: 0.3, Avg: 0.4, Max: 0.4, Diff: 0.1, Sum: 5.0]
      [Termination (ms): Min: 0.0, Avg: 0.0, Max: 0.1, Diff: 0.1, Sum: 0.5]
         [Termination Attempts: Min: 1, Avg: 1.0, Max: 1, Diff: 0, Sum: 13]
      [GC Worker Other (ms): Min: 0.0, Avg: 0.0, Max: 0.0, Diff: 0.0, Sum: 0.1]
      [GC Worker Total (ms): Min: 0.5, Avg: 0.5, Max: 0.6, Diff: 0.1, Sum: 7.0]
      [GC Worker End (ms): Min: 489.2, Avg: 489.2, Max: 489.2, Diff: 0.0]
   [Code Root Fixup: 0.0 ms]
   [Code Root Purge: 0.0 ms]
   [Clear CT: 0.4 ms]
   [Other: 0.8 ms]
      [Choose CSet: 0.0 ms]
      [Ref Proc: 0.4 ms]
      [Ref Enq: 0.0 ms]
      [Redirty Cards: 0.3 ms]
      [Humongous Register: 0.0 ms]
      [Humongous Reclaim: 0.0 ms]
      [Free CSet: 0.0 ms]
   [Eden: 8192.0K(78.0M)->0.0B(71.0M) Survivors: 4096.0K->7168.0K Heap: 329.2M(512.0M)->322.7M(512.0M)]
 [Times: user=0.00 sys=0.00, real=0.00 secs] 
2021-01-19T22:55:32.226+0800: 0.491: [GC concurrent-root-region-scan-start]
2021-01-19T22:55:32.226+0800: 0.491: [GC concurrent-root-region-scan-end, 0.0000915 secs]
2021-01-19T22:55:32.226+0800: 0.491: [GC concurrent-mark-start]
2021-01-19T22:55:32.228+0800: 0.492: [GC concurrent-mark-end, 0.0011449 secs]
2021-01-19T22:55:32.228+0800: 0.492: [GC remark 2021-01-19T22:55:32.228+0800: 0.492: [Finalize Marking, 0.0002619 secs] 2021-01-19T22:55:32.228+0800: 0.492: [GC ref-proc, 0.0002755 secs] 2021-01-19T22:55:32.228+0800: 0.493: [Unloading, 0.0004003 secs], 0.0014382 secs]
 [Times: user=0.00 sys=0.00, real=0.00 secs] 
2021-01-19T22:55:32.229+0800: 0.494: [GC cleanup 340M->340M(512M), 0.0006813 secs]
 [Times: user=0.00 sys=0.00, real=0.00 secs] 
2021-01-19T22:55:32.239+0800: 0.503: [GC pause (G1 Evacuation Pause) (young), 0.0042939 secs]
   [Parallel Time: 2.7 ms, GC Workers: 13]
      [GC Worker Start (ms): Min: 503.4, Avg: 503.5, Max: 503.6, Diff: 0.2]
      [Ext Root Scanning (ms): Min: 0.0, Avg: 0.0, Max: 0.1, Diff: 0.1, Sum: 0.6]
      [Update RS (ms): Min: 0.3, Avg: 0.3, Max: 0.4, Diff: 0.1, Sum: 4.1]
         [Processed Buffers: Min: 2, Avg: 4.4, Max: 7, Diff: 5, Sum: 57]
      [Scan RS (ms): Min: 0.0, Avg: 0.0, Max: 0.0, Diff: 0.0, Sum: 0.0]
      [Code Root Scanning (ms): Min: 0.0, Avg: 0.0, Max: 0.0, Diff: 0.0, Sum: 0.0]
      [Object Copy (ms): Min: 1.9, Avg: 2.0, Max: 2.0, Diff: 0.1, Sum: 26.0]
      [Termination (ms): Min: 0.0, Avg: 0.0, Max: 0.1, Diff: 0.1, Sum: 0.6]
         [Termination Attempts: Min: 1, Avg: 1.0, Max: 1, Diff: 0, Sum: 13]
      [GC Worker Other (ms): Min: 0.0, Avg: 0.0, Max: 0.0, Diff: 0.0, Sum: 0.1]
      [GC Worker Total (ms): Min: 2.4, Avg: 2.4, Max: 2.5, Diff: 0.2, Sum: 31.4]
      [GC Worker End (ms): Min: 505.9, Avg: 505.9, Max: 505.9, Diff: 0.0]
   [Code Root Fixup: 0.0 ms]
   [Code Root Purge: 0.0 ms]
   [Clear CT: 0.5 ms]
   [Other: 1.1 ms]
      [Choose CSet: 0.0 ms]
      [Ref Proc: 0.5 ms]
      [Ref Enq: 0.0 ms]
      [Redirty Cards: 0.5 ms]
      [Humongous Register: 0.1 ms]
      [Humongous Reclaim: 0.0 ms]
      [Free CSet: 0.0 ms]
   [Eden: 71.0M(71.0M)->0.0B(15.0M) Survivors: 7168.0K->10.0M Heap: 417.4M(512.0M)->349.9M(512.0M)]
 [Times: user=0.00 sys=0.00, real=0.00 secs] 
2021-01-19T22:55:32.245+0800: 0.509: [GC pause (G1 Evacuation Pause) (mixed), 0.0052400 secs]
   [Parallel Time: 3.6 ms, GC Workers: 13]
      [GC Worker Start (ms): Min: 509.3, Avg: 509.4, Max: 509.5, Diff: 0.1]
      [Ext Root Scanning (ms): Min: 0.0, Avg: 0.1, Max: 0.1, Diff: 0.1, Sum: 0.7]
      [Update RS (ms): Min: 0.2, Avg: 0.2, Max: 0.2, Diff: 0.0, Sum: 3.0]
         [Processed Buffers: Min: 3, Avg: 3.8, Max: 5, Diff: 2, Sum: 50]
      [Scan RS (ms): Min: 0.0, Avg: 0.0, Max: 0.0, Diff: 0.0, Sum: 0.2]
      [Code Root Scanning (ms): Min: 0.0, Avg: 0.0, Max: 0.0, Diff: 0.0, Sum: 0.0]
      [Object Copy (ms): Min: 2.9, Avg: 3.0, Max: 3.1, Diff: 0.1, Sum: 39.1]
      [Termination (ms): Min: 0.0, Avg: 0.1, Max: 0.1, Diff: 0.1, Sum: 1.0]
         [Termination Attempts: Min: 1, Avg: 1.0, Max: 1, Diff: 0, Sum: 13]
      [GC Worker Other (ms): Min: 0.0, Avg: 0.0, Max: 0.0, Diff: 0.0, Sum: 0.1]
      [GC Worker Total (ms): Min: 3.3, Avg: 3.4, Max: 3.5, Diff: 0.1, Sum: 43.9]
      [GC Worker End (ms): Min: 512.8, Avg: 512.8, Max: 512.8, Diff: 0.0]
   [Code Root Fixup: 0.0 ms]
   [Code Root Purge: 0.0 ms]
   [Clear CT: 0.8 ms]
   [Other: 0.8 ms]
      [Choose CSet: 0.0 ms]
      [Ref Proc: 0.1 ms]
      [Ref Enq: 0.0 ms]
      [Redirty Cards: 0.6 ms]
      [Humongous Register: 0.0 ms]
      [Humongous Reclaim: 0.0 ms]
      [Free CSet: 0.0 ms]
   [Eden: 15.0M(15.0M)->0.0B(21.0M) Survivors: 10.0M->4096.0K Heap: 369.6M(512.0M)->334.0M(512.0M)]
 [Times: user=0.20 sys=0.00, real=0.01 secs] 
2021-01-19T22:55:32.252+0800: 0.517: [GC pause (G1 Evacuation Pause) (mixed), 0.0036864 secs]
   [Parallel Time: 1.9 ms, GC Workers: 13]
      [GC Worker Start (ms): Min: 516.8, Avg: 516.9, Max: 517.0, Diff: 0.2]
      [Ext Root Scanning (ms): Min: 0.0, Avg: 0.0, Max: 0.1, Diff: 0.1, Sum: 0.5]
      [Update RS (ms): Min: 0.1, Avg: 0.1, Max: 0.1, Diff: 0.1, Sum: 1.4]
         [Processed Buffers: Min: 1, Avg: 2.2, Max: 3, Diff: 2, Sum: 28]
      [Scan RS (ms): Min: 0.0, Avg: 0.0, Max: 0.0, Diff: 0.0, Sum: 0.1]
      [Code Root Scanning (ms): Min: 0.0, Avg: 0.0, Max: 0.0, Diff: 0.0, Sum: 0.0]
      [Object Copy (ms): Min: 1.1, Avg: 1.1, Max: 1.2, Diff: 0.1, Sum: 14.6]
      [Termination (ms): Min: 0.0, Avg: 0.1, Max: 0.1, Diff: 0.1, Sum: 0.8]
         [Termination Attempts: Min: 1, Avg: 1.1, Max: 2, Diff: 1, Sum: 14]
      [GC Worker Other (ms): Min: 0.0, Avg: 0.0, Max: 0.0, Diff: 0.0, Sum: 0.1]
      [GC Worker Total (ms): Min: 1.3, Avg: 1.3, Max: 1.5, Diff: 0.2, Sum: 17.5]
      [GC Worker End (ms): Min: 518.3, Avg: 518.3, Max: 518.3, Diff: 0.0]
   [Code Root Fixup: 0.0 ms]
   [Code Root Purge: 0.0 ms]
   [Clear CT: 0.6 ms]
   [Other: 1.2 ms]
      [Choose CSet: 0.0 ms]
      [Ref Proc: 0.7 ms]
      [Ref Enq: 0.0 ms]
      [Redirty Cards: 0.4 ms]
      [Humongous Register: 0.1 ms]
      [Humongous Reclaim: 0.0 ms]
      [Free CSet: 0.0 ms]
   [Eden: 21.0M(21.0M)->0.0B(59.0M) Survivors: 4096.0K->4096.0K Heap: 356.7M(512.0M)->335.3M(512.0M)]
 [Times: user=0.00 sys=0.00, real=0.00 secs] 
2021-01-19T22:55:32.256+0800: 0.521: [GC pause (G1 Humongous Allocation) (young) (initial-mark), 0.0016404 secs]
   [Parallel Time: 0.8 ms, GC Workers: 13]
      [GC Worker Start (ms): Min: 520.7, Avg: 520.8, Max: 520.8, Diff: 0.1]
      [Ext Root Scanning (ms): Min: 0.0, Avg: 0.1, Max: 0.1, Diff: 0.1, Sum: 0.7]
      [Update RS (ms): Min: 0.0, Avg: 0.0, Max: 0.1, Diff: 0.0, Sum: 0.3]
         [Processed Buffers: Min: 0, Avg: 1.1, Max: 2, Diff: 2, Sum: 14]
      [Scan RS (ms): Min: 0.0, Avg: 0.0, Max: 0.0, Diff: 0.0, Sum: 0.0]
      [Code Root Scanning (ms): Min: 0.0, Avg: 0.0, Max: 0.0, Diff: 0.0, Sum: 0.0]
      [Object Copy (ms): Min: 0.2, Avg: 0.2, Max: 0.3, Diff: 0.1, Sum: 3.1]
      [Termination (ms): Min: 0.0, Avg: 0.1, Max: 0.1, Diff: 0.1, Sum: 0.7]
         [Termination Attempts: Min: 1, Avg: 1.0, Max: 1, Diff: 0, Sum: 13]
      [GC Worker Other (ms): Min: 0.0, Avg: 0.0, Max: 0.0, Diff: 0.0, Sum: 0.1]
      [GC Worker Total (ms): Min: 0.3, Avg: 0.4, Max: 0.4, Diff: 0.1, Sum: 4.8]
      [GC Worker End (ms): Min: 521.2, Avg: 521.2, Max: 521.2, Diff: 0.0]
   [Code Root Fixup: 0.0 ms]
   [Code Root Purge: 0.0 ms]
   [Clear CT: 0.3 ms]
   [Other: 0.5 ms]
      [Choose CSet: 0.0 ms]
      [Ref Proc: 0.3 ms]
      [Ref Enq: 0.0 ms]
      [Redirty Cards: 0.2 ms]
      [Humongous Register: 0.0 ms]
      [Humongous Reclaim: 0.0 ms]
      [Free CSet: 0.0 ms]
   [Eden: 2048.0K(59.0M)->0.0B(61.0M) Survivors: 4096.0K->5120.0K Heap: 336.7M(512.0M)->335.5M(512.0M)]
 [Times: user=0.00 sys=0.00, real=0.00 secs] 
2021-01-19T22:55:32.258+0800: 0.522: [GC concurrent-root-region-scan-start]
2021-01-19T22:55:32.258+0800: 0.522: [GC concurrent-root-region-scan-end, 0.0000666 secs]
2021-01-19T22:55:32.258+0800: 0.522: [GC concurrent-mark-start]
2021-01-19T22:55:32.259+0800: 0.524: [GC concurrent-mark-end, 0.0011288 secs]
2021-01-19T22:55:32.259+0800: 0.524: [GC remark 2021-01-19T22:55:32.259+0800: 0.524: [Finalize Marking, 0.0000897 secs] 2021-01-19T22:55:32.259+0800: 0.524: [GC ref-proc, 0.0002761 secs] 2021-01-19T22:55:32.260+0800: 0.524: [Unloading, 0.0003484 secs], 0.0011189 secs]
 [Times: user=0.00 sys=0.00, real=0.00 secs] 
2021-01-19T22:55:32.260+0800: 0.525: [GC cleanup 351M->351M(512M), 0.0008382 secs]
 [Times: user=0.00 sys=0.00, real=0.00 secs] 
2021-01-19T22:55:32.267+0800: 0.531: [GC pause (G1 Evacuation Pause) (young), 0.0040401 secs]
   [Parallel Time: 2.7 ms, GC Workers: 13]
      [GC Worker Start (ms): Min: 531.5, Avg: 531.6, Max: 531.7, Diff: 0.2]
      [Ext Root Scanning (ms): Min: 0.0, Avg: 0.0, Max: 0.2, Diff: 0.2, Sum: 0.5]
      [Update RS (ms): Min: 0.4, Avg: 0.5, Max: 0.5, Diff: 0.1, Sum: 6.5]
         [Processed Buffers: Min: 4, Avg: 6.8, Max: 9, Diff: 5, Sum: 89]
      [Scan RS (ms): Min: 0.0, Avg: 0.0, Max: 0.0, Diff: 0.0, Sum: 0.0]
      [Code Root Scanning (ms): Min: 0.0, Avg: 0.0, Max: 0.0, Diff: 0.0, Sum: 0.0]
      [Object Copy (ms): Min: 1.5, Avg: 1.6, Max: 1.6, Diff: 0.1, Sum: 20.5]
      [Termination (ms): Min: 0.0, Avg: 0.1, Max: 0.1, Diff: 0.1, Sum: 0.7]
         [Termination Attempts: Min: 1, Avg: 1.0, Max: 1, Diff: 0, Sum: 13]
      [GC Worker Other (ms): Min: 0.0, Avg: 0.0, Max: 0.1, Diff: 0.1, Sum: 0.2]
      [GC Worker Total (ms): Min: 2.1, Avg: 2.2, Max: 2.3, Diff: 0.2, Sum: 28.4]
      [GC Worker End (ms): Min: 533.8, Avg: 533.8, Max: 533.9, Diff: 0.1]
   [Code Root Fixup: 0.0 ms]
   [Code Root Purge: 0.0 ms]
   [Clear CT: 0.5 ms]
   [Other: 0.8 ms]
      [Choose CSet: 0.0 ms]
      [Ref Proc: 0.1 ms]
      [Ref Enq: 0.0 ms]
      [Redirty Cards: 0.5 ms]
      [Humongous Register: 0.1 ms]
      [Humongous Reclaim: 0.0 ms]
      [Free CSet: 0.0 ms]
   [Eden: 61.0M(61.0M)->0.0B(16.0M) Survivors: 5120.0K->9216.0K Heap: 416.9M(512.0M)->357.9M(512.0M)]
 [Times: user=0.00 sys=0.00, real=0.00 secs] 
2021-01-19T22:55:32.273+0800: 0.537: [GC pause (G1 Evacuation Pause) (mixed), 0.0046901 secs]
   [Parallel Time: 3.4 ms, GC Workers: 13]
      [GC Worker Start (ms): Min: 537.2, Avg: 537.3, Max: 537.3, Diff: 0.2]
      [Ext Root Scanning (ms): Min: 0.0, Avg: 0.0, Max: 0.1, Diff: 0.1, Sum: 0.5]
      [Update RS (ms): Min: 0.1, Avg: 0.1, Max: 0.1, Diff: 0.0, Sum: 1.3]
         [Processed Buffers: Min: 1, Avg: 2.0, Max: 3, Diff: 2, Sum: 26]
      [Scan RS (ms): Min: 0.0, Avg: 0.0, Max: 0.0, Diff: 0.0, Sum: 0.2]
      [Code Root Scanning (ms): Min: 0.0, Avg: 0.0, Max: 0.0, Diff: 0.0, Sum: 0.0]
      [Object Copy (ms): Min: 2.8, Avg: 2.8, Max: 2.8, Diff: 0.1, Sum: 36.5]
      [Termination (ms): Min: 0.0, Avg: 0.0, Max: 0.1, Diff: 0.1, Sum: 0.6]
         [Termination Attempts: Min: 1, Avg: 1.0, Max: 1, Diff: 0, Sum: 13]
      [GC Worker Other (ms): Min: 0.0, Avg: 0.0, Max: 0.0, Diff: 0.0, Sum: 0.1]
      [GC Worker Total (ms): Min: 3.0, Avg: 3.0, Max: 3.1, Diff: 0.2, Sum: 39.1]
      [GC Worker End (ms): Min: 540.3, Avg: 540.3, Max: 540.3, Diff: 0.0]
   [Code Root Fixup: 0.0 ms]
   [Code Root Purge: 0.0 ms]
   [Clear CT: 0.5 ms]
   [Other: 0.8 ms]
      [Choose CSet: 0.0 ms]
      [Ref Proc: 0.4 ms]
      [Ref Enq: 0.0 ms]
      [Redirty Cards: 0.2 ms]
      [Humongous Register: 0.0 ms]
      [Humongous Reclaim: 0.0 ms]
      [Free CSet: 0.0 ms]
   [Eden: 16.0M(16.0M)->0.0B(21.0M) Survivors: 9216.0K->4096.0K Heap: 375.6M(512.0M)->338.8M(512.0M)]
 [Times: user=0.00 sys=0.00, real=0.00 secs] 
2021-01-19T22:55:32.280+0800: 0.544: [GC pause (G1 Evacuation Pause) (mixed), 0.0027276 secs]
   [Parallel Time: 1.5 ms, GC Workers: 13]
      [GC Worker Start (ms): Min: 544.1, Avg: 544.2, Max: 544.2, Diff: 0.1]
      [Ext Root Scanning (ms): Min: 0.1, Avg: 0.1, Max: 0.1, Diff: 0.1, Sum: 1.1]
      [Update RS (ms): Min: 0.2, Avg: 0.2, Max: 0.3, Diff: 0.1, Sum: 3.1]
         [Processed Buffers: Min: 3, Avg: 3.8, Max: 4, Diff: 1, Sum: 50]
      [Scan RS (ms): Min: 0.0, Avg: 0.0, Max: 0.0, Diff: 0.0, Sum: 0.0]
      [Code Root Scanning (ms): Min: 0.0, Avg: 0.0, Max: 0.0, Diff: 0.0, Sum: 0.0]
      [Object Copy (ms): Min: 1.0, Avg: 1.0, Max: 1.1, Diff: 0.1, Sum: 13.4]
      [Termination (ms): Min: 0.0, Avg: 0.0, Max: 0.1, Diff: 0.1, Sum: 0.5]
         [Termination Attempts: Min: 1, Avg: 1.0, Max: 1, Diff: 0, Sum: 13]
      [GC Worker Other (ms): Min: 0.0, Avg: 0.0, Max: 0.0, Diff: 0.0, Sum: 0.1]
      [GC Worker Total (ms): Min: 1.4, Avg: 1.4, Max: 1.5, Diff: 0.1, Sum: 18.2]
      [GC Worker End (ms): Min: 545.6, Avg: 545.6, Max: 545.6, Diff: 0.0]
   [Code Root Fixup: 0.0 ms]
   [Code Root Purge: 0.0 ms]
   [Clear CT: 0.5 ms]
   [Other: 0.8 ms]
      [Choose CSet: 0.0 ms]
      [Ref Proc: 0.2 ms]
      [Ref Enq: 0.0 ms]
      [Redirty Cards: 0.4 ms]
      [Humongous Register: 0.1 ms]
      [Humongous Reclaim: 0.0 ms]
      [Free CSet: 0.0 ms]
   [Eden: 21.0M(21.0M)->0.0B(53.0M) Survivors: 4096.0K->4096.0K Heap: 364.3M(512.0M)->344.6M(512.0M)]
 [Times: user=0.00 sys=0.00, real=0.00 secs] 
2021-01-19T22:55:32.283+0800: 0.547: [GC pause (G1 Humongous Allocation) (young) (initial-mark), 0.0012250 secs]
   [Parallel Time: 0.5 ms, GC Workers: 13]
      [GC Worker Start (ms): Min: 547.0, Avg: 547.0, Max: 547.1, Diff: 0.1]
      [Ext Root Scanning (ms): Min: 0.0, Avg: 0.1, Max: 0.1, Diff: 0.1, Sum: 1.1]
      [Update RS (ms): Min: 0.0, Avg: 0.0, Max: 0.2, Diff: 0.2, Sum: 0.6]
         [Processed Buffers: Min: 0, Avg: 1.0, Max: 2, Diff: 2, Sum: 13]
      [Scan RS (ms): Min: 0.0, Avg: 0.0, Max: 0.0, Diff: 0.0, Sum: 0.0]
      [Code Root Scanning (ms): Min: 0.0, Avg: 0.0, Max: 0.0, Diff: 0.0, Sum: 0.0]
      [Object Copy (ms): Min: 0.0, Avg: 0.2, Max: 0.3, Diff: 0.3, Sum: 2.5]
      [Termination (ms): Min: 0.0, Avg: 0.1, Max: 0.1, Diff: 0.1, Sum: 0.7]
         [Termination Attempts: Min: 1, Avg: 1.2, Max: 3, Diff: 2, Sum: 16]
      [GC Worker Other (ms): Min: 0.0, Avg: 0.0, Max: 0.0, Diff: 0.0, Sum: 0.1]
      [GC Worker Total (ms): Min: 0.3, Avg: 0.4, Max: 0.4, Diff: 0.1, Sum: 5.0]
      [GC Worker End (ms): Min: 547.4, Avg: 547.4, Max: 547.4, Diff: 0.0]
   [Code Root Fixup: 0.0 ms]
   [Code Root Purge: 0.0 ms]
   [Clear CT: 0.2 ms]
   [Other: 0.6 ms]
      [Choose CSet: 0.0 ms]
      [Ref Proc: 0.3 ms]
      [Ref Enq: 0.0 ms]
      [Redirty Cards: 0.1 ms]
      [Humongous Register: 0.0 ms]
      [Humongous Reclaim: 0.0 ms]
      [Free CSet: 0.0 ms]
   [Eden: 1024.0K(53.0M)->0.0B(56.0M) Survivors: 4096.0K->5120.0K Heap: 345.5M(512.0M)->344.2M(512.0M)]
 [Times: user=0.00 sys=0.00, real=0.00 secs] 
2021-01-19T22:55:32.284+0800: 0.548: [GC concurrent-root-region-scan-start]
2021-01-19T22:55:32.284+0800: 0.548: [GC concurrent-root-region-scan-end, 0.0001152 secs]
2021-01-19T22:55:32.284+0800: 0.548: [GC concurrent-mark-start]
2021-01-19T22:55:32.285+0800: 0.549: [GC concurrent-mark-end, 0.0011332 secs]
2021-01-19T22:55:32.285+0800: 0.550: [GC remark 2021-01-19T22:55:32.285+0800: 0.550: [Finalize Marking, 0.0001905 secs] 2021-01-19T22:55:32.285+0800: 0.550: [GC ref-proc, 0.0002735 secs] 2021-01-19T22:55:32.286+0800: 0.550: [Unloading, 0.0003989 secs], 0.0013041 secs]
 [Times: user=0.00 sys=0.00, real=0.00 secs] 
2021-01-19T22:55:32.287+0800: 0.551: [GC cleanup 361M->361M(512M), 0.0005840 secs]
 [Times: user=0.00 sys=0.00, real=0.00 secs] 
2021-01-19T22:55:32.292+0800: 0.557: [GC pause (G1 Evacuation Pause) (young), 0.0036978 secs]
   [Parallel Time: 2.3 ms, GC Workers: 13]
      [GC Worker Start (ms): Min: 556.6, Avg: 556.7, Max: 556.8, Diff: 0.2]
      [Ext Root Scanning (ms): Min: 0.0, Avg: 0.1, Max: 0.2, Diff: 0.2, Sum: 0.7]
      [Update RS (ms): Min: 0.4, Avg: 0.4, Max: 0.4, Diff: 0.0, Sum: 5.0]
         [Processed Buffers: Min: 3, Avg: 5.2, Max: 8, Diff: 5, Sum: 68]
      [Scan RS (ms): Min: 0.0, Avg: 0.0, Max: 0.0, Diff: 0.0, Sum: 0.0]
      [Code Root Scanning (ms): Min: 0.0, Avg: 0.0, Max: 0.0, Diff: 0.0, Sum: 0.0]
      [Object Copy (ms): Min: 1.3, Avg: 1.4, Max: 1.4, Diff: 0.1, Sum: 17.8]
      [Termination (ms): Min: 0.0, Avg: 0.0, Max: 0.1, Diff: 0.1, Sum: 0.4]
         [Termination Attempts: Min: 1, Avg: 1.0, Max: 1, Diff: 0, Sum: 13]
      [GC Worker Other (ms): Min: 0.0, Avg: 0.0, Max: 0.0, Diff: 0.0, Sum: 0.1]
      [GC Worker Total (ms): Min: 1.8, Avg: 1.9, Max: 1.9, Diff: 0.2, Sum: 24.1]
      [GC Worker End (ms): Min: 558.6, Avg: 558.6, Max: 558.6, Diff: 0.0]
   [Code Root Fixup: 0.0 ms]
   [Code Root Purge: 0.0 ms]
   [Clear CT: 0.5 ms]
   [Other: 0.9 ms]
      [Choose CSet: 0.0 ms]
      [Ref Proc: 0.5 ms]
      [Ref Enq: 0.0 ms]
      [Redirty Cards: 0.3 ms]
      [Humongous Register: 0.1 ms]
      [Humongous Reclaim: 0.0 ms]
      [Free CSet: 0.0 ms]
   [Eden: 56.0M(56.0M)->0.0B(17.0M) Survivors: 5120.0K->8192.0K Heap: 412.4M(512.0M)->360.7M(512.0M)]
 [Times: user=0.20 sys=0.00, real=0.00 secs] 
2021-01-19T22:55:32.298+0800: 0.562: [GC pause (G1 Evacuation Pause) (mixed), 0.0055708 secs]
   [Parallel Time: 3.9 ms, GC Workers: 13]
      [GC Worker Start (ms): Min: 562.3, Avg: 562.4, Max: 562.5, Diff: 0.1]
      [Ext Root Scanning (ms): Min: 0.0, Avg: 0.0, Max: 0.1, Diff: 0.1, Sum: 0.6]
      [Update RS (ms): Min: 0.4, Avg: 0.4, Max: 0.4, Diff: 0.1, Sum: 5.5]
         [Processed Buffers: Min: 5, Avg: 6.3, Max: 8, Diff: 3, Sum: 82]
      [Scan RS (ms): Min: 0.0, Avg: 0.0, Max: 0.0, Diff: 0.0, Sum: 0.2]
      [Code Root Scanning (ms): Min: 0.0, Avg: 0.0, Max: 0.0, Diff: 0.0, Sum: 0.0]
      [Object Copy (ms): Min: 2.9, Avg: 2.9, Max: 3.0, Diff: 0.1, Sum: 38.2]
      [Termination (ms): Min: 0.0, Avg: 0.0, Max: 0.1, Diff: 0.1, Sum: 0.5]
         [Termination Attempts: Min: 1, Avg: 1.0, Max: 1, Diff: 0, Sum: 13]
      [GC Worker Other (ms): Min: 0.0, Avg: 0.0, Max: 0.1, Diff: 0.1, Sum: 0.3]
      [GC Worker Total (ms): Min: 3.4, Avg: 3.5, Max: 3.6, Diff: 0.2, Sum: 45.3]
      [GC Worker End (ms): Min: 565.9, Avg: 565.9, Max: 566.0, Diff: 0.1]
   [Code Root Fixup: 0.0 ms]
   [Code Root Purge: 0.0 ms]
   [Clear CT: 0.5 ms]
   [Other: 1.2 ms]
      [Choose CSet: 0.0 ms]
      [Ref Proc: 0.5 ms]
      [Ref Enq: 0.0 ms]
      [Redirty Cards: 0.6 ms]
      [Humongous Register: 0.1 ms]
      [Humongous Reclaim: 0.0 ms]
      [Free CSet: 0.0 ms]
   [Eden: 17.0M(17.0M)->0.0B(21.0M) Survivors: 8192.0K->4096.0K Heap: 386.6M(512.0M)->345.8M(512.0M)]
 [Times: user=0.00 sys=0.00, real=0.01 secs] 
2021-01-19T22:55:32.306+0800: 0.570: [GC pause (G1 Evacuation Pause) (mixed), 0.0029320 secs]
   [Parallel Time: 1.6 ms, GC Workers: 13]
      [GC Worker Start (ms): Min: 570.3, Avg: 570.3, Max: 570.3, Diff: 0.1]
      [Ext Root Scanning (ms): Min: 0.0, Avg: 0.1, Max: 0.1, Diff: 0.1, Sum: 0.9]
      [Update RS (ms): Min: 0.2, Avg: 0.2, Max: 0.2, Diff: 0.0, Sum: 2.8]
         [Processed Buffers: Min: 3, Avg: 3.5, Max: 4, Diff: 1, Sum: 45]
      [Scan RS (ms): Min: 0.0, Avg: 0.0, Max: 0.0, Diff: 0.0, Sum: 0.1]
      [Code Root Scanning (ms): Min: 0.0, Avg: 0.0, Max: 0.0, Diff: 0.0, Sum: 0.0]
      [Object Copy (ms): Min: 0.9, Avg: 1.0, Max: 1.0, Diff: 0.1, Sum: 12.8]
      [Termination (ms): Min: 0.0, Avg: 0.0, Max: 0.1, Diff: 0.1, Sum: 0.5]
         [Termination Attempts: Min: 1, Avg: 1.0, Max: 1, Diff: 0, Sum: 13]
      [GC Worker Other (ms): Min: 0.0, Avg: 0.0, Max: 0.0, Diff: 0.0, Sum: 0.1]
      [GC Worker Total (ms): Min: 1.3, Avg: 1.3, Max: 1.4, Diff: 0.1, Sum: 17.1]
      [GC Worker End (ms): Min: 571.6, Avg: 571.6, Max: 571.6, Diff: 0.0]
   [Code Root Fixup: 0.0 ms]
   [Code Root Purge: 0.0 ms]
   [Clear CT: 0.7 ms]
   [Other: 0.6 ms]
      [Choose CSet: 0.0 ms]
      [Ref Proc: 0.2 ms]
      [Ref Enq: 0.0 ms]
      [Redirty Cards: 0.3 ms]
      [Humongous Register: 0.1 ms]
      [Humongous Reclaim: 0.0 ms]
      [Free CSet: 0.0 ms]
   [Eden: 21.0M(21.0M)->0.0B(54.0M) Survivors: 4096.0K->4096.0K Heap: 370.6M(512.0M)->345.9M(512.0M)]
 [Times: user=0.00 sys=0.00, real=0.00 secs] 
2021-01-19T22:55:32.309+0800: 0.573: [GC pause (G1 Humongous Allocation) (young) (initial-mark), 0.0015812 secs]
   [Parallel Time: 0.8 ms, GC Workers: 13]
      [GC Worker Start (ms): Min: 573.5, Avg: 573.6, Max: 573.6, Diff: 0.1]
      [Ext Root Scanning (ms): Min: 0.0, Avg: 0.1, Max: 0.1, Diff: 0.1, Sum: 1.1]
      [Update RS (ms): Min: 0.0, Avg: 0.0, Max: 0.0, Diff: 0.0, Sum: 0.3]
         [Processed Buffers: Min: 0, Avg: 1.1, Max: 2, Diff: 2, Sum: 14]
      [Scan RS (ms): Min: 0.0, Avg: 0.0, Max: 0.0, Diff: 0.0, Sum: 0.0]
      [Code Root Scanning (ms): Min: 0.0, Avg: 0.0, Max: 0.0, Diff: 0.0, Sum: 0.0]
      [Object Copy (ms): Min: 0.3, Avg: 0.3, Max: 0.4, Diff: 0.1, Sum: 4.2]
      [Termination (ms): Min: 0.0, Avg: 0.0, Max: 0.1, Diff: 0.1, Sum: 0.4]
         [Termination Attempts: Min: 1, Avg: 1.0, Max: 1, Diff: 0, Sum: 13]
      [GC Worker Other (ms): Min: 0.0, Avg: 0.0, Max: 0.0, Diff: 0.0, Sum: 0.1]
      [GC Worker Total (ms): Min: 0.4, Avg: 0.5, Max: 0.5, Diff: 0.1, Sum: 6.0]
      [GC Worker End (ms): Min: 574.0, Avg: 574.0, Max: 574.0, Diff: 0.0]
   [Code Root Fixup: 0.0 ms]
   [Code Root Purge: 0.0 ms]
   [Clear CT: 0.3 ms]
   [Other: 0.6 ms]
      [Choose CSet: 0.0 ms]
      [Ref Proc: 0.3 ms]
      [Ref Enq: 0.0 ms]
      [Redirty Cards: 0.1 ms]
      [Humongous Register: 0.0 ms]
      [Humongous Reclaim: 0.0 ms]
      [Free CSet: 0.0 ms]
   [Eden: 4096.0K(54.0M)->0.0B(51.0M) Survivors: 4096.0K->6144.0K Heap: 349.4M(512.0M)->347.6M(512.0M)]
 [Times: user=0.00 sys=0.00, real=0.00 secs] 
2021-01-19T22:55:32.311+0800: 0.575: [GC concurrent-root-region-scan-start]
2021-01-19T22:55:32.311+0800: 0.575: [GC concurrent-root-region-scan-end, 0.0001138 secs]
2021-01-19T22:55:32.311+0800: 0.575: [GC concurrent-mark-start]
2021-01-19T22:55:32.312+0800: 0.576: [GC concurrent-mark-end, 0.0012073 secs]
2021-01-19T22:55:32.312+0800: 0.577: [GC remark 2021-01-19T22:55:32.312+0800: 0.577: [Finalize Marking, 0.0001454 secs] 2021-01-19T22:55:32.312+0800: 0.577: [GC ref-proc, 0.0002776 secs] 2021-01-19T22:55:32.313+0800: 0.577: [Unloading, 0.0004077 secs], 0.0013080 secs]
 [Times: user=0.00 sys=0.00, real=0.00 secs] 
2021-01-19T22:55:32.314+0800: 0.578: [GC cleanup 362M->362M(512M), 0.0006664 secs]
 [Times: user=0.00 sys=0.00, real=0.00 secs] 
2021-01-19T22:55:32.319+0800: 0.583: [GC pause (G1 Evacuation Pause) (young), 0.0030738 secs]
   [Parallel Time: 2.1 ms, GC Workers: 13]
      [GC Worker Start (ms): Min: 583.2, Avg: 583.2, Max: 583.3, Diff: 0.1]
      [Ext Root Scanning (ms): Min: 0.0, Avg: 0.1, Max: 0.1, Diff: 0.1, Sum: 1.0]
      [Update RS (ms): Min: 0.5, Avg: 0.5, Max: 0.5, Diff: 0.0, Sum: 6.7]
         [Processed Buffers: Min: 6, Avg: 7.2, Max: 10, Diff: 4, Sum: 94]
      [Scan RS (ms): Min: 0.0, Avg: 0.0, Max: 0.0, Diff: 0.0, Sum: 0.0]
      [Code Root Scanning (ms): Min: 0.0, Avg: 0.0, Max: 0.0, Diff: 0.0, Sum: 0.0]
      [Object Copy (ms): Min: 1.3, Avg: 1.3, Max: 1.4, Diff: 0.1, Sum: 17.3]
      [Termination (ms): Min: 0.0, Avg: 0.1, Max: 0.1, Diff: 0.1, Sum: 0.7]
         [Termination Attempts: Min: 1, Avg: 1.1, Max: 2, Diff: 1, Sum: 14]
      [GC Worker Other (ms): Min: 0.0, Avg: 0.0, Max: 0.0, Diff: 0.0, Sum: 0.1]
      [GC Worker Total (ms): Min: 1.9, Avg: 2.0, Max: 2.1, Diff: 0.1, Sum: 25.9]
      [GC Worker End (ms): Min: 585.2, Avg: 585.2, Max: 585.2, Diff: 0.0]
   [Code Root Fixup: 0.0 ms]
   [Code Root Purge: 0.0 ms]
   [Clear CT: 0.3 ms]
   [Other: 0.7 ms]
      [Choose CSet: 0.0 ms]
      [Ref Proc: 0.3 ms]
      [Ref Enq: 0.0 ms]
      [Redirty Cards: 0.3 ms]
      [Humongous Register: 0.1 ms]
      [Humongous Reclaim: 0.0 ms]
      [Free CSet: 0.0 ms]
   [Eden: 51.0M(51.0M)->0.0B(17.0M) Survivors: 6144.0K->8192.0K Heap: 409.0M(512.0M)->366.1M(512.0M)]
 [Times: user=0.00 sys=0.00, real=0.00 secs] 
2021-01-19T22:55:32.324+0800: 0.588: [GC pause (G1 Evacuation Pause) (mixed), 0.0041839 secs]
   [Parallel Time: 3.5 ms, GC Workers: 13]
      [GC Worker Start (ms): Min: 588.1, Avg: 588.2, Max: 588.2, Diff: 0.1]
      [Ext Root Scanning (ms): Min: 0.0, Avg: 0.1, Max: 0.1, Diff: 0.1, Sum: 0.7]
      [Update RS (ms): Min: 0.1, Avg: 0.2, Max: 0.2, Diff: 0.1, Sum: 2.0]
         [Processed Buffers: Min: 2, Avg: 2.9, Max: 4, Diff: 2, Sum: 38]
      [Scan RS (ms): Min: 0.0, Avg: 0.0, Max: 0.0, Diff: 0.0, Sum: 0.2]
      [Code Root Scanning (ms): Min: 0.0, Avg: 0.0, Max: 0.0, Diff: 0.0, Sum: 0.0]
      [Object Copy (ms): Min: 3.0, Avg: 3.1, Max: 3.1, Diff: 0.1, Sum: 40.1]
      [Termination (ms): Min: 0.0, Avg: 0.1, Max: 0.1, Diff: 0.1, Sum: 0.7]
         [Termination Attempts: Min: 1, Avg: 1.2, Max: 2, Diff: 1, Sum: 15]
      [GC Worker Other (ms): Min: 0.0, Avg: 0.0, Max: 0.0, Diff: 0.0, Sum: 0.1]
      [GC Worker Total (ms): Min: 3.3, Avg: 3.4, Max: 3.5, Diff: 0.1, Sum: 43.8]
      [GC Worker End (ms): Min: 591.5, Avg: 591.5, Max: 591.5, Diff: 0.0]
   [Code Root Fixup: 0.0 ms]
   [Code Root Purge: 0.0 ms]
   [Clear CT: 0.2 ms]
   [Other: 0.5 ms]
      [Choose CSet: 0.0 ms]
      [Ref Proc: 0.2 ms]
      [Ref Enq: 0.0 ms]
      [Redirty Cards: 0.2 ms]
      [Humongous Register: 0.1 ms]
      [Humongous Reclaim: 0.0 ms]
      [Free CSet: 0.0 ms]
   [Eden: 17.0M(17.0M)->0.0B(21.0M) Survivors: 8192.0K->4096.0K Heap: 386.0M(512.0M)->350.1M(512.0M)]
 [Times: user=0.17 sys=0.01, real=0.00 secs] 
2021-01-19T22:55:32.330+0800: 0.595: [GC pause (G1 Evacuation Pause) (mixed), 0.0032126 secs]
   [Parallel Time: 1.9 ms, GC Workers: 13]
      [GC Worker Start (ms): Min: 594.8, Avg: 594.9, Max: 594.9, Diff: 0.1]
      [Ext Root Scanning (ms): Min: 0.0, Avg: 0.1, Max: 0.1, Diff: 0.1, Sum: 0.7]
      [Update RS (ms): Min: 0.3, Avg: 0.4, Max: 0.6, Diff: 0.3, Sum: 4.8]
         [Processed Buffers: Min: 5, Avg: 5.4, Max: 6, Diff: 1, Sum: 70]
      [Scan RS (ms): Min: 0.0, Avg: 0.0, Max: 0.0, Diff: 0.0, Sum: 0.0]
      [Code Root Scanning (ms): Min: 0.0, Avg: 0.0, Max: 0.0, Diff: 0.0, Sum: 0.0]
      [Object Copy (ms): Min: 0.7, Avg: 0.9, Max: 1.0, Diff: 0.3, Sum: 11.9]
      [Termination (ms): Min: 0.0, Avg: 0.0, Max: 0.1, Diff: 0.1, Sum: 0.6]
         [Termination Attempts: Min: 1, Avg: 1.0, Max: 1, Diff: 0, Sum: 13]
      [GC Worker Other (ms): Min: 0.0, Avg: 0.0, Max: 0.0, Diff: 0.0, Sum: 0.1]
      [GC Worker Total (ms): Min: 1.3, Avg: 1.4, Max: 1.5, Diff: 0.1, Sum: 18.1]
      [GC Worker End (ms): Min: 596.3, Avg: 596.3, Max: 596.3, Diff: 0.0]
   [Code Root Fixup: 0.0 ms]
   [Code Root Purge: 0.0 ms]
   [Clear CT: 0.5 ms]
   [Other: 0.8 ms]
      [Choose CSet: 0.0 ms]
      [Ref Proc: 0.2 ms]
      [Ref Enq: 0.0 ms]
      [Redirty Cards: 0.4 ms]
      [Humongous Register: 0.1 ms]
      [Humongous Reclaim: 0.0 ms]
      [Free CSet: 0.0 ms]
   [Eden: 21.0M(21.0M)->0.0B(41.0M) Survivors: 4096.0K->4096.0K Heap: 378.0M(512.0M)->357.6M(512.0M)]
 [Times: user=0.00 sys=0.00, real=0.00 secs] 
2021-01-19T22:55:32.334+0800: 0.598: [GC pause (G1 Humongous Allocation) (young) (initial-mark), 0.0014386 secs]
   [Parallel Time: 0.7 ms, GC Workers: 13]
      [GC Worker Start (ms): Min: 598.3, Avg: 598.4, Max: 598.4, Diff: 0.1]
      [Ext Root Scanning (ms): Min: 0.0, Avg: 0.1, Max: 0.1, Diff: 0.1, Sum: 1.1]
      [Update RS (ms): Min: 0.0, Avg: 0.0, Max: 0.0, Diff: 0.0, Sum: 0.3]
         [Processed Buffers: Min: 0, Avg: 1.1, Max: 3, Diff: 3, Sum: 14]
      [Scan RS (ms): Min: 0.0, Avg: 0.0, Max: 0.0, Diff: 0.0, Sum: 0.0]
      [Code Root Scanning (ms): Min: 0.0, Avg: 0.0, Max: 0.0, Diff: 0.0, Sum: 0.0]
      [Object Copy (ms): Min: 0.2, Avg: 0.3, Max: 0.3, Diff: 0.1, Sum: 3.3]
      [Termination (ms): Min: 0.0, Avg: 0.0, Max: 0.1, Diff: 0.1, Sum: 0.6]
         [Termination Attempts: Min: 1, Avg: 1.0, Max: 1, Diff: 0, Sum: 13]
      [GC Worker Other (ms): Min: 0.0, Avg: 0.0, Max: 0.0, Diff: 0.0, Sum: 0.1]
      [GC Worker Total (ms): Min: 0.4, Avg: 0.4, Max: 0.5, Diff: 0.1, Sum: 5.4]
      [GC Worker End (ms): Min: 598.8, Avg: 598.8, Max: 598.8, Diff: 0.0]
   [Code Root Fixup: 0.0 ms]
   [Code Root Purge: 0.0 ms]
   [Clear CT: 0.2 ms]
   [Other: 0.5 ms]
      [Choose CSet: 0.0 ms]
      [Ref Proc: 0.3 ms]
      [Ref Enq: 0.0 ms]
      [Redirty Cards: 0.1 ms]
      [Humongous Register: 0.0 ms]
      [Humongous Reclaim: 0.0 ms]
      [Free CSet: 0.0 ms]
   [Eden: 3072.0K(41.0M)->0.0B(38.0M) Survivors: 4096.0K->2048.0K Heap: 360.4M(512.0M)->358.1M(512.0M)]
 [Times: user=0.00 sys=0.00, real=0.00 secs] 
2021-01-19T22:55:32.336+0800: 0.600: [GC concurrent-root-region-scan-start]
2021-01-19T22:55:32.336+0800: 0.600: [GC concurrent-root-region-scan-end, 0.0000691 secs]
2021-01-19T22:55:32.336+0800: 0.600: [GC concurrent-mark-start]
2021-01-19T22:55:32.337+0800: 0.601: [GC concurrent-mark-end, 0.0011856 secs]
2021-01-19T22:55:32.337+0800: 0.601: [GC remark 2021-01-19T22:55:32.337+0800: 0.601: [Finalize Marking, 0.0001479 secs] 2021-01-19T22:55:32.337+0800: 0.601: [GC ref-proc, 0.0002724 secs] 2021-01-19T22:55:32.337+0800: 0.602: [Unloading, 0.0003093 secs], 0.0010947 secs]
 [Times: user=0.00 sys=0.00, real=0.00 secs] 
2021-01-19T22:55:32.338+0800: 0.602: [GC cleanup 374M->374M(512M), 0.0005290 secs]
 [Times: user=0.00 sys=0.00, real=0.00 secs] 
2021-01-19T22:55:32.341+0800: 0.606: [GC pause (G1 Evacuation Pause) (young), 0.0024176 secs]
   [Parallel Time: 1.7 ms, GC Workers: 13]
      [GC Worker Start (ms): Min: 605.7, Avg: 605.8, Max: 605.8, Diff: 0.1]
      [Ext Root Scanning (ms): Min: 0.0, Avg: 0.1, Max: 0.1, Diff: 0.1, Sum: 0.9]
      [Update RS (ms): Min: 0.5, Avg: 0.5, Max: 0.5, Diff: 0.1, Sum: 6.6]
         [Processed Buffers: Min: 6, Avg: 7.4, Max: 9, Diff: 3, Sum: 96]
      [Scan RS (ms): Min: 0.0, Avg: 0.0, Max: 0.0, Diff: 0.0, Sum: 0.0]
      [Code Root Scanning (ms): Min: 0.0, Avg: 0.0, Max: 0.0, Diff: 0.0, Sum: 0.0]
      [Object Copy (ms): Min: 0.8, Avg: 0.9, Max: 0.9, Diff: 0.1, Sum: 11.1]
      [Termination (ms): Min: 0.0, Avg: 0.0, Max: 0.1, Diff: 0.1, Sum: 0.6]
         [Termination Attempts: Min: 1, Avg: 1.0, Max: 1, Diff: 0, Sum: 13]
      [GC Worker Other (ms): Min: 0.0, Avg: 0.0, Max: 0.0, Diff: 0.0, Sum: 0.1]
      [GC Worker Total (ms): Min: 1.4, Avg: 1.5, Max: 1.5, Diff: 0.1, Sum: 19.2]
      [GC Worker End (ms): Min: 607.3, Avg: 607.3, Max: 607.3, Diff: 0.0]
   [Code Root Fixup: 0.0 ms]
   [Code Root Purge: 0.0 ms]
   [Clear CT: 0.3 ms]
   [Other: 0.4 ms]
      [Choose CSet: 0.0 ms]
      [Ref Proc: 0.1 ms]
      [Ref Enq: 0.0 ms]
      [Redirty Cards: 0.2 ms]
      [Humongous Register: 0.1 ms]
      [Humongous Reclaim: 0.0 ms]
      [Free CSet: 0.0 ms]
   [Eden: 38.0M(38.0M)->0.0B(20.0M) Survivors: 2048.0K->5120.0K Heap: 406.7M(512.0M)->369.6M(512.0M)]
 [Times: user=0.00 sys=0.00, real=0.00 secs] 
2021-01-19T22:55:32.346+0800: 0.610: [GC pause (G1 Evacuation Pause) (mixed), 0.0051482 secs]
   [Parallel Time: 3.4 ms, GC Workers: 13]
      [GC Worker Start (ms): Min: 610.2, Avg: 610.3, Max: 610.3, Diff: 0.1]
      [Ext Root Scanning (ms): Min: 0.0, Avg: 0.1, Max: 0.1, Diff: 0.1, Sum: 1.1]
      [Update RS (ms): Min: 0.1, Avg: 0.1, Max: 0.2, Diff: 0.1, Sum: 1.7]
         [Processed Buffers: Min: 2, Avg: 2.6, Max: 3, Diff: 1, Sum: 34]
      [Scan RS (ms): Min: 0.0, Avg: 0.0, Max: 0.0, Diff: 0.0, Sum: 0.2]
      [Code Root Scanning (ms): Min: 0.0, Avg: 0.0, Max: 0.0, Diff: 0.0, Sum: 0.0]
      [Object Copy (ms): Min: 3.0, Avg: 3.1, Max: 3.1, Diff: 0.1, Sum: 39.9]
      [Termination (ms): Min: 0.0, Avg: 0.0, Max: 0.1, Diff: 0.1, Sum: 0.6]
         [Termination Attempts: Min: 1, Avg: 1.0, Max: 1, Diff: 0, Sum: 13]
      [GC Worker Other (ms): Min: 0.0, Avg: 0.0, Max: 0.0, Diff: 0.0, Sum: 0.1]
      [GC Worker Total (ms): Min: 3.3, Avg: 3.4, Max: 3.4, Diff: 0.1, Sum: 43.6]
      [GC Worker End (ms): Min: 613.6, Avg: 613.6, Max: 613.6, Diff: 0.0]
   [Code Root Fixup: 0.0 ms]
   [Code Root Purge: 0.0 ms]
   [Clear CT: 0.7 ms]
   [Other: 1.0 ms]
      [Choose CSet: 0.0 ms]
      [Ref Proc: 0.6 ms]
      [Ref Enq: 0.0 ms]
      [Redirty Cards: 0.3 ms]
      [Humongous Register: 0.1 ms]
      [Humongous Reclaim: 0.0 ms]
      [Free CSet: 0.0 ms]
   [Eden: 20.0M(20.0M)->0.0B(21.0M) Survivors: 5120.0K->4096.0K Heap: 392.2M(512.0M)->356.1M(512.0M)]
 [Times: user=0.00 sys=0.00, real=0.01 secs] 
2021-01-19T22:55:32.354+0800: 0.618: [GC pause (G1 Evacuation Pause) (mixed), 0.0019945 secs]
   [Parallel Time: 1.4 ms, GC Workers: 13]
      [GC Worker Start (ms): Min: 617.9, Avg: 618.0, Max: 618.0, Diff: 0.1]
      [Ext Root Scanning (ms): Min: 0.0, Avg: 0.1, Max: 0.1, Diff: 0.1, Sum: 1.0]
      [Update RS (ms): Min: 0.2, Avg: 0.3, Max: 0.3, Diff: 0.0, Sum: 3.4]
         [Processed Buffers: Min: 3, Avg: 4.2, Max: 5, Diff: 2, Sum: 54]
      [Scan RS (ms): Min: 0.0, Avg: 0.0, Max: 0.0, Diff: 0.0, Sum: 0.0]
      [Code Root Scanning (ms): Min: 0.0, Avg: 0.0, Max: 0.0, Diff: 0.0, Sum: 0.0]
      [Object Copy (ms): Min: 0.7, Avg: 0.8, Max: 0.8, Diff: 0.1, Sum: 9.8]
      [Termination (ms): Min: 0.0, Avg: 0.1, Max: 0.1, Diff: 0.1, Sum: 0.8]
         [Termination Attempts: Min: 1, Avg: 1.1, Max: 2, Diff: 1, Sum: 14]
      [GC Worker Other (ms): Min: 0.0, Avg: 0.0, Max: 0.0, Diff: 0.0, Sum: 0.3]
      [GC Worker Total (ms): Min: 1.1, Avg: 1.2, Max: 1.2, Diff: 0.1, Sum: 15.2]
      [GC Worker End (ms): Min: 619.1, Avg: 619.2, Max: 619.2, Diff: 0.0]
   [Code Root Fixup: 0.0 ms]
   [Code Root Purge: 0.0 ms]
   [Clear CT: 0.1 ms]
   [Other: 0.5 ms]
      [Choose CSet: 0.0 ms]
      [Ref Proc: 0.2 ms]
      [Ref Enq: 0.0 ms]
      [Redirty Cards: 0.2 ms]
      [Humongous Register: 0.1 ms]
      [Humongous Reclaim: 0.0 ms]
      [Free CSet: 0.0 ms]
   [Eden: 21.0M(21.0M)->0.0B(35.0M) Survivors: 4096.0K->4096.0K Heap: 382.0M(512.0M)->362.9M(512.0M)]
 [Times: user=0.02 sys=0.00, real=0.00 secs] 
2021-01-19T22:55:32.356+0800: 0.620: [GC pause (G1 Humongous Allocation) (young) (initial-mark), 0.0015040 secs]
   [Parallel Time: 0.6 ms, GC Workers: 13]
      [GC Worker Start (ms): Min: 620.1, Avg: 620.1, Max: 620.2, Diff: 0.1]
      [Ext Root Scanning (ms): Min: 0.0, Avg: 0.1, Max: 0.2, Diff: 0.2, Sum: 1.6]
      [Update RS (ms): Min: 0.0, Avg: 0.0, Max: 0.0, Diff: 0.0, Sum: 0.2]
         [Processed Buffers: Min: 0, Avg: 1.0, Max: 3, Diff: 3, Sum: 13]
      [Scan RS (ms): Min: 0.0, Avg: 0.0, Max: 0.0, Diff: 0.0, Sum: 0.0]
      [Code Root Scanning (ms): Min: 0.0, Avg: 0.0, Max: 0.0, Diff: 0.0, Sum: 0.0]
      [Object Copy (ms): Min: 0.1, Avg: 0.2, Max: 0.2, Diff: 0.1, Sum: 2.6]
      [Termination (ms): Min: 0.0, Avg: 0.0, Max: 0.1, Diff: 0.1, Sum: 0.5]
         [Termination Attempts: Min: 1, Avg: 1.0, Max: 1, Diff: 0, Sum: 13]
      [GC Worker Other (ms): Min: 0.0, Avg: 0.0, Max: 0.0, Diff: 0.0, Sum: 0.1]
      [GC Worker Total (ms): Min: 0.3, Avg: 0.4, Max: 0.4, Diff: 0.1, Sum: 4.9]
      [GC Worker End (ms): Min: 620.5, Avg: 620.5, Max: 620.5, Diff: 0.0]
   [Code Root Fixup: 0.0 ms]
   [Code Root Purge: 0.0 ms]
   [Clear CT: 0.3 ms]
   [Other: 0.6 ms]
      [Choose CSet: 0.0 ms]
      [Ref Proc: 0.3 ms]
      [Ref Enq: 0.0 ms]
      [Redirty Cards: 0.2 ms]
      [Humongous Register: 0.0 ms]
      [Humongous Reclaim: 0.0 ms]
      [Free CSet: 0.0 ms]
   [Eden: 1024.0K(35.0M)->0.0B(37.0M) Survivors: 4096.0K->0.0B Heap: 363.0M(512.0M)->362.6M(512.0M)]
 [Times: user=0.00 sys=0.00, real=0.00 secs] 
2021-01-19T22:55:32.357+0800: 0.622: [GC concurrent-root-region-scan-start]
2021-01-19T22:55:32.357+0800: 0.622: [GC concurrent-root-region-scan-end, 0.0000053 secs]
2021-01-19T22:55:32.357+0800: 0.622: [GC concurrent-mark-start]
2021-01-19T22:55:32.359+0800: 0.623: [GC concurrent-mark-end, 0.0017321 secs]
2021-01-19T22:55:32.359+0800: 0.623: [GC remark 2021-01-19T22:55:32.359+0800: 0.623: [Finalize Marking, 0.0005514 secs] 2021-01-19T22:55:32.360+0800: 0.624: [GC ref-proc, 0.0002735 secs] 2021-01-19T22:55:32.360+0800: 0.624: [Unloading, 0.0005949 secs], 0.0017747 secs]
 [Times: user=0.00 sys=0.00, real=0.00 secs] 
2021-01-19T22:55:32.361+0800: 0.625: [GC cleanup 385M->385M(512M), 0.0007795 secs]
 [Times: user=0.00 sys=0.00, real=0.00 secs] 
2021-01-19T22:55:32.365+0800: 0.629: [GC pause (G1 Evacuation Pause) (young), 0.0027803 secs]
   [Parallel Time: 1.6 ms, GC Workers: 13]
      [GC Worker Start (ms): Min: 628.9, Avg: 628.9, Max: 629.0, Diff: 0.1]
      [Ext Root Scanning (ms): Min: 0.0, Avg: 0.1, Max: 0.1, Diff: 0.1, Sum: 1.0]
      [Update RS (ms): Min: 0.5, Avg: 0.5, Max: 0.5, Diff: 0.0, Sum: 6.4]
         [Processed Buffers: Min: 4, Avg: 6.8, Max: 9, Diff: 5, Sum: 88]
      [Scan RS (ms): Min: 0.0, Avg: 0.0, Max: 0.0, Diff: 0.0, Sum: 0.0]
      [Code Root Scanning (ms): Min: 0.0, Avg: 0.0, Max: 0.0, Diff: 0.0, Sum: 0.0]
      [Object Copy (ms): Min: 0.6, Avg: 0.6, Max: 0.7, Diff: 0.1, Sum: 8.1]
      [Termination (ms): Min: 0.0, Avg: 0.1, Max: 0.2, Diff: 0.2, Sum: 1.2]
         [Termination Attempts: Min: 1, Avg: 1.0, Max: 1, Diff: 0, Sum: 13]
      [GC Worker Other (ms): Min: 0.0, Avg: 0.0, Max: 0.0, Diff: 0.0, Sum: 0.1]
      [GC Worker Total (ms): Min: 1.3, Avg: 1.3, Max: 1.4, Diff: 0.1, Sum: 16.9]
      [GC Worker End (ms): Min: 630.2, Avg: 630.2, Max: 630.2, Diff: 0.0]
   [Code Root Fixup: 0.0 ms]
   [Code Root Purge: 0.0 ms]
   [Clear CT: 0.4 ms]
   [Other: 0.7 ms]
      [Choose CSet: 0.0 ms]
      [Ref Proc: 0.3 ms]
      [Ref Enq: 0.0 ms]
      [Redirty Cards: 0.3 ms]
      [Humongous Register: 0.1 ms]
      [Humongous Reclaim: 0.0 ms]
      [Free CSet: 0.0 ms]
   [Eden: 37.0M(37.0M)->0.0B(20.0M) Survivors: 0.0B->5120.0K Heap: 416.5M(512.0M)->377.2M(512.0M)]
 [Times: user=0.00 sys=0.00, real=0.00 secs] 
2021-01-19T22:55:32.370+0800: 0.634: [GC pause (G1 Evacuation Pause) (mixed), 0.0047497 secs]
   [Parallel Time: 3.5 ms, GC Workers: 13]
      [GC Worker Start (ms): Min: 634.0, Avg: 634.1, Max: 634.1, Diff: 0.1]
      [Ext Root Scanning (ms): Min: 0.0, Avg: 0.1, Max: 0.1, Diff: 0.1, Sum: 0.9]
      [Update RS (ms): Min: 0.2, Avg: 0.3, Max: 0.3, Diff: 0.1, Sum: 3.3]
         [Processed Buffers: Min: 3, Avg: 4.0, Max: 5, Diff: 2, Sum: 52]
      [Scan RS (ms): Min: 0.0, Avg: 0.0, Max: 0.0, Diff: 0.0, Sum: 0.2]
      [Code Root Scanning (ms): Min: 0.0, Avg: 0.0, Max: 0.0, Diff: 0.0, Sum: 0.0]
      [Object Copy (ms): Min: 2.9, Avg: 3.0, Max: 3.0, Diff: 0.1, Sum: 38.4]
      [Termination (ms): Min: 0.0, Avg: 0.1, Max: 0.1, Diff: 0.1, Sum: 0.7]
         [Termination Attempts: Min: 1, Avg: 1.0, Max: 1, Diff: 0, Sum: 13]
      [GC Worker Other (ms): Min: 0.0, Avg: 0.0, Max: 0.0, Diff: 0.0, Sum: 0.1]
      [GC Worker Total (ms): Min: 3.3, Avg: 3.4, Max: 3.4, Diff: 0.1, Sum: 43.6]
      [GC Worker End (ms): Min: 637.4, Avg: 637.4, Max: 637.4, Diff: 0.0]
   [Code Root Fixup: 0.0 ms]
   [Code Root Purge: 0.0 ms]
   [Clear CT: 0.6 ms]
   [Other: 0.7 ms]
      [Choose CSet: 0.0 ms]
      [Ref Proc: 0.3 ms]
      [Ref Enq: 0.0 ms]
      [Redirty Cards: 0.3 ms]
      [Humongous Register: 0.1 ms]
      [Humongous Reclaim: 0.0 ms]
      [Free CSet: 0.0 ms]
   [Eden: 20.0M(20.0M)->0.0B(34.0M) Survivors: 5120.0K->4096.0K Heap: 402.3M(512.0M)->362.4M(512.0M)]
 [Times: user=0.20 sys=0.00, real=0.01 secs] 
2021-01-19T22:55:32.375+0800: 0.639: [GC pause (G1 Humongous Allocation) (young) (initial-mark), 0.0012362 secs]
   [Parallel Time: 0.6 ms, GC Workers: 13]
      [GC Worker Start (ms): Min: 638.9, Avg: 638.9, Max: 638.9, Diff: 0.1]
      [Ext Root Scanning (ms): Min: 0.0, Avg: 0.1, Max: 0.1, Diff: 0.1, Sum: 1.1]
      [Update RS (ms): Min: 0.0, Avg: 0.0, Max: 0.1, Diff: 0.1, Sum: 0.6]
         [Processed Buffers: Min: 1, Avg: 1.1, Max: 2, Diff: 1, Sum: 14]
      [Scan RS (ms): Min: 0.0, Avg: 0.0, Max: 0.0, Diff: 0.0, Sum: 0.0]
      [Code Root Scanning (ms): Min: 0.0, Avg: 0.0, Max: 0.0, Diff: 0.0, Sum: 0.0]
      [Object Copy (ms): Min: 0.1, Avg: 0.2, Max: 0.3, Diff: 0.1, Sum: 2.5]
      [Termination (ms): Min: 0.0, Avg: 0.0, Max: 0.1, Diff: 0.1, Sum: 0.6]
         [Termination Attempts: Min: 1, Avg: 1.0, Max: 1, Diff: 0, Sum: 13]
      [GC Worker Other (ms): Min: 0.0, Avg: 0.0, Max: 0.0, Diff: 0.0, Sum: 0.1]
      [GC Worker Total (ms): Min: 0.3, Avg: 0.4, Max: 0.4, Diff: 0.1, Sum: 4.9]
      [GC Worker End (ms): Min: 639.3, Avg: 639.3, Max: 639.3, Diff: 0.0]
   [Code Root Fixup: 0.0 ms]
   [Code Root Purge: 0.0 ms]
   [Clear CT: 0.2 ms]
   [Other: 0.5 ms]
      [Choose CSet: 0.0 ms]
      [Ref Proc: 0.2 ms]
      [Ref Enq: 0.0 ms]
      [Redirty Cards: 0.2 ms]
      [Humongous Register: 0.0 ms]
      [Humongous Reclaim: 0.0 ms]
      [Free CSet: 0.0 ms]
   [Eden: 1024.0K(34.0M)->0.0B(35.0M) Survivors: 4096.0K->1024.0K Heap: 363.1M(512.0M)->362.0M(512.0M)]
 [Times: user=0.00 sys=0.00, real=0.00 secs] 
2021-01-19T22:55:32.376+0800: 0.640: [GC concurrent-root-region-scan-start]
2021-01-19T22:55:32.376+0800: 0.640: [GC concurrent-root-region-scan-end, 0.0000662 secs]
2021-01-19T22:55:32.376+0800: 0.640: [GC concurrent-mark-start]
2021-01-19T22:55:32.377+0800: 0.641: [GC concurrent-mark-end, 0.0012579 secs]
2021-01-19T22:55:32.377+0800: 0.642: [GC remark 2021-01-19T22:55:32.377+0800: 0.642: [Finalize Marking, 0.0002657 secs] 2021-01-19T22:55:32.378+0800: 0.642: [GC ref-proc, 0.0002756 secs] 2021-01-19T22:55:32.378+0800: 0.642: [Unloading, 0.0003231 secs], 0.0012913 secs]
 [Times: user=0.00 sys=0.00, real=0.00 secs] 
2021-01-19T22:55:32.379+0800: 0.643: [GC cleanup 377M->377M(512M), 0.0010376 secs]
 [Times: user=0.00 sys=0.00, real=0.00 secs] 
2021-01-19T22:55:32.383+0800: 0.647: [GC pause (G1 Evacuation Pause) (young), 0.0024619 secs]
   [Parallel Time: 1.4 ms, GC Workers: 13]
      [GC Worker Start (ms): Min: 647.1, Avg: 647.1, Max: 647.2, Diff: 0.1]
      [Ext Root Scanning (ms): Min: 0.0, Avg: 0.1, Max: 0.1, Diff: 0.1, Sum: 0.9]
      [Update RS (ms): Min: 0.5, Avg: 0.5, Max: 0.5, Diff: 0.0, Sum: 6.5]
         [Processed Buffers: Min: 6, Avg: 7.3, Max: 8, Diff: 2, Sum: 95]
      [Scan RS (ms): Min: 0.0, Avg: 0.0, Max: 0.0, Diff: 0.0, Sum: 0.0]
      [Code Root Scanning (ms): Min: 0.0, Avg: 0.0, Max: 0.0, Diff: 0.0, Sum: 0.0]
      [Object Copy (ms): Min: 0.5, Avg: 0.6, Max: 0.6, Diff: 0.1, Sum: 7.4]
      [Termination (ms): Min: 0.0, Avg: 0.0, Max: 0.1, Diff: 0.1, Sum: 0.6]
         [Termination Attempts: Min: 1, Avg: 1.0, Max: 1, Diff: 0, Sum: 13]
      [GC Worker Other (ms): Min: 0.0, Avg: 0.0, Max: 0.0, Diff: 0.0, Sum: 0.1]
      [GC Worker Total (ms): Min: 1.1, Avg: 1.2, Max: 1.3, Diff: 0.1, Sum: 15.5]
      [GC Worker End (ms): Min: 648.3, Avg: 648.3, Max: 648.3, Diff: 0.0]
   [Code Root Fixup: 0.0 ms]
   [Code Root Purge: 0.0 ms]
   [Clear CT: 0.3 ms]
   [Other: 0.7 ms]
      [Choose CSet: 0.0 ms]
      [Ref Proc: 0.3 ms]
      [Ref Enq: 0.0 ms]
      [Redirty Cards: 0.3 ms]
      [Humongous Register: 0.1 ms]
      [Humongous Reclaim: 0.0 ms]
      [Free CSet: 0.0 ms]
   [Eden: 35.0M(35.0M)->0.0B(20.0M) Survivors: 1024.0K->5120.0K Heap: 407.4M(512.0M)->372.7M(512.0M)]
 [Times: user=0.00 sys=0.00, real=0.00 secs] 
2021-01-19T22:55:32.387+0800: 0.652: [GC pause (G1 Evacuation Pause) (mixed), 0.0043721 secs]
   [Parallel Time: 3.0 ms, GC Workers: 13]
      [GC Worker Start (ms): Min: 651.8, Avg: 651.8, Max: 651.9, Diff: 0.2]
      [Ext Root Scanning (ms): Min: 0.0, Avg: 0.1, Max: 0.1, Diff: 0.1, Sum: 1.2]
      [Update RS (ms): Min: 0.2, Avg: 0.3, Max: 0.4, Diff: 0.1, Sum: 3.9]
         [Processed Buffers: Min: 0, Avg: 3.8, Max: 6, Diff: 6, Sum: 50]
      [Scan RS (ms): Min: 0.0, Avg: 0.0, Max: 0.0, Diff: 0.0, Sum: 0.1]
      [Code Root Scanning (ms): Min: 0.0, Avg: 0.0, Max: 0.0, Diff: 0.0, Sum: 0.0]
      [Object Copy (ms): Min: 2.2, Avg: 2.3, Max: 2.3, Diff: 0.1, Sum: 29.8]
      [Termination (ms): Min: 0.0, Avg: 0.0, Max: 0.1, Diff: 0.1, Sum: 0.5]
         [Termination Attempts: Min: 1, Avg: 1.0, Max: 1, Diff: 0, Sum: 13]
      [GC Worker Other (ms): Min: 0.0, Avg: 0.0, Max: 0.0, Diff: 0.0, Sum: 0.1]
      [GC Worker Total (ms): Min: 2.6, Avg: 2.7, Max: 2.8, Diff: 0.1, Sum: 35.6]
      [GC Worker End (ms): Min: 654.6, Avg: 654.6, Max: 654.6, Diff: 0.0]
   [Code Root Fixup: 0.0 ms]
   [Code Root Purge: 0.0 ms]
   [Clear CT: 0.3 ms]
   [Other: 1.0 ms]
      [Choose CSet: 0.0 ms]
      [Ref Proc: 0.2 ms]
      [Ref Enq: 0.0 ms]
      [Redirty Cards: 0.6 ms]
      [Humongous Register: 0.1 ms]
      [Humongous Reclaim: 0.0 ms]
      [Free CSet: 0.0 ms]
   [Eden: 20.0M(20.0M)->0.0B(30.0M) Survivors: 5120.0K->4096.0K Heap: 397.4M(512.0M)->367.0M(512.0M)]
 [Times: user=0.02 sys=0.00, real=0.00 secs] 
2021-01-19T22:55:32.392+0800: 0.656: [GC pause (G1 Humongous Allocation) (young) (initial-mark), 0.0015129 secs]
   [Parallel Time: 0.8 ms, GC Workers: 13]
      [GC Worker Start (ms): Min: 656.3, Avg: 656.4, Max: 656.6, Diff: 0.2]
      [Ext Root Scanning (ms): Min: 0.0, Avg: 0.2, Max: 0.3, Diff: 0.3, Sum: 2.4]
      [Update RS (ms): Min: 0.0, Avg: 0.0, Max: 0.1, Diff: 0.1, Sum: 0.5]
         [Processed Buffers: Min: 0, Avg: 1.1, Max: 3, Diff: 3, Sum: 14]
      [Scan RS (ms): Min: 0.0, Avg: 0.0, Max: 0.0, Diff: 0.0, Sum: 0.0]
      [Code Root Scanning (ms): Min: 0.0, Avg: 0.0, Max: 0.0, Diff: 0.0, Sum: 0.0]
      [Object Copy (ms): Min: 0.1, Avg: 0.2, Max: 0.3, Diff: 0.1, Sum: 2.6]
      [Termination (ms): Min: 0.0, Avg: 0.1, Max: 0.1, Diff: 0.1, Sum: 1.0]
         [Termination Attempts: Min: 1, Avg: 1.0, Max: 1, Diff: 0, Sum: 13]
      [GC Worker Other (ms): Min: 0.0, Avg: 0.0, Max: 0.1, Diff: 0.1, Sum: 0.2]
      [GC Worker Total (ms): Min: 0.3, Avg: 0.5, Max: 0.6, Diff: 0.3, Sum: 6.6]
      [GC Worker End (ms): Min: 656.9, Avg: 656.9, Max: 656.9, Diff: 0.0]
   [Code Root Fixup: 0.0 ms]
   [Code Root Purge: 0.0 ms]
   [Clear CT: 0.2 ms]
   [Other: 0.5 ms]
      [Choose CSet: 0.0 ms]
      [Ref Proc: 0.2 ms]
      [Ref Enq: 0.0 ms]
      [Redirty Cards: 0.1 ms]
      [Humongous Register: 0.1 ms]
      [Humongous Reclaim: 0.0 ms]
      [Free CSet: 0.0 ms]
   [Eden: 1024.0K(30.0M)->0.0B(30.0M) Survivors: 4096.0K->1024.0K Heap: 367.6M(512.0M)->366.7M(512.0M)]
 [Times: user=0.00 sys=0.00, real=0.00 secs] 
2021-01-19T22:55:32.394+0800: 0.658: [GC concurrent-root-region-scan-start]
2021-01-19T22:55:32.394+0800: 0.658: [GC concurrent-root-region-scan-end, 0.0001091 secs]
2021-01-19T22:55:32.394+0800: 0.658: [GC concurrent-mark-start]
2021-01-19T22:55:32.396+0800: 0.660: [GC concurrent-mark-end, 0.0021384 secs]
2021-01-19T22:55:32.396+0800: 0.660: [GC remark 2021-01-19T22:55:32.396+0800: 0.660: [Finalize Marking, 0.0003507 secs] 2021-01-19T22:55:32.397+0800: 0.661: [GC ref-proc, 0.0002991 secs] 2021-01-19T22:55:32.397+0800: 0.661: [Unloading, 0.0003572 secs], 0.0015901 secs]
 [Times: user=0.00 sys=0.00, real=0.00 secs] 
2021-01-19T22:55:32.398+0800: 0.662: [GC cleanup 389M->389M(512M), 0.0014065 secs]
 [Times: user=0.00 sys=0.00, real=0.00 secs] 
2021-01-19T22:55:32.401+0800: 0.665: [GC pause (G1 Evacuation Pause) (young), 0.0022018 secs]
   [Parallel Time: 1.3 ms, GC Workers: 13]
      [GC Worker Start (ms): Min: 665.0, Avg: 665.0, Max: 665.1, Diff: 0.2]
      [Ext Root Scanning (ms): Min: 0.0, Avg: 0.1, Max: 0.1, Diff: 0.1, Sum: 1.0]
      [Update RS (ms): Min: 0.3, Avg: 0.3, Max: 0.5, Diff: 0.2, Sum: 4.5]
         [Processed Buffers: Min: 4, Avg: 5.0, Max: 6, Diff: 2, Sum: 65]
      [Scan RS (ms): Min: 0.0, Avg: 0.0, Max: 0.0, Diff: 0.0, Sum: 0.0]
      [Code Root Scanning (ms): Min: 0.0, Avg: 0.0, Max: 0.0, Diff: 0.0, Sum: 0.0]
      [Object Copy (ms): Min: 0.4, Avg: 0.6, Max: 0.7, Diff: 0.2, Sum: 8.2]
      [Termination (ms): Min: 0.0, Avg: 0.0, Max: 0.1, Diff: 0.1, Sum: 0.5]
         [Termination Attempts: Min: 1, Avg: 1.0, Max: 1, Diff: 0, Sum: 13]
      [GC Worker Other (ms): Min: 0.0, Avg: 0.0, Max: 0.0, Diff: 0.0, Sum: 0.1]
      [GC Worker Total (ms): Min: 1.0, Avg: 1.1, Max: 1.2, Diff: 0.2, Sum: 14.4]
      [GC Worker End (ms): Min: 666.1, Avg: 666.1, Max: 666.1, Diff: 0.0]
   [Code Root Fixup: 0.0 ms]
   [Code Root Purge: 0.0 ms]
   [Clear CT: 0.2 ms]
   [Other: 0.7 ms]
      [Choose CSet: 0.0 ms]
      [Ref Proc: 0.3 ms]
      [Ref Enq: 0.0 ms]
      [Redirty Cards: 0.2 ms]
      [Humongous Register: 0.1 ms]
      [Humongous Reclaim: 0.0 ms]
      [Free CSet: 0.0 ms]
   [Eden: 30.0M(30.0M)->0.0B(21.0M) Survivors: 1024.0K->4096.0K Heap: 403.5M(512.0M)->377.6M(512.0M)]
 [Times: user=0.00 sys=0.00, real=0.00 secs] 
2021-01-19T22:55:32.406+0800: 0.670: [GC pause (G1 Evacuation Pause) (mixed), 0.0033951 secs]
   [Parallel Time: 2.7 ms, GC Workers: 13]
      [GC Worker Start (ms): Min: 669.9, Avg: 670.0, Max: 670.8, Diff: 0.9]
      [Ext Root Scanning (ms): Min: 0.0, Avg: 0.1, Max: 0.1, Diff: 0.1, Sum: 0.7]
      [Update RS (ms): Min: 0.0, Avg: 0.2, Max: 0.2, Diff: 0.2, Sum: 2.3]
         [Processed Buffers: Min: 0, Avg: 3.2, Max: 5, Diff: 5, Sum: 41]
      [Scan RS (ms): Min: 0.0, Avg: 0.0, Max: 0.1, Diff: 0.1, Sum: 0.2]
      [Code Root Scanning (ms): Min: 0.0, Avg: 0.0, Max: 0.0, Diff: 0.0, Sum: 0.0]
      [Object Copy (ms): Min: 1.5, Avg: 2.0, Max: 2.1, Diff: 0.6, Sum: 26.1]
      [Termination (ms): Min: 0.0, Avg: 0.0, Max: 0.0, Diff: 0.0, Sum: 0.4]
         [Termination Attempts: Min: 1, Avg: 1.1, Max: 2, Diff: 1, Sum: 14]
      [GC Worker Other (ms): Min: 0.0, Avg: 0.0, Max: 0.0, Diff: 0.0, Sum: 0.1]
      [GC Worker Total (ms): Min: 1.5, Avg: 2.3, Max: 2.5, Diff: 0.9, Sum: 29.8]
      [GC Worker End (ms): Min: 672.3, Avg: 672.3, Max: 672.3, Diff: 0.0]
   [Code Root Fixup: 0.0 ms]
   [Code Root Purge: 0.0 ms]
   [Clear CT: 0.2 ms]
   [Other: 0.5 ms]
      [Choose CSet: 0.0 ms]
      [Ref Proc: 0.2 ms]
      [Ref Enq: 0.0 ms]
      [Redirty Cards: 0.2 ms]
      [Humongous Register: 0.1 ms]
      [Humongous Reclaim: 0.0 ms]
      [Free CSet: 0.0 ms]
   [Eden: 21.0M(21.0M)->0.0B(25.0M) Survivors: 4096.0K->4096.0K Heap: 402.3M(512.0M)->371.8M(512.0M)]
 [Times: user=0.00 sys=0.00, real=0.00 secs] 
2021-01-19T22:55:32.410+0800: 0.674: [GC pause (G1 Humongous Allocation) (young) (initial-mark), 0.0017374 secs]
   [Parallel Time: 0.7 ms, GC Workers: 13]
      [GC Worker Start (ms): Min: 673.9, Avg: 673.9, Max: 674.0, Diff: 0.2]
      [Ext Root Scanning (ms): Min: 0.0, Avg: 0.2, Max: 0.5, Diff: 0.5, Sum: 2.3]
      [Update RS (ms): Min: 0.0, Avg: 0.1, Max: 0.2, Diff: 0.2, Sum: 0.7]
         [Processed Buffers: Min: 0, Avg: 1.1, Max: 3, Diff: 3, Sum: 14]
      [Scan RS (ms): Min: 0.0, Avg: 0.0, Max: 0.0, Diff: 0.0, Sum: 0.0]
      [Code Root Scanning (ms): Min: 0.0, Avg: 0.0, Max: 0.0, Diff: 0.0, Sum: 0.0]
      [Object Copy (ms): Min: 0.0, Avg: 0.2, Max: 0.4, Diff: 0.4, Sum: 2.9]
      [Termination (ms): Min: 0.0, Avg: 0.1, Max: 0.1, Diff: 0.1, Sum: 0.7]
         [Termination Attempts: Min: 1, Avg: 1.0, Max: 1, Diff: 0, Sum: 13]
      [GC Worker Other (ms): Min: 0.0, Avg: 0.0, Max: 0.0, Diff: 0.0, Sum: 0.1]
      [GC Worker Total (ms): Min: 0.4, Avg: 0.5, Max: 0.6, Diff: 0.2, Sum: 6.7]
      [GC Worker End (ms): Min: 674.4, Avg: 674.4, Max: 674.4, Diff: 0.0]
   [Code Root Fixup: 0.0 ms]
   [Code Root Purge: 0.0 ms]
   [Clear CT: 0.5 ms]
   [Other: 0.5 ms]
      [Choose CSet: 0.0 ms]
      [Ref Proc: 0.2 ms]
      [Ref Enq: 0.0 ms]
      [Redirty Cards: 0.2 ms]
      [Humongous Register: 0.1 ms]
      [Humongous Reclaim: 0.0 ms]
      [Free CSet: 0.0 ms]
   [Eden: 4096.0K(25.0M)->0.0B(25.0M) Survivors: 4096.0K->1024.0K Heap: 375.5M(512.0M)->372.4M(512.0M)]
 [Times: user=0.00 sys=0.00, real=0.00 secs] 
2021-01-19T22:55:32.412+0800: 0.676: [GC concurrent-root-region-scan-start]
2021-01-19T22:55:32.412+0800: 0.676: [GC concurrent-root-region-scan-end, 0.0000745 secs]
2021-01-19T22:55:32.412+0800: 0.676: [GC concurrent-mark-start]
2021-01-19T22:55:32.413+0800: 0.677: [GC concurrent-mark-end, 0.0012504 secs]
2021-01-19T22:55:32.413+0800: 0.677: [GC remark 2021-01-19T22:55:32.413+0800: 0.677: [Finalize Marking, 0.0001500 secs] 2021-01-19T22:55:32.413+0800: 0.677: [GC ref-proc, 0.0002740 secs] 2021-01-19T22:55:32.413+0800: 0.677: [Unloading, 0.0003529 secs], 0.0012342 secs]
 [Times: user=0.00 sys=0.00, real=0.00 secs] 
2021-01-19T22:55:32.414+0800: 0.678: [GC cleanup 386M->386M(512M), 0.0005842 secs]
 [Times: user=0.00 sys=0.00, real=0.00 secs] 
2021-01-19T22:55:32.417+0800: 0.681: [GC pause (G1 Evacuation Pause) (young), 0.0023797 secs]
   [Parallel Time: 1.6 ms, GC Workers: 13]
      [GC Worker Start (ms): Min: 680.9, Avg: 681.0, Max: 681.0, Diff: 0.1]
      [Ext Root Scanning (ms): Min: 0.0, Avg: 0.1, Max: 0.1, Diff: 0.1, Sum: 0.9]
      [Update RS (ms): Min: 0.5, Avg: 0.5, Max: 0.5, Diff: 0.0, Sum: 6.4]
         [Processed Buffers: Min: 6, Avg: 7.0, Max: 8, Diff: 2, Sum: 91]
      [Scan RS (ms): Min: 0.0, Avg: 0.0, Max: 0.0, Diff: 0.0, Sum: 0.0]
      [Code Root Scanning (ms): Min: 0.0, Avg: 0.0, Max: 0.0, Diff: 0.0, Sum: 0.0]
      [Object Copy (ms): Min: 0.5, Avg: 0.5, Max: 0.6, Diff: 0.1, Sum: 7.1]
      [Termination (ms): Min: 0.0, Avg: 0.1, Max: 0.1, Diff: 0.1, Sum: 0.9]
         [Termination Attempts: Min: 1, Avg: 1.0, Max: 1, Diff: 0, Sum: 13]
      [GC Worker Other (ms): Min: 0.0, Avg: 0.0, Max: 0.0, Diff: 0.0, Sum: 0.1]
      [GC Worker Total (ms): Min: 1.1, Avg: 1.2, Max: 1.2, Diff: 0.1, Sum: 15.4]
      [GC Worker End (ms): Min: 682.1, Avg: 682.1, Max: 682.1, Diff: 0.0]
   [Code Root Fixup: 0.0 ms]
   [Code Root Purge: 0.0 ms]
   [Clear CT: 0.3 ms]
   [Other: 0.5 ms]
      [Choose CSet: 0.0 ms]
      [Ref Proc: 0.2 ms]
      [Ref Enq: 0.0 ms]
      [Redirty Cards: 0.2 ms]
      [Humongous Register: 0.1 ms]
      [Humongous Reclaim: 0.0 ms]
      [Free CSet: 0.0 ms]
   [Eden: 25.0M(25.0M)->0.0B(21.0M) Survivors: 1024.0K->4096.0K Heap: 407.5M(512.0M)->382.7M(512.0M)]
 [Times: user=0.08 sys=0.02, real=0.00 secs] 
2021-01-19T22:55:32.422+0800: 0.686: [GC pause (G1 Evacuation Pause) (mixed), 0.0044631 secs]
   [Parallel Time: 3.2 ms, GC Workers: 13]
      [GC Worker Start (ms): Min: 685.6, Avg: 685.7, Max: 685.8, Diff: 0.2]
      [Ext Root Scanning (ms): Min: 0.0, Avg: 0.0, Max: 0.1, Diff: 0.1, Sum: 0.6]
      [Update RS (ms): Min: 0.3, Avg: 0.3, Max: 0.4, Diff: 0.1, Sum: 4.4]
         [Processed Buffers: Min: 4, Avg: 5.3, Max: 6, Diff: 2, Sum: 69]
      [Scan RS (ms): Min: 0.0, Avg: 0.0, Max: 0.0, Diff: 0.0, Sum: 0.1]
      [Code Root Scanning (ms): Min: 0.0, Avg: 0.0, Max: 0.0, Diff: 0.0, Sum: 0.0]
      [Object Copy (ms): Min: 2.5, Avg: 2.6, Max: 2.6, Diff: 0.1, Sum: 33.3]
      [Termination (ms): Min: 0.0, Avg: 0.1, Max: 0.1, Diff: 0.1, Sum: 0.7]
         [Termination Attempts: Min: 1, Avg: 1.0, Max: 1, Diff: 0, Sum: 13]
      [GC Worker Other (ms): Min: 0.0, Avg: 0.0, Max: 0.0, Diff: 0.0, Sum: 0.2]
      [GC Worker Total (ms): Min: 2.9, Avg: 3.0, Max: 3.1, Diff: 0.2, Sum: 39.4]
      [GC Worker End (ms): Min: 688.7, Avg: 688.8, Max: 688.8, Diff: 0.0]
   [Code Root Fixup: 0.0 ms]
   [Code Root Purge: 0.0 ms]
   [Clear CT: 0.5 ms]
   [Other: 0.8 ms]
      [Choose CSet: 0.0 ms]
      [Ref Proc: 0.3 ms]
      [Ref Enq: 0.0 ms]
      [Redirty Cards: 0.4 ms]
      [Humongous Register: 0.1 ms]
      [Humongous Reclaim: 0.0 ms]
      [Free CSet: 0.0 ms]
   [Eden: 21.0M(21.0M)->0.0B(21.0M) Survivors: 4096.0K->4096.0K Heap: 410.8M(512.0M)->377.2M(512.0M)]
 [Times: user=0.00 sys=0.00, real=0.00 secs] 
2021-01-19T22:55:32.426+0800: 0.690: [GC pause (G1 Humongous Allocation) (young) (initial-mark), 0.0014262 secs]
   [Parallel Time: 0.7 ms, GC Workers: 13]
      [GC Worker Start (ms): Min: 690.3, Avg: 690.3, Max: 690.4, Diff: 0.1]
      [Ext Root Scanning (ms): Min: 0.0, Avg: 0.1, Max: 0.1, Diff: 0.1, Sum: 0.8]
      [Update RS (ms): Min: 0.0, Avg: 0.0, Max: 0.2, Diff: 0.2, Sum: 0.6]
         [Processed Buffers: Min: 0, Avg: 1.1, Max: 3, Diff: 3, Sum: 14]
      [Scan RS (ms): Min: 0.0, Avg: 0.0, Max: 0.0, Diff: 0.0, Sum: 0.0]
      [Code Root Scanning (ms): Min: 0.0, Avg: 0.0, Max: 0.0, Diff: 0.0, Sum: 0.0]
      [Object Copy (ms): Min: 0.0, Avg: 0.2, Max: 0.3, Diff: 0.3, Sum: 2.7]
      [Termination (ms): Min: 0.0, Avg: 0.0, Max: 0.1, Diff: 0.1, Sum: 0.4]
         [Termination Attempts: Min: 1, Avg: 1.2, Max: 2, Diff: 1, Sum: 16]
      [GC Worker Other (ms): Min: 0.0, Avg: 0.0, Max: 0.0, Diff: 0.0, Sum: 0.1]
      [GC Worker Total (ms): Min: 0.3, Avg: 0.4, Max: 0.4, Diff: 0.1, Sum: 4.7]
      [GC Worker End (ms): Min: 690.7, Avg: 690.7, Max: 690.7, Diff: 0.0]
   [Code Root Fixup: 0.0 ms]
   [Code Root Purge: 0.0 ms]
   [Clear CT: 0.2 ms]
   [Other: 0.5 ms]
      [Choose CSet: 0.0 ms]
      [Ref Proc: 0.3 ms]
      [Ref Enq: 0.0 ms]
      [Redirty Cards: 0.1 ms]
      [Humongous Register: 0.1 ms]
      [Humongous Reclaim: 0.0 ms]
      [Free CSet: 0.0 ms]
   [Eden: 2048.0K(21.0M)->0.0B(24.0M) Survivors: 4096.0K->1024.0K Heap: 378.6M(512.0M)->377.5M(512.0M)]
 [Times: user=0.00 sys=0.00, real=0.00 secs] 
2021-01-19T22:55:32.428+0800: 0.692: [GC concurrent-root-region-scan-start]
2021-01-19T22:55:32.428+0800: 0.692: [GC concurrent-root-region-scan-end, 0.0000701 secs]
2021-01-19T22:55:32.428+0800: 0.692: [GC concurrent-mark-start]
2021-01-19T22:55:32.429+0800: 0.693: [GC concurrent-mark-end, 0.0011992 secs]
2021-01-19T22:55:32.429+0800: 0.693: [GC remark 2021-01-19T22:55:32.429+0800: 0.693: [Finalize Marking, 0.0001711 secs] 2021-01-19T22:55:32.429+0800: 0.693: [GC ref-proc, 0.0002730 secs] 2021-01-19T22:55:32.429+0800: 0.693: [Unloading, 0.0003116 secs], 0.0012187 secs]
 [Times: user=0.00 sys=0.00, real=0.00 secs] 
2021-01-19T22:55:32.430+0800: 0.694: [GC cleanup 392M->392M(512M), 0.0007711 secs]
 [Times: user=0.00 sys=0.00, real=0.00 secs] 
2021-01-19T22:55:32.433+0800: 0.697: [GC pause (G1 Evacuation Pause) (young), 0.0018113 secs]
   [Parallel Time: 1.1 ms, GC Workers: 13]
      [GC Worker Start (ms): Min: 696.6, Avg: 696.6, Max: 696.7, Diff: 0.1]
      [Ext Root Scanning (ms): Min: 0.0, Avg: 0.1, Max: 0.1, Diff: 0.1, Sum: 1.1]
      [Update RS (ms): Min: 0.3, Avg: 0.3, Max: 0.3, Diff: 0.0, Sum: 3.5]
         [Processed Buffers: Min: 3, Avg: 4.0, Max: 5, Diff: 2, Sum: 52]
      [Scan RS (ms): Min: 0.0, Avg: 0.0, Max: 0.0, Diff: 0.0, Sum: 0.0]
      [Code Root Scanning (ms): Min: 0.0, Avg: 0.0, Max: 0.0, Diff: 0.0, Sum: 0.0]
      [Object Copy (ms): Min: 0.4, Avg: 0.5, Max: 0.5, Diff: 0.1, Sum: 6.1]
      [Termination (ms): Min: 0.0, Avg: 0.0, Max: 0.1, Diff: 0.1, Sum: 0.5]
         [Termination Attempts: Min: 1, Avg: 1.0, Max: 1, Diff: 0, Sum: 13]
      [GC Worker Other (ms): Min: 0.0, Avg: 0.0, Max: 0.0, Diff: 0.0, Sum: 0.1]
      [GC Worker Total (ms): Min: 0.8, Avg: 0.9, Max: 0.9, Diff: 0.1, Sum: 11.3]
      [GC Worker End (ms): Min: 697.5, Avg: 697.5, Max: 697.5, Diff: 0.0]
   [Code Root Fixup: 0.0 ms]
   [Code Root Purge: 0.0 ms]
   [Clear CT: 0.2 ms]
   [Other: 0.5 ms]
      [Choose CSet: 0.0 ms]
      [Ref Proc: 0.3 ms]
      [Ref Enq: 0.0 ms]
      [Redirty Cards: 0.1 ms]
      [Humongous Register: 0.1 ms]
      [Humongous Reclaim: 0.0 ms]
      [Free CSet: 0.0 ms]
   [Eden: 24.0M(24.0M)->0.0B(21.0M) Survivors: 1024.0K->4096.0K Heap: 406.7M(512.0M)->384.9M(512.0M)]
 [Times: user=0.00 sys=0.00, real=0.00 secs] 
2021-01-19T22:55:32.437+0800: 0.701: [GC pause (G1 Evacuation Pause) (mixed), 0.0041472 secs]
   [Parallel Time: 2.9 ms, GC Workers: 13]
      [GC Worker Start (ms): Min: 701.0, Avg: 701.1, Max: 701.1, Diff: 0.1]
      [Ext Root Scanning (ms): Min: 0.0, Avg: 0.1, Max: 0.1, Diff: 0.1, Sum: 1.0]
      [Update RS (ms): Min: 0.3, Avg: 0.3, Max: 0.4, Diff: 0.1, Sum: 4.3]
         [Processed Buffers: Min: 4, Avg: 5.2, Max: 6, Diff: 2, Sum: 67]
      [Scan RS (ms): Min: 0.0, Avg: 0.0, Max: 0.0, Diff: 0.0, Sum: 0.1]
      [Code Root Scanning (ms): Min: 0.0, Avg: 0.0, Max: 0.0, Diff: 0.0, Sum: 0.0]
      [Object Copy (ms): Min: 2.3, Avg: 2.3, Max: 2.3, Diff: 0.1, Sum: 29.9]
      [Termination (ms): Min: 0.0, Avg: 0.0, Max: 0.1, Diff: 0.1, Sum: 0.5]
         [Termination Attempts: Min: 1, Avg: 1.0, Max: 1, Diff: 0, Sum: 13]
      [GC Worker Other (ms): Min: 0.0, Avg: 0.0, Max: 0.0, Diff: 0.0, Sum: 0.1]
      [GC Worker Total (ms): Min: 2.7, Avg: 2.8, Max: 2.8, Diff: 0.1, Sum: 36.0]
      [GC Worker End (ms): Min: 703.8, Avg: 703.8, Max: 703.9, Diff: 0.0]
   [Code Root Fixup: 0.0 ms]
   [Code Root Purge: 0.0 ms]
   [Clear CT: 0.4 ms]
   [Other: 0.8 ms]
      [Choose CSet: 0.0 ms]
      [Ref Proc: 0.4 ms]
      [Ref Enq: 0.0 ms]
      [Redirty Cards: 0.2 ms]
      [Humongous Register: 0.1 ms]
      [Humongous Reclaim: 0.0 ms]
      [Free CSet: 0.0 ms]
   [Eden: 21.0M(21.0M)->0.0B(21.0M) Survivors: 4096.0K->4096.0K Heap: 412.5M(512.0M)->376.9M(512.0M)]
 [Times: user=0.00 sys=0.00, real=0.00 secs] 
2021-01-19T22:55:32.441+0800: 0.705: [GC pause (G1 Humongous Allocation) (young) (initial-mark), 0.0011471 secs]
   [Parallel Time: 0.5 ms, GC Workers: 13]
      [GC Worker Start (ms): Min: 705.4, Avg: 705.5, Max: 705.5, Diff: 0.1]
      [Ext Root Scanning (ms): Min: 0.0, Avg: 0.1, Max: 0.1, Diff: 0.1, Sum: 0.9]
      [Update RS (ms): Min: 0.0, Avg: 0.0, Max: 0.1, Diff: 0.1, Sum: 0.4]
         [Processed Buffers: Min: 1, Avg: 1.1, Max: 2, Diff: 1, Sum: 14]
      [Scan RS (ms): Min: 0.0, Avg: 0.0, Max: 0.0, Diff: 0.0, Sum: 0.0]
      [Code Root Scanning (ms): Min: 0.0, Avg: 0.0, Max: 0.0, Diff: 0.0, Sum: 0.0]
      [Object Copy (ms): Min: 0.2, Avg: 0.2, Max: 0.2, Diff: 0.1, Sum: 2.6]
      [Termination (ms): Min: 0.0, Avg: 0.0, Max: 0.1, Diff: 0.1, Sum: 0.5]
         [Termination Attempts: Min: 1, Avg: 1.0, Max: 1, Diff: 0, Sum: 13]
      [GC Worker Other (ms): Min: 0.0, Avg: 0.0, Max: 0.0, Diff: 0.0, Sum: 0.1]
      [GC Worker Total (ms): Min: 0.3, Avg: 0.4, Max: 0.4, Diff: 0.1, Sum: 4.6]
      [GC Worker End (ms): Min: 705.8, Avg: 705.8, Max: 705.8, Diff: 0.0]
   [Code Root Fixup: 0.0 ms]
   [Code Root Purge: 0.0 ms]
   [Clear CT: 0.1 ms]
   [Other: 0.5 ms]
      [Choose CSet: 0.0 ms]
      [Ref Proc: 0.2 ms]
      [Ref Enq: 0.0 ms]
      [Redirty Cards: 0.1 ms]
      [Humongous Register: 0.0 ms]
      [Humongous Reclaim: 0.0 ms]
      [Free CSet: 0.0 ms]
   [Eden: 2048.0K(21.0M)->0.0B(24.0M) Survivors: 4096.0K->1024.0K Heap: 378.4M(512.0M)->377.2M(512.0M)]
 [Times: user=0.00 sys=0.00, real=0.00 secs] 
2021-01-19T22:55:32.443+0800: 0.707: [GC concurrent-root-region-scan-start]
2021-01-19T22:55:32.443+0800: 0.707: [GC concurrent-root-region-scan-end, 0.0000728 secs]
2021-01-19T22:55:32.443+0800: 0.707: [GC concurrent-mark-start]
2021-01-19T22:55:32.444+0800: 0.708: [GC concurrent-mark-end, 0.0012952 secs]
2021-01-19T22:55:32.444+0800: 0.708: [GC remark 2021-01-19T22:55:32.444+0800: 0.708: [Finalize Marking, 0.0001786 secs] 2021-01-19T22:55:32.444+0800: 0.708: [GC ref-proc, 0.0002735 secs] 2021-01-19T22:55:32.445+0800: 0.709: [Unloading, 0.0003571 secs], 0.0012184 secs]
 [Times: user=0.00 sys=0.00, real=0.00 secs] 
2021-01-19T22:55:32.445+0800: 0.709: [GC cleanup 392M->392M(512M), 0.0005604 secs]
 [Times: user=0.00 sys=0.00, real=0.00 secs] 
2021-01-19T22:55:32.447+0800: 0.711: [GC pause (G1 Evacuation Pause) (young), 0.0014114 secs]
   [Parallel Time: 0.9 ms, GC Workers: 13]
      [GC Worker Start (ms): Min: 711.4, Avg: 711.5, Max: 711.5, Diff: 0.1]
      [Ext Root Scanning (ms): Min: 0.1, Avg: 0.1, Max: 0.1, Diff: 0.1, Sum: 1.1]
      [Update RS (ms): Min: 0.2, Avg: 0.2, Max: 0.3, Diff: 0.0, Sum: 3.1]
         [Processed Buffers: Min: 3, Avg: 3.8, Max: 5, Diff: 2, Sum: 50]
      [Scan RS (ms): Min: 0.0, Avg: 0.0, Max: 0.0, Diff: 0.0, Sum: 0.0]
      [Code Root Scanning (ms): Min: 0.0, Avg: 0.0, Max: 0.0, Diff: 0.0, Sum: 0.0]
      [Object Copy (ms): Min: 0.3, Avg: 0.4, Max: 0.4, Diff: 0.1, Sum: 4.9]
      [Termination (ms): Min: 0.0, Avg: 0.0, Max: 0.1, Diff: 0.1, Sum: 0.6]
         [Termination Attempts: Min: 1, Avg: 1.1, Max: 2, Diff: 1, Sum: 14]
      [GC Worker Other (ms): Min: 0.0, Avg: 0.0, Max: 0.0, Diff: 0.0, Sum: 0.1]
      [GC Worker Total (ms): Min: 0.7, Avg: 0.8, Max: 0.8, Diff: 0.1, Sum: 9.8]
      [GC Worker End (ms): Min: 712.2, Avg: 712.2, Max: 712.2, Diff: 0.0]
   [Code Root Fixup: 0.0 ms]
   [Code Root Purge: 0.0 ms]
   [Clear CT: 0.2 ms]
   [Other: 0.4 ms]
      [Choose CSet: 0.0 ms]
      [Ref Proc: 0.2 ms]
      [Ref Enq: 0.0 ms]
      [Redirty Cards: 0.1 ms]
      [Humongous Register: 0.1 ms]
      [Humongous Reclaim: 0.0 ms]
      [Free CSet: 0.0 ms]
   [Eden: 24.0M(24.0M)->0.0B(21.0M) Survivors: 1024.0K->4096.0K Heap: 406.1M(512.0M)->386.0M(512.0M)]
 [Times: user=0.00 sys=0.00, real=0.00 secs] 
2021-01-19T22:55:32.451+0800: 0.715: [GC pause (G1 Evacuation Pause) (mixed), 0.0034550 secs]
   [Parallel Time: 2.6 ms, GC Workers: 13]
      [GC Worker Start (ms): Min: 715.4, Avg: 715.4, Max: 715.5, Diff: 0.1]
      [Ext Root Scanning (ms): Min: 0.0, Avg: 0.1, Max: 0.1, Diff: 0.1, Sum: 1.0]
      [Update RS (ms): Min: 0.2, Avg: 0.3, Max: 0.3, Diff: 0.0, Sum: 3.4]
         [Processed Buffers: Min: 3, Avg: 4.0, Max: 5, Diff: 2, Sum: 52]
      [Scan RS (ms): Min: 0.0, Avg: 0.0, Max: 0.0, Diff: 0.0, Sum: 0.2]
      [Code Root Scanning (ms): Min: 0.0, Avg: 0.0, Max: 0.0, Diff: 0.0, Sum: 0.0]
      [Object Copy (ms): Min: 2.0, Avg: 2.1, Max: 2.2, Diff: 0.1, Sum: 27.6]
      [Termination (ms): Min: 0.0, Avg: 0.1, Max: 0.1, Diff: 0.1, Sum: 0.8]
         [Termination Attempts: Min: 1, Avg: 1.2, Max: 3, Diff: 2, Sum: 16]
      [GC Worker Other (ms): Min: 0.0, Avg: 0.0, Max: 0.0, Diff: 0.0, Sum: 0.1]
      [GC Worker Total (ms): Min: 2.4, Avg: 2.5, Max: 2.6, Diff: 0.1, Sum: 33.0]
      [GC Worker End (ms): Min: 718.0, Avg: 718.0, Max: 718.0, Diff: 0.0]
   [Code Root Fixup: 0.0 ms]
   [Code Root Purge: 0.0 ms]
   [Clear CT: 0.3 ms]
   [Other: 0.6 ms]
      [Choose CSet: 0.0 ms]
      [Ref Proc: 0.3 ms]
      [Ref Enq: 0.0 ms]
      [Redirty Cards: 0.1 ms]
      [Humongous Register: 0.1 ms]
      [Humongous Reclaim: 0.0 ms]
      [Free CSet: 0.0 ms]
   [Eden: 21.0M(21.0M)->0.0B(21.0M) Survivors: 4096.0K->4096.0K Heap: 412.1M(512.0M)->379.1M(512.0M)]
 [Times: user=0.00 sys=0.00, real=0.00 secs] 
2021-01-19T22:55:32.455+0800: 0.719: [GC pause (G1 Humongous Allocation) (young) (initial-mark), 0.0013322 secs]
   [Parallel Time: 0.7 ms, GC Workers: 13]
      [GC Worker Start (ms): Min: 719.3, Avg: 719.4, Max: 719.4, Diff: 0.1]
      [Ext Root Scanning (ms): Min: 0.0, Avg: 0.1, Max: 0.1, Diff: 0.1, Sum: 1.0]
      [Update RS (ms): Min: 0.0, Avg: 0.0, Max: 0.1, Diff: 0.0, Sum: 0.5]
         [Processed Buffers: Min: 0, Avg: 1.1, Max: 2, Diff: 2, Sum: 14]
      [Scan RS (ms): Min: 0.0, Avg: 0.0, Max: 0.0, Diff: 0.0, Sum: 0.0]
      [Code Root Scanning (ms): Min: 0.0, Avg: 0.0, Max: 0.0, Diff: 0.0, Sum: 0.0]
      [Object Copy (ms): Min: 0.2, Avg: 0.3, Max: 0.3, Diff: 0.1, Sum: 3.8]
      [Termination (ms): Min: 0.0, Avg: 0.0, Max: 0.1, Diff: 0.1, Sum: 0.5]
         [Termination Attempts: Min: 1, Avg: 1.0, Max: 1, Diff: 0, Sum: 13]
      [GC Worker Other (ms): Min: 0.0, Avg: 0.0, Max: 0.0, Diff: 0.0, Sum: 0.1]
      [GC Worker Total (ms): Min: 0.4, Avg: 0.5, Max: 0.5, Diff: 0.1, Sum: 6.0]
      [GC Worker End (ms): Min: 719.8, Avg: 719.8, Max: 719.8, Diff: 0.0]
   [Code Root Fixup: 0.0 ms]
   [Code Root Purge: 0.0 ms]
   [Clear CT: 0.2 ms]
   [Other: 0.5 ms]
      [Choose CSet: 0.0 ms]
      [Ref Proc: 0.2 ms]
      [Ref Enq: 0.0 ms]
      [Redirty Cards: 0.2 ms]
      [Humongous Register: 0.1 ms]
      [Humongous Reclaim: 0.0 ms]
      [Free CSet: 0.0 ms]
   [Eden: 5120.0K(21.0M)->0.0B(22.0M) Survivors: 4096.0K->3072.0K Heap: 383.4M(512.0M)->381.4M(512.0M)]
 [Times: user=0.00 sys=0.00, real=0.00 secs] 
2021-01-19T22:55:32.457+0800: 0.721: [GC concurrent-root-region-scan-start]
2021-01-19T22:55:32.457+0800: 0.721: [GC concurrent-root-region-scan-end, 0.0000883 secs]
2021-01-19T22:55:32.457+0800: 0.721: [GC concurrent-mark-start]
2021-01-19T22:55:32.458+0800: 0.722: [GC concurrent-mark-end, 0.0012432 secs]
2021-01-19T22:55:32.458+0800: 0.722: [GC remark 2021-01-19T22:55:32.458+0800: 0.722: [Finalize Marking, 0.0001485 secs] 2021-01-19T22:55:32.458+0800: 0.722: [GC ref-proc, 0.0002746 secs] 2021-01-19T22:55:32.459+0800: 0.723: [Unloading, 0.0003154 secs], 0.0011499 secs]
 [Times: user=0.00 sys=0.00, real=0.00 secs] 
2021-01-19T22:55:32.459+0800: 0.723: [GC cleanup 393M->392M(512M), 0.0005803 secs]
 [Times: user=0.00 sys=0.00, real=0.00 secs] 
2021-01-19T22:55:32.460+0800: 0.724: [GC concurrent-cleanup-start]
2021-01-19T22:55:32.460+0800: 0.724: [GC concurrent-cleanup-end, 0.0000062 secs]
2021-01-19T22:55:32.461+0800: 0.725: [GC pause (G1 Evacuation Pause) (young), 0.0014945 secs]
   [Parallel Time: 1.0 ms, GC Workers: 13]
      [GC Worker Start (ms): Min: 725.3, Avg: 725.4, Max: 725.4, Diff: 0.1]
      [Ext Root Scanning (ms): Min: 0.0, Avg: 0.1, Max: 0.1, Diff: 0.1, Sum: 1.1]
      [Update RS (ms): Min: 0.2, Avg: 0.2, Max: 0.3, Diff: 0.0, Sum: 3.2]
         [Processed Buffers: Min: 3, Avg: 3.8, Max: 5, Diff: 2, Sum: 49]
      [Scan RS (ms): Min: 0.0, Avg: 0.0, Max: 0.0, Diff: 0.0, Sum: 0.0]
      [Code Root Scanning (ms): Min: 0.0, Avg: 0.0, Max: 0.0, Diff: 0.0, Sum: 0.0]
      [Object Copy (ms): Min: 0.5, Avg: 0.5, Max: 0.6, Diff: 0.1, Sum: 7.0]
      [Termination (ms): Min: 0.0, Avg: 0.0, Max: 0.1, Diff: 0.1, Sum: 0.4]
         [Termination Attempts: Min: 1, Avg: 1.0, Max: 1, Diff: 0, Sum: 13]
      [GC Worker Other (ms): Min: 0.0, Avg: 0.0, Max: 0.0, Diff: 0.0, Sum: 0.1]
      [GC Worker Total (ms): Min: 0.9, Avg: 0.9, Max: 0.9, Diff: 0.1, Sum: 11.8]
      [GC Worker End (ms): Min: 726.3, Avg: 726.3, Max: 726.3, Diff: 0.0]
   [Code Root Fixup: 0.0 ms]
   [Code Root Purge: 0.0 ms]
   [Clear CT: 0.2 ms]
   [Other: 0.3 ms]
      [Choose CSet: 0.0 ms]
      [Ref Proc: 0.1 ms]
      [Ref Enq: 0.0 ms]
      [Redirty Cards: 0.1 ms]
      [Humongous Register: 0.1 ms]
      [Humongous Reclaim: 0.0 ms]
      [Free CSet: 0.0 ms]
   [Eden: 22.0M(22.0M)->0.0B(21.0M) Survivors: 3072.0K->4096.0K Heap: 407.1M(512.0M)->383.0M(512.0M)]
 [Times: user=0.00 sys=0.00, real=0.00 secs] 
2021-01-19T22:55:32.465+0800: 0.729: [GC pause (G1 Evacuation Pause) (mixed), 0.0033179 secs]
   [Parallel Time: 2.6 ms, GC Workers: 13]
      [GC Worker Start (ms): Min: 729.4, Avg: 729.5, Max: 729.5, Diff: 0.1]
      [Ext Root Scanning (ms): Min: 0.0, Avg: 0.1, Max: 0.1, Diff: 0.1, Sum: 1.1]
      [Update RS (ms): Min: 0.2, Avg: 0.2, Max: 0.3, Diff: 0.1, Sum: 3.1]
         [Processed Buffers: Min: 3, Avg: 3.9, Max: 5, Diff: 2, Sum: 51]
      [Scan RS (ms): Min: 0.0, Avg: 0.0, Max: 0.0, Diff: 0.0, Sum: 0.1]
      [Code Root Scanning (ms): Min: 0.0, Avg: 0.0, Max: 0.0, Diff: 0.0, Sum: 0.0]
      [Object Copy (ms): Min: 2.0, Avg: 2.1, Max: 2.1, Diff: 0.1, Sum: 26.9]
      [Termination (ms): Min: 0.0, Avg: 0.0, Max: 0.1, Diff: 0.1, Sum: 0.5]
         [Termination Attempts: Min: 1, Avg: 1.0, Max: 1, Diff: 0, Sum: 13]
      [GC Worker Other (ms): Min: 0.0, Avg: 0.0, Max: 0.0, Diff: 0.0, Sum: 0.1]
      [GC Worker Total (ms): Min: 2.4, Avg: 2.4, Max: 2.5, Diff: 0.1, Sum: 31.8]
      [GC Worker End (ms): Min: 731.9, Avg: 731.9, Max: 731.9, Diff: 0.0]
   [Code Root Fixup: 0.0 ms]
   [Code Root Purge: 0.0 ms]
   [Clear CT: 0.2 ms]
   [Other: 0.6 ms]
      [Choose CSet: 0.0 ms]
      [Ref Proc: 0.3 ms]
      [Ref Enq: 0.0 ms]
      [Redirty Cards: 0.2 ms]
      [Humongous Register: 0.1 ms]
      [Humongous Reclaim: 0.0 ms]
      [Free CSet: 0.0 ms]
   [Eden: 21.0M(21.0M)->0.0B(21.0M) Survivors: 4096.0K->4096.0K Heap: 408.6M(512.0M)->377.0M(512.0M)]
 [Times: user=0.02 sys=0.00, real=0.00 secs] 
2021-01-19T22:55:32.469+0800: 0.733: [GC pause (G1 Humongous Allocation) (young) (initial-mark), 0.0011656 secs]
   [Parallel Time: 0.6 ms, GC Workers: 13]
      [GC Worker Start (ms): Min: 733.1, Avg: 733.2, Max: 733.2, Diff: 0.1]
      [Ext Root Scanning (ms): Min: 0.0, Avg: 0.1, Max: 0.1, Diff: 0.1, Sum: 0.9]
      [Update RS (ms): Min: 0.0, Avg: 0.0, Max: 0.1, Diff: 0.1, Sum: 0.6]
         [Processed Buffers: Min: 0, Avg: 1.1, Max: 2, Diff: 2, Sum: 14]
      [Scan RS (ms): Min: 0.0, Avg: 0.0, Max: 0.0, Diff: 0.0, Sum: 0.0]
      [Code Root Scanning (ms): Min: 0.0, Avg: 0.0, Max: 0.0, Diff: 0.0, Sum: 0.0]
      [Object Copy (ms): Min: 0.1, Avg: 0.2, Max: 0.3, Diff: 0.2, Sum: 2.8]
      [Termination (ms): Min: 0.0, Avg: 0.0, Max: 0.1, Diff: 0.1, Sum: 0.5]
         [Termination Attempts: Min: 1, Avg: 1.0, Max: 1, Diff: 0, Sum: 13]
      [GC Worker Other (ms): Min: 0.0, Avg: 0.0, Max: 0.0, Diff: 0.0, Sum: 0.1]
      [GC Worker Total (ms): Min: 0.3, Avg: 0.4, Max: 0.4, Diff: 0.1, Sum: 5.0]
      [GC Worker End (ms): Min: 733.6, Avg: 733.6, Max: 733.6, Diff: 0.0]
   [Code Root Fixup: 0.0 ms]
   [Code Root Purge: 0.0 ms]
   [Clear CT: 0.1 ms]
   [Other: 0.4 ms]
      [Choose CSet: 0.0 ms]
      [Ref Proc: 0.2 ms]
      [Ref Enq: 0.0 ms]
      [Redirty Cards: 0.1 ms]
      [Humongous Register: 0.1 ms]
      [Humongous Reclaim: 0.0 ms]
      [Free CSet: 0.0 ms]
   [Eden: 3072.0K(21.0M)->0.0B(24.0M) Survivors: 4096.0K->1024.0K Heap: 380.0M(512.0M)->377.2M(512.0M)]
 [Times: user=0.00 sys=0.00, real=0.00 secs] 
2021-01-19T22:55:32.470+0800: 0.734: [GC concurrent-root-region-scan-start]
2021-01-19T22:55:32.471+0800: 0.734: [GC concurrent-root-region-scan-end, 0.0000875 secs]
2021-01-19T22:55:32.471+0800: 0.734: [GC concurrent-mark-start]
2021-01-19T22:55:32.472+0800: 0.736: [GC concurrent-mark-end, 0.0014653 secs]
2021-01-19T22:55:32.472+0800: 0.736: [GC remark 2021-01-19T22:55:32.472+0800: 0.736: [Finalize Marking, 0.0001643 secs] 2021-01-19T22:55:32.472+0800: 0.736: [GC ref-proc, 0.0002751 secs] 2021-01-19T22:55:32.473+0800: 0.736: [Unloading, 0.0003703 secs], 0.0012121 secs]
 [Times: user=0.00 sys=0.00, real=0.00 secs] 
2021-01-19T22:55:32.473+0800: 0.737: [GC cleanup 394M->394M(512M), 0.0005590 secs]
 [Times: user=0.00 sys=0.00, real=0.00 secs] 
2021-01-19T22:55:32.475+0800: 0.739: [GC pause (G1 Evacuation Pause) (young), 0.0016342 secs]
   [Parallel Time: 1.1 ms, GC Workers: 13]
      [GC Worker Start (ms): Min: 739.3, Avg: 739.4, Max: 739.4, Diff: 0.1]
      [Ext Root Scanning (ms): Min: 0.0, Avg: 0.1, Max: 0.1, Diff: 0.1, Sum: 1.0]
      [Update RS (ms): Min: 0.3, Avg: 0.4, Max: 0.4, Diff: 0.1, Sum: 5.0]
         [Processed Buffers: Min: 5, Avg: 5.5, Max: 6, Diff: 1, Sum: 72]
      [Scan RS (ms): Min: 0.0, Avg: 0.0, Max: 0.0, Diff: 0.0, Sum: 0.0]
      [Code Root Scanning (ms): Min: 0.0, Avg: 0.0, Max: 0.0, Diff: 0.0, Sum: 0.0]
      [Object Copy (ms): Min: 0.4, Avg: 0.4, Max: 0.5, Diff: 0.1, Sum: 5.8]
      [Termination (ms): Min: 0.0, Avg: 0.0, Max: 0.1, Diff: 0.1, Sum: 0.4]
         [Termination Attempts: Min: 1, Avg: 1.0, Max: 1, Diff: 0, Sum: 13]
      [GC Worker Other (ms): Min: 0.0, Avg: 0.0, Max: 0.0, Diff: 0.0, Sum: 0.1]
      [GC Worker Total (ms): Min: 0.9, Avg: 0.9, Max: 1.0, Diff: 0.1, Sum: 12.3]
      [GC Worker End (ms): Min: 740.3, Avg: 740.3, Max: 740.3, Diff: 0.0]
   [Code Root Fixup: 0.0 ms]
   [Code Root Purge: 0.0 ms]
   [Clear CT: 0.1 ms]
   [Other: 0.4 ms]
      [Choose CSet: 0.0 ms]
      [Ref Proc: 0.2 ms]
      [Ref Enq: 0.0 ms]
      [Redirty Cards: 0.1 ms]
      [Humongous Register: 0.1 ms]
      [Humongous Reclaim: 0.0 ms]
      [Free CSet: 0.0 ms]
   [Eden: 24.0M(24.0M)->0.0B(21.0M) Survivors: 1024.0K->4096.0K Heap: 409.0M(512.0M)->386.6M(512.0M)]
 [Times: user=0.00 sys=0.00, real=0.00 secs] 
2021-01-19T22:55:32.480+0800: 0.743: [GC pause (G1 Evacuation Pause) (mixed), 0.0037163 secs]
   [Parallel Time: 3.0 ms, GC Workers: 13]
      [GC Worker Start (ms): Min: 743.5, Avg: 743.6, Max: 743.6, Diff: 0.1]
      [Ext Root Scanning (ms): Min: 0.0, Avg: 0.1, Max: 0.1, Diff: 0.1, Sum: 1.1]
      [Update RS (ms): Min: 0.4, Avg: 0.4, Max: 0.4, Diff: 0.1, Sum: 5.4]
         [Processed Buffers: Min: 5, Avg: 6.1, Max: 9, Diff: 4, Sum: 79]
      [Scan RS (ms): Min: 0.0, Avg: 0.0, Max: 0.1, Diff: 0.1, Sum: 0.3]
      [Code Root Scanning (ms): Min: 0.0, Avg: 0.0, Max: 0.0, Diff: 0.0, Sum: 0.0]
      [Object Copy (ms): Min: 2.2, Avg: 2.3, Max: 2.3, Diff: 0.1, Sum: 29.4]
      [Termination (ms): Min: 0.0, Avg: 0.1, Max: 0.1, Diff: 0.1, Sum: 0.9]
         [Termination Attempts: Min: 1, Avg: 1.0, Max: 1, Diff: 0, Sum: 13]
      [GC Worker Other (ms): Min: 0.0, Avg: 0.0, Max: 0.0, Diff: 0.0, Sum: 0.1]
      [GC Worker Total (ms): Min: 2.8, Avg: 2.9, Max: 2.9, Diff: 0.1, Sum: 37.1]
      [GC Worker End (ms): Min: 746.4, Avg: 746.4, Max: 746.4, Diff: 0.0]
   [Code Root Fixup: 0.0 ms]
   [Code Root Purge: 0.0 ms]
   [Clear CT: 0.2 ms]
   [Other: 0.5 ms]
      [Choose CSet: 0.0 ms]
      [Ref Proc: 0.2 ms]
      [Ref Enq: 0.0 ms]
      [Redirty Cards: 0.2 ms]
      [Humongous Register: 0.1 ms]
      [Humongous Reclaim: 0.0 ms]
      [Free CSet: 0.0 ms]
   [Eden: 21.0M(21.0M)->0.0B(21.0M) Survivors: 4096.0K->4096.0K Heap: 416.2M(512.0M)->381.5M(512.0M)]
 [Times: user=0.20 sys=0.00, real=0.00 secs] 
2021-01-19T22:55:32.484+0800: 0.747: [GC pause (G1 Humongous Allocation) (young) (initial-mark), 0.0010612 secs]
   [Parallel Time: 0.5 ms, GC Workers: 13]
      [GC Worker Start (ms): Min: 747.5, Avg: 747.6, Max: 747.6, Diff: 0.1]
      [Ext Root Scanning (ms): Min: 0.0, Avg: 0.1, Max: 0.1, Diff: 0.1, Sum: 0.8]
      [Update RS (ms): Min: 0.0, Avg: 0.1, Max: 0.1, Diff: 0.1, Sum: 0.7]
         [Processed Buffers: Min: 1, Avg: 1.1, Max: 2, Diff: 1, Sum: 14]
      [Scan RS (ms): Min: 0.0, Avg: 0.0, Max: 0.0, Diff: 0.0, Sum: 0.0]
      [Code Root Scanning (ms): Min: 0.0, Avg: 0.0, Max: 0.0, Diff: 0.0, Sum: 0.0]
      [Object Copy (ms): Min: 0.0, Avg: 0.2, Max: 0.3, Diff: 0.2, Sum: 2.0]
      [Termination (ms): Min: 0.0, Avg: 0.1, Max: 0.1, Diff: 0.1, Sum: 1.0]
         [Termination Attempts: Min: 1, Avg: 1.0, Max: 1, Diff: 0, Sum: 13]
      [GC Worker Other (ms): Min: 0.0, Avg: 0.0, Max: 0.0, Diff: 0.0, Sum: 0.1]
      [GC Worker Total (ms): Min: 0.3, Avg: 0.4, Max: 0.4, Diff: 0.1, Sum: 4.7]
      [GC Worker End (ms): Min: 747.9, Avg: 747.9, Max: 747.9, Diff: 0.0]
   [Code Root Fixup: 0.0 ms]
   [Code Root Purge: 0.0 ms]
   [Clear CT: 0.2 ms]
   [Other: 0.3 ms]
      [Choose CSet: 0.0 ms]
      [Ref Proc: 0.1 ms]
      [Ref Enq: 0.0 ms]
      [Redirty Cards: 0.1 ms]
      [Humongous Register: 0.0 ms]
      [Humongous Reclaim: 0.0 ms]
      [Free CSet: 0.0 ms]
   [Eden: 2048.0K(21.0M)->0.0B(24.0M) Survivors: 4096.0K->1024.0K Heap: 383.4M(512.0M)->381.0M(512.0M)]
 [Times: user=0.00 sys=0.00, real=0.00 secs] 
2021-01-19T22:55:32.485+0800: 0.749: [GC concurrent-root-region-scan-start]
2021-01-19T22:55:32.485+0800: 0.749: [GC concurrent-root-region-scan-end, 0.0000761 secs]
2021-01-19T22:55:32.485+0800: 0.749: [GC concurrent-mark-start]
2021-01-19T22:55:32.486+0800: 0.750: [GC concurrent-mark-end, 0.0012674 secs]
2021-01-19T22:55:32.486+0800: 0.750: [GC remark 2021-01-19T22:55:32.486+0800: 0.750: [Finalize Marking, 0.0001295 secs] 2021-01-19T22:55:32.486+0800: 0.750: [GC ref-proc, 0.0002740 secs] 2021-01-19T22:55:32.487+0800: 0.750: [Unloading, 0.0003259 secs], 0.0011347 secs]
 [Times: user=0.00 sys=0.00, real=0.00 secs] 
2021-01-19T22:55:32.487+0800: 0.751: [GC cleanup 398M->398M(512M), 0.0006367 secs]
 [Times: user=0.00 sys=0.00, real=0.00 secs] 
2021-01-19T22:55:32.489+0800: 0.753: [GC pause (G1 Evacuation Pause) (young), 0.0015362 secs]
   [Parallel Time: 1.0 ms, GC Workers: 13]
      [GC Worker Start (ms): Min: 753.3, Avg: 753.4, Max: 753.4, Diff: 0.1]
      [Ext Root Scanning (ms): Min: 0.0, Avg: 0.1, Max: 0.1, Diff: 0.1, Sum: 1.1]
      [Update RS (ms): Min: 0.3, Avg: 0.3, Max: 0.4, Diff: 0.1, Sum: 4.3]
         [Processed Buffers: Min: 4, Avg: 4.8, Max: 6, Diff: 2, Sum: 62]
      [Scan RS (ms): Min: 0.0, Avg: 0.0, Max: 0.0, Diff: 0.0, Sum: 0.0]
      [Code Root Scanning (ms): Min: 0.0, Avg: 0.0, Max: 0.0, Diff: 0.0, Sum: 0.0]
      [Object Copy (ms): Min: 0.4, Avg: 0.4, Max: 0.5, Diff: 0.1, Sum: 5.7]
      [Termination (ms): Min: 0.0, Avg: 0.1, Max: 0.1, Diff: 0.1, Sum: 0.8]
         [Termination Attempts: Min: 1, Avg: 1.0, Max: 1, Diff: 0, Sum: 13]
      [GC Worker Other (ms): Min: 0.0, Avg: 0.0, Max: 0.0, Diff: 0.0, Sum: 0.1]
      [GC Worker Total (ms): Min: 0.9, Avg: 0.9, Max: 0.9, Diff: 0.1, Sum: 11.9]
      [GC Worker End (ms): Min: 754.3, Avg: 754.3, Max: 754.3, Diff: 0.0]
   [Code Root Fixup: 0.0 ms]
   [Code Root Purge: 0.0 ms]
   [Clear CT: 0.1 ms]
   [Other: 0.4 ms]
      [Choose CSet: 0.0 ms]
      [Ref Proc: 0.1 ms]
      [Ref Enq: 0.0 ms]
      [Redirty Cards: 0.1 ms]
      [Humongous Register: 0.1 ms]
      [Humongous Reclaim: 0.0 ms]
      [Free CSet: 0.0 ms]
   [Eden: 24.0M(24.0M)->0.0B(21.0M) Survivors: 1024.0K->4096.0K Heap: 411.6M(512.0M)->389.2M(512.0M)]
 [Times: user=0.00 sys=0.00, real=0.00 secs] 
2021-01-19T22:55:32.493+0800: 0.757: [GC pause (G1 Evacuation Pause) (mixed), 0.0036074 secs]
   [Parallel Time: 3.0 ms, GC Workers: 13]
      [GC Worker Start (ms): Min: 757.2, Avg: 757.3, Max: 757.3, Diff: 0.1]
      [Ext Root Scanning (ms): Min: 0.0, Avg: 0.1, Max: 0.1, Diff: 0.1, Sum: 1.1]
      [Update RS (ms): Min: 0.2, Avg: 0.2, Max: 0.3, Diff: 0.0, Sum: 3.2]
         [Processed Buffers: Min: 3, Avg: 3.8, Max: 4, Diff: 1, Sum: 49]
      [Scan RS (ms): Min: 0.0, Avg: 0.0, Max: 0.1, Diff: 0.1, Sum: 0.2]
      [Code Root Scanning (ms): Min: 0.0, Avg: 0.0, Max: 0.0, Diff: 0.0, Sum: 0.0]
      [Object Copy (ms): Min: 2.3, Avg: 2.4, Max: 2.5, Diff: 0.1, Sum: 31.4]
      [Termination (ms): Min: 0.0, Avg: 0.0, Max: 0.1, Diff: 0.1, Sum: 0.5]
         [Termination Attempts: Min: 1, Avg: 1.1, Max: 2, Diff: 1, Sum: 14]
      [GC Worker Other (ms): Min: 0.0, Avg: 0.0, Max: 0.0, Diff: 0.0, Sum: 0.1]
      [GC Worker Total (ms): Min: 2.8, Avg: 2.8, Max: 2.8, Diff: 0.1, Sum: 36.5]
      [GC Worker End (ms): Min: 760.1, Avg: 760.1, Max: 760.1, Diff: 0.0]
   [Code Root Fixup: 0.0 ms]
   [Code Root Purge: 0.0 ms]
   [Clear CT: 0.1 ms]
   [Other: 0.5 ms]
      [Choose CSet: 0.0 ms]
      [Ref Proc: 0.2 ms]
      [Ref Enq: 0.0 ms]
      [Redirty Cards: 0.2 ms]
      [Humongous Register: 0.1 ms]
      [Humongous Reclaim: 0.0 ms]
      [Free CSet: 0.0 ms]
   [Eden: 21.0M(21.0M)->0.0B(21.0M) Survivors: 4096.0K->4096.0K Heap: 414.9M(512.0M)->385.9M(512.0M)]
 [Times: user=0.02 sys=0.00, real=0.00 secs] 
2021-01-19T22:55:32.497+0800: 0.761: [GC pause (G1 Humongous Allocation) (young) (initial-mark), 0.0009398 secs]
   [Parallel Time: 0.4 ms, GC Workers: 13]
      [GC Worker Start (ms): Min: 761.0, Avg: 761.0, Max: 761.1, Diff: 0.1]
      [Ext Root Scanning (ms): Min: 0.0, Avg: 0.1, Max: 0.1, Diff: 0.1, Sum: 1.1]
      [Update RS (ms): Min: 0.0, Avg: 0.1, Max: 0.2, Diff: 0.1, Sum: 0.7]
         [Processed Buffers: Min: 0, Avg: 1.1, Max: 2, Diff: 2, Sum: 14]
      [Scan RS (ms): Min: 0.0, Avg: 0.0, Max: 0.0, Diff: 0.0, Sum: 0.0]
      [Code Root Scanning (ms): Min: 0.0, Avg: 0.0, Max: 0.0, Diff: 0.0, Sum: 0.0]
      [Object Copy (ms): Min: 0.1, Avg: 0.2, Max: 0.3, Diff: 0.2, Sum: 2.5]
      [Termination (ms): Min: 0.0, Avg: 0.1, Max: 0.1, Diff: 0.1, Sum: 0.7]
         [Termination Attempts: Min: 1, Avg: 1.0, Max: 1, Diff: 0, Sum: 13]
      [GC Worker Other (ms): Min: 0.0, Avg: 0.0, Max: 0.0, Diff: 0.0, Sum: 0.1]
      [GC Worker Total (ms): Min: 0.4, Avg: 0.4, Max: 0.4, Diff: 0.1, Sum: 5.0]
      [GC Worker End (ms): Min: 761.4, Avg: 761.4, Max: 761.4, Diff: 0.0]
   [Code Root Fixup: 0.0 ms]
   [Code Root Purge: 0.0 ms]
   [Clear CT: 0.1 ms]
   [Other: 0.4 ms]
      [Choose CSet: 0.0 ms]
      [Ref Proc: 0.2 ms]
      [Ref Enq: 0.0 ms]
      [Redirty Cards: 0.1 ms]
      [Humongous Register: 0.1 ms]
      [Humongous Reclaim: 0.0 ms]
      [Free CSet: 0.0 ms]
   [Eden: 1024.0K(21.0M)->0.0B(24.0M) Survivors: 4096.0K->1024.0K Heap: 386.8M(512.0M)->386.0M(512.0M)]
 [Times: user=0.00 sys=0.00, real=0.00 secs] 
2021-01-19T22:55:32.498+0800: 0.762: [GC concurrent-root-region-scan-start]
2021-01-19T22:55:32.498+0800: 0.762: [GC concurrent-root-region-scan-end, 0.0000325 secs]
2021-01-19T22:55:32.498+0800: 0.762: [GC concurrent-mark-start]
2021-01-19T22:55:32.499+0800: 0.763: [GC concurrent-mark-end, 0.0012821 secs]
2021-01-19T22:55:32.500+0800: 0.763: [GC remark 2021-01-19T22:55:32.500+0800: 0.763: [Finalize Marking, 0.0001866 secs] 2021-01-19T22:55:32.500+0800: 0.764: [GC ref-proc, 0.0002905 secs] 2021-01-19T22:55:32.500+0800: 0.764: [Unloading, 0.0003217 secs], 0.0012534 secs]
 [Times: user=0.00 sys=0.00, real=0.00 secs] 
2021-01-19T22:55:32.501+0800: 0.765: [GC cleanup 403M->403M(512M), 0.0005594 secs]
 [Times: user=0.00 sys=0.00, real=0.00 secs] 
2021-01-19T22:55:32.503+0800: 0.767: [GC pause (G1 Evacuation Pause) (young), 0.0017245 secs]
   [Parallel Time: 1.3 ms, GC Workers: 13]
      [GC Worker Start (ms): Min: 767.0, Avg: 767.1, Max: 767.1, Diff: 0.1]
      [Ext Root Scanning (ms): Min: 0.0, Avg: 0.1, Max: 0.1, Diff: 0.1, Sum: 1.1]
      [Update RS (ms): Min: 0.4, Avg: 0.5, Max: 0.5, Diff: 0.0, Sum: 6.0]
         [Processed Buffers: Min: 6, Avg: 6.6, Max: 8, Diff: 2, Sum: 86]
      [Scan RS (ms): Min: 0.0, Avg: 0.0, Max: 0.0, Diff: 0.0, Sum: 0.0]
      [Code Root Scanning (ms): Min: 0.0, Avg: 0.0, Max: 0.0, Diff: 0.0, Sum: 0.0]
      [Object Copy (ms): Min: 0.4, Avg: 0.5, Max: 0.6, Diff: 0.1, Sum: 6.8]
      [Termination (ms): Min: 0.0, Avg: 0.0, Max: 0.1, Diff: 0.1, Sum: 0.5]
         [Termination Attempts: Min: 1, Avg: 1.0, Max: 1, Diff: 0, Sum: 13]
      [GC Worker Other (ms): Min: 0.0, Avg: 0.0, Max: 0.0, Diff: 0.0, Sum: 0.1]
      [GC Worker Total (ms): Min: 1.1, Avg: 1.1, Max: 1.1, Diff: 0.1, Sum: 14.4]
      [GC Worker End (ms): Min: 768.2, Avg: 768.2, Max: 768.2, Diff: 0.0]
   [Code Root Fixup: 0.0 ms]
   [Code Root Purge: 0.0 ms]
   [Clear CT: 0.1 ms]
   [Other: 0.3 ms]
      [Choose CSet: 0.0 ms]
      [Ref Proc: 0.1 ms]
      [Ref Enq: 0.0 ms]
      [Redirty Cards: 0.1 ms]
      [Humongous Register: 0.1 ms]
      [Humongous Reclaim: 0.0 ms]
      [Free CSet: 0.0 ms]
   [Eden: 24.0M(24.0M)->0.0B(21.0M) Survivors: 1024.0K->4096.0K Heap: 419.5M(512.0M)->396.2M(512.0M)]
 [Times: user=0.00 sys=0.00, real=0.00 secs] 
2021-01-19T22:55:32.507+0800: 0.771: [GC pause (G1 Evacuation Pause) (mixed) (to-space exhausted), 0.0030972 secs]
   [Parallel Time: 2.4 ms, GC Workers: 13]
      [GC Worker Start (ms): Min: 771.2, Avg: 771.3, Max: 771.3, Diff: 0.1]
      [Ext Root Scanning (ms): Min: 0.0, Avg: 0.1, Max: 0.1, Diff: 0.1, Sum: 1.1]
      [Update RS (ms): Min: 0.1, Avg: 0.1, Max: 0.2, Diff: 0.1, Sum: 1.7]
         [Processed Buffers: Min: 2, Avg: 2.5, Max: 3, Diff: 1, Sum: 33]
      [Scan RS (ms): Min: 0.0, Avg: 0.0, Max: 0.1, Diff: 0.1, Sum: 0.2]
      [Code Root Scanning (ms): Min: 0.0, Avg: 0.0, Max: 0.0, Diff: 0.0, Sum: 0.0]
      [Object Copy (ms): Min: 2.0, Avg: 2.0, Max: 2.1, Diff: 0.1, Sum: 26.6]
      [Termination (ms): Min: 0.0, Avg: 0.0, Max: 0.1, Diff: 0.1, Sum: 0.6]
         [Termination Attempts: Min: 1, Avg: 1.1, Max: 2, Diff: 1, Sum: 14]
      [GC Worker Other (ms): Min: 0.0, Avg: 0.0, Max: 0.0, Diff: 0.0, Sum: 0.1]
      [GC Worker Total (ms): Min: 2.3, Avg: 2.3, Max: 2.4, Diff: 0.1, Sum: 30.3]
      [GC Worker End (ms): Min: 773.6, Avg: 773.6, Max: 773.6, Diff: 0.0]
   [Code Root Fixup: 0.0 ms]
   [Code Root Purge: 0.0 ms]
   [Clear CT: 0.1 ms]
   [Other: 0.5 ms]
      [Evacuation Failure: 0.1 ms]
      [Choose CSet: 0.0 ms]
      [Ref Proc: 0.2 ms]
      [Ref Enq: 0.0 ms]
      [Redirty Cards: 0.1 ms]
      [Humongous Register: 0.1 ms]
      [Humongous Reclaim: 0.0 ms]
      [Free CSet: 0.0 ms]
   [Eden: 21.0M(21.0M)->0.0B(21.0M) Survivors: 4096.0K->4096.0K Heap: 419.7M(512.0M)->401.2M(512.0M)]
 [Times: user=0.00 sys=0.00, real=0.00 secs] 
2021-01-19T22:55:32.511+0800: 0.774: [GC pause (G1 Humongous Allocation) (young) (initial-mark), 0.0010829 secs]
   [Parallel Time: 0.6 ms, GC Workers: 13]
      [GC Worker Start (ms): Min: 774.6, Avg: 774.6, Max: 774.6, Diff: 0.1]
      [Ext Root Scanning (ms): Min: 0.1, Avg: 0.1, Max: 0.1, Diff: 0.1, Sum: 1.2]
      [Update RS (ms): Min: 0.0, Avg: 0.1, Max: 0.1, Diff: 0.0, Sum: 0.7]
         [Processed Buffers: Min: 0, Avg: 2.0, Max: 7, Diff: 7, Sum: 26]
      [Scan RS (ms): Min: 0.0, Avg: 0.0, Max: 0.0, Diff: 0.0, Sum: 0.0]
      [Code Root Scanning (ms): Min: 0.0, Avg: 0.0, Max: 0.0, Diff: 0.0, Sum: 0.0]
      [Object Copy (ms): Min: 0.2, Avg: 0.3, Max: 0.3, Diff: 0.1, Sum: 3.3]
      [Termination (ms): Min: 0.0, Avg: 0.0, Max: 0.1, Diff: 0.1, Sum: 0.4]
         [Termination Attempts: Min: 1, Avg: 1.0, Max: 1, Diff: 0, Sum: 13]
      [GC Worker Other (ms): Min: 0.0, Avg: 0.0, Max: 0.0, Diff: 0.0, Sum: 0.1]
      [GC Worker Total (ms): Min: 0.4, Avg: 0.4, Max: 0.5, Diff: 0.1, Sum: 5.6]
      [GC Worker End (ms): Min: 775.0, Avg: 775.0, Max: 775.0, Diff: 0.0]
   [Code Root Fixup: 0.0 ms]
   [Code Root Purge: 0.0 ms]
   [Clear CT: 0.1 ms]
   [Other: 0.4 ms]
      [Choose CSet: 0.0 ms]
      [Ref Proc: 0.1 ms]
      [Ref Enq: 0.0 ms]
      [Redirty Cards: 0.1 ms]
      [Humongous Register: 0.1 ms]
      [Humongous Reclaim: 0.0 ms]
      [Free CSet: 0.0 ms]
   [Eden: 1024.0K(21.0M)->0.0B(24.0M) Survivors: 4096.0K->1024.0K Heap: 401.9M(512.0M)->401.7M(512.0M)]
 [Times: user=0.00 sys=0.00, real=0.00 secs] 
2021-01-19T22:55:32.512+0800: 0.776: [GC concurrent-root-region-scan-start]
2021-01-19T22:55:32.512+0800: 0.776: [GC concurrent-root-region-scan-end, 0.0000348 secs]
2021-01-19T22:55:32.512+0800: 0.776: [GC concurrent-mark-start]
2021-01-19T22:55:32.513+0800: 0.777: [GC concurrent-mark-end, 0.0009331 secs]
2021-01-19T22:55:32.513+0800: 0.777: [GC remark 2021-01-19T22:55:32.513+0800: 0.777: [Finalize Marking, 0.0001553 secs] 2021-01-19T22:55:32.513+0800: 0.777: [GC ref-proc, 0.0002757 secs] 2021-01-19T22:55:32.513+0800: 0.777: [Unloading, 0.0003539 secs], 0.0012071 secs]
 [Times: user=0.00 sys=0.00, real=0.00 secs] 
2021-01-19T22:55:32.514+0800: 0.778: [GC cleanup 411M->411M(512M), 0.0005757 secs]
 [Times: user=0.00 sys=0.00, real=0.00 secs] 
2021-01-19T22:55:32.517+0800: 0.781: [GC pause (G1 Evacuation Pause) (young) (to-space exhausted), 0.0018841 secs]
   [Parallel Time: 1.2 ms, GC Workers: 13]
      [GC Worker Start (ms): Min: 781.1, Avg: 781.1, Max: 781.2, Diff: 0.1]
      [Ext Root Scanning (ms): Min: 0.0, Avg: 0.1, Max: 0.1, Diff: 0.1, Sum: 1.0]
      [Update RS (ms): Min: 0.6, Avg: 0.7, Max: 0.7, Diff: 0.1, Sum: 8.8]
         [Processed Buffers: Min: 7, Avg: 9.8, Max: 11, Diff: 4, Sum: 127]
      [Scan RS (ms): Min: 0.0, Avg: 0.0, Max: 0.0, Diff: 0.0, Sum: 0.0]
      [Code Root Scanning (ms): Min: 0.0, Avg: 0.0, Max: 0.0, Diff: 0.0, Sum: 0.0]
      [Object Copy (ms): Min: 0.3, Avg: 0.3, Max: 0.3, Diff: 0.1, Sum: 3.7]
      [Termination (ms): Min: 0.0, Avg: 0.0, Max: 0.0, Diff: 0.0, Sum: 0.3]
         [Termination Attempts: Min: 1, Avg: 1.0, Max: 1, Diff: 0, Sum: 13]
      [GC Worker Other (ms): Min: 0.0, Avg: 0.0, Max: 0.0, Diff: 0.0, Sum: 0.1]
      [GC Worker Total (ms): Min: 1.0, Avg: 1.1, Max: 1.1, Diff: 0.1, Sum: 13.9]
      [GC Worker End (ms): Min: 782.2, Avg: 782.2, Max: 782.2, Diff: 0.0]
   [Code Root Fixup: 0.0 ms]
   [Code Root Purge: 0.0 ms]
   [Clear CT: 0.1 ms]
   [Other: 0.5 ms]
      [Evacuation Failure: 0.1 ms]
      [Choose CSet: 0.0 ms]
      [Ref Proc: 0.2 ms]
      [Ref Enq: 0.0 ms]
      [Redirty Cards: 0.1 ms]
      [Humongous Register: 0.1 ms]
      [Humongous Reclaim: 0.0 ms]
      [Free CSet: 0.0 ms]
   [Eden: 24.0M(24.0M)->0.0B(21.0M) Survivors: 1024.0K->4096.0K Heap: 440.2M(512.0M)->432.3M(512.0M)]
 [Times: user=0.00 sys=0.00, real=0.00 secs] 
2021-01-19T22:55:32.521+0800: 0.784: [GC pause (G1 Evacuation Pause) (mixed) (to-space exhausted), 0.0013038 secs]
   [Parallel Time: 0.6 ms, GC Workers: 13]
      [GC Worker Start (ms): Min: 784.5, Avg: 784.5, Max: 784.6, Diff: 0.1]
      [Ext Root Scanning (ms): Min: 0.0, Avg: 0.1, Max: 0.1, Diff: 0.1, Sum: 1.0]
      [Update RS (ms): Min: 0.1, Avg: 0.2, Max: 0.2, Diff: 0.1, Sum: 2.1]
         [Processed Buffers: Min: 2, Avg: 3.5, Max: 6, Diff: 4, Sum: 45]
      [Scan RS (ms): Min: 0.0, Avg: 0.0, Max: 0.0, Diff: 0.0, Sum: 0.1]
      [Code Root Scanning (ms): Min: 0.0, Avg: 0.0, Max: 0.0, Diff: 0.0, Sum: 0.0]
      [Object Copy (ms): Min: 0.2, Avg: 0.3, Max: 0.3, Diff: 0.0, Sum: 3.3]
      [Termination (ms): Min: 0.0, Avg: 0.0, Max: 0.0, Diff: 0.0, Sum: 0.4]
         [Termination Attempts: Min: 1, Avg: 1.6, Max: 4, Diff: 3, Sum: 21]
      [GC Worker Other (ms): Min: 0.0, Avg: 0.0, Max: 0.0, Diff: 0.0, Sum: 0.1]
      [GC Worker Total (ms): Min: 0.5, Avg: 0.5, Max: 0.6, Diff: 0.1, Sum: 7.0]
      [GC Worker End (ms): Min: 785.1, Avg: 785.1, Max: 785.1, Diff: 0.0]
   [Code Root Fixup: 0.0 ms]
   [Code Root Purge: 0.0 ms]
   [Clear CT: 0.1 ms]
   [Other: 0.5 ms]
      [Evacuation Failure: 0.1 ms]
      [Choose CSet: 0.0 ms]
      [Ref Proc: 0.1 ms]
      [Ref Enq: 0.0 ms]
      [Redirty Cards: 0.1 ms]
      [Humongous Register: 0.1 ms]
      [Humongous Reclaim: 0.0 ms]
      [Free CSet: 0.0 ms]
   [Eden: 12.0M(21.0M)->0.0B(25.0M) Survivors: 4096.0K->0.0B Heap: 447.4M(512.0M)->441.3M(512.0M)]
 [Times: user=0.00 sys=0.00, real=0.00 secs] 
2021-01-19T22:55:32.523+0800: 0.787: [GC pause (G1 Evacuation Pause) (mixed) (to-space exhausted), 0.0009274 secs]
   [Parallel Time: 0.4 ms, GC Workers: 13]
      [GC Worker Start (ms): Min: 786.7, Avg: 786.7, Max: 786.8, Diff: 0.1]
      [Ext Root Scanning (ms): Min: 0.0, Avg: 0.1, Max: 0.1, Diff: 0.1, Sum: 1.0]
      [Update RS (ms): Min: 0.0, Avg: 0.1, Max: 0.1, Diff: 0.1, Sum: 1.2]
         [Processed Buffers: Min: 1, Avg: 3.3, Max: 7, Diff: 6, Sum: 43]
      [Scan RS (ms): Min: 0.0, Avg: 0.0, Max: 0.0, Diff: 0.0, Sum: 0.0]
      [Code Root Scanning (ms): Min: 0.0, Avg: 0.0, Max: 0.0, Diff: 0.0, Sum: 0.0]
      [Object Copy (ms): Min: 0.0, Avg: 0.0, Max: 0.1, Diff: 0.1, Sum: 0.4]
      [Termination (ms): Min: 0.0, Avg: 0.0, Max: 0.0, Diff: 0.0, Sum: 0.2]
         [Termination Attempts: Min: 1, Avg: 1.1, Max: 2, Diff: 1, Sum: 14]
      [GC Worker Other (ms): Min: 0.0, Avg: 0.0, Max: 0.0, Diff: 0.0, Sum: 0.0]
      [GC Worker Total (ms): Min: 0.2, Avg: 0.2, Max: 0.3, Diff: 0.1, Sum: 2.9]
      [GC Worker End (ms): Min: 786.9, Avg: 786.9, Max: 786.9, Diff: 0.0]
   [Code Root Fixup: 0.0 ms]
   [Code Root Purge: 0.0 ms]
   [Clear CT: 0.1 ms]
   [Other: 0.5 ms]
      [Evacuation Failure: 0.1 ms]
      [Choose CSet: 0.0 ms]
      [Ref Proc: 0.1 ms]
      [Ref Enq: 0.0 ms]
      [Redirty Cards: 0.1 ms]
      [Humongous Register: 0.1 ms]
      [Humongous Reclaim: 0.0 ms]
      [Free CSet: 0.0 ms]
   [Eden: 6144.0K(25.0M)->0.0B(25.0M) Survivors: 0.0B->0.0B Heap: 448.6M(512.0M)->447.3M(512.0M)]
 [Times: user=0.00 sys=0.00, real=0.00 secs] 
2021-01-19T22:55:32.524+0800: 0.788: [GC pause (G1 Evacuation Pause) (young) (to-space exhausted), 0.0007258 secs]
   [Parallel Time: 0.2 ms, GC Workers: 13]
      [GC Worker Start (ms): Min: 787.9, Avg: 787.9, Max: 787.9, Diff: 0.1]
      [Ext Root Scanning (ms): Min: 0.0, Avg: 0.1, Max: 0.1, Diff: 0.1, Sum: 1.0]
      [Update RS (ms): Min: 0.0, Avg: 0.0, Max: 0.0, Diff: 0.0, Sum: 0.3]
         [Processed Buffers: Min: 0, Avg: 1.6, Max: 3, Diff: 3, Sum: 21]
      [Scan RS (ms): Min: 0.0, Avg: 0.0, Max: 0.0, Diff: 0.0, Sum: 0.0]
      [Code Root Scanning (ms): Min: 0.0, Avg: 0.0, Max: 0.0, Diff: 0.0, Sum: 0.0]
      [Object Copy (ms): Min: 0.0, Avg: 0.0, Max: 0.0, Diff: 0.0, Sum: 0.1]
      [Termination (ms): Min: 0.0, Avg: 0.0, Max: 0.0, Diff: 0.0, Sum: 0.2]
         [Termination Attempts: Min: 1, Avg: 1.1, Max: 2, Diff: 1, Sum: 14]
      [GC Worker Other (ms): Min: 0.0, Avg: 0.0, Max: 0.0, Diff: 0.0, Sum: 0.1]
      [GC Worker Total (ms): Min: 0.1, Avg: 0.1, Max: 0.2, Diff: 0.1, Sum: 1.6]
      [GC Worker End (ms): Min: 788.0, Avg: 788.0, Max: 788.0, Diff: 0.0]
   [Code Root Fixup: 0.0 ms]
   [Code Root Purge: 0.0 ms]
   [Clear CT: 0.1 ms]
   [Other: 0.4 ms]
      [Evacuation Failure: 0.1 ms]
      [Choose CSet: 0.0 ms]
      [Ref Proc: 0.1 ms]
      [Ref Enq: 0.0 ms]
      [Redirty Cards: 0.1 ms]
      [Humongous Register: 0.0 ms]
      [Humongous Reclaim: 0.0 ms]
      [Free CSet: 0.0 ms]
   [Eden: 2048.0K(25.0M)->0.0B(25.0M) Survivors: 0.0B->0.0B Heap: 449.3M(512.0M)->449.3M(512.0M)]
 [Times: user=0.00 sys=0.00, real=0.00 secs] 
2021-01-19T22:55:32.525+0800: 0.789: [Full GC (Allocation Failure)  449M->343M(512M), 0.0246846 secs]
   [Eden: 0.0B(25.0M)->0.0B(25.0M) Survivors: 0.0B->0.0B Heap: 449.3M(512.0M)->343.4M(512.0M)], [Metaspace: 3308K->3308K(1056768K)]
 [Times: user=0.03 sys=0.00, real=0.02 secs] 
2021-01-19T22:55:32.550+0800: 0.814: [GC pause (G1 Humongous Allocation) (young) (initial-mark), 0.0008088 secs]
   [Parallel Time: 0.3 ms, GC Workers: 13]
      [GC Worker Start (ms): Min: 814.0, Avg: 814.0, Max: 814.0, Diff: 0.1]
      [Ext Root Scanning (ms): Min: 0.0, Avg: 0.1, Max: 0.1, Diff: 0.1, Sum: 1.1]
      [Update RS (ms): Min: 0.0, Avg: 0.0, Max: 0.1, Diff: 0.1, Sum: 0.3]
         [Processed Buffers: Min: 0, Avg: 0.2, Max: 1, Diff: 1, Sum: 2]
      [Scan RS (ms): Min: 0.0, Avg: 0.0, Max: 0.0, Diff: 0.0, Sum: 0.0]
      [Code Root Scanning (ms): Min: 0.0, Avg: 0.0, Max: 0.0, Diff: 0.0, Sum: 0.0]
      [Object Copy (ms): Min: 0.0, Avg: 0.0, Max: 0.1, Diff: 0.1, Sum: 0.4]
      [Termination (ms): Min: 0.0, Avg: 0.1, Max: 0.1, Diff: 0.1, Sum: 1.3]
         [Termination Attempts: Min: 1, Avg: 3.6, Max: 7, Diff: 6, Sum: 47]
      [GC Worker Other (ms): Min: 0.0, Avg: 0.0, Max: 0.0, Diff: 0.0, Sum: 0.1]
      [GC Worker Total (ms): Min: 0.2, Avg: 0.2, Max: 0.3, Diff: 0.1, Sum: 3.2]
      [GC Worker End (ms): Min: 814.2, Avg: 814.2, Max: 814.2, Diff: 0.0]
   [Code Root Fixup: 0.0 ms]
   [Code Root Purge: 0.0 ms]
   [Clear CT: 0.1 ms]
   [Other: 0.4 ms]
      [Choose CSet: 0.0 ms]
      [Ref Proc: 0.1 ms]
      [Ref Enq: 0.0 ms]
      [Redirty Cards: 0.1 ms]
      [Humongous Register: 0.0 ms]
      [Humongous Reclaim: 0.0 ms]
      [Free CSet: 0.0 ms]
   [Eden: 5120.0K(25.0M)->0.0B(22.0M) Survivors: 0.0B->3072.0K Heap: 348.3M(512.0M)->345.0M(512.0M)]
 [Times: user=0.00 sys=0.00, real=0.00 secs] 
2021-01-19T22:55:32.551+0800: 0.815: [GC concurrent-root-region-scan-start]
2021-01-19T22:55:32.551+0800: 0.815: [GC concurrent-root-region-scan-end, 0.0000624 secs]
2021-01-19T22:55:32.551+0800: 0.815: [GC concurrent-mark-start]
2021-01-19T22:55:32.552+0800: 0.816: [GC concurrent-mark-end, 0.0012438 secs]
2021-01-19T22:55:32.552+0800: 0.816: [GC remark 2021-01-19T22:55:32.553+0800: 0.816: [Finalize Marking, 0.0001276 secs] 2021-01-19T22:55:32.553+0800: 0.816: [GC ref-proc, 0.0002738 secs] 2021-01-19T22:55:32.553+0800: 0.817: [Unloading, 0.0003466 secs], 0.0011152 secs]
 [Times: user=0.00 sys=0.00, real=0.00 secs] 
2021-01-19T22:55:32.554+0800: 0.817: [GC cleanup 358M->358M(512M), 0.0005564 secs]
 [Times: user=0.00 sys=0.00, real=0.00 secs] 
2021-01-19T22:55:32.556+0800: 0.820: [GC pause (G1 Evacuation Pause) (young), 0.0016414 secs]
   [Parallel Time: 1.1 ms, GC Workers: 13]
      [GC Worker Start (ms): Min: 819.6, Avg: 819.7, Max: 819.7, Diff: 0.1]
      [Ext Root Scanning (ms): Min: 0.0, Avg: 0.1, Max: 0.1, Diff: 0.1, Sum: 1.1]
      [Update RS (ms): Min: 0.3, Avg: 0.3, Max: 0.4, Diff: 0.1, Sum: 4.3]
         [Processed Buffers: Min: 3, Avg: 4.6, Max: 5, Diff: 2, Sum: 60]
      [Scan RS (ms): Min: 0.0, Avg: 0.0, Max: 0.0, Diff: 0.0, Sum: 0.0]
      [Code Root Scanning (ms): Min: 0.0, Avg: 0.0, Max: 0.0, Diff: 0.0, Sum: 0.0]
      [Object Copy (ms): Min: 0.4, Avg: 0.5, Max: 0.6, Diff: 0.1, Sum: 6.4]
      [Termination (ms): Min: 0.0, Avg: 0.1, Max: 0.1, Diff: 0.1, Sum: 0.8]
         [Termination Attempts: Min: 1, Avg: 1.0, Max: 1, Diff: 0, Sum: 13]
      [GC Worker Other (ms): Min: 0.0, Avg: 0.0, Max: 0.0, Diff: 0.0, Sum: 0.1]
      [GC Worker Total (ms): Min: 0.9, Avg: 1.0, Max: 1.0, Diff: 0.1, Sum: 12.7]
      [GC Worker End (ms): Min: 820.6, Avg: 820.6, Max: 820.6, Diff: 0.0]
   [Code Root Fixup: 0.0 ms]
   [Code Root Purge: 0.0 ms]
   [Clear CT: 0.1 ms]
   [Other: 0.4 ms]
      [Choose CSet: 0.0 ms]
      [Ref Proc: 0.1 ms]
      [Ref Enq: 0.0 ms]
      [Redirty Cards: 0.1 ms]
      [Humongous Register: 0.1 ms]
      [Humongous Reclaim: 0.0 ms]
      [Free CSet: 0.0 ms]
   [Eden: 22.0M(22.0M)->0.0B(21.0M) Survivors: 3072.0K->4096.0K Heap: 373.6M(512.0M)->350.5M(512.0M)]
 [Times: user=0.00 sys=0.00, real=0.00 secs] 
2021-01-19T22:55:32.558+0800: 0.821: [GC pause (G1 Humongous Allocation) (young) (initial-mark), 0.0010561 secs]
   [Parallel Time: 0.6 ms, GC Workers: 13]
      [GC Worker Start (ms): Min: 821.6, Avg: 821.6, Max: 821.6, Diff: 0.1]
      [Ext Root Scanning (ms): Min: 0.0, Avg: 0.1, Max: 0.1, Diff: 0.1, Sum: 1.1]
      [Update RS (ms): Min: 0.0, Avg: 0.0, Max: 0.0, Diff: 0.0, Sum: 0.3]
         [Processed Buffers: Min: 0, Avg: 0.9, Max: 1, Diff: 1, Sum: 12]
      [Scan RS (ms): Min: 0.0, Avg: 0.0, Max: 0.0, Diff: 0.0, Sum: 0.0]
      [Code Root Scanning (ms): Min: 0.0, Avg: 0.0, Max: 0.0, Diff: 0.0, Sum: 0.0]
      [Object Copy (ms): Min: 0.2, Avg: 0.3, Max: 0.3, Diff: 0.1, Sum: 3.6]
      [Termination (ms): Min: 0.0, Avg: 0.0, Max: 0.1, Diff: 0.1, Sum: 0.5]
         [Termination Attempts: Min: 1, Avg: 1.0, Max: 1, Diff: 0, Sum: 13]
      [GC Worker Other (ms): Min: 0.0, Avg: 0.0, Max: 0.0, Diff: 0.0, Sum: 0.1]
      [GC Worker Total (ms): Min: 0.4, Avg: 0.4, Max: 0.5, Diff: 0.1, Sum: 5.5]
      [GC Worker End (ms): Min: 822.0, Avg: 822.0, Max: 822.0, Diff: 0.0]
   [Code Root Fixup: 0.0 ms]
   [Code Root Purge: 0.0 ms]
   [Clear CT: 0.1 ms]
   [Other: 0.4 ms]
      [Choose CSet: 0.0 ms]
      [Ref Proc: 0.2 ms]
      [Ref Enq: 0.0 ms]
      [Redirty Cards: 0.1 ms]
      [Humongous Register: 0.1 ms]
      [Humongous Reclaim: 0.0 ms]
      [Free CSet: 0.0 ms]
   [Eden: 3072.0K(21.0M)->0.0B(24.0M) Survivors: 4096.0K->1024.0K Heap: 353.0M(512.0M)->351.7M(512.0M)]
 [Times: user=0.00 sys=0.00, real=0.00 secs] 
2021-01-19T22:55:32.559+0800: 0.823: [GC concurrent-root-region-scan-start]
2021-01-19T22:55:32.559+0800: 0.823: [GC concurrent-root-region-scan-end, 0.0000746 secs]
2021-01-19T22:55:32.559+0800: 0.823: [GC concurrent-mark-start]
2021-01-19T22:55:32.560+0800: 0.824: [GC concurrent-mark-end, 0.0012920 secs]
2021-01-19T22:55:32.560+0800: 0.824: [GC remark 2021-01-19T22:55:32.560+0800: 0.824: [Finalize Marking, 0.0001513 secs] 2021-01-19T22:55:32.561+0800: 0.824: [GC ref-proc, 0.0002737 secs] 2021-01-19T22:55:32.561+0800: 0.824: [Unloading, 0.0003478 secs], 0.0011628 secs]
 [Times: user=0.00 sys=0.00, real=0.00 secs] 
2021-01-19T22:55:32.562+0800: 0.825: [GC cleanup 369M->369M(512M), 0.0005531 secs]
 [Times: user=0.00 sys=0.00, real=0.00 secs] 
2021-01-19T22:55:32.564+0800: 0.827: [GC pause (G1 Evacuation Pause) (young), 0.0014308 secs]
   [Parallel Time: 0.9 ms, GC Workers: 13]
      [GC Worker Start (ms): Min: 827.3, Avg: 827.3, Max: 827.4, Diff: 0.1]
      [Ext Root Scanning (ms): Min: 0.0, Avg: 0.1, Max: 0.1, Diff: 0.1, Sum: 1.0]
      [Update RS (ms): Min: 0.2, Avg: 0.3, Max: 0.3, Diff: 0.1, Sum: 3.5]
         [Processed Buffers: Min: 3, Avg: 4.2, Max: 5, Diff: 2, Sum: 54]
      [Scan RS (ms): Min: 0.0, Avg: 0.0, Max: 0.0, Diff: 0.0, Sum: 0.0]
      [Code Root Scanning (ms): Min: 0.0, Avg: 0.0, Max: 0.0, Diff: 0.0, Sum: 0.0]
      [Object Copy (ms): Min: 0.3, Avg: 0.4, Max: 0.4, Diff: 0.1, Sum: 4.9]
      [Termination (ms): Min: 0.0, Avg: 0.0, Max: 0.1, Diff: 0.1, Sum: 0.6]
         [Termination Attempts: Min: 1, Avg: 1.0, Max: 1, Diff: 0, Sum: 13]
      [GC Worker Other (ms): Min: 0.0, Avg: 0.0, Max: 0.0, Diff: 0.0, Sum: 0.1]
      [GC Worker Total (ms): Min: 0.7, Avg: 0.8, Max: 0.8, Diff: 0.1, Sum: 10.1]
      [GC Worker End (ms): Min: 828.1, Avg: 828.1, Max: 828.1, Diff: 0.0]
   [Code Root Fixup: 0.0 ms]
   [Code Root Purge: 0.0 ms]
   [Clear CT: 0.1 ms]
   [Other: 0.4 ms]
      [Choose CSet: 0.0 ms]
      [Ref Proc: 0.2 ms]
      [Ref Enq: 0.0 ms]
      [Redirty Cards: 0.1 ms]
      [Humongous Register: 0.1 ms]
      [Humongous Reclaim: 0.0 ms]
      [Free CSet: 0.0 ms]
   [Eden: 24.0M(24.0M)->0.0B(21.0M) Survivors: 1024.0K->4096.0K Heap: 381.2M(512.0M)->357.1M(512.0M)]
 [Times: user=0.00 sys=0.00, real=0.00 secs] 
2021-01-19T22:55:32.567+0800: 0.831: [GC pause (G1 Evacuation Pause) (mixed), 0.0021539 secs]
   [Parallel Time: 1.6 ms, GC Workers: 13]
      [GC Worker Start (ms): Min: 831.0, Avg: 831.0, Max: 831.1, Diff: 0.1]
      [Ext Root Scanning (ms): Min: 0.0, Avg: 0.1, Max: 0.1, Diff: 0.1, Sum: 1.1]
      [Update RS (ms): Min: 0.3, Avg: 0.3, Max: 0.4, Diff: 0.1, Sum: 4.4]
         [Processed Buffers: Min: 1, Avg: 5.2, Max: 6, Diff: 5, Sum: 67]
      [Scan RS (ms): Min: 0.0, Avg: 0.0, Max: 0.0, Diff: 0.0, Sum: 0.1]
      [Code Root Scanning (ms): Min: 0.0, Avg: 0.0, Max: 0.0, Diff: 0.0, Sum: 0.0]
      [Object Copy (ms): Min: 1.0, Avg: 1.0, Max: 1.1, Diff: 0.1, Sum: 13.1]
      [Termination (ms): Min: 0.0, Avg: 0.0, Max: 0.1, Diff: 0.1, Sum: 0.5]
         [Termination Attempts: Min: 1, Avg: 1.0, Max: 1, Diff: 0, Sum: 13]
      [GC Worker Other (ms): Min: 0.0, Avg: 0.0, Max: 0.0, Diff: 0.0, Sum: 0.1]
      [GC Worker Total (ms): Min: 1.4, Avg: 1.5, Max: 1.5, Diff: 0.1, Sum: 19.2]
      [GC Worker End (ms): Min: 832.5, Avg: 832.5, Max: 832.5, Diff: 0.0]
   [Code Root Fixup: 0.0 ms]
   [Code Root Purge: 0.0 ms]
   [Clear CT: 0.1 ms]
   [Other: 0.4 ms]
      [Choose CSet: 0.0 ms]
      [Ref Proc: 0.2 ms]
      [Ref Enq: 0.0 ms]
      [Redirty Cards: 0.1 ms]
      [Humongous Register: 0.1 ms]
      [Humongous Reclaim: 0.0 ms]
      [Free CSet: 0.0 ms]
   [Eden: 21.0M(21.0M)->0.0B(21.0M) Survivors: 4096.0K->4096.0K Heap: 384.9M(512.0M)->362.5M(512.0M)]
 [Times: user=0.00 sys=0.00, real=0.00 secs] 
2021-01-19T22:55:32.569+0800: 0.833: [GC pause (G1 Humongous Allocation) (young) (initial-mark), 0.0010601 secs]
   [Parallel Time: 0.5 ms, GC Workers: 13]
      [GC Worker Start (ms): Min: 833.5, Avg: 833.5, Max: 833.6, Diff: 0.1]
      [Ext Root Scanning (ms): Min: 0.0, Avg: 0.1, Max: 0.1, Diff: 0.1, Sum: 1.0]
      [Update RS (ms): Min: 0.0, Avg: 0.0, Max: 0.1, Diff: 0.0, Sum: 0.4]
         [Processed Buffers: Min: 0, Avg: 1.0, Max: 2, Diff: 2, Sum: 13]
      [Scan RS (ms): Min: 0.0, Avg: 0.0, Max: 0.0, Diff: 0.0, Sum: 0.0]
      [Code Root Scanning (ms): Min: 0.0, Avg: 0.0, Max: 0.0, Diff: 0.0, Sum: 0.0]
      [Object Copy (ms): Min: 0.2, Avg: 0.3, Max: 0.3, Diff: 0.1, Sum: 3.4]
      [Termination (ms): Min: 0.0, Avg: 0.1, Max: 0.1, Diff: 0.1, Sum: 0.9]
         [Termination Attempts: Min: 1, Avg: 1.0, Max: 1, Diff: 0, Sum: 13]
      [GC Worker Other (ms): Min: 0.0, Avg: 0.0, Max: 0.0, Diff: 0.0, Sum: 0.1]
      [GC Worker Total (ms): Min: 0.4, Avg: 0.4, Max: 0.5, Diff: 0.1, Sum: 5.8]
      [GC Worker End (ms): Min: 834.0, Avg: 834.0, Max: 834.0, Diff: 0.0]
   [Code Root Fixup: 0.0 ms]
   [Code Root Purge: 0.0 ms]
   [Clear CT: 0.1 ms]
   [Other: 0.4 ms]
      [Choose CSet: 0.0 ms]
      [Ref Proc: 0.2 ms]
      [Ref Enq: 0.0 ms]
      [Redirty Cards: 0.1 ms]
      [Humongous Register: 0.1 ms]
      [Humongous Reclaim: 0.0 ms]
      [Free CSet: 0.0 ms]
   [Eden: 3072.0K(21.0M)->0.0B(24.0M) Survivors: 4096.0K->1024.0K Heap: 365.0M(512.0M)->363.3M(512.0M)]
 [Times: user=0.00 sys=0.00, real=0.00 secs] 
2021-01-19T22:55:32.570+0800: 0.835: [GC concurrent-root-region-scan-start]
2021-01-19T22:55:32.570+0800: 0.835: [GC concurrent-root-region-scan-end, 0.0000724 secs]
2021-01-19T22:55:32.570+0800: 0.835: [GC concurrent-mark-start]
2021-01-19T22:55:32.571+0800: 0.836: [GC concurrent-mark-end, 0.0012494 secs]
2021-01-19T22:55:32.571+0800: 0.836: [GC remark 2021-01-19T22:55:32.571+0800: 0.836: [Finalize Marking, 0.0001615 secs] 2021-01-19T22:55:32.572+0800: 0.836: [GC ref-proc, 0.0002765 secs] 2021-01-19T22:55:32.572+0800: 0.836: [Unloading, 0.0003794 secs], 0.0012709 secs]
 [Times: user=0.00 sys=0.00, real=0.00 secs] 
2021-01-19T22:55:32.573+0800: 0.837: [GC cleanup 378M->378M(512M), 0.0005715 secs]
 [Times: user=0.00 sys=0.00, real=0.00 secs] 
2021-01-19T22:55:32.575+0800: 0.839: [GC pause (G1 Evacuation Pause) (young), 0.0012935 secs]
   [Parallel Time: 0.8 ms, GC Workers: 13]
      [GC Worker Start (ms): Min: 839.4, Avg: 839.4, Max: 839.5, Diff: 0.1]
      [Ext Root Scanning (ms): Min: 0.0, Avg: 0.1, Max: 0.1, Diff: 0.1, Sum: 1.1]
      [Update RS (ms): Min: 0.1, Avg: 0.1, Max: 0.2, Diff: 0.0, Sum: 1.9]
         [Processed Buffers: Min: 2, Avg: 2.5, Max: 3, Diff: 1, Sum: 33]
      [Scan RS (ms): Min: 0.0, Avg: 0.0, Max: 0.0, Diff: 0.0, Sum: 0.0]
      [Code Root Scanning (ms): Min: 0.0, Avg: 0.0, Max: 0.0, Diff: 0.0, Sum: 0.0]
      [Object Copy (ms): Min: 0.4, Avg: 0.4, Max: 0.4, Diff: 0.1, Sum: 5.3]
      [Termination (ms): Min: 0.0, Avg: 0.0, Max: 0.1, Diff: 0.1, Sum: 0.3]
         [Termination Attempts: Min: 1, Avg: 1.0, Max: 1, Diff: 0, Sum: 13]
      [GC Worker Other (ms): Min: 0.0, Avg: 0.0, Max: 0.0, Diff: 0.0, Sum: 0.1]
      [GC Worker Total (ms): Min: 0.6, Avg: 0.7, Max: 0.7, Diff: 0.1, Sum: 8.6]
      [GC Worker End (ms): Min: 840.1, Avg: 840.1, Max: 840.1, Diff: 0.0]
   [Code Root Fixup: 0.0 ms]
   [Code Root Purge: 0.0 ms]
   [Clear CT: 0.1 ms]
   [Other: 0.4 ms]
      [Choose CSet: 0.0 ms]
      [Ref Proc: 0.2 ms]
      [Ref Enq: 0.0 ms]
      [Redirty Cards: 0.1 ms]
      [Humongous Register: 0.1 ms]
      [Humongous Reclaim: 0.0 ms]
      [Free CSet: 0.0 ms]
   [Eden: 24.0M(24.0M)->0.0B(21.0M) Survivors: 1024.0K->4096.0K Heap: 390.0M(512.0M)->367.8M(512.0M)]
 [Times: user=0.00 sys=0.00, real=0.00 secs] 
2021-01-19T22:55:32.578+0800: 0.843: [GC pause (G1 Evacuation Pause) (mixed), 0.0027905 secs]
   [Parallel Time: 2.2 ms, GC Workers: 13]
      [GC Worker Start (ms): Min: 842.9, Avg: 842.9, Max: 843.0, Diff: 0.1]
      [Ext Root Scanning (ms): Min: 0.0, Avg: 0.1, Max: 0.1, Diff: 0.1, Sum: 1.1]
      [Update RS (ms): Min: 0.2, Avg: 0.3, Max: 0.3, Diff: 0.0, Sum: 3.4]
         [Processed Buffers: Min: 3, Avg: 3.9, Max: 5, Diff: 2, Sum: 51]
      [Scan RS (ms): Min: 0.0, Avg: 0.0, Max: 0.0, Diff: 0.0, Sum: 0.1]
      [Code Root Scanning (ms): Min: 0.0, Avg: 0.0, Max: 0.0, Diff: 0.0, Sum: 0.0]
      [Object Copy (ms): Min: 1.7, Avg: 1.7, Max: 1.8, Diff: 0.1, Sum: 22.5]
      [Termination (ms): Min: 0.0, Avg: 0.0, Max: 0.1, Diff: 0.1, Sum: 0.5]
         [Termination Attempts: Min: 1, Avg: 1.1, Max: 2, Diff: 1, Sum: 14]
      [GC Worker Other (ms): Min: 0.0, Avg: 0.0, Max: 0.0, Diff: 0.0, Sum: 0.1]
      [GC Worker Total (ms): Min: 2.1, Avg: 2.1, Max: 2.2, Diff: 0.1, Sum: 27.6]
      [GC Worker End (ms): Min: 845.1, Avg: 845.1, Max: 845.1, Diff: 0.0]
   [Code Root Fixup: 0.0 ms]
   [Code Root Purge: 0.0 ms]
   [Clear CT: 0.2 ms]
   [Other: 0.4 ms]
      [Choose CSet: 0.0 ms]
      [Ref Proc: 0.2 ms]
      [Ref Enq: 0.0 ms]
      [Redirty Cards: 0.1 ms]
      [Humongous Register: 0.1 ms]
      [Humongous Reclaim: 0.0 ms]
      [Free CSet: 0.0 ms]
   [Eden: 21.0M(21.0M)->0.0B(21.0M) Survivors: 4096.0K->4096.0K Heap: 393.8M(512.0M)->366.5M(512.0M)]
 [Times: user=0.00 sys=0.00, real=0.00 secs] 
2021-01-19T22:55:32.581+0800: 0.846: [GC pause (G1 Humongous Allocation) (young) (initial-mark), 0.0009784 secs]
   [Parallel Time: 0.5 ms, GC Workers: 13]
      [GC Worker Start (ms): Min: 845.9, Avg: 845.9, Max: 846.0, Diff: 0.1]
      [Ext Root Scanning (ms): Min: 0.0, Avg: 0.1, Max: 0.1, Diff: 0.1, Sum: 1.1]
      [Update RS (ms): Min: 0.0, Avg: 0.0, Max: 0.1, Diff: 0.1, Sum: 0.4]
         [Processed Buffers: Min: 0, Avg: 1.1, Max: 2, Diff: 2, Sum: 14]
      [Scan RS (ms): Min: 0.0, Avg: 0.0, Max: 0.0, Diff: 0.0, Sum: 0.0]
      [Code Root Scanning (ms): Min: 0.0, Avg: 0.0, Max: 0.0, Diff: 0.0, Sum: 0.0]
      [Object Copy (ms): Min: 0.2, Avg: 0.2, Max: 0.3, Diff: 0.1, Sum: 3.0]
      [Termination (ms): Min: 0.0, Avg: 0.1, Max: 0.1, Diff: 0.1, Sum: 1.0]
         [Termination Attempts: Min: 1, Avg: 1.0, Max: 1, Diff: 0, Sum: 13]
      [GC Worker Other (ms): Min: 0.0, Avg: 0.0, Max: 0.0, Diff: 0.0, Sum: 0.1]
      [GC Worker Total (ms): Min: 0.4, Avg: 0.4, Max: 0.5, Diff: 0.1, Sum: 5.5]
      [GC Worker End (ms): Min: 846.4, Avg: 846.4, Max: 846.4, Diff: 0.0]
   [Code Root Fixup: 0.0 ms]
   [Code Root Purge: 0.0 ms]
   [Clear CT: 0.2 ms]
   [Other: 0.4 ms]
      [Choose CSet: 0.0 ms]
      [Ref Proc: 0.1 ms]
      [Ref Enq: 0.0 ms]
      [Redirty Cards: 0.1 ms]
      [Humongous Register: 0.1 ms]
      [Humongous Reclaim: 0.0 ms]
      [Free CSet: 0.0 ms]
   [Eden: 2048.0K(21.0M)->0.0B(23.0M) Survivors: 4096.0K->2048.0K Heap: 368.2M(512.0M)->368.2M(512.0M)]
 [Times: user=0.00 sys=0.00, real=0.00 secs] 
2021-01-19T22:55:32.582+0800: 0.847: [GC concurrent-root-region-scan-start]
2021-01-19T22:55:32.582+0800: 0.847: [GC concurrent-root-region-scan-end, 0.0000340 secs]
2021-01-19T22:55:32.582+0800: 0.847: [GC concurrent-mark-start]
2021-01-19T22:55:32.584+0800: 0.848: [GC concurrent-mark-end, 0.0013612 secs]
2021-01-19T22:55:32.584+0800: 0.848: [GC remark 2021-01-19T22:55:32.584+0800: 0.848: [Finalize Marking, 0.0001726 secs] 2021-01-19T22:55:32.584+0800: 0.849: [GC ref-proc, 0.0002868 secs] 2021-01-19T22:55:32.584+0800: 0.849: [Unloading, 0.0004030 secs], 0.0012853 secs]
 [Times: user=0.00 sys=0.00, real=0.00 secs] 
2021-01-19T22:55:32.585+0800: 0.850: [GC cleanup 383M->383M(512M), 0.0005571 secs]
 [Times: user=0.00 sys=0.00, real=0.00 secs] 
2021-01-19T22:55:32.587+0800: 0.851: [GC pause (G1 Evacuation Pause) (young), 0.0016330 secs]
   [Parallel Time: 1.1 ms, GC Workers: 13]
      [GC Worker Start (ms): Min: 851.6, Avg: 851.6, Max: 851.6, Diff: 0.1]
      [Ext Root Scanning (ms): Min: 0.0, Avg: 0.1, Max: 0.1, Diff: 0.1, Sum: 1.1]
      [Update RS (ms): Min: 0.3, Avg: 0.4, Max: 0.4, Diff: 0.1, Sum: 4.8]
         [Processed Buffers: Min: 4, Avg: 5.7, Max: 7, Diff: 3, Sum: 74]
      [Scan RS (ms): Min: 0.0, Avg: 0.0, Max: 0.0, Diff: 0.0, Sum: 0.0]
      [Code Root Scanning (ms): Min: 0.0, Avg: 0.0, Max: 0.0, Diff: 0.0, Sum: 0.0]
      [Object Copy (ms): Min: 0.4, Avg: 0.5, Max: 0.6, Diff: 0.2, Sum: 6.6]
      [Termination (ms): Min: 0.0, Avg: 0.1, Max: 0.2, Diff: 0.2, Sum: 0.9]
         [Termination Attempts: Min: 1, Avg: 1.0, Max: 1, Diff: 0, Sum: 13]
      [GC Worker Other (ms): Min: 0.0, Avg: 0.0, Max: 0.0, Diff: 0.0, Sum: 0.1]
      [GC Worker Total (ms): Min: 1.0, Avg: 1.0, Max: 1.1, Diff: 0.1, Sum: 13.4]
      [GC Worker End (ms): Min: 852.6, Avg: 852.6, Max: 852.6, Diff: 0.0]
   [Code Root Fixup: 0.0 ms]
   [Code Root Purge: 0.0 ms]
   [Clear CT: 0.1 ms]
   [Other: 0.4 ms]
      [Choose CSet: 0.0 ms]
      [Ref Proc: 0.2 ms]
      [Ref Enq: 0.0 ms]
      [Redirty Cards: 0.1 ms]
      [Humongous Register: 0.1 ms]
      [Humongous Reclaim: 0.0 ms]
      [Free CSet: 0.0 ms]
   [Eden: 23.0M(23.0M)->0.0B(21.0M) Survivors: 2048.0K->4096.0K Heap: 398.7M(512.0M)->378.7M(512.0M)]
 [Times: user=0.00 sys=0.00, real=0.00 secs] 
2021-01-19T22:55:32.591+0800: 0.856: [GC pause (G1 Evacuation Pause) (mixed) (to-space exhausted), 0.0025521 secs]
   [Parallel Time: 1.9 ms, GC Workers: 13]
      [GC Worker Start (ms): Min: 855.7, Avg: 855.8, Max: 855.8, Diff: 0.1]
      [Ext Root Scanning (ms): Min: 0.0, Avg: 0.1, Max: 0.1, Diff: 0.1, Sum: 1.0]
      [Update RS (ms): Min: 0.2, Avg: 0.2, Max: 0.3, Diff: 0.1, Sum: 3.1]
         [Processed Buffers: Min: 3, Avg: 3.8, Max: 5, Diff: 2, Sum: 49]
      [Scan RS (ms): Min: 0.0, Avg: 0.0, Max: 0.0, Diff: 0.0, Sum: 0.1]
      [Code Root Scanning (ms): Min: 0.0, Avg: 0.0, Max: 0.0, Diff: 0.0, Sum: 0.0]
      [Object Copy (ms): Min: 1.4, Avg: 1.4, Max: 1.4, Diff: 0.0, Sum: 18.0]
      [Termination (ms): Min: 0.0, Avg: 0.0, Max: 0.0, Diff: 0.0, Sum: 0.2]
         [Termination Attempts: Min: 1, Avg: 1.0, Max: 1, Diff: 0, Sum: 13]
      [GC Worker Other (ms): Min: 0.0, Avg: 0.0, Max: 0.0, Diff: 0.0, Sum: 0.1]
      [GC Worker Total (ms): Min: 1.7, Avg: 1.7, Max: 1.8, Diff: 0.1, Sum: 22.6]
      [GC Worker End (ms): Min: 857.5, Avg: 857.5, Max: 857.5, Diff: 0.0]
   [Code Root Fixup: 0.0 ms]
   [Code Root Purge: 0.0 ms]
   [Clear CT: 0.1 ms]
   [Other: 0.6 ms]
      [Evacuation Failure: 0.1 ms]
      [Choose CSet: 0.0 ms]
      [Ref Proc: 0.2 ms]
      [Ref Enq: 0.0 ms]
      [Redirty Cards: 0.1 ms]
      [Humongous Register: 0.1 ms]
      [Humongous Reclaim: 0.0 ms]
      [Free CSet: 0.0 ms]
   [Eden: 21.0M(21.0M)->0.0B(21.0M) Survivors: 4096.0K->4096.0K Heap: 404.2M(512.0M)->404.2M(512.0M)]
 [Times: user=0.00 sys=0.00, real=0.00 secs] 
2021-01-19T22:55:32.594+0800: 0.859: [GC pause (G1 Humongous Allocation) (young) (initial-mark), 0.0011243 secs]
   [Parallel Time: 0.6 ms, GC Workers: 13]
      [GC Worker Start (ms): Min: 859.0, Avg: 859.0, Max: 859.0, Diff: 0.1]
      [Ext Root Scanning (ms): Min: 0.0, Avg: 0.1, Max: 0.1, Diff: 0.1, Sum: 1.1]
      [Update RS (ms): Min: 0.0, Avg: 0.0, Max: 0.1, Diff: 0.0, Sum: 0.5]
         [Processed Buffers: Min: 1, Avg: 1.9, Max: 7, Diff: 6, Sum: 25]
      [Scan RS (ms): Min: 0.0, Avg: 0.0, Max: 0.0, Diff: 0.0, Sum: 0.0]
      [Code Root Scanning (ms): Min: 0.0, Avg: 0.0, Max: 0.0, Diff: 0.0, Sum: 0.0]
      [Object Copy (ms): Min: 0.3, Avg: 0.3, Max: 0.4, Diff: 0.1, Sum: 4.3]
      [Termination (ms): Min: 0.0, Avg: 0.0, Max: 0.1, Diff: 0.1, Sum: 0.5]
         [Termination Attempts: Min: 1, Avg: 1.0, Max: 1, Diff: 0, Sum: 13]
      [GC Worker Other (ms): Min: 0.0, Avg: 0.0, Max: 0.0, Diff: 0.0, Sum: 0.1]
      [GC Worker Total (ms): Min: 0.5, Avg: 0.5, Max: 0.5, Diff: 0.1, Sum: 6.4]
      [GC Worker End (ms): Min: 859.5, Avg: 859.5, Max: 859.5, Diff: 0.0]
   [Code Root Fixup: 0.0 ms]
   [Code Root Purge: 0.0 ms]
   [Clear CT: 0.2 ms]
   [Other: 0.3 ms]
      [Choose CSet: 0.0 ms]
      [Ref Proc: 0.1 ms]
      [Ref Enq: 0.0 ms]
      [Redirty Cards: 0.1 ms]
      [Humongous Register: 0.1 ms]
      [Humongous Reclaim: 0.0 ms]
      [Free CSet: 0.0 ms]
   [Eden: 7168.0K(21.0M)->0.0B(22.0M) Survivors: 4096.0K->3072.0K Heap: 410.7M(512.0M)->405.4M(512.0M)]
 [Times: user=0.00 sys=0.00, real=0.00 secs] 
2021-01-19T22:55:32.596+0800: 0.860: [GC concurrent-root-region-scan-start]
2021-01-19T22:55:32.596+0800: 0.860: [GC concurrent-root-region-scan-end, 0.0001145 secs]
2021-01-19T22:55:32.596+0800: 0.860: [GC concurrent-mark-start]
2021-01-19T22:55:32.597+0800: 0.862: [GC concurrent-mark-end, 0.0012890 secs]
2021-01-19T22:55:32.597+0800: 0.862: [GC remark 2021-01-19T22:55:32.597+0800: 0.862: [Finalize Marking, 0.0001249 secs] 2021-01-19T22:55:32.597+0800: 0.862: [GC ref-proc, 0.0002770 secs] 2021-01-19T22:55:32.597+0800: 0.862: [Unloading, 0.0003063 secs], 0.0011441 secs]
 [Times: user=0.00 sys=0.00, real=0.00 secs] 
2021-01-19T22:55:32.598+0800: 0.863: [GC cleanup 422M->422M(512M), 0.0005690 secs]
 [Times: user=0.00 sys=0.00, real=0.00 secs] 
2021-01-19T22:55:32.599+0800: 0.864: [GC pause (G1 Humongous Allocation) (young) (to-space exhausted), 0.0011509 secs]
   [Parallel Time: 0.5 ms, GC Workers: 13]
      [GC Worker Start (ms): Min: 863.7, Avg: 863.8, Max: 863.8, Diff: 0.1]
      [Ext Root Scanning (ms): Min: 0.0, Avg: 0.1, Max: 0.1, Diff: 0.1, Sum: 1.0]
      [Update RS (ms): Min: 0.2, Avg: 0.2, Max: 0.2, Diff: 0.1, Sum: 2.7]
         [Processed Buffers: Min: 2, Avg: 3.5, Max: 4, Diff: 2, Sum: 45]
      [Scan RS (ms): Min: 0.0, Avg: 0.0, Max: 0.0, Diff: 0.0, Sum: 0.0]
      [Code Root Scanning (ms): Min: 0.0, Avg: 0.0, Max: 0.0, Diff: 0.0, Sum: 0.0]
      [Object Copy (ms): Min: 0.1, Avg: 0.1, Max: 0.2, Diff: 0.1, Sum: 1.4]
      [Termination (ms): Min: 0.0, Avg: 0.0, Max: 0.1, Diff: 0.1, Sum: 0.4]
         [Termination Attempts: Min: 1, Avg: 1.0, Max: 1, Diff: 0, Sum: 13]
      [GC Worker Other (ms): Min: 0.0, Avg: 0.0, Max: 0.0, Diff: 0.0, Sum: 0.1]
      [GC Worker Total (ms): Min: 0.4, Avg: 0.4, Max: 0.5, Diff: 0.1, Sum: 5.6]
      [GC Worker End (ms): Min: 864.2, Avg: 864.2, Max: 864.2, Diff: 0.0]
   [Code Root Fixup: 0.0 ms]
   [Code Root Purge: 0.0 ms]
   [Clear CT: 0.1 ms]
   [Other: 0.5 ms]
      [Evacuation Failure: 0.1 ms]
      [Choose CSet: 0.0 ms]
      [Ref Proc: 0.1 ms]
      [Ref Enq: 0.0 ms]
      [Redirty Cards: 0.1 ms]
      [Humongous Register: 0.1 ms]
      [Humongous Reclaim: 0.0 ms]
      [Free CSet: 0.0 ms]
   [Eden: 15.0M(22.0M)->0.0B(25.0M) Survivors: 3072.0K->0.0B Heap: 424.3M(512.0M)->419.2M(512.0M)]
 [Times: user=0.00 sys=0.00, real=0.00 secs] 
2021-01-19T22:55:32.601+0800: 0.866: [GC pause (G1 Humongous Allocation) (mixed) (to-space exhausted), 0.0011599 secs]
   [Parallel Time: 0.5 ms, GC Workers: 13]
      [GC Worker Start (ms): Min: 865.9, Avg: 865.9, Max: 865.9, Diff: 0.1]
      [Ext Root Scanning (ms): Min: 0.0, Avg: 0.1, Max: 0.1, Diff: 0.1, Sum: 1.1]
      [Update RS (ms): Min: 0.1, Avg: 0.1, Max: 0.1, Diff: 0.1, Sum: 1.3]
         [Processed Buffers: Min: 0, Avg: 2.5, Max: 4, Diff: 4, Sum: 32]
      [Scan RS (ms): Min: 0.0, Avg: 0.0, Max: 0.1, Diff: 0.1, Sum: 0.1]
      [Code Root Scanning (ms): Min: 0.0, Avg: 0.0, Max: 0.0, Diff: 0.0, Sum: 0.0]
      [Object Copy (ms): Min: 0.1, Avg: 0.2, Max: 0.2, Diff: 0.1, Sum: 2.1]
      [Termination (ms): Min: 0.0, Avg: 0.0, Max: 0.1, Diff: 0.1, Sum: 0.5]
         [Termination Attempts: Min: 1, Avg: 2.7, Max: 7, Diff: 6, Sum: 35]
      [GC Worker Other (ms): Min: 0.0, Avg: 0.0, Max: 0.0, Diff: 0.0, Sum: 0.1]
      [GC Worker Total (ms): Min: 0.4, Avg: 0.4, Max: 0.4, Diff: 0.1, Sum: 5.1]
      [GC Worker End (ms): Min: 866.3, Avg: 866.3, Max: 866.3, Diff: 0.0]
   [Code Root Fixup: 0.0 ms]
   [Code Root Purge: 0.0 ms]
   [Clear CT: 0.1 ms]
   [Other: 0.6 ms]
      [Evacuation Failure: 0.1 ms]
      [Choose CSet: 0.0 ms]
      [Ref Proc: 0.1 ms]
      [Ref Enq: 0.0 ms]
      [Redirty Cards: 0.1 ms]
      [Humongous Register: 0.1 ms]
      [Humongous Reclaim: 0.0 ms]
      [Free CSet: 0.0 ms]
   [Eden: 5120.0K(25.0M)->0.0B(25.0M) Survivors: 0.0B->0.0B Heap: 425.3M(512.0M)->421.8M(512.0M)]
 [Times: user=0.00 sys=0.00, real=0.00 secs] 
2021-01-19T22:55:32.603+0800: 0.867: [GC pause (G1 Humongous Allocation) (mixed) (to-space exhausted), 0.0011478 secs]
   [Parallel Time: 0.5 ms, GC Workers: 13]
      [GC Worker Start (ms): Min: 867.5, Avg: 867.6, Max: 867.6, Diff: 0.1]
      [Ext Root Scanning (ms): Min: 0.0, Avg: 0.1, Max: 0.1, Diff: 0.1, Sum: 0.9]
      [Update RS (ms): Min: 0.0, Avg: 0.1, Max: 0.1, Diff: 0.1, Sum: 1.1]
         [Processed Buffers: Min: 0, Avg: 2.8, Max: 7, Diff: 7, Sum: 37]
      [Scan RS (ms): Min: 0.0, Avg: 0.0, Max: 0.0, Diff: 0.0, Sum: 0.1]
      [Code Root Scanning (ms): Min: 0.0, Avg: 0.0, Max: 0.0, Diff: 0.0, Sum: 0.0]
      [Object Copy (ms): Min: 0.1, Avg: 0.2, Max: 0.2, Diff: 0.1, Sum: 2.0]
      [Termination (ms): Min: 0.0, Avg: 0.0, Max: 0.1, Diff: 0.1, Sum: 0.4]
         [Termination Attempts: Min: 1, Avg: 1.1, Max: 2, Diff: 1, Sum: 14]
      [GC Worker Other (ms): Min: 0.0, Avg: 0.0, Max: 0.0, Diff: 0.0, Sum: 0.1]
      [GC Worker Total (ms): Min: 0.3, Avg: 0.4, Max: 0.4, Diff: 0.1, Sum: 4.6]
      [GC Worker End (ms): Min: 867.9, Avg: 867.9, Max: 867.9, Diff: 0.0]
   [Code Root Fixup: 0.0 ms]
   [Code Root Purge: 0.0 ms]
   [Clear CT: 0.1 ms]
   [Other: 0.5 ms]
      [Evacuation Failure: 0.1 ms]
      [Choose CSet: 0.0 ms]
      [Ref Proc: 0.2 ms]
      [Ref Enq: 0.0 ms]
      [Redirty Cards: 0.1 ms]
      [Humongous Register: 0.1 ms]
      [Humongous Reclaim: 0.0 ms]
      [Free CSet: 0.0 ms]
   [Eden: 3072.0K(25.0M)->0.0B(25.0M) Survivors: 0.0B->0.0B Heap: 426.0M(512.0M)->424.8M(512.0M)]
 [Times: user=0.00 sys=0.00, real=0.00 secs] 
2021-01-19T22:55:32.604+0800: 0.869: [GC pause (G1 Humongous Allocation) (young) (initial-mark), 0.0008091 secs]
   [Parallel Time: 0.4 ms, GC Workers: 13]
      [GC Worker Start (ms): Min: 868.8, Avg: 868.9, Max: 869.0, Diff: 0.1]
      [Ext Root Scanning (ms): Min: 0.0, Avg: 0.1, Max: 0.3, Diff: 0.3, Sum: 1.7]
      [Update RS (ms): Min: 0.0, Avg: 0.0, Max: 0.1, Diff: 0.1, Sum: 0.6]
         [Processed Buffers: Min: 0, Avg: 2.3, Max: 7, Diff: 7, Sum: 30]
      [Scan RS (ms): Min: 0.0, Avg: 0.0, Max: 0.0, Diff: 0.0, Sum: 0.0]
      [Code Root Scanning (ms): Min: 0.0, Avg: 0.0, Max: 0.0, Diff: 0.0, Sum: 0.0]
      [Object Copy (ms): Min: 0.0, Avg: 0.0, Max: 0.0, Diff: 0.0, Sum: 0.0]
      [Termination (ms): Min: 0.0, Avg: 0.0, Max: 0.1, Diff: 0.1, Sum: 0.5]
         [Termination Attempts: Min: 1, Avg: 1.0, Max: 1, Diff: 0, Sum: 13]
      [GC Worker Other (ms): Min: 0.0, Avg: 0.0, Max: 0.0, Diff: 0.0, Sum: 0.0]
      [GC Worker Total (ms): Min: 0.1, Avg: 0.2, Max: 0.3, Diff: 0.1, Sum: 3.0]
      [GC Worker End (ms): Min: 869.1, Avg: 869.1, Max: 869.1, Diff: 0.0]
   [Code Root Fixup: 0.0 ms]
   [Code Root Purge: 0.0 ms]
   [Clear CT: 0.2 ms]
   [Other: 0.3 ms]
      [Choose CSet: 0.0 ms]
      [Ref Proc: 0.1 ms]
      [Ref Enq: 0.0 ms]
      [Redirty Cards: 0.1 ms]
      [Humongous Register: 0.1 ms]
      [Humongous Reclaim: 0.0 ms]
      [Free CSet: 0.0 ms]
   [Eden: 0.0B(25.0M)->0.0B(25.0M) Survivors: 0.0B->0.0B Heap: 425.4M(512.0M)->424.8M(512.0M)]
 [Times: user=0.00 sys=0.00, real=0.00 secs] 
2021-01-19T22:55:32.605+0800: 0.870: [GC concurrent-root-region-scan-start]
2021-01-19T22:55:32.605+0800: 0.870: [GC concurrent-root-region-scan-end, 0.0000055 secs]
2021-01-19T22:55:32.605+0800: 0.870: [GC concurrent-mark-start]
2021-01-19T22:55:32.605+0800: 0.870: [GC pause (G1 Evacuation Pause) (young) (to-space exhausted), 0.0010309 secs]
   [Parallel Time: 0.4 ms, GC Workers: 13]
      [GC Worker Start (ms): Min: 869.9, Avg: 870.0, Max: 870.1, Diff: 0.2]
      [Ext Root Scanning (ms): Min: 0.0, Avg: 0.1, Max: 0.1, Diff: 0.1, Sum: 1.0]
      [Update RS (ms): Min: 0.0, Avg: 0.0, Max: 0.2, Diff: 0.2, Sum: 0.5]
         [Processed Buffers: Min: 0, Avg: 0.6, Max: 1, Diff: 1, Sum: 8]
      [Scan RS (ms): Min: 0.0, Avg: 0.0, Max: 0.0, Diff: 0.0, Sum: 0.0]
      [Code Root Scanning (ms): Min: 0.0, Avg: 0.0, Max: 0.0, Diff: 0.0, Sum: 0.0]
      [Object Copy (ms): Min: 0.0, Avg: 0.0, Max: 0.0, Diff: 0.0, Sum: 0.0]
      [Termination (ms): Min: 0.0, Avg: 0.1, Max: 0.2, Diff: 0.2, Sum: 1.5]
         [Termination Attempts: Min: 1, Avg: 1.1, Max: 2, Diff: 1, Sum: 14]
      [GC Worker Other (ms): Min: 0.0, Avg: 0.0, Max: 0.0, Diff: 0.0, Sum: 0.0]
      [GC Worker Total (ms): Min: 0.1, Avg: 0.2, Max: 0.3, Diff: 0.2, Sum: 3.1]
      [GC Worker End (ms): Min: 870.2, Avg: 870.2, Max: 870.2, Diff: 0.0]
   [Code Root Fixup: 0.0 ms]
   [Code Root Purge: 0.0 ms]
   [Clear CT: 0.1 ms]
   [Other: 0.5 ms]
      [Evacuation Failure: 0.2 ms]
      [Choose CSet: 0.0 ms]
      [Ref Proc: 0.1 ms]
      [Ref Enq: 0.0 ms]
      [Redirty Cards: 0.1 ms]
      [Humongous Register: 0.1 ms]
      [Humongous Reclaim: 0.0 ms]
      [Free CSet: 0.0 ms]
   [Eden: 1024.0K(25.0M)->0.0B(25.0M) Survivors: 0.0B->0.0B Heap: 426.5M(512.0M)->426.5M(512.0M)]
 [Times: user=0.17 sys=0.00, real=0.00 secs] 
2021-01-19T22:55:32.607+0800: 0.871: [Full GC (Allocation Failure)  426M->346M(512M), 0.0294664 secs]
   [Eden: 0.0B(25.0M)->0.0B(25.0M) Survivors: 0.0B->0.0B Heap: 426.5M(512.0M)->346.4M(512.0M)], [Metaspace: 3308K->3308K(1056768K)]
 [Times: user=0.02 sys=0.00, real=0.03 secs] 
2021-01-19T22:55:32.636+0800: 0.901: [GC concurrent-mark-abort]
2021-01-19T22:55:32.637+0800: 0.901: [GC pause (G1 Humongous Allocation) (young) (initial-mark), 0.0009812 secs]
   [Parallel Time: 0.4 ms, GC Workers: 13]
      [GC Worker Start (ms): Min: 901.2, Avg: 901.2, Max: 901.2, Diff: 0.1]
      [Ext Root Scanning (ms): Min: 0.0, Avg: 0.1, Max: 0.1, Diff: 0.1, Sum: 1.1]
      [Update RS (ms): Min: 0.0, Avg: 0.0, Max: 0.1, Diff: 0.1, Sum: 0.2]
         [Processed Buffers: Min: 0, Avg: 0.2, Max: 1, Diff: 1, Sum: 2]
      [Scan RS (ms): Min: 0.0, Avg: 0.0, Max: 0.0, Diff: 0.0, Sum: 0.0]
      [Code Root Scanning (ms): Min: 0.0, Avg: 0.0, Max: 0.0, Diff: 0.0, Sum: 0.0]
      [Object Copy (ms): Min: 0.0, Avg: 0.0, Max: 0.1, Diff: 0.1, Sum: 0.5]
      [Termination (ms): Min: 0.0, Avg: 0.1, Max: 0.2, Diff: 0.1, Sum: 1.5]
         [Termination Attempts: Min: 1, Avg: 2.2, Max: 4, Diff: 3, Sum: 29]
      [GC Worker Other (ms): Min: 0.0, Avg: 0.0, Max: 0.0, Diff: 0.0, Sum: 0.1]
      [GC Worker Total (ms): Min: 0.2, Avg: 0.3, Max: 0.3, Diff: 0.1, Sum: 3.4]
      [GC Worker End (ms): Min: 901.5, Avg: 901.5, Max: 901.5, Diff: 0.0]
   [Code Root Fixup: 0.0 ms]
   [Code Root Purge: 0.0 ms]
   [Clear CT: 0.2 ms]
   [Other: 0.4 ms]
      [Choose CSet: 0.0 ms]
      [Ref Proc: 0.2 ms]
      [Ref Enq: 0.0 ms]
      [Redirty Cards: 0.1 ms]
      [Humongous Register: 0.1 ms]
      [Humongous Reclaim: 0.0 ms]
      [Free CSet: 0.0 ms]
   [Eden: 6144.0K(25.0M)->0.0B(22.0M) Survivors: 0.0B->3072.0K Heap: 351.4M(512.0M)->348.8M(512.0M)]
 [Times: user=0.00 sys=0.00, real=0.00 secs] 
2021-01-19T22:55:32.638+0800: 0.902: [GC concurrent-root-region-scan-start]
2021-01-19T22:55:32.638+0800: 0.902: [GC concurrent-root-region-scan-end, 0.0000891 secs]
2021-01-19T22:55:32.638+0800: 0.902: [GC concurrent-mark-start]
2021-01-19T22:55:32.639+0800: 0.903: [GC concurrent-mark-end, 0.0010685 secs]
2021-01-19T22:55:32.639+0800: 0.903: [GC remark 2021-01-19T22:55:32.639+0800: 0.903: [Finalize Marking, 0.0001062 secs] 2021-01-19T22:55:32.639+0800: 0.904: [GC ref-proc, 0.0002770 secs] 2021-01-19T22:55:32.639+0800: 0.904: [Unloading, 0.0003779 secs], 0.0012623 secs]
 [Times: user=0.00 sys=0.00, real=0.00 secs] 
2021-01-19T22:55:32.640+0800: 0.905: [GC cleanup 362M->362M(512M), 0.0005348 secs]
 [Times: user=0.00 sys=0.00, real=0.00 secs] 
2021-01-19T22:55:32.642+0800: 0.907: [GC pause (G1 Evacuation Pause) (young), 0.0015829 secs]
   [Parallel Time: 1.1 ms, GC Workers: 13]
      [GC Worker Start (ms): Min: 906.8, Avg: 906.9, Max: 907.0, Diff: 0.1]
      [Ext Root Scanning (ms): Min: 0.0, Avg: 0.1, Max: 0.1, Diff: 0.1, Sum: 1.0]
      [Update RS (ms): Min: 0.2, Avg: 0.2, Max: 0.3, Diff: 0.0, Sum: 3.0]
         [Processed Buffers: Min: 3, Avg: 3.5, Max: 4, Diff: 1, Sum: 45]
      [Scan RS (ms): Min: 0.0, Avg: 0.0, Max: 0.0, Diff: 0.0, Sum: 0.0]
      [Code Root Scanning (ms): Min: 0.0, Avg: 0.0, Max: 0.0, Diff: 0.0, Sum: 0.0]
      [Object Copy (ms): Min: 0.5, Avg: 0.6, Max: 0.6, Diff: 0.1, Sum: 7.6]
      [Termination (ms): Min: 0.0, Avg: 0.1, Max: 0.1, Diff: 0.1, Sum: 0.7]
         [Termination Attempts: Min: 1, Avg: 1.0, Max: 1, Diff: 0, Sum: 13]
      [GC Worker Other (ms): Min: 0.0, Avg: 0.0, Max: 0.0, Diff: 0.0, Sum: 0.1]
      [GC Worker Total (ms): Min: 0.9, Avg: 1.0, Max: 1.0, Diff: 0.1, Sum: 12.4]
      [GC Worker End (ms): Min: 907.8, Avg: 907.8, Max: 907.8, Diff: 0.0]
   [Code Root Fixup: 0.0 ms]
   [Code Root Purge: 0.0 ms]
   [Clear CT: 0.1 ms]
   [Other: 0.4 ms]
      [Choose CSet: 0.0 ms]
      [Ref Proc: 0.1 ms]
      [Ref Enq: 0.0 ms]
      [Redirty Cards: 0.1 ms]
      [Humongous Register: 0.1 ms]
      [Humongous Reclaim: 0.0 ms]
      [Free CSet: 0.0 ms]
   [Eden: 22.0M(22.0M)->0.0B(21.0M) Survivors: 3072.0K->4096.0K Heap: 375.5M(512.0M)->352.7M(512.0M)]
 [Times: user=0.00 sys=0.00, real=0.00 secs] 
2021-01-19T22:55:32.644+0800: 0.909: [GC pause (G1 Humongous Allocation) (young) (initial-mark), 0.0011329 secs]
   [Parallel Time: 0.6 ms, GC Workers: 13]
      [GC Worker Start (ms): Min: 908.7, Avg: 908.7, Max: 908.8, Diff: 0.1]
      [Ext Root Scanning (ms): Min: 0.0, Avg: 0.1, Max: 0.2, Diff: 0.2, Sum: 1.6]
      [Update RS (ms): Min: 0.0, Avg: 0.0, Max: 0.0, Diff: 0.0, Sum: 0.2]
         [Processed Buffers: Min: 0, Avg: 1.0, Max: 4, Diff: 4, Sum: 13]
      [Scan RS (ms): Min: 0.0, Avg: 0.0, Max: 0.0, Diff: 0.0, Sum: 0.0]
      [Code Root Scanning (ms): Min: 0.0, Avg: 0.0, Max: 0.0, Diff: 0.0, Sum: 0.0]
      [Object Copy (ms): Min: 0.2, Avg: 0.3, Max: 0.3, Diff: 0.1, Sum: 3.4]
      [Termination (ms): Min: 0.0, Avg: 0.1, Max: 0.1, Diff: 0.1, Sum: 0.7]
         [Termination Attempts: Min: 1, Avg: 1.0, Max: 1, Diff: 0, Sum: 13]
      [GC Worker Other (ms): Min: 0.0, Avg: 0.0, Max: 0.0, Diff: 0.0, Sum: 0.1]
      [GC Worker Total (ms): Min: 0.4, Avg: 0.5, Max: 0.5, Diff: 0.1, Sum: 6.1]
      [GC Worker End (ms): Min: 909.2, Avg: 909.2, Max: 909.2, Diff: 0.0]
   [Code Root Fixup: 0.0 ms]
   [Code Root Purge: 0.0 ms]
   [Clear CT: 0.1 ms]
   [Other: 0.4 ms]
      [Choose CSet: 0.0 ms]
      [Ref Proc: 0.2 ms]
      [Ref Enq: 0.0 ms]
      [Redirty Cards: 0.1 ms]
      [Humongous Register: 0.1 ms]
      [Humongous Reclaim: 0.0 ms]
      [Free CSet: 0.0 ms]
   [Eden: 1024.0K(21.0M)->0.0B(24.0M) Survivors: 4096.0K->1024.0K Heap: 353.6M(512.0M)->352.7M(512.0M)]
 [Times: user=0.00 sys=0.00, real=0.00 secs] 
2021-01-19T22:55:32.645+0800: 0.910: [GC concurrent-root-region-scan-start]
2021-01-19T22:55:32.645+0800: 0.910: [GC concurrent-root-region-scan-end, 0.0000336 secs]
2021-01-19T22:55:32.645+0800: 0.910: [GC concurrent-mark-start]
2021-01-19T22:55:32.646+0800: 0.911: [GC concurrent-mark-end, 0.0010327 secs]
2021-01-19T22:55:32.647+0800: 0.911: [GC remark 2021-01-19T22:55:32.647+0800: 0.911: [Finalize Marking, 0.0001789 secs] 2021-01-19T22:55:32.647+0800: 0.911: [GC ref-proc, 0.0002731 secs] 2021-01-19T22:55:32.647+0800: 0.911: [Unloading, 0.0003172 secs], 0.0012032 secs]
 [Times: user=0.00 sys=0.00, real=0.00 secs] 
2021-01-19T22:55:32.648+0800: 0.912: [GC cleanup 366M->366M(512M), 0.0005481 secs]
 [Times: user=0.00 sys=0.00, real=0.00 secs] 
2021-01-19T22:55:32.651+0800: 0.915: [GC pause (G1 Evacuation Pause) (young), 0.0018754 secs]
   [Parallel Time: 1.1 ms, GC Workers: 13]
      [GC Worker Start (ms): Min: 915.0, Avg: 915.0, Max: 915.1, Diff: 0.1]
      [Ext Root Scanning (ms): Min: 0.0, Avg: 0.1, Max: 0.1, Diff: 0.1, Sum: 1.0]
      [Update RS (ms): Min: 0.5, Avg: 0.5, Max: 0.5, Diff: 0.0, Sum: 6.8]
         [Processed Buffers: Min: 5, Avg: 7.5, Max: 9, Diff: 4, Sum: 97]
      [Scan RS (ms): Min: 0.0, Avg: 0.0, Max: 0.0, Diff: 0.0, Sum: 0.0]
      [Code Root Scanning (ms): Min: 0.0, Avg: 0.0, Max: 0.0, Diff: 0.0, Sum: 0.0]
      [Object Copy (ms): Min: 0.3, Avg: 0.4, Max: 0.4, Diff: 0.1, Sum: 4.9]
      [Termination (ms): Min: 0.0, Avg: 0.1, Max: 0.1, Diff: 0.1, Sum: 0.8]
         [Termination Attempts: Min: 1, Avg: 1.0, Max: 1, Diff: 0, Sum: 13]
      [GC Worker Other (ms): Min: 0.0, Avg: 0.0, Max: 0.0, Diff: 0.0, Sum: 0.1]
      [GC Worker Total (ms): Min: 1.0, Avg: 1.0, Max: 1.1, Diff: 0.1, Sum: 13.5]
      [GC Worker End (ms): Min: 916.1, Avg: 916.1, Max: 916.1, Diff: 0.0]
   [Code Root Fixup: 0.0 ms]
   [Code Root Purge: 0.0 ms]
   [Clear CT: 0.2 ms]
   [Other: 0.5 ms]
      [Choose CSet: 0.0 ms]
      [Ref Proc: 0.1 ms]
      [Ref Enq: 0.0 ms]
      [Redirty Cards: 0.3 ms]
      [Humongous Register: 0.1 ms]
      [Humongous Reclaim: 0.0 ms]
      [Free CSet: 0.0 ms]
   [Eden: 24.0M(24.0M)->0.0B(21.0M) Survivors: 1024.0K->4096.0K Heap: 387.4M(512.0M)->360.2M(512.0M)]
 [Times: user=0.00 sys=0.00, real=0.00 secs] 
2021-01-19T22:55:32.655+0800: 0.919: [GC pause (G1 Evacuation Pause) (mixed), 0.0028311 secs]
   [Parallel Time: 1.8 ms, GC Workers: 13]
      [GC Worker Start (ms): Min: 919.1, Avg: 919.1, Max: 919.1, Diff: 0.1]
      [Ext Root Scanning (ms): Min: 0.1, Avg: 0.1, Max: 0.1, Diff: 0.1, Sum: 1.1]
      [Update RS (ms): Min: 0.2, Avg: 0.3, Max: 1.4, Diff: 1.2, Sum: 3.8]
         [Processed Buffers: Min: 1, Avg: 3.2, Max: 4, Diff: 3, Sum: 42]
      [Scan RS (ms): Min: 0.0, Avg: 0.0, Max: 0.0, Diff: 0.0, Sum: 0.1]
      [Code Root Scanning (ms): Min: 0.0, Avg: 0.0, Max: 0.0, Diff: 0.0, Sum: 0.0]
      [Object Copy (ms): Min: 0.0, Avg: 1.1, Max: 1.3, Diff: 1.3, Sum: 14.3]
      [Termination (ms): Min: 0.0, Avg: 0.1, Max: 0.2, Diff: 0.2, Sum: 1.2]
         [Termination Attempts: Min: 1, Avg: 1.7, Max: 3, Diff: 2, Sum: 22]
      [GC Worker Other (ms): Min: 0.0, Avg: 0.0, Max: 0.0, Diff: 0.0, Sum: 0.1]
      [GC Worker Total (ms): Min: 1.5, Avg: 1.6, Max: 1.6, Diff: 0.1, Sum: 20.6]
      [GC Worker End (ms): Min: 920.7, Avg: 920.7, Max: 920.7, Diff: 0.0]
   [Code Root Fixup: 0.0 ms]
   [Code Root Purge: 0.0 ms]
   [Clear CT: 0.4 ms]
   [Other: 0.7 ms]
      [Choose CSet: 0.0 ms]
      [Ref Proc: 0.3 ms]
      [Ref Enq: 0.0 ms]
      [Redirty Cards: 0.2 ms]
      [Humongous Register: 0.1 ms]
      [Humongous Reclaim: 0.0 ms]
      [Free CSet: 0.0 ms]
   [Eden: 21.0M(21.0M)->0.0B(21.0M) Survivors: 4096.0K->4096.0K Heap: 385.0M(512.0M)->362.5M(512.0M)]
 [Times: user=0.00 sys=0.00, real=0.00 secs] 
2021-01-19T22:55:32.658+0800: 0.922: [GC pause (G1 Humongous Allocation) (young) (initial-mark), 0.0009967 secs]
   [Parallel Time: 0.5 ms, GC Workers: 13]
      [GC Worker Start (ms): Min: 922.0, Avg: 922.1, Max: 922.1, Diff: 0.1]
      [Ext Root Scanning (ms): Min: 0.1, Avg: 0.1, Max: 0.1, Diff: 0.1, Sum: 1.2]
      [Update RS (ms): Min: 0.0, Avg: 0.0, Max: 0.1, Diff: 0.1, Sum: 0.3]
         [Processed Buffers: Min: 0, Avg: 0.9, Max: 1, Diff: 1, Sum: 12]
      [Scan RS (ms): Min: 0.0, Avg: 0.0, Max: 0.0, Diff: 0.0, Sum: 0.0]
      [Code Root Scanning (ms): Min: 0.0, Avg: 0.0, Max: 0.0, Diff: 0.0, Sum: 0.0]
      [Object Copy (ms): Min: 0.1, Avg: 0.2, Max: 0.3, Diff: 0.1, Sum: 2.8]
      [Termination (ms): Min: 0.0, Avg: 0.1, Max: 0.1, Diff: 0.1, Sum: 0.8]
         [Termination Attempts: Min: 1, Avg: 1.0, Max: 1, Diff: 0, Sum: 13]
      [GC Worker Other (ms): Min: 0.0, Avg: 0.0, Max: 0.0, Diff: 0.0, Sum: 0.1]
      [GC Worker Total (ms): Min: 0.4, Avg: 0.4, Max: 0.4, Diff: 0.1, Sum: 5.2]
      [GC Worker End (ms): Min: 922.5, Avg: 922.5, Max: 922.5, Diff: 0.0]
   [Code Root Fixup: 0.0 ms]
   [Code Root Purge: 0.0 ms]
   [Clear CT: 0.1 ms]
   [Other: 0.4 ms]
      [Choose CSet: 0.0 ms]
      [Ref Proc: 0.1 ms]
      [Ref Enq: 0.0 ms]
      [Redirty Cards: 0.1 ms]
      [Humongous Register: 0.1 ms]
      [Humongous Reclaim: 0.0 ms]
      [Free CSet: 0.0 ms]
   [Eden: 1024.0K(21.0M)->0.0B(24.0M) Survivors: 4096.0K->1024.0K Heap: 363.2M(512.0M)->363.1M(512.0M)]
 [Times: user=0.00 sys=0.00, real=0.00 secs] 
2021-01-19T22:55:32.659+0800: 0.923: [GC concurrent-root-region-scan-start]
2021-01-19T22:55:32.659+0800: 0.923: [GC concurrent-root-region-scan-end, 0.0000440 secs]
2021-01-19T22:55:32.659+0800: 0.923: [GC concurrent-mark-start]
2021-01-19T22:55:32.660+0800: 0.924: [GC concurrent-mark-end, 0.0010058 secs]
2021-01-19T22:55:32.660+0800: 0.924: [GC remark 2021-01-19T22:55:32.660+0800: 0.924: [Finalize Marking, 0.0001435 secs] 2021-01-19T22:55:32.660+0800: 0.924: [GC ref-proc, 0.0002792 secs] 2021-01-19T22:55:32.660+0800: 0.925: [Unloading, 0.0003387 secs], 0.0011895 secs]
 [Times: user=0.00 sys=0.00, real=0.00 secs] 
2021-01-19T22:55:32.661+0800: 0.925: [GC cleanup 371M->371M(512M), 0.0005652 secs]
 [Times: user=0.00 sys=0.00, real=0.00 secs] 
2021-01-19T22:55:32.664+0800: 0.928: [GC pause (G1 Evacuation Pause) (young), 0.0027914 secs]
   [Parallel Time: 1.6 ms, GC Workers: 13]
      [GC Worker Start (ms): Min: 928.1, Avg: 928.2, Max: 928.2, Diff: 0.1]
      [Ext Root Scanning (ms): Min: 0.0, Avg: 0.1, Max: 0.1, Diff: 0.1, Sum: 0.9]
      [Update RS (ms): Min: 0.3, Avg: 0.3, Max: 0.4, Diff: 0.0, Sum: 4.5]
         [Processed Buffers: Min: 5, Avg: 5.2, Max: 7, Diff: 2, Sum: 68]
      [Scan RS (ms): Min: 0.0, Avg: 0.0, Max: 0.0, Diff: 0.0, Sum: 0.0]
      [Code Root Scanning (ms): Min: 0.0, Avg: 0.0, Max: 0.0, Diff: 0.0, Sum: 0.0]
      [Object Copy (ms): Min: 0.5, Avg: 0.6, Max: 0.7, Diff: 0.1, Sum: 7.9]
      [Termination (ms): Min: 0.0, Avg: 0.1, Max: 0.2, Diff: 0.2, Sum: 1.1]
         [Termination Attempts: Min: 1, Avg: 1.0, Max: 1, Diff: 0, Sum: 13]
      [GC Worker Other (ms): Min: 0.0, Avg: 0.0, Max: 0.0, Diff: 0.0, Sum: 0.1]
      [GC Worker Total (ms): Min: 1.1, Avg: 1.1, Max: 1.2, Diff: 0.1, Sum: 14.6]
      [GC Worker End (ms): Min: 929.3, Avg: 929.3, Max: 929.3, Diff: 0.0]
   [Code Root Fixup: 0.0 ms]
   [Code Root Purge: 0.0 ms]
   [Clear CT: 0.6 ms]
   [Other: 0.5 ms]
      [Choose CSet: 0.0 ms]
      [Ref Proc: 0.3 ms]
      [Ref Enq: 0.0 ms]
      [Redirty Cards: 0.1 ms]
      [Humongous Register: 0.1 ms]
      [Humongous Reclaim: 0.0 ms]
      [Free CSet: 0.0 ms]
   [Eden: 24.0M(24.0M)->0.0B(21.0M) Survivors: 1024.0K->4096.0K Heap: 394.3M(512.0M)->375.1M(512.0M)]
 [Times: user=0.00 sys=0.00, real=0.00 secs] 
2021-01-19T22:55:32.669+0800: 0.933: [GC pause (G1 Evacuation Pause) (mixed) (to-space exhausted), 0.0028398 secs]
   [Parallel Time: 1.7 ms, GC Workers: 13]
      [GC Worker Start (ms): Min: 933.2, Avg: 933.3, Max: 933.4, Diff: 0.1]
      [Ext Root Scanning (ms): Min: 0.0, Avg: 0.1, Max: 0.1, Diff: 0.1, Sum: 0.8]
      [Update RS (ms): Min: 0.4, Avg: 0.4, Max: 0.4, Diff: 0.1, Sum: 4.9]
         [Processed Buffers: Min: 0, Avg: 5.7, Max: 7, Diff: 7, Sum: 74]
      [Scan RS (ms): Min: 0.0, Avg: 0.0, Max: 0.0, Diff: 0.0, Sum: 0.1]
      [Code Root Scanning (ms): Min: 0.0, Avg: 0.0, Max: 0.0, Diff: 0.0, Sum: 0.0]
      [Object Copy (ms): Min: 1.0, Avg: 1.0, Max: 1.0, Diff: 0.1, Sum: 13.1]
      [Termination (ms): Min: 0.0, Avg: 0.0, Max: 0.0, Diff: 0.0, Sum: 0.4]
         [Termination Attempts: Min: 1, Avg: 1.3, Max: 3, Diff: 2, Sum: 17]
      [GC Worker Other (ms): Min: 0.0, Avg: 0.0, Max: 0.0, Diff: 0.0, Sum: 0.1]
      [GC Worker Total (ms): Min: 1.5, Avg: 1.5, Max: 1.6, Diff: 0.1, Sum: 19.5]
      [GC Worker End (ms): Min: 934.8, Avg: 934.8, Max: 934.8, Diff: 0.0]
   [Code Root Fixup: 0.0 ms]
   [Code Root Purge: 0.0 ms]
   [Clear CT: 0.4 ms]
   [Other: 0.7 ms]
      [Evacuation Failure: 0.3 ms]
      [Choose CSet: 0.0 ms]
      [Ref Proc: 0.1 ms]
      [Ref Enq: 0.0 ms]
      [Redirty Cards: 0.2 ms]
      [Humongous Register: 0.1 ms]
      [Humongous Reclaim: 0.0 ms]
      [Free CSet: 0.0 ms]
   [Eden: 21.0M(21.0M)->0.0B(21.0M) Survivors: 4096.0K->4096.0K Heap: 403.7M(512.0M)->398.7M(512.0M)]
 [Times: user=0.00 sys=0.00, real=0.00 secs] 
2021-01-19T22:55:32.672+0800: 0.936: [GC pause (G1 Humongous Allocation) (young) (initial-mark), 0.0011139 secs]
   [Parallel Time: 0.6 ms, GC Workers: 13]
      [GC Worker Start (ms): Min: 936.2, Avg: 936.3, Max: 936.4, Diff: 0.1]
      [Ext Root Scanning (ms): Min: 0.0, Avg: 0.1, Max: 0.2, Diff: 0.1, Sum: 1.6]
      [Update RS (ms): Min: 0.0, Avg: 0.0, Max: 0.0, Diff: 0.0, Sum: 0.3]
         [Processed Buffers: Min: 0, Avg: 2.1, Max: 6, Diff: 6, Sum: 27]
      [Scan RS (ms): Min: 0.0, Avg: 0.0, Max: 0.0, Diff: 0.0, Sum: 0.0]
      [Code Root Scanning (ms): Min: 0.0, Avg: 0.0, Max: 0.0, Diff: 0.0, Sum: 0.0]
      [Object Copy (ms): Min: 0.1, Avg: 0.2, Max: 0.3, Diff: 0.1, Sum: 2.7]
      [Termination (ms): Min: 0.0, Avg: 0.1, Max: 0.1, Diff: 0.1, Sum: 0.8]
         [Termination Attempts: Min: 1, Avg: 1.0, Max: 1, Diff: 0, Sum: 13]
      [GC Worker Other (ms): Min: 0.0, Avg: 0.0, Max: 0.0, Diff: 0.0, Sum: 0.1]
      [GC Worker Total (ms): Min: 0.3, Avg: 0.4, Max: 0.5, Diff: 0.1, Sum: 5.5]
      [GC Worker End (ms): Min: 936.7, Avg: 936.7, Max: 936.7, Diff: 0.0]
   [Code Root Fixup: 0.0 ms]
   [Code Root Purge: 0.0 ms]
   [Clear CT: 0.1 ms]
   [Other: 0.4 ms]
      [Choose CSet: 0.0 ms]
      [Ref Proc: 0.2 ms]
      [Ref Enq: 0.0 ms]
      [Redirty Cards: 0.1 ms]
      [Humongous Register: 0.1 ms]
      [Humongous Reclaim: 0.0 ms]
      [Free CSet: 0.0 ms]
   [Eden: 1024.0K(21.0M)->0.0B(24.0M) Survivors: 4096.0K->1024.0K Heap: 399.6M(512.0M)->398.7M(512.0M)]
 [Times: user=0.00 sys=0.00, real=0.00 secs] 
2021-01-19T22:55:32.673+0800: 0.937: [GC concurrent-root-region-scan-start]
2021-01-19T22:55:32.673+0800: 0.937: [GC concurrent-root-region-scan-end, 0.0001130 secs]
2021-01-19T22:55:32.673+0800: 0.937: [GC concurrent-mark-start]
2021-01-19T22:55:32.674+0800: 0.939: [GC concurrent-mark-end, 0.0010138 secs]
2021-01-19T22:55:32.674+0800: 0.939: [GC remark 2021-01-19T22:55:32.674+0800: 0.939: [Finalize Marking, 0.0004142 secs] 2021-01-19T22:55:32.675+0800: 0.939: [GC ref-proc, 0.0002733 secs] 2021-01-19T22:55:32.675+0800: 0.939: [Unloading, 0.0005378 secs], 0.0016558 secs]
 [Times: user=0.00 sys=0.00, real=0.00 secs] 
2021-01-19T22:55:32.676+0800: 0.940: [GC cleanup 414M->414M(512M), 0.0007353 secs]
 [Times: user=0.00 sys=0.00, real=0.00 secs] 
2021-01-19T22:55:32.677+0800: 0.942: [GC pause (G1 Humongous Allocation) (young) (to-space exhausted), 0.0012316 secs]
   [Parallel Time: 0.6 ms, GC Workers: 13]
      [GC Worker Start (ms): Min: 941.7, Avg: 941.8, Max: 941.8, Diff: 0.1]
      [Ext Root Scanning (ms): Min: 0.0, Avg: 0.1, Max: 0.1, Diff: 0.1, Sum: 1.0]
      [Update RS (ms): Min: 0.2, Avg: 0.3, Max: 0.3, Diff: 0.0, Sum: 3.3]
         [Processed Buffers: Min: 1, Avg: 3.6, Max: 5, Diff: 4, Sum: 47]
      [Scan RS (ms): Min: 0.0, Avg: 0.0, Max: 0.0, Diff: 0.0, Sum: 0.0]
      [Code Root Scanning (ms): Min: 0.0, Avg: 0.0, Max: 0.0, Diff: 0.0, Sum: 0.0]
      [Object Copy (ms): Min: 0.0, Avg: 0.0, Max: 0.1, Diff: 0.1, Sum: 0.6]
      [Termination (ms): Min: 0.0, Avg: 0.0, Max: 0.0, Diff: 0.0, Sum: 0.3]
         [Termination Attempts: Min: 1, Avg: 1.0, Max: 1, Diff: 0, Sum: 13]
      [GC Worker Other (ms): Min: 0.0, Avg: 0.0, Max: 0.0, Diff: 0.0, Sum: 0.1]
      [GC Worker Total (ms): Min: 0.4, Avg: 0.4, Max: 0.4, Diff: 0.1, Sum: 5.3]
      [GC Worker End (ms): Min: 942.2, Avg: 942.2, Max: 942.2, Diff: 0.0]
   [Code Root Fixup: 0.0 ms]
   [Code Root Purge: 0.0 ms]
   [Clear CT: 0.1 ms]
   [Other: 0.5 ms]
      [Evacuation Failure: 0.1 ms]
      [Choose CSet: 0.0 ms]
      [Ref Proc: 0.2 ms]
      [Ref Enq: 0.0 ms]
      [Redirty Cards: 0.1 ms]
      [Humongous Register: 0.1 ms]
      [Humongous Reclaim: 0.0 ms]
      [Free CSet: 0.0 ms]
   [Eden: 15.0M(24.0M)->0.0B(25.0M) Survivors: 1024.0K->0.0B Heap: 418.1M(512.0M)->411.3M(512.0M)]
 [Times: user=0.00 sys=0.00, real=0.00 secs] 
2021-01-19T22:55:32.679+0800: 0.944: [GC pause (G1 Humongous Allocation) (mixed) (to-space exhausted), 0.0014669 secs]
   [Parallel Time: 0.6 ms, GC Workers: 13]
      [GC Worker Start (ms): Min: 943.6, Avg: 943.7, Max: 943.7, Diff: 0.1]
      [Ext Root Scanning (ms): Min: 0.0, Avg: 0.1, Max: 0.1, Diff: 0.1, Sum: 0.9]
      [Update RS (ms): Min: 0.1, Avg: 0.1, Max: 0.2, Diff: 0.1, Sum: 1.9]
         [Processed Buffers: Min: 2, Avg: 3.3, Max: 4, Diff: 2, Sum: 43]
      [Scan RS (ms): Min: 0.0, Avg: 0.0, Max: 0.0, Diff: 0.0, Sum: 0.1]
      [Code Root Scanning (ms): Min: 0.0, Avg: 0.0, Max: 0.0, Diff: 0.0, Sum: 0.0]
      [Object Copy (ms): Min: 0.2, Avg: 0.2, Max: 0.2, Diff: 0.1, Sum: 2.5]
      [Termination (ms): Min: 0.0, Avg: 0.0, Max: 0.1, Diff: 0.1, Sum: 0.5]
         [Termination Attempts: Min: 1, Avg: 1.0, Max: 1, Diff: 0, Sum: 13]
      [GC Worker Other (ms): Min: 0.0, Avg: 0.0, Max: 0.0, Diff: 0.0, Sum: 0.1]
      [GC Worker Total (ms): Min: 0.4, Avg: 0.5, Max: 0.5, Diff: 0.1, Sum: 5.9]
      [GC Worker End (ms): Min: 944.1, Avg: 944.1, Max: 944.1, Diff: 0.0]
   [Code Root Fixup: 0.0 ms]
   [Code Root Purge: 0.0 ms]
   [Clear CT: 0.3 ms]
   [Other: 0.5 ms]
      [Evacuation Failure: 0.1 ms]
      [Choose CSet: 0.0 ms]
      [Ref Proc: 0.1 ms]
      [Ref Enq: 0.0 ms]
      [Redirty Cards: 0.2 ms]
      [Humongous Register: 0.1 ms]
      [Humongous Reclaim: 0.0 ms]
      [Free CSet: 0.0 ms]
   [Eden: 6144.0K(25.0M)->0.0B(25.0M) Survivors: 0.0B->0.0B Heap: 419.7M(512.0M)->417.3M(512.0M)]
 [Times: user=0.00 sys=0.00, real=0.00 secs] 
2021-01-19T22:55:32.681+0800: 0.945: [GC pause (G1 Evacuation Pause) (mixed) (to-space exhausted), 0.0012115 secs]
   [Parallel Time: 0.5 ms, GC Workers: 13]
      [GC Worker Start (ms): Min: 945.5, Avg: 945.5, Max: 945.5, Diff: 0.1]
      [Ext Root Scanning (ms): Min: 0.0, Avg: 0.1, Max: 0.1, Diff: 0.1, Sum: 1.0]
      [Update RS (ms): Min: 0.1, Avg: 0.1, Max: 0.1, Diff: 0.1, Sum: 1.0]
         [Processed Buffers: Min: 0, Avg: 2.7, Max: 7, Diff: 7, Sum: 35]
      [Scan RS (ms): Min: 0.0, Avg: 0.0, Max: 0.0, Diff: 0.0, Sum: 0.1]
      [Code Root Scanning (ms): Min: 0.0, Avg: 0.0, Max: 0.0, Diff: 0.0, Sum: 0.0]
      [Object Copy (ms): Min: 0.1, Avg: 0.1, Max: 0.2, Diff: 0.1, Sum: 1.9]
      [Termination (ms): Min: 0.0, Avg: 0.0, Max: 0.1, Diff: 0.1, Sum: 0.4]
         [Termination Attempts: Min: 1, Avg: 1.0, Max: 1, Diff: 0, Sum: 13]
      [GC Worker Other (ms): Min: 0.0, Avg: 0.0, Max: 0.0, Diff: 0.0, Sum: 0.1]
      [GC Worker Total (ms): Min: 0.3, Avg: 0.3, Max: 0.4, Diff: 0.1, Sum: 4.5]
      [GC Worker End (ms): Min: 945.9, Avg: 945.9, Max: 945.9, Diff: 0.0]
   [Code Root Fixup: 0.0 ms]
   [Code Root Purge: 0.0 ms]
   [Clear CT: 0.1 ms]
   [Other: 0.6 ms]
      [Evacuation Failure: 0.2 ms]
      [Choose CSet: 0.0 ms]
      [Ref Proc: 0.2 ms]
      [Ref Enq: 0.0 ms]
      [Redirty Cards: 0.2 ms]
      [Humongous Register: 0.1 ms]
      [Humongous Reclaim: 0.0 ms]
      [Free CSet: 0.0 ms]
   [Eden: 2048.0K(25.0M)->0.0B(25.0M) Survivors: 0.0B->0.0B Heap: 420.0M(512.0M)->419.0M(512.0M)]
 [Times: user=0.00 sys=0.00, real=0.00 secs] 
2021-01-19T22:55:32.682+0800: 0.947: [GC pause (G1 Humongous Allocation) (young) (initial-mark) (to-space exhausted), 0.0010347 secs]
   [Parallel Time: 0.2 ms, GC Workers: 13]
      [GC Worker Start (ms): Min: 946.9, Avg: 946.9, Max: 946.9, Diff: 0.1]
      [Ext Root Scanning (ms): Min: 0.0, Avg: 0.1, Max: 0.1, Diff: 0.1, Sum: 1.0]
      [Update RS (ms): Min: 0.0, Avg: 0.0, Max: 0.0, Diff: 0.0, Sum: 0.3]
         [Processed Buffers: Min: 0, Avg: 1.7, Max: 5, Diff: 5, Sum: 22]
      [Scan RS (ms): Min: 0.0, Avg: 0.0, Max: 0.0, Diff: 0.0, Sum: 0.0]
      [Code Root Scanning (ms): Min: 0.0, Avg: 0.0, Max: 0.0, Diff: 0.0, Sum: 0.0]
      [Object Copy (ms): Min: 0.0, Avg: 0.0, Max: 0.0, Diff: 0.0, Sum: 0.0]
      [Termination (ms): Min: 0.0, Avg: 0.0, Max: 0.0, Diff: 0.0, Sum: 0.1]
         [Termination Attempts: Min: 1, Avg: 1.0, Max: 1, Diff: 0, Sum: 13]
      [GC Worker Other (ms): Min: 0.0, Avg: 0.0, Max: 0.0, Diff: 0.0, Sum: 0.0]
      [GC Worker Total (ms): Min: 0.1, Avg: 0.1, Max: 0.2, Diff: 0.1, Sum: 1.5]
      [GC Worker End (ms): Min: 947.0, Avg: 947.0, Max: 947.0, Diff: 0.0]
   [Code Root Fixup: 0.0 ms]
   [Code Root Purge: 0.0 ms]
   [Clear CT: 0.3 ms]
   [Other: 0.5 ms]
      [Evacuation Failure: 0.1 ms]
      [Choose CSet: 0.0 ms]
      [Ref Proc: 0.2 ms]
      [Ref Enq: 0.0 ms]
      [Redirty Cards: 0.1 ms]
      [Humongous Register: 0.0 ms]
      [Humongous Reclaim: 0.0 ms]
      [Free CSet: 0.0 ms]
   [Eden: 1024.0K(25.0M)->0.0B(25.0M) Survivors: 0.0B->0.0B Heap: 419.8M(512.0M)->419.8M(512.0M)]
 [Times: user=0.00 sys=0.01, real=0.00 secs] 
2021-01-19T22:55:32.684+0800: 0.948: [GC concurrent-root-region-scan-start]
2021-01-19T22:55:32.684+0800: 0.948: [GC concurrent-root-region-scan-end, 0.0000047 secs]
2021-01-19T22:55:32.684+0800: 0.948: [GC concurrent-mark-start]
2021-01-19T22:55:32.684+0800: 0.948: [GC pause (G1 Humongous Allocation) (young), 0.0007204 secs]
   [Parallel Time: 0.2 ms, GC Workers: 13]
      [GC Worker Start (ms): Min: 948.0, Avg: 948.1, Max: 948.1, Diff: 0.1]
      [Ext Root Scanning (ms): Min: 0.0, Avg: 0.1, Max: 0.1, Diff: 0.1, Sum: 1.0]
      [Update RS (ms): Min: 0.0, Avg: 0.0, Max: 0.0, Diff: 0.0, Sum: 0.4]
         [Processed Buffers: Min: 0, Avg: 1.0, Max: 2, Diff: 2, Sum: 13]
      [Scan RS (ms): Min: 0.0, Avg: 0.0, Max: 0.0, Diff: 0.0, Sum: 0.0]
      [Code Root Scanning (ms): Min: 0.0, Avg: 0.0, Max: 0.0, Diff: 0.0, Sum: 0.0]
      [Object Copy (ms): Min: 0.0, Avg: 0.0, Max: 0.0, Diff: 0.0, Sum: 0.0]
      [Termination (ms): Min: 0.0, Avg: 0.0, Max: 0.0, Diff: 0.0, Sum: 0.2]
         [Termination Attempts: Min: 1, Avg: 1.0, Max: 1, Diff: 0, Sum: 13]
      [GC Worker Other (ms): Min: 0.0, Avg: 0.0, Max: 0.0, Diff: 0.0, Sum: 0.0]
      [GC Worker Total (ms): Min: 0.1, Avg: 0.1, Max: 0.2, Diff: 0.1, Sum: 1.6]
      [GC Worker End (ms): Min: 948.2, Avg: 948.2, Max: 948.2, Diff: 0.0]
   [Code Root Fixup: 0.0 ms]
   [Code Root Purge: 0.0 ms]
   [Clear CT: 0.1 ms]
   [Other: 0.4 ms]
      [Choose CSet: 0.0 ms]
      [Ref Proc: 0.2 ms]
      [Ref Enq: 0.0 ms]
      [Redirty Cards: 0.1 ms]
      [Humongous Register: 0.0 ms]
      [Humongous Reclaim: 0.0 ms]
      [Free CSet: 0.0 ms]
   [Eden: 0.0B(25.0M)->0.0B(25.0M) Survivors: 0.0B->0.0B Heap: 419.8M(512.0M)->419.8M(512.0M)]
 [Times: user=0.00 sys=0.00, real=0.00 secs] 
2021-01-19T22:55:32.685+0800: 0.949: [Full GC (Allocation Failure)  419M->352M(512M), 0.0251778 secs]
   [Eden: 0.0B(25.0M)->0.0B(25.0M) Survivors: 0.0B->0.0B Heap: 419.8M(512.0M)->352.5M(512.0M)], [Metaspace: 3308K->3308K(1056768K)]
 [Times: user=0.02 sys=0.00, real=0.03 secs] 
2021-01-19T22:55:32.710+0800: 0.974: [GC concurrent-mark-abort]
2021-01-19T22:55:32.710+0800: 0.975: [GC pause (G1 Humongous Allocation) (young) (initial-mark), 0.0026321 secs]
   [Parallel Time: 0.8 ms, GC Workers: 13]
      [GC Worker Start (ms): Min: 974.7, Avg: 974.8, Max: 974.9, Diff: 0.2]
      [Ext Root Scanning (ms): Min: 0.0, Avg: 0.1, Max: 0.2, Diff: 0.2, Sum: 0.8]
      [Update RS (ms): Min: 0.0, Avg: 0.0, Max: 0.1, Diff: 0.1, Sum: 0.5]
         [Processed Buffers: Min: 0, Avg: 0.5, Max: 1, Diff: 1, Sum: 7]
      [Scan RS (ms): Min: 0.0, Avg: 0.0, Max: 0.0, Diff: 0.0, Sum: 0.0]
      [Code Root Scanning (ms): Min: 0.0, Avg: 0.0, Max: 0.0, Diff: 0.0, Sum: 0.0]
      [Object Copy (ms): Min: 0.0, Avg: 0.0, Max: 0.0, Diff: 0.0, Sum: 0.1]
      [Termination (ms): Min: 0.0, Avg: 0.1, Max: 0.1, Diff: 0.1, Sum: 0.7]
         [Termination Attempts: Min: 1, Avg: 2.2, Max: 7, Diff: 6, Sum: 29]
      [GC Worker Other (ms): Min: 0.0, Avg: 0.0, Max: 0.0, Diff: 0.0, Sum: 0.1]
      [GC Worker Total (ms): Min: 0.1, Avg: 0.2, Max: 0.3, Diff: 0.2, Sum: 2.3]
      [GC Worker End (ms): Min: 975.0, Avg: 975.0, Max: 975.0, Diff: 0.0]
   [Code Root Fixup: 0.0 ms]
   [Code Root Purge: 0.0 ms]
   [Clear CT: 0.7 ms]
   [Other: 1.1 ms]
      [Choose CSet: 0.0 ms]
      [Ref Proc: 0.7 ms]
      [Ref Enq: 0.0 ms]
      [Redirty Cards: 0.3 ms]
      [Humongous Register: 0.1 ms]
      [Humongous Reclaim: 0.0 ms]
      [Free CSet: 0.0 ms]
   [Eden: 3072.0K(25.0M)->0.0B(24.0M) Survivors: 0.0B->1024.0K Heap: 355.8M(512.0M)->352.1M(512.0M)]
 [Times: user=0.00 sys=0.00, real=0.00 secs] 
2021-01-19T22:55:32.713+0800: 0.977: [GC concurrent-root-region-scan-start]
2021-01-19T22:55:32.713+0800: 0.977: [GC concurrent-root-region-scan-end, 0.0000607 secs]
2021-01-19T22:55:32.713+0800: 0.977: [GC concurrent-mark-start]
2021-01-19T22:55:32.714+0800: 0.979: [GC concurrent-mark-end, 0.0013072 secs]
2021-01-19T22:55:32.715+0800: 0.979: [GC remark 2021-01-19T22:55:32.715+0800: 0.979: [Finalize Marking, 0.0001170 secs] 2021-01-19T22:55:32.715+0800: 0.979: [GC ref-proc, 0.0002746 secs] 2021-01-19T22:55:32.715+0800: 0.979: [Unloading, 0.0004208 secs], 0.0013044 secs]
 [Times: user=0.19 sys=0.02, real=0.00 secs] 
2021-01-19T22:55:32.716+0800: 0.980: [GC cleanup 370M->370M(512M), 0.0008704 secs]
 [Times: user=0.00 sys=0.00, real=0.00 secs] 
2021-01-19T22:55:32.718+0800: 0.982: [GC pause (G1 Evacuation Pause) (young), 0.0015566 secs]
   [Parallel Time: 1.0 ms, GC Workers: 13]
      [GC Worker Start (ms): Min: 982.2, Avg: 982.2, Max: 982.2, Diff: 0.1]
      [Ext Root Scanning (ms): Min: 0.0, Avg: 0.1, Max: 0.1, Diff: 0.1, Sum: 1.1]
      [Update RS (ms): Min: 0.2, Avg: 0.2, Max: 0.2, Diff: 0.0, Sum: 2.7]
         [Processed Buffers: Min: 2, Avg: 3.2, Max: 4, Diff: 2, Sum: 41]
      [Scan RS (ms): Min: 0.0, Avg: 0.0, Max: 0.0, Diff: 0.0, Sum: 0.0]
      [Code Root Scanning (ms): Min: 0.0, Avg: 0.0, Max: 0.0, Diff: 0.0, Sum: 0.0]
      [Object Copy (ms): Min: 0.5, Avg: 0.6, Max: 0.6, Diff: 0.1, Sum: 7.2]
      [Termination (ms): Min: 0.0, Avg: 0.0, Max: 0.1, Diff: 0.1, Sum: 0.6]
         [Termination Attempts: Min: 1, Avg: 1.0, Max: 1, Diff: 0, Sum: 13]
      [GC Worker Other (ms): Min: 0.0, Avg: 0.0, Max: 0.0, Diff: 0.0, Sum: 0.1]
      [GC Worker Total (ms): Min: 0.9, Avg: 0.9, Max: 0.9, Diff: 0.1, Sum: 11.7]
      [GC Worker End (ms): Min: 983.1, Avg: 983.1, Max: 983.1, Diff: 0.0]
   [Code Root Fixup: 0.0 ms]
   [Code Root Purge: 0.0 ms]
   [Clear CT: 0.1 ms]
   [Other: 0.4 ms]
      [Choose CSet: 0.0 ms]
      [Ref Proc: 0.2 ms]
      [Ref Enq: 0.0 ms]
      [Redirty Cards: 0.1 ms]
      [Humongous Register: 0.1 ms]
      [Humongous Reclaim: 0.0 ms]
      [Free CSet: 0.0 ms]
   [Eden: 24.0M(24.0M)->0.0B(21.0M) Survivors: 1024.0K->4096.0K Heap: 380.4M(512.0M)->361.4M(512.0M)]
 [Times: user=0.00 sys=0.00, real=0.00 secs] 
2021-01-19T22:55:32.720+0800: 0.984: [GC pause (G1 Humongous Allocation) (young) (initial-mark), 0.0010083 secs]
   [Parallel Time: 0.5 ms, GC Workers: 13]
      [GC Worker Start (ms): Min: 983.9, Avg: 983.9, Max: 984.0, Diff: 0.1]
      [Ext Root Scanning (ms): Min: 0.0, Avg: 0.1, Max: 0.1, Diff: 0.1, Sum: 1.0]
      [Update RS (ms): Min: 0.0, Avg: 0.0, Max: 0.1, Diff: 0.0, Sum: 0.3]
         [Processed Buffers: Min: 0, Avg: 0.9, Max: 2, Diff: 2, Sum: 12]
      [Scan RS (ms): Min: 0.0, Avg: 0.0, Max: 0.0, Diff: 0.0, Sum: 0.0]
      [Code Root Scanning (ms): Min: 0.0, Avg: 0.0, Max: 0.0, Diff: 0.0, Sum: 0.0]
      [Object Copy (ms): Min: 0.2, Avg: 0.2, Max: 0.3, Diff: 0.1, Sum: 2.9]
      [Termination (ms): Min: 0.0, Avg: 0.0, Max: 0.1, Diff: 0.1, Sum: 0.4]
         [Termination Attempts: Min: 1, Avg: 1.0, Max: 1, Diff: 0, Sum: 13]
      [GC Worker Other (ms): Min: 0.0, Avg: 0.0, Max: 0.0, Diff: 0.0, Sum: 0.1]
      [GC Worker Total (ms): Min: 0.3, Avg: 0.4, Max: 0.4, Diff: 0.1, Sum: 4.7]
      [GC Worker End (ms): Min: 984.3, Avg: 984.3, Max: 984.3, Diff: 0.0]
   [Code Root Fixup: 0.0 ms]
   [Code Root Purge: 0.0 ms]
   [Clear CT: 0.1 ms]
   [Other: 0.4 ms]
      [Choose CSet: 0.0 ms]
      [Ref Proc: 0.2 ms]
      [Ref Enq: 0.0 ms]
      [Redirty Cards: 0.1 ms]
      [Humongous Register: 0.1 ms]
      [Humongous Reclaim: 0.0 ms]
      [Free CSet: 0.0 ms]
   [Eden: 1024.0K(21.0M)->0.0B(24.0M) Survivors: 4096.0K->1024.0K Heap: 362.3M(512.0M)->361.6M(512.0M)]
 [Times: user=0.00 sys=0.00, real=0.00 secs] 
2021-01-19T22:55:32.721+0800: 0.985: [GC concurrent-root-region-scan-start]
2021-01-19T22:55:32.721+0800: 0.985: [GC concurrent-root-region-scan-end, 0.0001041 secs]
2021-01-19T22:55:32.721+0800: 0.985: [GC concurrent-mark-start]
2021-01-19T22:55:32.723+0800: 0.987: [GC concurrent-mark-end, 0.0021432 secs]
2021-01-19T22:55:32.723+0800: 0.987: [GC remark 2021-01-19T22:55:32.723+0800: 0.987: [Finalize Marking, 0.0002923 secs] 2021-01-19T22:55:32.723+0800: 0.988: [GC ref-proc, 0.0002776 secs] 2021-01-19T22:55:32.724+0800: 0.988: [Unloading, 0.0003957 secs], 0.0014373 secs]
 [Times: user=0.00 sys=0.00, real=0.00 secs] 
2021-01-19T22:55:32.725+0800: 0.989: [GC cleanup 381M->381M(512M), 0.0007666 secs]
 [Times: user=0.00 sys=0.00, real=0.00 secs] 
2021-01-19T22:55:32.727+0800: 0.991: [GC pause (G1 Evacuation Pause) (young), 0.0014638 secs]
   [Parallel Time: 0.9 ms, GC Workers: 13]
      [GC Worker Start (ms): Min: 990.8, Avg: 990.8, Max: 990.8, Diff: 0.1]
      [Ext Root Scanning (ms): Min: 0.0, Avg: 0.1, Max: 0.1, Diff: 0.1, Sum: 1.1]
      [Update RS (ms): Min: 0.3, Avg: 0.3, Max: 0.3, Diff: 0.1, Sum: 4.1]
         [Processed Buffers: Min: 4, Avg: 4.8, Max: 6, Diff: 2, Sum: 63]
      [Scan RS (ms): Min: 0.0, Avg: 0.0, Max: 0.0, Diff: 0.0, Sum: 0.0]
      [Code Root Scanning (ms): Min: 0.0, Avg: 0.0, Max: 0.0, Diff: 0.0, Sum: 0.0]
      [Object Copy (ms): Min: 0.3, Avg: 0.4, Max: 0.4, Diff: 0.1, Sum: 4.8]
      [Termination (ms): Min: 0.0, Avg: 0.0, Max: 0.1, Diff: 0.1, Sum: 0.5]
         [Termination Attempts: Min: 1, Avg: 1.0, Max: 1, Diff: 0, Sum: 13]
      [GC Worker Other (ms): Min: 0.0, Avg: 0.0, Max: 0.0, Diff: 0.0, Sum: 0.1]
      [GC Worker Total (ms): Min: 0.8, Avg: 0.8, Max: 0.8, Diff: 0.1, Sum: 10.5]
      [GC Worker End (ms): Min: 991.6, Avg: 991.6, Max: 991.6, Diff: 0.0]
   [Code Root Fixup: 0.0 ms]
   [Code Root Purge: 0.0 ms]
   [Clear CT: 0.1 ms]
   [Other: 0.4 ms]
      [Choose CSet: 0.0 ms]
      [Ref Proc: 0.2 ms]
      [Ref Enq: 0.0 ms]
      [Redirty Cards: 0.1 ms]
      [Humongous Register: 0.1 ms]
      [Humongous Reclaim: 0.0 ms]
      [Free CSet: 0.0 ms]
   [Eden: 24.0M(24.0M)->0.0B(21.0M) Survivors: 1024.0K->4096.0K Heap: 392.1M(512.0M)->370.2M(512.0M)]
 [Times: user=0.00 sys=0.00, real=0.00 secs] 
2021-01-19T22:55:32.730+0800: 0.994: [GC pause (G1 Evacuation Pause) (mixed) (to-space exhausted), 0.0022820 secs]
   [Parallel Time: 1.6 ms, GC Workers: 13]
      [GC Worker Start (ms): Min: 994.5, Avg: 994.6, Max: 994.6, Diff: 0.1]
      [Ext Root Scanning (ms): Min: 0.0, Avg: 0.1, Max: 0.1, Diff: 0.1, Sum: 1.1]
      [Update RS (ms): Min: 0.3, Avg: 0.4, Max: 0.4, Diff: 0.1, Sum: 4.8]
         [Processed Buffers: Min: 5, Avg: 5.6, Max: 6, Diff: 1, Sum: 73]
      [Scan RS (ms): Min: 0.0, Avg: 0.0, Max: 0.0, Diff: 0.0, Sum: 0.1]
      [Code Root Scanning (ms): Min: 0.0, Avg: 0.0, Max: 0.0, Diff: 0.0, Sum: 0.0]
      [Object Copy (ms): Min: 0.8, Avg: 0.8, Max: 0.8, Diff: 0.1, Sum: 10.3]
      [Termination (ms): Min: 0.0, Avg: 0.0, Max: 0.0, Diff: 0.0, Sum: 0.3]
         [Termination Attempts: Min: 1, Avg: 1.0, Max: 1, Diff: 0, Sum: 13]
      [GC Worker Other (ms): Min: 0.0, Avg: 0.0, Max: 0.0, Diff: 0.0, Sum: 0.1]
      [GC Worker Total (ms): Min: 1.2, Avg: 1.3, Max: 1.3, Diff: 0.1, Sum: 16.6]
      [GC Worker End (ms): Min: 995.9, Avg: 995.9, Max: 995.9, Diff: 0.0]
   [Code Root Fixup: 0.0 ms]
   [Code Root Purge: 0.0 ms]
   [Clear CT: 0.1 ms]
   [Other: 0.6 ms]
      [Evacuation Failure: 0.1 ms]
      [Choose CSet: 0.0 ms]
      [Ref Proc: 0.2 ms]
      [Ref Enq: 0.0 ms]
      [Redirty Cards: 0.1 ms]
      [Humongous Register: 0.1 ms]
      [Humongous Reclaim: 0.0 ms]
      [Free CSet: 0.0 ms]
   [Eden: 21.0M(21.0M)->0.0B(22.0M) Survivors: 4096.0K->3072.0K Heap: 398.7M(512.0M)->391.6M(512.0M)]
 [Times: user=0.20 sys=0.00, real=0.00 secs] 
2021-01-19T22:55:32.733+0800: 0.997: [GC pause (G1 Humongous Allocation) (young) (initial-mark), 0.0014193 secs]
   [Parallel Time: 0.6 ms, GC Workers: 13]
      [GC Worker Start (ms): Min: 997.1, Avg: 997.2, Max: 997.2, Diff: 0.1]
      [Ext Root Scanning (ms): Min: 0.0, Avg: 0.1, Max: 0.1, Diff: 0.1, Sum: 0.8]
      [Update RS (ms): Min: 0.0, Avg: 0.0, Max: 0.1, Diff: 0.0, Sum: 0.4]
         [Processed Buffers: Min: 0, Avg: 2.2, Max: 8, Diff: 8, Sum: 29]
      [Scan RS (ms): Min: 0.0, Avg: 0.0, Max: 0.0, Diff: 0.0, Sum: 0.0]
      [Code Root Scanning (ms): Min: 0.0, Avg: 0.0, Max: 0.0, Diff: 0.0, Sum: 0.0]
      [Object Copy (ms): Min: 0.1, Avg: 0.2, Max: 0.2, Diff: 0.1, Sum: 2.3]
      [Termination (ms): Min: 0.0, Avg: 0.0, Max: 0.1, Diff: 0.1, Sum: 0.5]
         [Termination Attempts: Min: 1, Avg: 1.0, Max: 1, Diff: 0, Sum: 13]
      [GC Worker Other (ms): Min: 0.0, Avg: 0.0, Max: 0.0, Diff: 0.0, Sum: 0.1]
      [GC Worker Total (ms): Min: 0.3, Avg: 0.3, Max: 0.4, Diff: 0.1, Sum: 4.1]
      [GC Worker End (ms): Min: 997.5, Avg: 997.5, Max: 997.5, Diff: 0.0]
   [Code Root Fixup: 0.0 ms]
   [Code Root Purge: 0.0 ms]
   [Clear CT: 0.4 ms]
   [Other: 0.4 ms]
      [Choose CSet: 0.0 ms]
      [Ref Proc: 0.1 ms]
      [Ref Enq: 0.0 ms]
      [Redirty Cards: 0.2 ms]
      [Humongous Register: 0.1 ms]
      [Humongous Reclaim: 0.0 ms]
      [Free CSet: 0.0 ms]
   [Eden: 2048.0K(22.0M)->0.0B(24.0M) Survivors: 3072.0K->1024.0K Heap: 393.6M(512.0M)->392.0M(512.0M)]
 [Times: user=0.00 sys=0.00, real=0.00 secs] 
2021-01-19T22:55:32.734+0800: 0.999: [GC concurrent-root-region-scan-start]
2021-01-19T22:55:32.734+0800: 0.999: [GC concurrent-root-region-scan-end, 0.0000471 secs]
2021-01-19T22:55:32.734+0800: 0.999: [GC concurrent-mark-start]
2021-01-19T22:55:32.736+0800: 1.000: [GC pause (G1 Evacuation Pause) (young) (to-space exhausted), 0.0017517 secs]
   [Parallel Time: 0.6 ms, GC Workers: 13]
      [GC Worker Start (ms): Min: 1000.4, Avg: 1000.5, Max: 1000.6, Diff: 0.1]
      [Ext Root Scanning (ms): Min: 0.0, Avg: 0.1, Max: 0.1, Diff: 0.1, Sum: 0.8]
      [Update RS (ms): Min: 0.2, Avg: 0.2, Max: 0.3, Diff: 0.0, Sum: 3.2]
         [Processed Buffers: Min: 0, Avg: 3.8, Max: 5, Diff: 5, Sum: 49]
      [Scan RS (ms): Min: 0.0, Avg: 0.0, Max: 0.0, Diff: 0.0, Sum: 0.0]
      [Code Root Scanning (ms): Min: 0.0, Avg: 0.0, Max: 0.0, Diff: 0.0, Sum: 0.0]
      [Object Copy (ms): Min: 0.0, Avg: 0.0, Max: 0.1, Diff: 0.1, Sum: 0.6]
      [Termination (ms): Min: 0.0, Avg: 0.0, Max: 0.1, Diff: 0.1, Sum: 0.4]
         [Termination Attempts: Min: 1, Avg: 1.0, Max: 1, Diff: 0, Sum: 13]
      [GC Worker Other (ms): Min: 0.0, Avg: 0.0, Max: 0.0, Diff: 0.0, Sum: 0.1]
      [GC Worker Total (ms): Min: 0.3, Avg: 0.4, Max: 0.5, Diff: 0.1, Sum: 5.1]
      [GC Worker End (ms): Min: 1000.9, Avg: 1000.9, Max: 1000.9, Diff: 0.0]
   [Code Root Fixup: 0.0 ms]
   [Code Root Purge: 0.0 ms]
   [Clear CT: 0.3 ms]
   [Other: 0.9 ms]
      [Evacuation Failure: 0.3 ms]
      [Choose CSet: 0.0 ms]
      [Ref Proc: 0.2 ms]
      [Ref Enq: 0.0 ms]
      [Redirty Cards: 0.3 ms]
      [Humongous Register: 0.1 ms]
      [Humongous Reclaim: 0.0 ms]
      [Free CSet: 0.0 ms]
   [Eden: 16.0M(24.0M)->0.0B(25.0M) Survivors: 1024.0K->0.0B Heap: 412.5M(512.0M)->405.9M(512.0M)]
 [Times: user=0.00 sys=0.00, real=0.00 secs] 
2021-01-19T22:55:32.738+0800: 1.002: [GC concurrent-mark-end, 0.0037145 secs]
2021-01-19T22:55:32.738+0800: 1.002: [GC remark 2021-01-19T22:55:32.738+0800: 1.002: [Finalize Marking, 0.0003098 secs] 2021-01-19T22:55:32.739+0800: 1.003: [GC ref-proc, 0.0004665 secs] 2021-01-19T22:55:32.739+0800: 1.003: [Unloading, 0.0003818 secs], 0.0017749 secs]
 [Times: user=0.00 sys=0.00, real=0.00 secs] 
2021-01-19T22:55:32.740+0800: 1.004: [GC cleanup 409M->409M(512M), 0.0006318 secs]
 [Times: user=0.00 sys=0.00, real=0.00 secs] 
2021-01-19T22:55:32.741+0800: 1.005: [GC pause (G1 Evacuation Pause) (young) (to-space exhausted), 0.0009866 secs]
   [Parallel Time: 0.4 ms, GC Workers: 13]
      [GC Worker Start (ms): Min: 1005.5, Avg: 1005.5, Max: 1005.5, Diff: 0.1]
      [Ext Root Scanning (ms): Min: 0.0, Avg: 0.1, Max: 0.1, Diff: 0.1, Sum: 1.1]
      [Update RS (ms): Min: 0.1, Avg: 0.1, Max: 0.2, Diff: 0.1, Sum: 1.6]
         [Processed Buffers: Min: 1, Avg: 2.8, Max: 6, Diff: 5, Sum: 36]
      [Scan RS (ms): Min: 0.0, Avg: 0.0, Max: 0.0, Diff: 0.0, Sum: 0.0]
      [Code Root Scanning (ms): Min: 0.0, Avg: 0.0, Max: 0.0, Diff: 0.0, Sum: 0.0]
      [Object Copy (ms): Min: 0.0, Avg: 0.0, Max: 0.1, Diff: 0.1, Sum: 0.3]
      [Termination (ms): Min: 0.0, Avg: 0.0, Max: 0.1, Diff: 0.1, Sum: 0.4]
         [Termination Attempts: Min: 1, Avg: 1.0, Max: 1, Diff: 0, Sum: 13]
      [GC Worker Other (ms): Min: 0.0, Avg: 0.0, Max: 0.0, Diff: 0.0, Sum: 0.1]
      [GC Worker Total (ms): Min: 0.2, Avg: 0.3, Max: 0.3, Diff: 0.1, Sum: 3.4]
      [GC Worker End (ms): Min: 1005.7, Avg: 1005.7, Max: 1005.8, Diff: 0.0]
   [Code Root Fixup: 0.0 ms]
   [Code Root Purge: 0.0 ms]
   [Clear CT: 0.1 ms]
   [Other: 0.5 ms]
      [Evacuation Failure: 0.1 ms]
      [Choose CSet: 0.0 ms]
      [Ref Proc: 0.1 ms]
      [Ref Enq: 0.0 ms]
      [Redirty Cards: 0.1 ms]
      [Humongous Register: 0.1 ms]
      [Humongous Reclaim: 0.0 ms]
      [Free CSet: 0.0 ms]
   [Eden: 6144.0K(25.0M)->0.0B(25.0M) Survivors: 0.0B->0.0B Heap: 413.8M(512.0M)->410.6M(512.0M)]
 [Times: user=0.00 sys=0.00, real=0.00 secs] 
2021-01-19T22:55:32.743+0800: 1.007: [GC pause (G1 Evacuation Pause) (mixed) (to-space exhausted), 0.0011640 secs]
   [Parallel Time: 0.4 ms, GC Workers: 13]
      [GC Worker Start (ms): Min: 1007.2, Avg: 1007.2, Max: 1007.3, Diff: 0.1]
      [Ext Root Scanning (ms): Min: 0.0, Avg: 0.1, Max: 0.1, Diff: 0.1, Sum: 1.0]
      [Update RS (ms): Min: 0.0, Avg: 0.0, Max: 0.0, Diff: 0.0, Sum: 0.4]
         [Processed Buffers: Min: 1, Avg: 1.6, Max: 3, Diff: 2, Sum: 21]
      [Scan RS (ms): Min: 0.0, Avg: 0.0, Max: 0.0, Diff: 0.0, Sum: 0.1]
      [Code Root Scanning (ms): Min: 0.0, Avg: 0.0, Max: 0.0, Diff: 0.0, Sum: 0.0]
      [Object Copy (ms): Min: 0.1, Avg: 0.1, Max: 0.2, Diff: 0.1, Sum: 1.7]
      [Termination (ms): Min: 0.0, Avg: 0.0, Max: 0.1, Diff: 0.1, Sum: 0.5]
         [Termination Attempts: Min: 1, Avg: 1.1, Max: 2, Diff: 1, Sum: 14]
      [GC Worker Other (ms): Min: 0.0, Avg: 0.0, Max: 0.0, Diff: 0.0, Sum: 0.1]
      [GC Worker Total (ms): Min: 0.2, Avg: 0.3, Max: 0.3, Diff: 0.1, Sum: 3.8]
      [GC Worker End (ms): Min: 1007.5, Avg: 1007.5, Max: 1007.5, Diff: 0.0]
   [Code Root Fixup: 0.0 ms]
   [Code Root Purge: 0.0 ms]
   [Clear CT: 0.2 ms]
   [Other: 0.6 ms]
      [Evacuation Failure: 0.1 ms]
      [Choose CSet: 0.0 ms]
      [Ref Proc: 0.2 ms]
      [Ref Enq: 0.0 ms]
      [Redirty Cards: 0.1 ms]
      [Humongous Register: 0.1 ms]
      [Humongous Reclaim: 0.0 ms]
      [Free CSet: 0.0 ms]
   [Eden: 5120.0K(25.0M)->0.0B(25.0M) Survivors: 0.0B->0.0B Heap: 415.6M(512.0M)->414.9M(512.0M)]
 [Times: user=0.00 sys=0.00, real=0.00 secs] 
2021-01-19T22:55:32.744+0800: 1.008: [GC pause (G1 Evacuation Pause) (mixed) (to-space exhausted), 0.0013312 secs]
   [Parallel Time: 0.4 ms, GC Workers: 13]
      [GC Worker Start (ms): Min: 1008.5, Avg: 1008.6, Max: 1008.6, Diff: 0.1]
      [Ext Root Scanning (ms): Min: 0.0, Avg: 0.1, Max: 0.1, Diff: 0.1, Sum: 0.8]
      [Update RS (ms): Min: 0.0, Avg: 0.0, Max: 0.0, Diff: 0.0, Sum: 0.4]
         [Processed Buffers: Min: 0, Avg: 2.5, Max: 5, Diff: 5, Sum: 32]
      [Scan RS (ms): Min: 0.0, Avg: 0.0, Max: 0.0, Diff: 0.0, Sum: 0.1]
      [Code Root Scanning (ms): Min: 0.0, Avg: 0.0, Max: 0.0, Diff: 0.0, Sum: 0.0]
      [Object Copy (ms): Min: 0.1, Avg: 0.1, Max: 0.2, Diff: 0.1, Sum: 1.7]
      [Termination (ms): Min: 0.0, Avg: 0.0, Max: 0.1, Diff: 0.1, Sum: 0.4]
         [Termination Attempts: Min: 1, Avg: 1.0, Max: 1, Diff: 0, Sum: 13]
      [GC Worker Other (ms): Min: 0.0, Avg: 0.0, Max: 0.0, Diff: 0.0, Sum: 0.1]
      [GC Worker Total (ms): Min: 0.2, Avg: 0.3, Max: 0.3, Diff: 0.1, Sum: 3.5]
      [GC Worker End (ms): Min: 1008.9, Avg: 1008.9, Max: 1008.9, Diff: 0.0]
   [Code Root Fixup: 0.0 ms]
   [Code Root Purge: 0.0 ms]
   [Clear CT: 0.3 ms]
   [Other: 0.6 ms]
      [Evacuation Failure: 0.1 ms]
      [Choose CSet: 0.0 ms]
      [Ref Proc: 0.3 ms]
      [Ref Enq: 0.0 ms]
      [Redirty Cards: 0.1 ms]
      [Humongous Register: 0.1 ms]
      [Humongous Reclaim: 0.0 ms]
      [Free CSet: 0.0 ms]
   [Eden: 1024.0K(25.0M)->0.0B(25.0M) Survivors: 0.0B->0.0B Heap: 415.9M(512.0M)->415.9M(512.0M)]
 [Times: user=0.00 sys=0.00, real=0.00 secs] 
2021-01-19T22:55:32.746+0800: 1.010: [Full GC (Allocation Failure)  415M->350M(512M), 0.0263620 secs]
   [Eden: 0.0B(25.0M)->0.0B(25.0M) Survivors: 0.0B->0.0B Heap: 415.9M(512.0M)->350.5M(512.0M)], [Metaspace: 3308K->3308K(1056768K)]
 [Times: user=0.03 sys=0.00, real=0.03 secs] 
2021-01-19T22:55:32.772+0800: 1.036: [GC pause (G1 Humongous Allocation) (young) (initial-mark), 0.0012612 secs]
   [Parallel Time: 0.4 ms, GC Workers: 13]
      [GC Worker Start (ms): Min: 1036.5, Avg: 1036.5, Max: 1036.6, Diff: 0.1]
      [Ext Root Scanning (ms): Min: 0.0, Avg: 0.1, Max: 0.2, Diff: 0.2, Sum: 1.4]
      [Update RS (ms): Min: 0.0, Avg: 0.0, Max: 0.1, Diff: 0.1, Sum: 0.2]
         [Processed Buffers: Min: 0, Avg: 0.2, Max: 1, Diff: 1, Sum: 2]
      [Scan RS (ms): Min: 0.0, Avg: 0.0, Max: 0.0, Diff: 0.0, Sum: 0.0]
      [Code Root Scanning (ms): Min: 0.0, Avg: 0.0, Max: 0.0, Diff: 0.0, Sum: 0.0]
      [Object Copy (ms): Min: 0.0, Avg: 0.0, Max: 0.1, Diff: 0.1, Sum: 0.1]
      [Termination (ms): Min: 0.0, Avg: 0.1, Max: 0.1, Diff: 0.1, Sum: 1.1]
         [Termination Attempts: Min: 1, Avg: 1.2, Max: 2, Diff: 1, Sum: 15]
      [GC Worker Other (ms): Min: 0.0, Avg: 0.0, Max: 0.0, Diff: 0.0, Sum: 0.0]
      [GC Worker Total (ms): Min: 0.1, Avg: 0.2, Max: 0.3, Diff: 0.1, Sum: 2.8]
      [GC Worker End (ms): Min: 1036.7, Avg: 1036.8, Max: 1036.8, Diff: 0.0]
   [Code Root Fixup: 0.0 ms]
   [Code Root Purge: 0.0 ms]
   [Clear CT: 0.3 ms]
   [Other: 0.5 ms]
      [Choose CSet: 0.0 ms]
      [Ref Proc: 0.1 ms]
      [Ref Enq: 0.0 ms]
      [Redirty Cards: 0.2 ms]
      [Humongous Register: 0.1 ms]
      [Humongous Reclaim: 0.0 ms]
      [Free CSet: 0.0 ms]
   [Eden: 1024.0K(25.0M)->0.0B(24.0M) Survivors: 0.0B->1024.0K Heap: 351.5M(512.0M)->351.2M(512.0M)]
 [Times: user=0.00 sys=0.00, real=0.00 secs] 
2021-01-19T22:55:32.774+0800: 1.038: [GC concurrent-root-region-scan-start]
2021-01-19T22:55:32.774+0800: 1.038: [GC concurrent-root-region-scan-end, 0.0000643 secs]
2021-01-19T22:55:32.774+0800: 1.038: [GC concurrent-mark-start]
2021-01-19T22:55:32.775+0800: 1.039: [GC concurrent-mark-end, 0.0013812 secs]
2021-01-19T22:55:32.775+0800: 1.039: [GC remark 2021-01-19T22:55:32.775+0800: 1.039: [Finalize Marking, 0.0002643 secs] 2021-01-19T22:55:32.776+0800: 1.040: [GC ref-proc, 0.0002887 secs] 2021-01-19T22:55:32.776+0800: 1.040: [Unloading, 0.0003565 secs], 0.0015432 secs]
 [Times: user=0.00 sys=0.00, real=0.00 secs] 
2021-01-19T22:55:32.777+0800: 1.041: [GC cleanup 369M->369M(512M), 0.0010688 secs]
 [Times: user=0.00 sys=0.02, real=0.00 secs] 
2021-01-19T22:55:32.780+0800: 1.044: [GC pause (G1 Evacuation Pause) (young), 0.0023055 secs]
   [Parallel Time: 1.4 ms, GC Workers: 13]
      [GC Worker Start (ms): Min: 1043.8, Avg: 1043.9, Max: 1044.0, Diff: 0.2]
      [Ext Root Scanning (ms): Min: 0.0, Avg: 0.1, Max: 0.2, Diff: 0.2, Sum: 1.2]
      [Update RS (ms): Min: 0.4, Avg: 0.6, Max: 1.1, Diff: 0.7, Sum: 7.3]
         [Processed Buffers: Min: 0, Avg: 6.3, Max: 9, Diff: 9, Sum: 82]
      [Scan RS (ms): Min: 0.0, Avg: 0.0, Max: 0.0, Diff: 0.0, Sum: 0.0]
      [Code Root Scanning (ms): Min: 0.0, Avg: 0.0, Max: 0.0, Diff: 0.0, Sum: 0.0]
      [Object Copy (ms): Min: 0.0, Avg: 0.5, Max: 0.6, Diff: 0.6, Sum: 6.3]
      [Termination (ms): Min: 0.0, Avg: 0.1, Max: 0.1, Diff: 0.1, Sum: 0.7]
         [Termination Attempts: Min: 1, Avg: 1.0, Max: 1, Diff: 0, Sum: 13]
      [GC Worker Other (ms): Min: 0.0, Avg: 0.0, Max: 0.0, Diff: 0.0, Sum: 0.1]
      [GC Worker Total (ms): Min: 1.1, Avg: 1.2, Max: 1.3, Diff: 0.2, Sum: 15.6]
      [GC Worker End (ms): Min: 1045.1, Avg: 1045.1, Max: 1045.1, Diff: 0.0]
   [Code Root Fixup: 0.0 ms]
   [Code Root Purge: 0.0 ms]
   [Clear CT: 0.3 ms]
   [Other: 0.6 ms]
      [Choose CSet: 0.0 ms]
      [Ref Proc: 0.3 ms]
      [Ref Enq: 0.0 ms]
      [Redirty Cards: 0.1 ms]
      [Humongous Register: 0.1 ms]
      [Humongous Reclaim: 0.0 ms]
      [Free CSet: 0.0 ms]
   [Eden: 24.0M(24.0M)->0.0B(21.0M) Survivors: 1024.0K->4096.0K Heap: 384.7M(512.0M)->363.4M(512.0M)]
 [Times: user=0.00 sys=0.00, real=0.00 secs] 
2021-01-19T22:55:32.782+0800: 1.046: [GC pause (G1 Humongous Allocation) (young) (initial-mark), 0.0009733 secs]
   [Parallel Time: 0.5 ms, GC Workers: 13]
      [GC Worker Start (ms): Min: 1046.3, Avg: 1046.3, Max: 1046.4, Diff: 0.1]
      [Ext Root Scanning (ms): Min: 0.0, Avg: 0.1, Max: 0.3, Diff: 0.3, Sum: 1.9]
      [Update RS (ms): Min: 0.0, Avg: 0.0, Max: 0.0, Diff: 0.0, Sum: 0.2]
         [Processed Buffers: Min: 0, Avg: 0.8, Max: 2, Diff: 2, Sum: 10]
      [Scan RS (ms): Min: 0.0, Avg: 0.0, Max: 0.0, Diff: 0.0, Sum: 0.0]
      [Code Root Scanning (ms): Min: 0.0, Avg: 0.0, Max: 0.0, Diff: 0.0, Sum: 0.0]
      [Object Copy (ms): Min: 0.0, Avg: 0.2, Max: 0.3, Diff: 0.2, Sum: 2.4]
      [Termination (ms): Min: 0.0, Avg: 0.0, Max: 0.1, Diff: 0.1, Sum: 0.5]
         [Termination Attempts: Min: 1, Avg: 1.0, Max: 1, Diff: 0, Sum: 13]
      [GC Worker Other (ms): Min: 0.0, Avg: 0.0, Max: 0.0, Diff: 0.0, Sum: 0.0]
      [GC Worker Total (ms): Min: 0.3, Avg: 0.4, Max: 0.4, Diff: 0.1, Sum: 5.2]
      [GC Worker End (ms): Min: 1046.7, Avg: 1046.7, Max: 1046.8, Diff: 0.0]
   [Code Root Fixup: 0.0 ms]
   [Code Root Purge: 0.0 ms]
   [Clear CT: 0.1 ms]
   [Other: 0.4 ms]
      [Choose CSet: 0.0 ms]
      [Ref Proc: 0.1 ms]
      [Ref Enq: 0.0 ms]
      [Redirty Cards: 0.1 ms]
      [Humongous Register: 0.1 ms]
      [Humongous Reclaim: 0.0 ms]
      [Free CSet: 0.0 ms]
   [Eden: 1024.0K(21.0M)->0.0B(24.0M) Survivors: 4096.0K->1024.0K Heap: 363.7M(512.0M)->363.4M(512.0M)]
 [Times: user=0.00 sys=0.00, real=0.00 secs] 
2021-01-19T22:55:32.783+0800: 1.047: [GC concurrent-root-region-scan-start]
2021-01-19T22:55:32.783+0800: 1.047: [GC concurrent-root-region-scan-end, 0.0000398 secs]
2021-01-19T22:55:32.783+0800: 1.047: [GC concurrent-mark-start]
2021-01-19T22:55:32.785+0800: 1.049: [GC concurrent-mark-end, 0.0019405 secs]
2021-01-19T22:55:32.785+0800: 1.049: [GC remark 2021-01-19T22:55:32.785+0800: 1.049: [Finalize Marking, 0.0001825 secs] 2021-01-19T22:55:32.786+0800: 1.050: [GC ref-proc, 0.0002867 secs] 2021-01-19T22:55:32.786+0800: 1.050: [Unloading, 0.0003814 secs], 0.0012739 secs]
 [Times: user=0.00 sys=0.00, real=0.00 secs] 
2021-01-19T22:55:32.787+0800: 1.051: [GC cleanup 376M->376M(512M), 0.0005350 secs]
 [Times: user=0.00 sys=0.00, real=0.00 secs] 
2021-01-19T22:55:32.789+0800: 1.053: [GC pause (G1 Evacuation Pause) (young), 0.0020062 secs]
   [Parallel Time: 1.3 ms, GC Workers: 13]
      [GC Worker Start (ms): Min: 1053.1, Avg: 1053.1, Max: 1053.2, Diff: 0.1]
      [Ext Root Scanning (ms): Min: 0.0, Avg: 0.1, Max: 0.1, Diff: 0.1, Sum: 1.1]
      [Update RS (ms): Min: 0.3, Avg: 0.3, Max: 0.3, Diff: 0.0, Sum: 3.9]
         [Processed Buffers: Min: 1, Avg: 4.5, Max: 6, Diff: 5, Sum: 59]
      [Scan RS (ms): Min: 0.0, Avg: 0.0, Max: 0.0, Diff: 0.0, Sum: 0.0]
      [Code Root Scanning (ms): Min: 0.0, Avg: 0.0, Max: 0.0, Diff: 0.0, Sum: 0.0]
      [Object Copy (ms): Min: 0.4, Avg: 0.4, Max: 0.4, Diff: 0.1, Sum: 5.3]
      [Termination (ms): Min: 0.0, Avg: 0.0, Max: 0.1, Diff: 0.1, Sum: 0.4]
         [Termination Attempts: Min: 1, Avg: 1.0, Max: 1, Diff: 0, Sum: 13]
      [GC Worker Other (ms): Min: 0.0, Avg: 0.0, Max: 0.0, Diff: 0.0, Sum: 0.1]
      [GC Worker Total (ms): Min: 0.8, Avg: 0.8, Max: 0.9, Diff: 0.1, Sum: 10.8]
      [GC Worker End (ms): Min: 1053.9, Avg: 1054.0, Max: 1054.0, Diff: 0.0]
   [Code Root Fixup: 0.0 ms]
   [Code Root Purge: 0.0 ms]
   [Clear CT: 0.3 ms]
   [Other: 0.4 ms]
      [Choose CSet: 0.0 ms]
      [Ref Proc: 0.2 ms]
      [Ref Enq: 0.0 ms]
      [Redirty Cards: 0.1 ms]
      [Humongous Register: 0.1 ms]
      [Humongous Reclaim: 0.0 ms]
      [Free CSet: 0.0 ms]
   [Eden: 24.0M(24.0M)->0.0B(21.0M) Survivors: 1024.0K->4096.0K Heap: 393.0M(512.0M)->371.0M(512.0M)]
 [Times: user=0.00 sys=0.00, real=0.00 secs] 
2021-01-19T22:55:32.794+0800: 1.058: [GC pause (G1 Evacuation Pause) (mixed), 0.0024435 secs]
   [Parallel Time: 1.3 ms, GC Workers: 13]
      [GC Worker Start (ms): Min: 1057.9, Avg: 1058.0, Max: 1058.0, Diff: 0.1]
      [Ext Root Scanning (ms): Min: 0.0, Avg: 0.1, Max: 0.2, Diff: 0.2, Sum: 1.2]
      [Update RS (ms): Min: 0.2, Avg: 0.2, Max: 0.3, Diff: 0.1, Sum: 3.1]
         [Processed Buffers: Min: 2, Avg: 3.8, Max: 4, Diff: 2, Sum: 50]
      [Scan RS (ms): Min: 0.0, Avg: 0.0, Max: 0.0, Diff: 0.0, Sum: 0.0]
      [Code Root Scanning (ms): Min: 0.0, Avg: 0.0, Max: 0.0, Diff: 0.0, Sum: 0.0]
      [Object Copy (ms): Min: 0.8, Avg: 0.8, Max: 0.8, Diff: 0.1, Sum: 10.5]
      [Termination (ms): Min: 0.0, Avg: 0.0, Max: 0.0, Diff: 0.0, Sum: 0.3]
         [Termination Attempts: Min: 1, Avg: 1.4, Max: 3, Diff: 2, Sum: 18]
      [GC Worker Other (ms): Min: 0.0, Avg: 0.0, Max: 0.0, Diff: 0.0, Sum: 0.1]
      [GC Worker Total (ms): Min: 1.1, Avg: 1.2, Max: 1.2, Diff: 0.1, Sum: 15.3]
      [GC Worker End (ms): Min: 1059.1, Avg: 1059.1, Max: 1059.2, Diff: 0.0]
   [Code Root Fixup: 0.0 ms]
   [Code Root Purge: 0.0 ms]
   [Clear CT: 0.3 ms]
   [Other: 0.9 ms]
      [Choose CSet: 0.0 ms]
      [Ref Proc: 0.3 ms]
      [Ref Enq: 0.0 ms]
      [Redirty Cards: 0.4 ms]
      [Humongous Register: 0.1 ms]
      [Humongous Reclaim: 0.0 ms]
      [Free CSet: 0.0 ms]
   [Eden: 21.0M(21.0M)->0.0B(21.0M) Survivors: 4096.0K->4096.0K Heap: 396.5M(512.0M)->376.2M(512.0M)]
 [Times: user=0.00 sys=0.00, real=0.00 secs] 
2021-01-19T22:55:32.797+0800: 1.061: [GC pause (G1 Humongous Allocation) (young) (initial-mark), 0.0014305 secs]
   [Parallel Time: 0.7 ms, GC Workers: 13]
      [GC Worker Start (ms): Min: 1060.6, Avg: 1060.7, Max: 1060.7, Diff: 0.1]
      [Ext Root Scanning (ms): Min: 0.0, Avg: 0.1, Max: 0.1, Diff: 0.1, Sum: 1.0]
      [Update RS (ms): Min: 0.0, Avg: 0.0, Max: 0.1, Diff: 0.1, Sum: 0.4]
         [Processed Buffers: Min: 0, Avg: 1.2, Max: 2, Diff: 2, Sum: 15]
      [Scan RS (ms): Min: 0.0, Avg: 0.0, Max: 0.0, Diff: 0.0, Sum: 0.0]
      [Code Root Scanning (ms): Min: 0.0, Avg: 0.0, Max: 0.0, Diff: 0.0, Sum: 0.0]
      [Object Copy (ms): Min: 0.1, Avg: 0.2, Max: 0.3, Diff: 0.2, Sum: 2.3]
      [Termination (ms): Min: 0.0, Avg: 0.1, Max: 0.1, Diff: 0.1, Sum: 0.9]
         [Termination Attempts: Min: 1, Avg: 1.0, Max: 1, Diff: 0, Sum: 13]
      [GC Worker Other (ms): Min: 0.0, Avg: 0.0, Max: 0.0, Diff: 0.0, Sum: 0.1]
      [GC Worker Total (ms): Min: 0.3, Avg: 0.4, Max: 0.4, Diff: 0.1, Sum: 4.7]
      [GC Worker End (ms): Min: 1061.1, Avg: 1061.1, Max: 1061.1, Diff: 0.0]
   [Code Root Fixup: 0.0 ms]
   [Code Root Purge: 0.0 ms]
   [Clear CT: 0.2 ms]
   [Other: 0.5 ms]
      [Choose CSet: 0.0 ms]
      [Ref Proc: 0.2 ms]
      [Ref Enq: 0.0 ms]
      [Redirty Cards: 0.2 ms]
      [Humongous Register: 0.1 ms]
      [Humongous Reclaim: 0.0 ms]
      [Free CSet: 0.0 ms]
   [Eden: 3072.0K(21.0M)->0.0B(24.0M) Survivors: 4096.0K->1024.0K Heap: 378.4M(512.0M)->376.1M(512.0M)]
 [Times: user=0.00 sys=0.00, real=0.00 secs] 
2021-01-19T22:55:32.798+0800: 1.062: [GC concurrent-root-region-scan-start]
2021-01-19T22:55:32.798+0800: 1.062: [GC concurrent-root-region-scan-end, 0.0000878 secs]
2021-01-19T22:55:32.798+0800: 1.062: [GC concurrent-mark-start]
2021-01-19T22:55:32.800+0800: 1.064: [GC concurrent-mark-end, 0.0015060 secs]
2021-01-19T22:55:32.800+0800: 1.064: [GC remark 2021-01-19T22:55:32.800+0800: 1.064: [Finalize Marking, 0.0001627 secs] 2021-01-19T22:55:32.800+0800: 1.064: [GC ref-proc, 0.0002937 secs] 2021-01-19T22:55:32.800+0800: 1.064: [Unloading, 0.0004826 secs], 0.0013608 secs]
 [Times: user=0.00 sys=0.00, real=0.00 secs] 
2021-01-19T22:55:32.801+0800: 1.065: [GC cleanup 393M->393M(512M), 0.0007779 secs]
 [Times: user=0.00 sys=0.00, real=0.00 secs] 
2021-01-19T22:55:32.804+0800: 1.068: [GC pause (G1 Evacuation Pause) (young), 0.0027475 secs]
   [Parallel Time: 1.2 ms, GC Workers: 13]
      [GC Worker Start (ms): Min: 1067.9, Avg: 1068.0, Max: 1068.1, Diff: 0.1]
      [Ext Root Scanning (ms): Min: 0.0, Avg: 0.1, Max: 0.1, Diff: 0.1, Sum: 1.2]
      [Update RS (ms): Min: 0.3, Avg: 0.4, Max: 0.6, Diff: 0.3, Sum: 4.6]
         [Processed Buffers: Min: 3, Avg: 5.2, Max: 7, Diff: 4, Sum: 67]
      [Scan RS (ms): Min: 0.0, Avg: 0.0, Max: 0.0, Diff: 0.0, Sum: 0.0]
      [Code Root Scanning (ms): Min: 0.0, Avg: 0.0, Max: 0.0, Diff: 0.0, Sum: 0.0]
      [Object Copy (ms): Min: 0.3, Avg: 0.6, Max: 0.6, Diff: 0.4, Sum: 7.2]
      [Termination (ms): Min: 0.0, Avg: 0.1, Max: 0.1, Diff: 0.1, Sum: 0.8]
         [Termination Attempts: Min: 1, Avg: 1.0, Max: 1, Diff: 0, Sum: 13]
      [GC Worker Other (ms): Min: 0.0, Avg: 0.0, Max: 0.0, Diff: 0.0, Sum: 0.1]
      [GC Worker Total (ms): Min: 1.0, Avg: 1.1, Max: 1.1, Diff: 0.1, Sum: 13.9]
      [GC Worker End (ms): Min: 1069.1, Avg: 1069.1, Max: 1069.1, Diff: 0.0]
   [Code Root Fixup: 0.0 ms]
   [Code Root Purge: 0.0 ms]
   [Clear CT: 0.3 ms]
   [Other: 1.2 ms]
      [Choose CSet: 0.0 ms]
      [Ref Proc: 0.7 ms]
      [Ref Enq: 0.0 ms]
      [Redirty Cards: 0.4 ms]
      [Humongous Register: 0.1 ms]
      [Humongous Reclaim: 0.0 ms]
      [Free CSet: 0.0 ms]
   [Eden: 24.0M(24.0M)->0.0B(21.0M) Survivors: 1024.0K->4096.0K Heap: 406.5M(512.0M)->383.1M(512.0M)]
 [Times: user=0.00 sys=0.00, real=0.00 secs] 
2021-01-19T22:55:32.809+0800: 1.073: [GC pause (G1 Evacuation Pause) (mixed) (to-space exhausted), 0.0040052 secs]
   [Parallel Time: 1.6 ms, GC Workers: 13]
      [GC Worker Start (ms): Min: 1073.2, Avg: 1073.3, Max: 1073.4, Diff: 0.2]
      [Ext Root Scanning (ms): Min: 0.0, Avg: 0.1, Max: 0.1, Diff: 0.1, Sum: 0.7]
      [Update RS (ms): Min: 0.1, Avg: 0.1, Max: 0.2, Diff: 0.1, Sum: 1.8]
         [Processed Buffers: Min: 2, Avg: 2.6, Max: 3, Diff: 1, Sum: 34]
      [Scan RS (ms): Min: 0.0, Avg: 0.0, Max: 0.0, Diff: 0.0, Sum: 0.1]
      [Code Root Scanning (ms): Min: 0.0, Avg: 0.0, Max: 0.0, Diff: 0.0, Sum: 0.0]
      [Object Copy (ms): Min: 0.9, Avg: 0.9, Max: 0.9, Diff: 0.0, Sum: 11.8]
      [Termination (ms): Min: 0.0, Avg: 0.0, Max: 0.0, Diff: 0.0, Sum: 0.3]
         [Termination Attempts: Min: 1, Avg: 2.6, Max: 5, Diff: 4, Sum: 34]
      [GC Worker Other (ms): Min: 0.0, Avg: 0.0, Max: 0.0, Diff: 0.0, Sum: 0.1]
      [GC Worker Total (ms): Min: 1.1, Avg: 1.1, Max: 1.2, Diff: 0.2, Sum: 14.9]
      [GC Worker End (ms): Min: 1074.5, Avg: 1074.5, Max: 1074.5, Diff: 0.0]
   [Code Root Fixup: 0.0 ms]
   [Code Root Purge: 0.0 ms]
   [Clear CT: 0.7 ms]
   [Other: 1.6 ms]
      [Evacuation Failure: 0.5 ms]
      [Choose CSet: 0.0 ms]
      [Ref Proc: 0.6 ms]
      [Ref Enq: 0.0 ms]
      [Redirty Cards: 0.4 ms]
      [Humongous Register: 0.1 ms]
      [Humongous Reclaim: 0.0 ms]
      [Free CSet: 0.0 ms]
   [Eden: 21.0M(21.0M)->0.0B(21.0M) Survivors: 4096.0K->4096.0K Heap: 406.7M(512.0M)->401.9M(512.0M)]
 [Times: user=0.20 sys=0.00, real=0.00 secs] 
2021-01-19T22:55:32.814+0800: 1.078: [GC pause (G1 Humongous Allocation) (young) (initial-mark), 0.0014680 secs]
   [Parallel Time: 0.8 ms, GC Workers: 13]
      [GC Worker Start (ms): Min: 1077.9, Avg: 1077.9, Max: 1078.0, Diff: 0.1]
      [Ext Root Scanning (ms): Min: 0.1, Avg: 0.1, Max: 0.2, Diff: 0.1, Sum: 1.9]
      [Update RS (ms): Min: 0.0, Avg: 0.0, Max: 0.1, Diff: 0.1, Sum: 0.4]
         [Processed Buffers: Min: 0, Avg: 1.9, Max: 8, Diff: 8, Sum: 25]
      [Scan RS (ms): Min: 0.0, Avg: 0.0, Max: 0.0, Diff: 0.0, Sum: 0.0]
      [Code Root Scanning (ms): Min: 0.0, Avg: 0.0, Max: 0.0, Diff: 0.0, Sum: 0.0]
      [Object Copy (ms): Min: 0.3, Avg: 0.4, Max: 0.5, Diff: 0.2, Sum: 4.6]
      [Termination (ms): Min: 0.0, Avg: 0.1, Max: 0.2, Diff: 0.2, Sum: 1.5]
         [Termination Attempts: Min: 1, Avg: 1.0, Max: 1, Diff: 0, Sum: 13]
      [GC Worker Other (ms): Min: 0.0, Avg: 0.0, Max: 0.0, Diff: 0.0, Sum: 0.1]
      [GC Worker Total (ms): Min: 0.6, Avg: 0.6, Max: 0.7, Diff: 0.1, Sum: 8.4]
      [GC Worker End (ms): Min: 1078.6, Avg: 1078.6, Max: 1078.6, Diff: 0.0]
   [Code Root Fixup: 0.0 ms]
   [Code Root Purge: 0.0 ms]
   [Clear CT: 0.2 ms]
   [Other: 0.5 ms]
      [Choose CSet: 0.0 ms]
      [Ref Proc: 0.2 ms]
      [Ref Enq: 0.0 ms]
      [Redirty Cards: 0.1 ms]
      [Humongous Register: 0.1 ms]
      [Humongous Reclaim: 0.0 ms]
      [Free CSet: 0.0 ms]
   [Eden: 6144.0K(21.0M)->0.0B(23.0M) Survivors: 4096.0K->2048.0K Heap: 407.2M(512.0M)->402.9M(512.0M)]
 [Times: user=0.00 sys=0.00, real=0.00 secs] 
2021-01-19T22:55:32.815+0800: 1.079: [GC concurrent-root-region-scan-start]
2021-01-19T22:55:32.816+0800: 1.079: [GC concurrent-root-region-scan-end, 0.0001155 secs]
2021-01-19T22:55:32.816+0800: 1.079: [GC concurrent-mark-start]
2021-01-19T22:55:32.817+0800: 1.081: [GC concurrent-mark-end, 0.0013964 secs]
2021-01-19T22:55:32.817+0800: 1.081: [GC remark 2021-01-19T22:55:32.817+0800: 1.081: [Finalize Marking, 0.0001601 secs] 2021-01-19T22:55:32.817+0800: 1.081: [GC ref-proc, 0.0002912 secs] 2021-01-19T22:55:32.817+0800: 1.081: [Unloading, 0.0004561 secs], 0.0014097 secs]
 [Times: user=0.00 sys=0.00, real=0.00 secs] 
2021-01-19T22:55:32.818+0800: 1.082: [GC cleanup 418M->418M(512M), 0.0007978 secs]
 [Times: user=0.00 sys=0.00, real=0.00 secs] 
2021-01-19T22:55:32.820+0800: 1.083: [GC pause (G1 Evacuation Pause) (young) (to-space exhausted), 0.0027432 secs]
   [Parallel Time: 1.5 ms, GC Workers: 13]
      [GC Worker Start (ms): Min: 1083.6, Avg: 1083.6, Max: 1083.6, Diff: 0.1]
      [Ext Root Scanning (ms): Min: 0.1, Avg: 0.2, Max: 1.3, Diff: 1.3, Sum: 2.3]
      [Update RS (ms): Min: 0.0, Avg: 0.2, Max: 0.3, Diff: 0.3, Sum: 3.1]
         [Processed Buffers: Min: 0, Avg: 4.2, Max: 6, Diff: 6, Sum: 55]
      [Scan RS (ms): Min: 0.0, Avg: 0.0, Max: 0.0, Diff: 0.0, Sum: 0.0]
      [Code Root Scanning (ms): Min: 0.0, Avg: 0.0, Max: 0.0, Diff: 0.0, Sum: 0.0]
      [Object Copy (ms): Min: 0.0, Avg: 0.1, Max: 0.1, Diff: 0.1, Sum: 0.7]
      [Termination (ms): Min: 0.0, Avg: 0.8, Max: 0.9, Diff: 0.9, Sum: 10.7]
         [Termination Attempts: Min: 1, Avg: 1.0, Max: 1, Diff: 0, Sum: 13]
      [GC Worker Other (ms): Min: 0.0, Avg: 0.0, Max: 0.0, Diff: 0.0, Sum: 0.1]
      [GC Worker Total (ms): Min: 1.3, Avg: 1.3, Max: 1.3, Diff: 0.1, Sum: 17.0]
      [GC Worker End (ms): Min: 1084.9, Avg: 1084.9, Max: 1084.9, Diff: 0.0]
   [Code Root Fixup: 0.0 ms]
   [Code Root Purge: 0.0 ms]
   [Clear CT: 0.4 ms]
   [Other: 0.8 ms]
      [Evacuation Failure: 0.2 ms]
      [Choose CSet: 0.0 ms]
      [Ref Proc: 0.3 ms]
      [Ref Enq: 0.0 ms]
      [Redirty Cards: 0.2 ms]
      [Humongous Register: 0.1 ms]
      [Humongous Reclaim: 0.0 ms]
      [Free CSet: 0.0 ms]
   [Eden: 13.0M(23.0M)->0.0B(25.0M) Survivors: 2048.0K->0.0B Heap: 420.9M(512.0M)->417.8M(512.0M)]
 [Times: user=0.00 sys=0.00, real=0.00 secs] 
2021-01-19T22:55:32.823+0800: 1.087: [GC pause (G1 Evacuation Pause) (mixed) (to-space exhausted), 0.0022988 secs]
   [Parallel Time: 1.3 ms, GC Workers: 13]
      [GC Worker Start (ms): Min: 1087.0, Avg: 1087.1, Max: 1087.1, Diff: 0.1]
      [Ext Root Scanning (ms): Min: 0.0, Avg: 0.1, Max: 0.1, Diff: 0.1, Sum: 1.1]
      [Update RS (ms): Min: 0.0, Avg: 0.0, Max: 0.1, Diff: 0.1, Sum: 0.5]
         [Processed Buffers: Min: 0, Avg: 2.4, Max: 8, Diff: 8, Sum: 31]
      [Scan RS (ms): Min: 0.0, Avg: 0.0, Max: 0.0, Diff: 0.0, Sum: 0.1]
      [Code Root Scanning (ms): Min: 0.0, Avg: 0.0, Max: 0.0, Diff: 0.0, Sum: 0.0]
      [Object Copy (ms): Min: 0.9, Avg: 1.0, Max: 1.1, Diff: 0.1, Sum: 13.0]
      [Termination (ms): Min: 0.0, Avg: 0.0, Max: 0.0, Diff: 0.0, Sum: 0.3]
         [Termination Attempts: Min: 1, Avg: 1.6, Max: 3, Diff: 2, Sum: 21]
      [GC Worker Other (ms): Min: 0.0, Avg: 0.0, Max: 0.0, Diff: 0.0, Sum: 0.1]
      [GC Worker Total (ms): Min: 1.1, Avg: 1.2, Max: 1.2, Diff: 0.1, Sum: 15.0]
      [GC Worker End (ms): Min: 1088.2, Avg: 1088.2, Max: 1088.2, Diff: 0.0]
   [Code Root Fixup: 0.0 ms]
   [Code Root Purge: 0.0 ms]
   [Clear CT: 0.2 ms]
   [Other: 0.7 ms]
      [Evacuation Failure: 0.2 ms]
      [Choose CSet: 0.0 ms]
      [Ref Proc: 0.2 ms]
      [Ref Enq: 0.0 ms]
      [Redirty Cards: 0.3 ms]
      [Humongous Register: 0.1 ms]
      [Humongous Reclaim: 0.0 ms]
      [Free CSet: 0.0 ms]
   [Eden: 4096.0K(25.0M)->0.0B(25.0M) Survivors: 0.0B->0.0B Heap: 422.5M(512.0M)->421.5M(512.0M)]
 [Times: user=0.14 sys=0.00, real=0.00 secs] 
2021-01-19T22:55:32.826+0800: 1.089: [GC pause (G1 Evacuation Pause) (mixed) (to-space exhausted), 0.0010888 secs]
   [Parallel Time: 0.5 ms, GC Workers: 13]
      [GC Worker Start (ms): Min: 1089.5, Avg: 1089.5, Max: 1089.7, Diff: 0.2]
      [Ext Root Scanning (ms): Min: 0.0, Avg: 0.1, Max: 0.1, Diff: 0.1, Sum: 1.1]
      [Update RS (ms): Min: 0.0, Avg: 0.0, Max: 0.1, Diff: 0.1, Sum: 0.6]
         [Processed Buffers: Min: 0, Avg: 1.7, Max: 3, Diff: 3, Sum: 22]
      [Scan RS (ms): Min: 0.0, Avg: 0.0, Max: 0.0, Diff: 0.0, Sum: 0.1]
      [Code Root Scanning (ms): Min: 0.0, Avg: 0.0, Max: 0.0, Diff: 0.0, Sum: 0.0]
      [Object Copy (ms): Min: 0.1, Avg: 0.2, Max: 0.2, Diff: 0.1, Sum: 2.3]
      [Termination (ms): Min: 0.0, Avg: 0.0, Max: 0.1, Diff: 0.1, Sum: 0.4]
         [Termination Attempts: Min: 1, Avg: 1.1, Max: 2, Diff: 1, Sum: 14]
      [GC Worker Other (ms): Min: 0.0, Avg: 0.0, Max: 0.0, Diff: 0.0, Sum: 0.1]
      [GC Worker Total (ms): Min: 0.2, Avg: 0.3, Max: 0.4, Diff: 0.2, Sum: 4.5]
      [GC Worker End (ms): Min: 1089.9, Avg: 1089.9, Max: 1089.9, Diff: 0.0]
   [Code Root Fixup: 0.0 ms]
   [Code Root Purge: 0.0 ms]
   [Clear CT: 0.1 ms]
   [Other: 0.5 ms]
      [Evacuation Failure: 0.1 ms]
      [Choose CSet: 0.0 ms]
      [Ref Proc: 0.2 ms]
      [Ref Enq: 0.0 ms]
      [Redirty Cards: 0.1 ms]
      [Humongous Register: 0.0 ms]
      [Humongous Reclaim: 0.0 ms]
      [Free CSet: 0.0 ms]
   [Eden: 1024.0K(25.0M)->0.0B(25.0M) Survivors: 0.0B->0.0B Heap: 422.5M(512.0M)->422.5M(512.0M)]
 [Times: user=0.00 sys=0.00, real=0.00 secs] 
2021-01-19T22:55:32.827+0800: 1.091: [Full GC (Allocation Failure)  422M->362M(512M), 0.0252969 secs]
   [Eden: 0.0B(25.0M)->0.0B(25.0M) Survivors: 0.0B->0.0B Heap: 422.5M(512.0M)->362.6M(512.0M)], [Metaspace: 3814K->3814K(1056768K)]
 [Times: user=0.02 sys=0.00, real=0.03 secs] 
Heap
 garbage-first heap   total 524288K, used 371275K [0x00000000e0000000, 0x00000000e0101000, 0x0000000100000000)
  region size 1024K, 1 young (1024K), 0 survivors (0K)
 Metaspace       used 3824K, capacity 4540K, committed 4864K, reserved 1056768K
  class space    used 420K, capacity 428K, committed 512K, reserved 1048576K
