Java HotSpot(TM) 64-Bit Server VM (25.251-b08) for windows-amd64 JRE (1.8.0_251-b08), built on Mar 12 2020 06:31:49 by "" with MS VC++ 10.0 (VS2010)
Memory: 4k page, physical 33485708k(23205044k free), swap 35582860k(19885080k free)
CommandLine flags: -XX:InitialHeapSize=4294967296 -XX:MaxHeapSize=4294967296 -XX:+PrintGC -XX:+PrintGCDateStamps -XX:+PrintGCDetails -XX:+PrintGCTimeStamps -XX:+UseCompressedClassPointers -XX:+UseCompressedOops -XX:-UseLargePagesIndividualAllocation -XX:+UseParallelGC 
2021-01-20T00:31:19.522+0800: 0.476: [GC (Allocation Failure) [PSYoungGen: 1048576K->174590K(1223168K)] 1048576K->233746K(4019712K), 0.0215943 secs] [Times: user=0.06 sys=0.16, real=0.02 secs] 
2021-01-20T00:31:19.639+0800: 0.593: [GC (Allocation Failure) [PSYoungGen: 1223166K->174589K(1223168K)] 1282322K->371744K(4019712K), 0.0296857 secs] [Times: user=0.08 sys=0.05, real=0.03 secs] 
2021-01-20T00:31:19.752+0800: 0.706: [GC (Allocation Failure) [PSYoungGen: 1223165K->174591K(1223168K)] 1420320K->503167K(4019712K), 0.0247071 secs] [Times: user=0.20 sys=0.00, real=0.02 secs] 
2021-01-20T00:31:19.862+0800: 0.816: [GC (Allocation Failure) [PSYoungGen: 1223167K->174576K(1223168K)] 1551743K->615100K(4019712K), 0.0242232 secs] [Times: user=0.20 sys=0.00, real=0.02 secs] 
2021-01-20T00:31:19.971+0800: 0.924: [GC (Allocation Failure) [PSYoungGen: 1223152K->174583K(1223168K)] 1663676K->741580K(4019712K), 0.0246005 secs] [Times: user=0.20 sys=0.00, real=0.02 secs] 
2021-01-20T00:31:20.080+0800: 1.034: [GC (Allocation Failure) [PSYoungGen: 1223159K->174589K(909824K)] 1790156K->862614K(3706368K), 0.0324989 secs] [Times: user=0.26 sys=0.14, real=0.03 secs] 
Heap
 PSYoungGen      total 909824K, used 698161K [0x000000076ab00000, 0x00000007c0000000, 0x00000007c0000000)
  eden space 735232K, 71% used [0x000000076ab00000,0x000000078aa4d090,0x0000000797900000)
  from space 174592K, 99% used [0x00000007b5580000,0x00000007bffff500,0x00000007c0000000)
  to   space 331264K, 0% used [0x0000000797900000,0x0000000797900000,0x00000007abc80000)
 ParOldGen       total 2796544K, used 688025K [0x00000006c0000000, 0x000000076ab00000, 0x000000076ab00000)
  object space 2796544K, 24% used [0x00000006c0000000,0x00000006e9fe65a0,0x000000076ab00000)
 Metaspace       used 3810K, capacity 4540K, committed 4864K, reserved 1056768K
  class space    used 420K, capacity 428K, committed 512K, reserved 1048576K
