Java HotSpot(TM) 64-Bit Server VM (25.251-b08) for windows-amd64 JRE (1.8.0_251-b08), built on Mar 12 2020 06:31:49 by "" with MS VC++ 10.0 (VS2010)
Memory: 4k page, physical 33485708k(23377740k free), swap 35582860k(20409496k free)
CommandLine flags: -XX:InitialHeapSize=536870912 -XX:MaxHeapSize=536870912 -XX:+PrintGC -XX:+PrintGCDateStamps -XX:+PrintGCDetails -XX:+PrintGCTimeStamps -XX:+UseCompressedClassPointers -XX:+UseCompressedOops -XX:-UseLargePagesIndividualAllocation -XX:+UseSerialGC 
2021-01-19T23:19:30.537+0800: 0.149: [GC (Allocation Failure) 2021-01-19T23:19:30.537+0800: 0.149: [DefNew: 139648K->17472K(157248K), 0.0160006 secs] 139648K->38817K(506816K), 0.0160984 secs] [Times: user=0.02 sys=0.00, real=0.02 secs] 
2021-01-19T23:19:30.569+0800: 0.181: [GC (Allocation Failure) 2021-01-19T23:19:30.569+0800: 0.181: [DefNew: 157248K->17470K(157248K), 0.0245998 secs] 178593K->80845K(506816K), 0.0246337 secs] [Times: user=0.02 sys=0.02, real=0.02 secs] 
2021-01-19T23:19:30.604+0800: 0.217: [GC (Allocation Failure) 2021-01-19T23:19:30.604+0800: 0.217: [DefNew: 157246K->17471K(157248K), 0.0160939 secs] 220621K->122098K(506816K), 0.0161247 secs] [Times: user=0.01 sys=0.00, real=0.02 secs] 
2021-01-19T23:19:30.632+0800: 0.244: [GC (Allocation Failure) 2021-01-19T23:19:30.632+0800: 0.244: [DefNew: 157057K->17472K(157248K), 0.0172548 secs] 261683K->162609K(506816K), 0.0172957 secs] [Times: user=0.01 sys=0.00, real=0.02 secs] 
2021-01-19T23:19:30.661+0800: 0.273: [GC (Allocation Failure) 2021-01-19T23:19:30.661+0800: 0.273: [DefNew: 157248K->17472K(157248K), 0.0167181 secs] 302385K->206581K(506816K), 0.0167530 secs] [Times: user=0.02 sys=0.00, real=0.02 secs] 
2021-01-19T23:19:30.693+0800: 0.305: [GC (Allocation Failure) 2021-01-19T23:19:30.693+0800: 0.305: [DefNew: 157248K->17471K(157248K), 0.0151641 secs] 346357K->246043K(506816K), 0.0151950 secs] [Times: user=0.02 sys=0.00, real=0.01 secs] 
2021-01-19T23:19:30.720+0800: 0.332: [GC (Allocation Failure) 2021-01-19T23:19:30.720+0800: 0.332: [DefNew: 156989K->17471K(157248K), 0.0161868 secs] 385562K->288313K(506816K), 0.0162207 secs] [Times: user=0.01 sys=0.00, real=0.02 secs] 
2021-01-19T23:19:30.747+0800: 0.359: [GC (Allocation Failure) 2021-01-19T23:19:30.747+0800: 0.359: [DefNew: 157174K->17470K(157248K), 0.0168605 secs] 428016K->333038K(506816K), 0.0168989 secs] [Times: user=0.00 sys=0.02, real=0.02 secs] 
2021-01-19T23:19:30.775+0800: 0.387: [GC (Allocation Failure) 2021-01-19T23:19:30.775+0800: 0.387: [DefNew: 157246K->157246K(157248K), 0.0000097 secs]2021-01-19T23:19:30.775+0800: 0.387: [Tenured: 315567K->266185K(349568K), 0.0225954 secs] 472814K->266185K(506816K), [Metaspace: 3293K->3293K(1056768K)], 0.0226505 secs] [Times: user=0.03 sys=0.00, real=0.02 secs] 
2021-01-19T23:19:30.808+0800: 0.420: [GC (Allocation Failure) 2021-01-19T23:19:30.808+0800: 0.420: [DefNew: 139776K->17471K(157248K), 0.0054638 secs] 405961K->317395K(506816K), 0.0055033 secs] [Times: user=0.02 sys=0.00, real=0.01 secs] 
2021-01-19T23:19:30.825+0800: 0.437: [GC (Allocation Failure) 2021-01-19T23:19:30.825+0800: 0.437: [DefNew: 157247K->17465K(157248K), 0.0149654 secs] 457171K->366840K(506816K), 0.0150062 secs] [Times: user=0.00 sys=0.00, real=0.01 secs] 
2021-01-19T23:19:30.852+0800: 0.464: [GC (Allocation Failure) 2021-01-19T23:19:30.852+0800: 0.464: [DefNew: 156970K->156970K(157248K), 0.0000114 secs]2021-01-19T23:19:30.852+0800: 0.464: [Tenured: 349374K->310701K(349568K), 0.0284960 secs] 506344K->310701K(506816K), [Metaspace: 3293K->3293K(1056768K)], 0.0285580 secs] [Times: user=0.03 sys=0.00, real=0.03 secs] 
2021-01-19T23:19:30.892+0800: 0.504: [GC (Allocation Failure) 2021-01-19T23:19:30.892+0800: 0.504: [DefNew: 139776K->139776K(157248K), 0.0000101 secs]2021-01-19T23:19:30.892+0800: 0.504: [Tenured: 310701K->314888K(349568K), 0.0272599 secs] 450477K->314888K(506816K), [Metaspace: 3293K->3293K(1056768K)], 0.0273128 secs] [Times: user=0.03 sys=0.00, real=0.03 secs] 
2021-01-19T23:19:30.932+0800: 0.544: [GC (Allocation Failure) 2021-01-19T23:19:30.932+0800: 0.544: [DefNew: 139776K->139776K(157248K), 0.0000101 secs]2021-01-19T23:19:30.932+0800: 0.544: [Tenured: 314888K->306703K(349568K), 0.0277289 secs] 454664K->306703K(506816K), [Metaspace: 3293K->3293K(1056768K)], 0.0278162 secs] [Times: user=0.03 sys=0.00, real=0.03 secs] 
2021-01-19T23:19:30.970+0800: 0.583: [GC (Allocation Failure) 2021-01-19T23:19:30.970+0800: 0.583: [DefNew: 139776K->17471K(157248K), 0.0048429 secs] 446479K->357000K(506816K), 0.0048735 secs] [Times: user=0.00 sys=0.00, real=0.00 secs] 
2021-01-19T23:19:30.986+0800: 0.599: [GC (Allocation Failure) 2021-01-19T23:19:30.986+0800: 0.599: [DefNew: 157247K->157247K(157248K), 0.0000096 secs]2021-01-19T23:19:30.986+0800: 0.599: [Tenured: 339528K->345951K(349568K), 0.0263574 secs] 496776K->345951K(506816K), [Metaspace: 3293K->3293K(1056768K)], 0.0264086 secs] [Times: user=0.03 sys=0.00, real=0.03 secs] 
2021-01-19T23:19:31.025+0800: 0.637: [GC (Allocation Failure) 2021-01-19T23:19:31.025+0800: 0.637: [DefNew: 139776K->139776K(157248K), 0.0000115 secs]2021-01-19T23:19:31.025+0800: 0.637: [Tenured: 345951K->349210K(349568K), 0.0273505 secs] 485727K->352265K(506816K), [Metaspace: 3293K->3293K(1056768K)], 0.0274019 secs] [Times: user=0.03 sys=0.00, real=0.03 secs] 
2021-01-19T23:19:31.066+0800: 0.678: [Full GC (Allocation Failure) 2021-01-19T23:19:31.066+0800: 0.678: [Tenured: 349426K->349549K(349568K), 0.0299783 secs] 506631K->362095K(506816K), [Metaspace: 3293K->3293K(1056768K)], 0.0300136 secs] [Times: user=0.03 sys=0.00, real=0.03 secs] 
2021-01-19T23:19:31.109+0800: 0.721: [Full GC (Allocation Failure) 2021-01-19T23:19:31.109+0800: 0.721: [Tenured: 349549K->349456K(349568K), 0.0318435 secs] 506754K->351959K(506816K), [Metaspace: 3293K->3293K(1056768K)], 0.0318781 secs] [Times: user=0.03 sys=0.00, real=0.03 secs] 
2021-01-19T23:19:31.154+0800: 0.766: [Full GC (Allocation Failure) 2021-01-19T23:19:31.154+0800: 0.766: [Tenured: 349532K->349553K(349568K), 0.0247346 secs] 506775K->366784K(506816K), [Metaspace: 3293K->3293K(1056768K)], 0.0247720 secs] [Times: user=0.02 sys=0.00, real=0.02 secs] 
2021-01-19T23:19:31.193+0800: 0.805: [Full GC (Allocation Failure) 2021-01-19T23:19:31.193+0800: 0.805: [Tenured: 349553K->349176K(349568K), 0.0280500 secs] 506359K->364153K(506816K), [Metaspace: 3293K->3293K(1056768K)], 0.0280860 secs] [Times: user=0.03 sys=0.00, real=0.03 secs] 
2021-01-19T23:19:31.232+0800: 0.844: [Full GC (Allocation Failure) 2021-01-19T23:19:31.232+0800: 0.844: [Tenured: 349546K->349131K(349568K), 0.0299383 secs] 506793K->371656K(506816K), [Metaspace: 3293K->3293K(1056768K)], 0.0299727 secs] [Times: user=0.01 sys=0.00, real=0.03 secs] 
2021-01-19T23:19:31.273+0800: 0.885: [Full GC (Allocation Failure) 2021-01-19T23:19:31.273+0800: 0.885: [Tenured: 349436K->349444K(349568K), 0.0353439 secs] 506566K->360264K(506816K), [Metaspace: 3293K->3293K(1056768K)], 0.0353846 secs] [Times: user=0.03 sys=0.00, real=0.04 secs] 
2021-01-19T23:19:31.322+0800: 0.934: [Full GC (Allocation Failure) 2021-01-19T23:19:31.322+0800: 0.934: [Tenured: 349444K->349369K(349568K), 0.0228467 secs] 506414K->376623K(506816K), [Metaspace: 3293K->3293K(1056768K)], 0.0228867 secs] [Times: user=0.03 sys=0.00, real=0.02 secs] 
2021-01-19T23:19:31.355+0800: 0.967: [Full GC (Allocation Failure) 2021-01-19T23:19:31.355+0800: 0.967: [Tenured: 349369K->349211K(349568K), 0.0264920 secs] 506376K->380215K(506816K), [Metaspace: 3293K->3293K(1056768K)], 0.0265329 secs] [Times: user=0.03 sys=0.00, real=0.03 secs] 
2021-01-19T23:19:31.392+0800: 1.004: [Full GC (Allocation Failure) 2021-01-19T23:19:31.392+0800: 1.004: [Tenured: 349535K->349545K(349568K), 0.0299755 secs] 506750K->383332K(506816K), [Metaspace: 3293K->3293K(1056768K)], 0.0300135 secs] [Times: user=0.03 sys=0.00, real=0.03 secs] 
2021-01-19T23:19:31.432+0800: 1.045: [Full GC (Allocation Failure) 2021-01-19T23:19:31.432+0800: 1.045: [Tenured: 349545K->349134K(349568K), 0.0327833 secs] 506461K->365716K(506816K), [Metaspace: 3606K->3606K(1056768K)], 0.0328223 secs] [Times: user=0.03 sys=0.00, real=0.03 secs] 
2021-01-19T23:19:31.477+0800: 1.089: [Full GC (Allocation Failure) 2021-01-19T23:19:31.477+0800: 1.089: [Tenured: 349555K->349398K(349568K), 0.0219944 secs] 506801K->386132K(506816K), [Metaspace: 3804K->3804K(1056768K)], 0.0220644 secs] [Times: user=0.03 sys=0.00, real=0.02 secs] 
Heap
 def new generation   total 157248K, used 40852K [0x00000000e0000000, 0x00000000eaaa0000, 0x00000000eaaa0000)
  eden space 139776K,  29% used [0x00000000e0000000, 0x00000000e27e53d0, 0x00000000e8880000)
  from space 17472K,   0% used [0x00000000e9990000, 0x00000000e9990000, 0x00000000eaaa0000)
  to   space 17472K,   0% used [0x00000000e8880000, 0x00000000e8880000, 0x00000000e9990000)
 tenured generation   total 349568K, used 349398K [0x00000000eaaa0000, 0x0000000100000000, 0x0000000100000000)
   the space 349568K,  99% used [0x00000000eaaa0000, 0x00000000fffd5ba8, 0x00000000fffd5c00, 0x0000000100000000)
 Metaspace       used 3810K, capacity 4540K, committed 4864K, reserved 1056768K
  class space    used 420K, capacity 428K, committed 512K, reserved 1048576K
